build	Set up job	﻿2025-12-13T00:30:51.4510804Z Current runner version: '2.329.0'
build	Set up job	2025-12-13T00:30:51.4544682Z ##[group]Runner Image Provisioner
build	Set up job	2025-12-13T00:30:51.4545879Z Hosted Compute Agent
build	Set up job	2025-12-13T00:30:51.4546670Z Version: 20251202.455
build	Set up job	2025-12-13T00:30:51.4547638Z Commit: 6c10caca4910e198df60de23adf20ad317c474e3
build	Set up job	2025-12-13T00:30:51.4548663Z Build Date: 2025-12-02T15:56:59Z
build	Set up job	2025-12-13T00:30:51.4549765Z Worker ID: {9ce09be4-1d7e-436b-a444-b5e3f9eb2de3}
build	Set up job	2025-12-13T00:30:51.4550844Z ##[endgroup]
build	Set up job	2025-12-13T00:30:51.4551923Z ##[group]Operating System
build	Set up job	2025-12-13T00:30:51.4552803Z Ubuntu
build	Set up job	2025-12-13T00:30:51.4553496Z 24.04.3
build	Set up job	2025-12-13T00:30:51.4554327Z LTS
build	Set up job	2025-12-13T00:30:51.4555007Z ##[endgroup]
build	Set up job	2025-12-13T00:30:51.4555798Z ##[group]Runner Image
build	Set up job	2025-12-13T00:30:51.4556589Z Image: ubuntu-24.04
build	Set up job	2025-12-13T00:30:51.4557568Z Version: 20251208.163.1
build	Set up job	2025-12-13T00:30:51.4559194Z Included Software: https://github.com/actions/runner-images/blob/ubuntu24/20251208.163/images/ubuntu/Ubuntu2404-Readme.md
build	Set up job	2025-12-13T00:30:51.4561844Z Image Release: https://github.com/actions/runner-images/releases/tag/ubuntu24%2F20251208.163
build	Set up job	2025-12-13T00:30:51.4563792Z ##[endgroup]
build	Set up job	2025-12-13T00:30:51.4565564Z ##[group]GITHUB_TOKEN Permissions
build	Set up job	2025-12-13T00:30:51.4568259Z Contents: read
build	Set up job	2025-12-13T00:30:51.4569166Z Metadata: read
build	Set up job	2025-12-13T00:30:51.4569976Z Packages: read
build	Set up job	2025-12-13T00:30:51.4570756Z ##[endgroup]
build	Set up job	2025-12-13T00:30:51.4573929Z Secret source: Actions
build	Set up job	2025-12-13T00:30:51.4574975Z Prepare workflow directory
build	Set up job	2025-12-13T00:30:51.5107528Z Prepare all required actions
build	Set up job	2025-12-13T00:30:51.5162944Z Getting action download info
build	Set up job	2025-12-13T00:30:51.8270236Z Download action repository 'actions/checkout@v4' (SHA:34e114876b0b11c390a56381ad16ebd13914f8d5)
build	Set up job	2025-12-13T00:30:51.9280274Z Download action repository 'dtolnay/rust-toolchain@stable' (SHA:6d9817901c499d6b02debbb57edb38d33daa680b)
build	Set up job	2025-12-13T00:30:52.1032146Z Download action repository 'actions/cache@v4' (SHA:0057852bfaa89a56745cba8c7296529d2fc39830)
build	Set up job	2025-12-13T00:30:52.3530686Z Complete job name: build
build	Run actions/checkout@v4	﻿2025-12-13T00:30:52.4199820Z ##[group]Run actions/checkout@v4
build	Run actions/checkout@v4	2025-12-13T00:30:52.4200666Z with:
build	Run actions/checkout@v4	2025-12-13T00:30:52.4201370Z   repository: Daxiongmao87/ghostpad
build	Run actions/checkout@v4	2025-12-13T00:30:52.4202082Z   token: ***
build	Run actions/checkout@v4	2025-12-13T00:30:52.4202688Z   ssh-strict: true
build	Run actions/checkout@v4	2025-12-13T00:30:52.4203271Z   ssh-user: git
build	Run actions/checkout@v4	2025-12-13T00:30:52.4203682Z   persist-credentials: true
build	Run actions/checkout@v4	2025-12-13T00:30:52.4204131Z   clean: true
build	Run actions/checkout@v4	2025-12-13T00:30:52.4204536Z   sparse-checkout-cone-mode: true
build	Run actions/checkout@v4	2025-12-13T00:30:52.4205030Z   fetch-depth: 1
build	Run actions/checkout@v4	2025-12-13T00:30:52.4205444Z   fetch-tags: false
build	Run actions/checkout@v4	2025-12-13T00:30:52.4205859Z   show-progress: true
build	Run actions/checkout@v4	2025-12-13T00:30:52.4206272Z   lfs: false
build	Run actions/checkout@v4	2025-12-13T00:30:52.4206652Z   submodules: false
build	Run actions/checkout@v4	2025-12-13T00:30:52.4207058Z   set-safe-directory: true
build	Run actions/checkout@v4	2025-12-13T00:30:52.4207805Z env:
build	Run actions/checkout@v4	2025-12-13T00:30:52.4208185Z   CARGO_TERM_COLOR: always
build	Run actions/checkout@v4	2025-12-13T00:30:52.4208629Z ##[endgroup]
build	Run actions/checkout@v4	2025-12-13T00:30:52.5345289Z Syncing repository: Daxiongmao87/ghostpad
build	Run actions/checkout@v4	2025-12-13T00:30:52.5347148Z ##[group]Getting Git version info
build	Run actions/checkout@v4	2025-12-13T00:30:52.5347925Z Working directory is '/home/runner/work/ghostpad/ghostpad'
build	Run actions/checkout@v4	2025-12-13T00:30:52.5348918Z [command]/usr/bin/git version
build	Run actions/checkout@v4	2025-12-13T00:30:52.5419081Z git version 2.52.0
build	Run actions/checkout@v4	2025-12-13T00:30:52.5445449Z ##[endgroup]
build	Run actions/checkout@v4	2025-12-13T00:30:52.5458972Z Temporarily overriding HOME='/home/runner/work/_temp/c9d8af1d-fa2f-4bbf-a266-a98fc6eeb027' before making global git config changes
build	Run actions/checkout@v4	2025-12-13T00:30:52.5460343Z Adding repository directory to the temporary git global config as a safe directory
build	Run actions/checkout@v4	2025-12-13T00:30:52.5472268Z [command]/usr/bin/git config --global --add safe.directory /home/runner/work/ghostpad/ghostpad
build	Run actions/checkout@v4	2025-12-13T00:30:52.5510562Z Deleting the contents of '/home/runner/work/ghostpad/ghostpad'
build	Run actions/checkout@v4	2025-12-13T00:30:52.5514725Z ##[group]Initializing the repository
build	Run actions/checkout@v4	2025-12-13T00:30:52.5519501Z [command]/usr/bin/git init /home/runner/work/ghostpad/ghostpad
build	Run actions/checkout@v4	2025-12-13T00:30:52.5609659Z hint: Using 'master' as the name for the initial branch. This default branch name
build	Run actions/checkout@v4	2025-12-13T00:30:52.5611271Z hint: will change to "main" in Git 3.0. To configure the initial branch name
build	Run actions/checkout@v4	2025-12-13T00:30:52.5612494Z hint: to use in all of your new repositories, which will suppress this warning,
build	Run actions/checkout@v4	2025-12-13T00:30:52.5613251Z hint: call:
build	Run actions/checkout@v4	2025-12-13T00:30:52.5613881Z hint:
build	Run actions/checkout@v4	2025-12-13T00:30:52.5614643Z hint: 	git config --global init.defaultBranch <name>
build	Run actions/checkout@v4	2025-12-13T00:30:52.5615239Z hint:
build	Run actions/checkout@v4	2025-12-13T00:30:52.5616129Z hint: Names commonly chosen instead of 'master' are 'main', 'trunk' and
build	Run actions/checkout@v4	2025-12-13T00:30:52.5617747Z hint: 'development'. The just-created branch can be renamed via this command:
build	Run actions/checkout@v4	2025-12-13T00:30:52.5619008Z hint:
build	Run actions/checkout@v4	2025-12-13T00:30:52.5619710Z hint: 	git branch -m <name>
build	Run actions/checkout@v4	2025-12-13T00:30:52.5620511Z hint:
build	Run actions/checkout@v4	2025-12-13T00:30:52.5621861Z hint: Disable this message with "git config set advice.defaultBranchName false"
build	Run actions/checkout@v4	2025-12-13T00:30:52.5623561Z Initialized empty Git repository in /home/runner/work/ghostpad/ghostpad/.git/
build	Run actions/checkout@v4	2025-12-13T00:30:52.5628174Z [command]/usr/bin/git remote add origin https://github.com/Daxiongmao87/ghostpad
build	Run actions/checkout@v4	2025-12-13T00:30:52.5661207Z ##[endgroup]
build	Run actions/checkout@v4	2025-12-13T00:30:52.5662432Z ##[group]Disabling automatic garbage collection
build	Run actions/checkout@v4	2025-12-13T00:30:52.5666136Z [command]/usr/bin/git config --local gc.auto 0
build	Run actions/checkout@v4	2025-12-13T00:30:52.5694432Z ##[endgroup]
build	Run actions/checkout@v4	2025-12-13T00:30:52.5695634Z ##[group]Setting up auth
build	Run actions/checkout@v4	2025-12-13T00:30:52.5701886Z [command]/usr/bin/git config --local --name-only --get-regexp core\.sshCommand
build	Run actions/checkout@v4	2025-12-13T00:30:52.5732286Z [command]/usr/bin/git submodule foreach --recursive sh -c "git config --local --name-only --get-regexp 'core\.sshCommand' && git config --local --unset-all 'core.sshCommand' || :"
build	Run actions/checkout@v4	2025-12-13T00:30:52.6052592Z [command]/usr/bin/git config --local --name-only --get-regexp http\.https\:\/\/github\.com\/\.extraheader
build	Run actions/checkout@v4	2025-12-13T00:30:52.6079714Z [command]/usr/bin/git submodule foreach --recursive sh -c "git config --local --name-only --get-regexp 'http\.https\:\/\/github\.com\/\.extraheader' && git config --local --unset-all 'http.https://github.com/.extraheader' || :"
build	Run actions/checkout@v4	2025-12-13T00:30:52.6291349Z [command]/usr/bin/git config --local --name-only --get-regexp ^includeIf\.gitdir:
build	Run actions/checkout@v4	2025-12-13T00:30:52.6319238Z [command]/usr/bin/git submodule foreach --recursive git config --local --show-origin --name-only --get-regexp remote.origin.url
build	Run actions/checkout@v4	2025-12-13T00:30:52.6548084Z [command]/usr/bin/git config --local http.https://github.com/.extraheader AUTHORIZATION: basic ***
build	Run actions/checkout@v4	2025-12-13T00:30:52.6580565Z ##[endgroup]
build	Run actions/checkout@v4	2025-12-13T00:30:52.6582012Z ##[group]Fetching the repository
build	Run actions/checkout@v4	2025-12-13T00:30:52.6590209Z [command]/usr/bin/git -c protocol.version=2 fetch --no-tags --prune --no-recurse-submodules --depth=1 origin +eb0e9aa14587639bcbb5f84ae52c01db931f70dc:refs/remotes/origin/master
build	Run actions/checkout@v4	2025-12-13T00:30:52.8390539Z From https://github.com/Daxiongmao87/ghostpad
build	Run actions/checkout@v4	2025-12-13T00:30:52.8391777Z  * [new ref]         eb0e9aa14587639bcbb5f84ae52c01db931f70dc -> origin/master
build	Run actions/checkout@v4	2025-12-13T00:30:52.8422360Z ##[endgroup]
build	Run actions/checkout@v4	2025-12-13T00:30:52.8423420Z ##[group]Determining the checkout info
build	Run actions/checkout@v4	2025-12-13T00:30:52.8424588Z ##[endgroup]
build	Run actions/checkout@v4	2025-12-13T00:30:52.8429412Z [command]/usr/bin/git sparse-checkout disable
build	Run actions/checkout@v4	2025-12-13T00:30:52.8467839Z [command]/usr/bin/git config --local --unset-all extensions.worktreeConfig
build	Run actions/checkout@v4	2025-12-13T00:30:52.8492433Z ##[group]Checking out the ref
build	Run actions/checkout@v4	2025-12-13T00:30:52.8495981Z [command]/usr/bin/git checkout --progress --force -B master refs/remotes/origin/master
build	Run actions/checkout@v4	2025-12-13T00:30:52.8627954Z Reset branch 'master'
build	Run actions/checkout@v4	2025-12-13T00:30:52.8629570Z branch 'master' set up to track 'origin/master'.
build	Run actions/checkout@v4	2025-12-13T00:30:52.8632273Z ##[endgroup]
build	Run actions/checkout@v4	2025-12-13T00:30:52.8649326Z [command]/usr/bin/git log -1 --format=%H
build	Run actions/checkout@v4	2025-12-13T00:30:52.8672012Z eb0e9aa14587639bcbb5f84ae52c01db931f70dc
build	Install system dependencies	﻿2025-12-13T00:30:52.8854298Z ##[group]Run sudo apt-get update
build	Install system dependencies	2025-12-13T00:30:52.8854958Z [36;1msudo apt-get update[0m
build	Install system dependencies	2025-12-13T00:30:52.8855472Z [36;1msudo apt-get install -y \[0m
build	Install system dependencies	2025-12-13T00:30:52.8855992Z [36;1m  libgtk-4-dev \[0m
build	Install system dependencies	2025-12-13T00:30:52.8856465Z [36;1m  libadwaita-1-dev \[0m
build	Install system dependencies	2025-12-13T00:30:52.8856962Z [36;1m  libgtksourceview-5-dev \[0m
build	Install system dependencies	2025-12-13T00:30:52.8857735Z [36;1m  libvulkan-dev \[0m
build	Install system dependencies	2025-12-13T00:30:52.8858201Z [36;1m  libclang-dev \[0m
build	Install system dependencies	2025-12-13T00:30:52.8858648Z [36;1m  cmake \[0m
build	Install system dependencies	2025-12-13T00:30:52.8859058Z [36;1m  pkg-config[0m
build	Install system dependencies	2025-12-13T00:30:52.8894921Z shell: /usr/bin/bash -e {0}
build	Install system dependencies	2025-12-13T00:30:52.8895452Z env:
build	Install system dependencies	2025-12-13T00:30:52.8895820Z   CARGO_TERM_COLOR: always
build	Install system dependencies	2025-12-13T00:30:52.8896258Z ##[endgroup]
build	Install system dependencies	2025-12-13T00:30:52.9635135Z Get:1 file:/etc/apt/apt-mirrors.txt Mirrorlist [144 B]
build	Install system dependencies	2025-12-13T00:30:53.0026599Z Hit:2 http://azure.archive.ubuntu.com/ubuntu noble InRelease
build	Install system dependencies	2025-12-13T00:30:53.0034670Z Get:6 https://packages.microsoft.com/repos/azure-cli noble InRelease [3564 B]
build	Install system dependencies	2025-12-13T00:30:53.0057577Z Get:3 http://azure.archive.ubuntu.com/ubuntu noble-updates InRelease [126 kB]
build	Install system dependencies	2025-12-13T00:30:53.0089923Z Get:4 http://azure.archive.ubuntu.com/ubuntu noble-backports InRelease [126 kB]
build	Install system dependencies	2025-12-13T00:30:53.0127181Z Get:7 https://packages.microsoft.com/ubuntu/24.04/prod noble InRelease [3600 B]
build	Install system dependencies	2025-12-13T00:30:53.0131484Z Get:5 http://azure.archive.ubuntu.com/ubuntu noble-security InRelease [126 kB]
build	Install system dependencies	2025-12-13T00:30:53.1398389Z Get:8 https://packages.microsoft.com/repos/azure-cli noble/main amd64 Packages [1884 B]
build	Install system dependencies	2025-12-13T00:30:53.1800753Z Get:9 http://azure.archive.ubuntu.com/ubuntu noble-updates/main amd64 Packages [1675 kB]
build	Install system dependencies	2025-12-13T00:30:53.1890692Z Get:10 http://azure.archive.ubuntu.com/ubuntu noble-updates/main Translation-en [309 kB]
build	Install system dependencies	2025-12-13T00:30:53.1917863Z Get:11 http://azure.archive.ubuntu.com/ubuntu noble-updates/main amd64 Components [175 kB]
build	Install system dependencies	2025-12-13T00:30:53.1939920Z Get:12 http://azure.archive.ubuntu.com/ubuntu noble-updates/main amd64 c-n-f Metadata [15.8 kB]
build	Install system dependencies	2025-12-13T00:30:53.1950768Z Get:13 http://azure.archive.ubuntu.com/ubuntu noble-updates/universe amd64 Packages [1501 kB]
build	Install system dependencies	2025-12-13T00:30:53.2029708Z Get:14 http://azure.archive.ubuntu.com/ubuntu noble-updates/universe Translation-en [304 kB]
build	Install system dependencies	2025-12-13T00:30:53.2062428Z Get:15 http://azure.archive.ubuntu.com/ubuntu noble-updates/universe amd64 Components [378 kB]
build	Install system dependencies	2025-12-13T00:30:53.2104509Z Get:16 http://azure.archive.ubuntu.com/ubuntu noble-updates/universe amd64 c-n-f Metadata [31.4 kB]
build	Install system dependencies	2025-12-13T00:30:53.2111311Z Get:17 http://azure.archive.ubuntu.com/ubuntu noble-updates/restricted amd64 Packages [2404 kB]
build	Install system dependencies	2025-12-13T00:30:53.2260180Z Get:18 http://azure.archive.ubuntu.com/ubuntu noble-updates/restricted Translation-en [549 kB]
build	Install system dependencies	2025-12-13T00:30:53.2747009Z Get:19 http://azure.archive.ubuntu.com/ubuntu noble-updates/restricted amd64 Components [212 B]
build	Install system dependencies	2025-12-13T00:30:53.2854447Z Get:25 https://packages.microsoft.com/ubuntu/24.04/prod noble/main arm64 Packages [56.9 kB]
build	Install system dependencies	2025-12-13T00:30:53.2864461Z Get:20 http://azure.archive.ubuntu.com/ubuntu noble-updates/multiverse amd64 Components [940 B]
build	Install system dependencies	2025-12-13T00:30:53.2873575Z Get:21 http://azure.archive.ubuntu.com/ubuntu noble-backports/main amd64 Components [7148 B]
build	Install system dependencies	2025-12-13T00:30:53.2884346Z Get:22 http://azure.archive.ubuntu.com/ubuntu noble-backports/universe amd64 Components [11.0 kB]
build	Install system dependencies	2025-12-13T00:30:53.2895202Z Get:23 http://azure.archive.ubuntu.com/ubuntu noble-backports/restricted amd64 Components [212 B]
build	Install system dependencies	2025-12-13T00:30:53.2904007Z Get:26 https://packages.microsoft.com/ubuntu/24.04/prod noble/main armhf Packages [11.4 kB]
build	Install system dependencies	2025-12-13T00:30:53.2911789Z Get:24 http://azure.archive.ubuntu.com/ubuntu noble-backports/multiverse amd64 Components [212 B]
build	Install system dependencies	2025-12-13T00:30:53.2940752Z Get:27 https://packages.microsoft.com/ubuntu/24.04/prod noble/main amd64 Packages [75.5 kB]
build	Install system dependencies	2025-12-13T00:30:53.3322977Z Get:28 http://azure.archive.ubuntu.com/ubuntu noble-security/main amd64 Packages [1378 kB]
build	Install system dependencies	2025-12-13T00:30:53.3408164Z Get:29 http://azure.archive.ubuntu.com/ubuntu noble-security/main Translation-en [224 kB]
build	Install system dependencies	2025-12-13T00:30:53.3424286Z Get:30 http://azure.archive.ubuntu.com/ubuntu noble-security/main amd64 Components [21.5 kB]
build	Install system dependencies	2025-12-13T00:30:53.3435136Z Get:31 http://azure.archive.ubuntu.com/ubuntu noble-security/main amd64 c-n-f Metadata [9488 B]
build	Install system dependencies	2025-12-13T00:30:53.3444945Z Get:32 http://azure.archive.ubuntu.com/ubuntu noble-security/universe amd64 Packages [916 kB]
build	Install system dependencies	2025-12-13T00:30:53.3501897Z Get:33 http://azure.archive.ubuntu.com/ubuntu noble-security/universe Translation-en [207 kB]
build	Install system dependencies	2025-12-13T00:30:53.3526030Z Get:34 http://azure.archive.ubuntu.com/ubuntu noble-security/universe amd64 Components [71.5 kB]
build	Install system dependencies	2025-12-13T00:30:53.3540106Z Get:35 http://azure.archive.ubuntu.com/ubuntu noble-security/universe amd64 c-n-f Metadata [19.4 kB]
build	Install system dependencies	2025-12-13T00:30:53.3973843Z Get:36 http://azure.archive.ubuntu.com/ubuntu noble-security/restricted amd64 Packages [2266 kB]
build	Install system dependencies	2025-12-13T00:30:53.4086670Z Get:37 http://azure.archive.ubuntu.com/ubuntu noble-security/restricted Translation-en [518 kB]
build	Install system dependencies	2025-12-13T00:30:53.4123307Z Get:38 http://azure.archive.ubuntu.com/ubuntu noble-security/restricted amd64 Components [208 B]
build	Install system dependencies	2025-12-13T00:30:53.4133550Z Get:39 http://azure.archive.ubuntu.com/ubuntu noble-security/multiverse amd64 Components [208 B]
build	Install system dependencies	2025-12-13T00:31:02.3728488Z Fetched 13.5 MB in 2s (8633 kB/s)
build	Install system dependencies	2025-12-13T00:31:03.1295812Z Reading package lists...
build	Install system dependencies	2025-12-13T00:31:03.1634469Z Reading package lists...
build	Install system dependencies	2025-12-13T00:31:03.3502288Z Building dependency tree...
build	Install system dependencies	2025-12-13T00:31:03.3509650Z Reading state information...
build	Install system dependencies	2025-12-13T00:31:03.5077679Z pkg-config is already the newest version (1.8.1-2build1).
build	Install system dependencies	2025-12-13T00:31:03.5078684Z The following additional packages will be installed:
build	Install system dependencies	2025-12-13T00:31:03.5079691Z   bzip2-doc cmake-data gir1.2-adw-1 gir1.2-appstream-1.0 gir1.2-freedesktop
build	Install system dependencies	2025-12-13T00:31:03.5080647Z   gir1.2-freedesktop-dev gir1.2-gdkpixbuf-2.0 gir1.2-glib-2.0
build	Install system dependencies	2025-12-13T00:31:03.5082048Z   gir1.2-glib-2.0-dev gir1.2-graphene-1.0 gir1.2-gtk-4.0 gir1.2-gtksource-5
build	Install system dependencies	2025-12-13T00:31:03.5083166Z   gir1.2-harfbuzz-0.0 gir1.2-pango-1.0 gstreamer1.0-gl
build	Install system dependencies	2025-12-13T00:31:03.5084516Z   gstreamer1.0-plugins-base libadwaita-1-0 libappstream-dev libblkid-dev
build	Install system dependencies	2025-12-13T00:31:03.5086103Z   libbrotli-dev libbz2-dev libcairo-script-interpreter2 libcairo2-dev
build	Install system dependencies	2025-12-13T00:31:03.5087470Z   libcdparanoia0 libclang-18-dev libdatrie-dev libdeflate-dev libegl-dev
build	Install system dependencies	2025-12-13T00:31:03.5088579Z   libegl-mesa0 libegl1 libegl1-mesa-dev libepoxy-dev libfontconfig-dev
build	Install system dependencies	2025-12-13T00:31:03.5089637Z   libfreetype-dev libfribidi-dev libgdk-pixbuf-2.0-dev libgdk-pixbuf2.0-bin
build	Install system dependencies	2025-12-13T00:31:03.5090717Z   libgirepository-2.0-0 libgl-dev libgles-dev libgles1 libgles2
build	Install system dependencies	2025-12-13T00:31:03.5091834Z   libglib2.0-0t64 libglib2.0-bin libglib2.0-data libglib2.0-dev
build	Install system dependencies	2025-12-13T00:31:03.5092584Z   libglib2.0-dev-bin libglvnd-core-dev libglvnd-dev libglx-dev
build	Install system dependencies	2025-12-13T00:31:03.5093372Z   libgraphene-1.0-0 libgraphene-1.0-dev libgraphite2-dev libgstreamer-gl1.0-0
build	Install system dependencies	2025-12-13T00:31:03.5094399Z   libgstreamer-plugins-base1.0-0 libgtk-4-1 libgtk-4-bin libgtk-4-common
build	Install system dependencies	2025-12-13T00:31:03.5095529Z   libgtk-4-media-gstreamer libgtksourceview-5-0 libgtksourceview-5-common
build	Install system dependencies	2025-12-13T00:31:03.5096631Z   libharfbuzz-cairo0 libharfbuzz-dev libharfbuzz-gobject0 libharfbuzz-icu0
build	Install system dependencies	2025-12-13T00:31:03.5097608Z   libharfbuzz-subset0 libice-dev libjbig-dev libjpeg-dev libjpeg-turbo8-dev
build	Install system dependencies	2025-12-13T00:31:03.5098498Z   libjpeg8-dev libjsoncpp25 liblerc-dev liblzma-dev libmount-dev libopengl-dev
build	Install system dependencies	2025-12-13T00:31:03.5099356Z   libopengl0 libopus0 liborc-0.4-0t64 libpango1.0-dev libpangoxft-1.0-0
build	Install system dependencies	2025-12-13T00:31:03.5100206Z   libpixman-1-dev libpng-dev libpng-tools libpng16-16t64 libpthread-stubs0-dev
build	Install system dependencies	2025-12-13T00:31:03.5101208Z   librhash0 librsvg2-2 librsvg2-common libselinux1-dev libsepol-dev
build	Install system dependencies	2025-12-13T00:31:03.5102055Z   libsharpyuv-dev libsm-dev libsysprof-capture-4-dev libthai-dev libtheora0
build	Install system dependencies	2025-12-13T00:31:03.5102943Z   libtiff-dev libtiffxx6 libvisual-0.4-0 libvorbisenc2 libwayland-bin
build	Install system dependencies	2025-12-13T00:31:03.5104397Z   libwayland-dev libwebp-dev libwebpdecoder3 libx11-dev libxau-dev
build	Install system dependencies	2025-12-13T00:31:03.5105143Z   libxcb-render0-dev libxcb-shm0-dev libxcb1-dev libxcomposite-dev
build	Install system dependencies	2025-12-13T00:31:03.5105953Z   libxcursor-dev libxdamage-dev libxdmcp-dev libxext-dev libxfixes-dev
build	Install system dependencies	2025-12-13T00:31:03.5106784Z   libxft-dev libxi-dev libxinerama-dev libxkbcommon-dev libxrandr-dev
build	Install system dependencies	2025-12-13T00:31:03.5107898Z   libxrender-dev pango1.0-tools uuid-dev wayland-protocols x11proto-core-dev
build	Install system dependencies	2025-12-13T00:31:03.5108606Z   x11proto-dev xorg-sgml-doctools xtrans-dev
build	Install system dependencies	2025-12-13T00:31:03.5109061Z Suggested packages:
build	Install system dependencies	2025-12-13T00:31:03.5109615Z   cmake-doc cmake-format elpa-cmake-mode ninja-build gvfs libadwaita-1-doc
build	Install system dependencies	2025-12-13T00:31:03.5110490Z   libcairo2-doc libdatrie-doc freetype2-doc low-memory-monitor libglib2.0-doc
build	Install system dependencies	2025-12-13T00:31:03.5111551Z   libxml2-utils libgraphene-doc libgraphite2-utils libvisual-0.4-plugins
build	Install system dependencies	2025-12-13T00:31:03.5112394Z   libgtk-4-doc gtk-4-examples libgtksourceview-5-doc libice-doc liblzma-doc
build	Install system dependencies	2025-12-13T00:31:03.5113248Z   opus-tools libpango1.0-doc librsvg2-bin libsm-doc libthai-doc libwayland-doc
build	Install system dependencies	2025-12-13T00:31:03.5113965Z   libx11-doc libxcb-doc libxext-doc graphicsmagick
build	Install system dependencies	2025-12-13T00:31:03.5677285Z The following NEW packages will be installed:
build	Install system dependencies	2025-12-13T00:31:03.5678364Z   bzip2-doc cmake cmake-data gir1.2-adw-1 gir1.2-appstream-1.0
build	Install system dependencies	2025-12-13T00:31:03.5679565Z   gir1.2-freedesktop gir1.2-freedesktop-dev gir1.2-gdkpixbuf-2.0
build	Install system dependencies	2025-12-13T00:31:03.5681149Z   gir1.2-glib-2.0-dev gir1.2-graphene-1.0 gir1.2-gtk-4.0 gir1.2-gtksource-5
build	Install system dependencies	2025-12-13T00:31:03.5682483Z   gir1.2-harfbuzz-0.0 gir1.2-pango-1.0 gstreamer1.0-gl
build	Install system dependencies	2025-12-13T00:31:03.5683988Z   gstreamer1.0-plugins-base libadwaita-1-0 libadwaita-1-dev libappstream-dev
build	Install system dependencies	2025-12-13T00:31:03.5685620Z   libblkid-dev libbrotli-dev libbz2-dev libcairo-script-interpreter2
build	Install system dependencies	2025-12-13T00:31:03.5687187Z   libcairo2-dev libcdparanoia0 libclang-18-dev libclang-dev libdatrie-dev
build	Install system dependencies	2025-12-13T00:31:03.5688628Z   libdeflate-dev libegl-dev libegl-mesa0 libegl1 libegl1-mesa-dev libepoxy-dev
build	Install system dependencies	2025-12-13T00:31:03.5689827Z   libfontconfig-dev libfreetype-dev libfribidi-dev libgdk-pixbuf-2.0-dev
build	Install system dependencies	2025-12-13T00:31:03.5690818Z   libgdk-pixbuf2.0-bin libgirepository-2.0-0 libgl-dev libgles-dev libgles1
build	Install system dependencies	2025-12-13T00:31:03.5691998Z   libgles2 libglib2.0-dev libglib2.0-dev-bin libglvnd-core-dev libglvnd-dev
build	Install system dependencies	2025-12-13T00:31:03.5692989Z   libglx-dev libgraphene-1.0-0 libgraphene-1.0-dev libgraphite2-dev
build	Install system dependencies	2025-12-13T00:31:03.5693948Z   libgstreamer-gl1.0-0 libgstreamer-plugins-base1.0-0 libgtk-4-1 libgtk-4-bin
build	Install system dependencies	2025-12-13T00:31:03.5694955Z   libgtk-4-common libgtk-4-dev libgtk-4-media-gstreamer libgtksourceview-5-0
build	Install system dependencies	2025-12-13T00:31:03.5696147Z   libgtksourceview-5-common libgtksourceview-5-dev libharfbuzz-cairo0
build	Install system dependencies	2025-12-13T00:31:03.5697369Z   libharfbuzz-dev libharfbuzz-gobject0 libharfbuzz-icu0 libharfbuzz-subset0
build	Install system dependencies	2025-12-13T00:31:03.5698419Z   libice-dev libjbig-dev libjpeg-dev libjpeg-turbo8-dev libjpeg8-dev
build	Install system dependencies	2025-12-13T00:31:03.5699249Z   libjsoncpp25 liblerc-dev liblzma-dev libmount-dev libopengl-dev libopengl0
build	Install system dependencies	2025-12-13T00:31:03.5700131Z   libopus0 liborc-0.4-0t64 libpango1.0-dev libpangoxft-1.0-0 libpixman-1-dev
build	Install system dependencies	2025-12-13T00:31:03.5701109Z   libpng-dev libpng-tools libpthread-stubs0-dev librhash0 librsvg2-2
build	Install system dependencies	2025-12-13T00:31:03.5701982Z   librsvg2-common libselinux1-dev libsepol-dev libsharpyuv-dev libsm-dev
build	Install system dependencies	2025-12-13T00:31:03.5702815Z   libsysprof-capture-4-dev libthai-dev libtheora0 libtiff-dev libtiffxx6
build	Install system dependencies	2025-12-13T00:31:03.5703641Z   libvisual-0.4-0 libvorbisenc2 libvulkan-dev libwayland-bin libwayland-dev
build	Install system dependencies	2025-12-13T00:31:03.5704433Z   libwebp-dev libwebpdecoder3 libx11-dev libxau-dev libxcb-render0-dev
build	Install system dependencies	2025-12-13T00:31:03.5705262Z   libxcb-shm0-dev libxcb1-dev libxcomposite-dev libxcursor-dev libxdamage-dev
build	Install system dependencies	2025-12-13T00:31:03.5706088Z   libxdmcp-dev libxext-dev libxfixes-dev libxft-dev libxi-dev libxinerama-dev
build	Install system dependencies	2025-12-13T00:31:03.5706977Z   libxkbcommon-dev libxrandr-dev libxrender-dev pango1.0-tools uuid-dev
build	Install system dependencies	2025-12-13T00:31:03.5707873Z   wayland-protocols x11proto-core-dev x11proto-dev xorg-sgml-doctools
build	Install system dependencies	2025-12-13T00:31:03.5708901Z   xtrans-dev
build	Install system dependencies	2025-12-13T00:31:03.5709228Z The following packages will be upgraded:
build	Install system dependencies	2025-12-13T00:31:03.5709762Z   gir1.2-glib-2.0 libglib2.0-0t64 libglib2.0-bin libglib2.0-data
build	Install system dependencies	2025-12-13T00:31:03.5710289Z   libpng16-16t64
build	Install system dependencies	2025-12-13T00:31:03.5904502Z 5 upgraded, 129 newly installed, 0 to remove and 49 not upgraded.
build	Install system dependencies	2025-12-13T00:31:03.5905870Z Need to get 73.4 MB of archives.
build	Install system dependencies	2025-12-13T00:31:03.5907281Z After this operation, 505 MB of additional disk space will be used.
build	Install system dependencies	2025-12-13T00:31:03.5908087Z Get:1 file:/etc/apt/apt-mirrors.txt Mirrorlist [144 B]
build	Install system dependencies	2025-12-13T00:31:03.6168497Z Get:2 http://azure.archive.ubuntu.com/ubuntu noble-updates/main amd64 libglib2.0-data all 2.80.0-6ubuntu3.5 [48.8 kB]
build	Install system dependencies	2025-12-13T00:31:03.6275639Z Get:3 http://azure.archive.ubuntu.com/ubuntu noble-updates/main amd64 libglib2.0-bin amd64 2.80.0-6ubuntu3.5 [97.9 kB]
build	Install system dependencies	2025-12-13T00:31:03.6363073Z Get:4 http://azure.archive.ubuntu.com/ubuntu noble-updates/main amd64 gir1.2-glib-2.0 amd64 2.80.0-6ubuntu3.5 [183 kB]
build	Install system dependencies	2025-12-13T00:31:03.6464604Z Get:5 http://azure.archive.ubuntu.com/ubuntu noble-updates/main amd64 libglib2.0-0t64 amd64 2.80.0-6ubuntu3.5 [1544 kB]
build	Install system dependencies	2025-12-13T00:31:03.6744659Z Get:6 http://azure.archive.ubuntu.com/ubuntu noble-updates/main amd64 libpng16-16t64 amd64 1.6.43-5ubuntu0.1 [187 kB]
build	Install system dependencies	2025-12-13T00:31:03.6845014Z Get:7 http://azure.archive.ubuntu.com/ubuntu noble-updates/main amd64 bzip2-doc all 1.0.8-5.1build0.1 [499 kB]
build	Install system dependencies	2025-12-13T00:31:03.7010492Z Get:8 http://azure.archive.ubuntu.com/ubuntu noble/main amd64 libjsoncpp25 amd64 1.9.5-6build1 [82.8 kB]
build	Install system dependencies	2025-12-13T00:31:03.7091926Z Get:9 http://azure.archive.ubuntu.com/ubuntu noble/main amd64 librhash0 amd64 1.4.3-3build1 [129 kB]
build	Install system dependencies	2025-12-13T00:31:03.7174168Z Get:10 http://azure.archive.ubuntu.com/ubuntu noble/main amd64 cmake-data all 3.28.3-1build7 [2155 kB]
build	Install system dependencies	2025-12-13T00:31:03.7700710Z Get:11 http://azure.archive.ubuntu.com/ubuntu noble/main amd64 cmake amd64 3.28.3-1build7 [11.2 MB]
build	Install system dependencies	2025-12-13T00:31:03.9673421Z Get:12 http://azure.archive.ubuntu.com/ubuntu noble/main amd64 gir1.2-freedesktop amd64 1.80.1-1 [49.7 kB]
build	Install system dependencies	2025-12-13T00:31:03.9758992Z Get:13 http://azure.archive.ubuntu.com/ubuntu noble-updates/main amd64 gir1.2-gdkpixbuf-2.0 amd64 2.42.10+dfsg-3ubuntu3.2 [9488 B]
build	Install system dependencies	2025-12-13T00:31:03.9834800Z Get:14 http://azure.archive.ubuntu.com/ubuntu noble/main amd64 libgraphene-1.0-0 amd64 1.10.8-3build2 [46.2 kB]
build	Install system dependencies	2025-12-13T00:31:03.9926156Z Get:15 http://azure.archive.ubuntu.com/ubuntu noble/main amd64 gir1.2-graphene-1.0 amd64 1.10.8-3build2 [11.1 kB]
build	Install system dependencies	2025-12-13T00:31:03.9999991Z Get:16 http://azure.archive.ubuntu.com/ubuntu noble/main amd64 libharfbuzz-gobject0 amd64 8.3.0-2build2 [34.3 kB]
build	Install system dependencies	2025-12-13T00:31:04.0088582Z Get:17 http://azure.archive.ubuntu.com/ubuntu noble/main amd64 gir1.2-harfbuzz-0.0 amd64 8.3.0-2build2 [44.5 kB]
build	Install system dependencies	2025-12-13T00:31:04.0177920Z Get:18 http://azure.archive.ubuntu.com/ubuntu noble/main amd64 libpangoxft-1.0-0 amd64 1.52.1+ds-1build1 [20.3 kB]
build	Install system dependencies	2025-12-13T00:31:04.0366346Z Get:19 http://azure.archive.ubuntu.com/ubuntu noble/main amd64 gir1.2-pango-1.0 amd64 1.52.1+ds-1build1 [34.8 kB]
build	Install system dependencies	2025-12-13T00:31:04.0960169Z Get:20 http://azure.archive.ubuntu.com/ubuntu noble/main amd64 libcairo-script-interpreter2 amd64 1.18.0-3build1 [60.3 kB]
build	Install system dependencies	2025-12-13T00:31:04.1085636Z Get:21 http://azure.archive.ubuntu.com/ubuntu noble/main amd64 libgles2 amd64 1.7.0-1build1 [17.1 kB]
build	Install system dependencies	2025-12-13T00:31:04.1160218Z Get:22 http://azure.archive.ubuntu.com/ubuntu noble-updates/main amd64 libgtk-4-common all 4.14.5+ds-0ubuntu0.7 [1496 kB]
build	Install system dependencies	2025-12-13T00:31:04.1602077Z Get:23 http://azure.archive.ubuntu.com/ubuntu noble-updates/main amd64 libgtk-4-1 amd64 4.14.5+ds-0ubuntu0.7 [3294 kB]
build	Install system dependencies	2025-12-13T00:31:04.2389109Z Get:24 http://azure.archive.ubuntu.com/ubuntu noble-updates/main amd64 gir1.2-gtk-4.0 amd64 4.14.5+ds-0ubuntu0.7 [223 kB]
build	Install system dependencies	2025-12-13T00:31:04.2516871Z Get:25 http://azure.archive.ubuntu.com/ubuntu noble/main amd64 libadwaita-1-0 amd64 1.5.0-1ubuntu2 [408 kB]
build	Install system dependencies	2025-12-13T00:31:04.2628126Z Get:26 http://azure.archive.ubuntu.com/ubuntu noble/main amd64 gir1.2-adw-1 amd64 1.5.0-1ubuntu2 [41.8 kB]
build	Install system dependencies	2025-12-13T00:31:04.2713433Z Get:27 http://azure.archive.ubuntu.com/ubuntu noble/main amd64 gir1.2-appstream-1.0 amd64 1.0.2-1build6 [29.3 kB]
build	Install system dependencies	2025-12-13T00:31:04.2786821Z Get:28 http://azure.archive.ubuntu.com/ubuntu noble-updates/main amd64 gir1.2-glib-2.0-dev amd64 2.80.0-6ubuntu3.5 [848 kB]
build	Install system dependencies	2025-12-13T00:31:04.2967154Z Get:29 http://azure.archive.ubuntu.com/ubuntu noble/main amd64 gir1.2-freedesktop-dev amd64 1.80.1-1 [28.8 kB]
build	Install system dependencies	2025-12-13T00:31:04.3089722Z Get:30 http://azure.archive.ubuntu.com/ubuntu noble/main amd64 libgtksourceview-5-common all 5.12.0-1build1 [282 kB]
build	Install system dependencies	2025-12-13T00:31:04.3259652Z Get:31 http://azure.archive.ubuntu.com/ubuntu noble/main amd64 libgtksourceview-5-0 amd64 5.12.0-1build1 [341 kB]
build	Install system dependencies	2025-12-13T00:31:04.3379050Z Get:32 http://azure.archive.ubuntu.com/ubuntu noble/main amd64 gir1.2-gtksource-5 amd64 5.12.0-1build1 [21.9 kB]
build	Install system dependencies	2025-12-13T00:31:04.3458001Z Get:33 http://azure.archive.ubuntu.com/ubuntu noble-updates/main amd64 libegl-mesa0 amd64 25.0.7-0ubuntu0.24.04.2 [124 kB]
build	Install system dependencies	2025-12-13T00:31:04.3561256Z Get:34 http://azure.archive.ubuntu.com/ubuntu noble/main amd64 libegl1 amd64 1.7.0-1build1 [28.7 kB]
build	Install system dependencies	2025-12-13T00:31:04.3658838Z Get:35 http://azure.archive.ubuntu.com/ubuntu noble-updates/main amd64 liborc-0.4-0t64 amd64 1:0.4.38-1ubuntu0.1 [207 kB]
build	Install system dependencies	2025-12-13T00:31:04.3777778Z Get:36 http://azure.archive.ubuntu.com/ubuntu noble-updates/main amd64 libgstreamer-plugins-base1.0-0 amd64 1.24.2-1ubuntu0.3 [862 kB]
build	Install system dependencies	2025-12-13T00:31:04.4018501Z Get:37 http://azure.archive.ubuntu.com/ubuntu noble-updates/main amd64 libgstreamer-gl1.0-0 amd64 1.24.2-1ubuntu0.3 [214 kB]
build	Install system dependencies	2025-12-13T00:31:04.4556851Z Get:38 http://azure.archive.ubuntu.com/ubuntu noble-updates/main amd64 gstreamer1.0-gl amd64 1.24.2-1ubuntu0.3 [116 kB]
build	Install system dependencies	2025-12-13T00:31:04.4638855Z Get:39 http://azure.archive.ubuntu.com/ubuntu noble/main amd64 libcdparanoia0 amd64 3.10.2+debian-14build3 [48.5 kB]
build	Install system dependencies	2025-12-13T00:31:04.4810395Z Get:40 http://azure.archive.ubuntu.com/ubuntu noble/main amd64 libopus0 amd64 1.4-1build1 [208 kB]
build	Install system dependencies	2025-12-13T00:31:04.5084139Z Get:41 http://azure.archive.ubuntu.com/ubuntu noble/main amd64 libtheora0 amd64 1.1.1+dfsg.1-16.1build3 [211 kB]
build	Install system dependencies	2025-12-13T00:31:04.5172193Z Get:42 http://azure.archive.ubuntu.com/ubuntu noble/main amd64 libvisual-0.4-0 amd64 0.4.2-2build1 [115 kB]
build	Install system dependencies	2025-12-13T00:31:04.5254270Z Get:43 http://azure.archive.ubuntu.com/ubuntu noble/main amd64 libvorbisenc2 amd64 1.3.7-1build3 [80.8 kB]
build	Install system dependencies	2025-12-13T00:31:04.5347248Z Get:44 http://azure.archive.ubuntu.com/ubuntu noble-updates/main amd64 gstreamer1.0-plugins-base amd64 1.24.2-1ubuntu0.3 [721 kB]
build	Install system dependencies	2025-12-13T00:31:04.5552087Z Get:45 http://azure.archive.ubuntu.com/ubuntu noble-updates/main amd64 libglib2.0-dev-bin amd64 2.80.0-6ubuntu3.5 [138 kB]
build	Install system dependencies	2025-12-13T00:31:04.5645854Z Get:46 http://azure.archive.ubuntu.com/ubuntu noble-updates/main amd64 uuid-dev amd64 2.39.3-9ubuntu6.3 [33.5 kB]
build	Install system dependencies	2025-12-13T00:31:04.5729058Z Get:47 http://azure.archive.ubuntu.com/ubuntu noble-updates/main amd64 libblkid-dev amd64 2.39.3-9ubuntu6.3 [204 kB]
build	Install system dependencies	2025-12-13T00:31:04.5880616Z Get:48 http://azure.archive.ubuntu.com/ubuntu noble/main amd64 libsepol-dev amd64 3.5-2build1 [384 kB]
build	Install system dependencies	2025-12-13T00:31:04.6044569Z Get:49 http://azure.archive.ubuntu.com/ubuntu noble-updates/main amd64 libselinux1-dev amd64 3.5-2ubuntu2.1 [164 kB]
build	Install system dependencies	2025-12-13T00:31:04.6146058Z Get:50 http://azure.archive.ubuntu.com/ubuntu noble-updates/main amd64 libmount-dev amd64 2.39.3-9ubuntu6.3 [14.9 kB]
build	Install system dependencies	2025-12-13T00:31:04.6240435Z Get:51 http://azure.archive.ubuntu.com/ubuntu noble-updates/main amd64 libgirepository-2.0-0 amd64 2.80.0-6ubuntu3.5 [73.5 kB]
build	Install system dependencies	2025-12-13T00:31:04.6330336Z Get:52 http://azure.archive.ubuntu.com/ubuntu noble-updates/main amd64 libglib2.0-dev amd64 2.80.0-6ubuntu3.5 [1860 kB]
build	Install system dependencies	2025-12-13T00:31:04.6705741Z Get:53 http://azure.archive.ubuntu.com/ubuntu noble/main amd64 libappstream-dev amd64 1.0.2-1build6 [103 kB]
build	Install system dependencies	2025-12-13T00:31:04.6785593Z Get:54 http://azure.archive.ubuntu.com/ubuntu noble/main amd64 libbrotli-dev amd64 1.1.0-2build2 [353 kB]
build	Install system dependencies	2025-12-13T00:31:04.6900424Z Get:55 http://azure.archive.ubuntu.com/ubuntu noble-updates/main amd64 libbz2-dev amd64 1.0.8-5.1build0.1 [33.6 kB]
build	Install system dependencies	2025-12-13T00:31:04.7023552Z Get:56 http://azure.archive.ubuntu.com/ubuntu noble-updates/main amd64 libpng-dev amd64 1.6.43-5ubuntu0.1 [264 kB]
build	Install system dependencies	2025-12-13T00:31:04.7574727Z Get:57 http://azure.archive.ubuntu.com/ubuntu noble/main amd64 libfreetype-dev amd64 2.13.2+dfsg-1build3 [575 kB]
build	Install system dependencies	2025-12-13T00:31:04.7683285Z Get:58 http://azure.archive.ubuntu.com/ubuntu noble/main amd64 libfontconfig-dev amd64 2.15.0-1.1ubuntu2 [161 kB]
build	Install system dependencies	2025-12-13T00:31:04.7765135Z Get:59 http://azure.archive.ubuntu.com/ubuntu noble/main amd64 libpixman-1-dev amd64 0.42.2-1build1 [296 kB]
build	Install system dependencies	2025-12-13T00:31:04.7859169Z Get:60 http://azure.archive.ubuntu.com/ubuntu noble/main amd64 xorg-sgml-doctools all 1:1.11-1.1 [10.9 kB]
build	Install system dependencies	2025-12-13T00:31:04.7936834Z Get:61 http://azure.archive.ubuntu.com/ubuntu noble/main amd64 x11proto-dev all 2023.2-1 [602 kB]
build	Install system dependencies	2025-12-13T00:31:04.8056811Z Get:62 http://azure.archive.ubuntu.com/ubuntu noble/main amd64 x11proto-core-dev all 2023.2-1 [2444 B]
build	Install system dependencies	2025-12-13T00:31:04.8130692Z Get:63 http://azure.archive.ubuntu.com/ubuntu noble/main amd64 libice-dev amd64 2:1.0.10-1build3 [51.0 kB]
build	Install system dependencies	2025-12-13T00:31:04.8211555Z Get:64 http://azure.archive.ubuntu.com/ubuntu noble/main amd64 libsm-dev amd64 2:1.2.3-1build3 [17.8 kB]
build	Install system dependencies	2025-12-13T00:31:04.8287520Z Get:65 http://azure.archive.ubuntu.com/ubuntu noble/main amd64 libxau-dev amd64 1:1.0.9-1build6 [9570 B]
build	Install system dependencies	2025-12-13T00:31:04.8367488Z Get:66 http://azure.archive.ubuntu.com/ubuntu noble/main amd64 libxdmcp-dev amd64 1:1.1.3-0ubuntu6 [26.5 kB]
build	Install system dependencies	2025-12-13T00:31:04.8447150Z Get:67 http://azure.archive.ubuntu.com/ubuntu noble/main amd64 xtrans-dev all 1.4.0-1 [68.9 kB]
build	Install system dependencies	2025-12-13T00:31:04.8532619Z Get:68 http://azure.archive.ubuntu.com/ubuntu noble/main amd64 libpthread-stubs0-dev amd64 0.4-1build3 [4746 B]
build	Install system dependencies	2025-12-13T00:31:04.8604665Z Get:69 http://azure.archive.ubuntu.com/ubuntu noble/main amd64 libxcb1-dev amd64 1.15-1ubuntu2 [85.8 kB]
build	Install system dependencies	2025-12-13T00:31:04.8690046Z Get:70 http://azure.archive.ubuntu.com/ubuntu noble/main amd64 libx11-dev amd64 2:1.8.7-1build1 [732 kB]
build	Install system dependencies	2025-12-13T00:31:04.8852080Z Get:71 http://azure.archive.ubuntu.com/ubuntu noble/main amd64 libxcb-render0-dev amd64 1.15-1ubuntu2 [19.6 kB]
build	Install system dependencies	2025-12-13T00:31:04.8926153Z Get:72 http://azure.archive.ubuntu.com/ubuntu noble/main amd64 libxcb-shm0-dev amd64 1.15-1ubuntu2 [8246 B]
build	Install system dependencies	2025-12-13T00:31:04.8998731Z Get:73 http://azure.archive.ubuntu.com/ubuntu noble/main amd64 libxext-dev amd64 2:1.3.4-1build2 [83.5 kB]
build	Install system dependencies	2025-12-13T00:31:04.9074089Z Get:74 http://azure.archive.ubuntu.com/ubuntu noble/main amd64 libxrender-dev amd64 1:0.9.10-1.1build1 [26.3 kB]
build	Install system dependencies	2025-12-13T00:31:04.9151222Z Get:75 http://azure.archive.ubuntu.com/ubuntu noble/main amd64 libcairo2-dev amd64 1.18.0-3build1 [41.1 kB]
build	Install system dependencies	2025-12-13T00:31:04.9682471Z Get:76 http://azure.archive.ubuntu.com/ubuntu noble/main amd64 libglx-dev amd64 1.7.0-1build1 [14.2 kB]
build	Install system dependencies	2025-12-13T00:31:04.9762413Z Get:77 http://azure.archive.ubuntu.com/ubuntu noble/main amd64 libgl-dev amd64 1.7.0-1build1 [102 kB]
build	Install system dependencies	2025-12-13T00:31:04.9857952Z Get:78 http://azure.archive.ubuntu.com/ubuntu noble/main amd64 libegl-dev amd64 1.7.0-1build1 [18.2 kB]
build	Install system dependencies	2025-12-13T00:31:05.0147040Z Get:79 http://azure.archive.ubuntu.com/ubuntu noble/main amd64 libglvnd-core-dev amd64 1.7.0-1build1 [13.6 kB]
build	Install system dependencies	2025-12-13T00:31:05.0285970Z Get:80 http://azure.archive.ubuntu.com/ubuntu noble/main amd64 libgles1 amd64 1.7.0-1build1 [11.6 kB]
build	Install system dependencies	2025-12-13T00:31:05.0413926Z Get:81 http://azure.archive.ubuntu.com/ubuntu noble/main amd64 libgles-dev amd64 1.7.0-1build1 [50.5 kB]
build	Install system dependencies	2025-12-13T00:31:05.0504443Z Get:82 http://azure.archive.ubuntu.com/ubuntu noble/main amd64 libopengl0 amd64 1.7.0-1build1 [32.8 kB]
build	Install system dependencies	2025-12-13T00:31:05.0583921Z Get:83 http://azure.archive.ubuntu.com/ubuntu noble/main amd64 libopengl-dev amd64 1.7.0-1build1 [3454 B]
build	Install system dependencies	2025-12-13T00:31:05.0666470Z Get:84 http://azure.archive.ubuntu.com/ubuntu noble/main amd64 libglvnd-dev amd64 1.7.0-1build1 [3198 B]
build	Install system dependencies	2025-12-13T00:31:05.0744905Z Get:85 http://azure.archive.ubuntu.com/ubuntu noble-updates/main amd64 libegl1-mesa-dev amd64 25.0.7-0ubuntu0.24.04.2 [25.0 kB]
build	Install system dependencies	2025-12-13T00:31:05.0824540Z Get:86 http://azure.archive.ubuntu.com/ubuntu noble/main amd64 libepoxy-dev amd64 1.5.10-1build1 [132 kB]
build	Install system dependencies	2025-12-13T00:31:05.0919204Z Get:87 http://azure.archive.ubuntu.com/ubuntu noble-updates/main amd64 libgdk-pixbuf2.0-bin amd64 2.42.10+dfsg-3ubuntu3.2 [13.9 kB]
build	Install system dependencies	2025-12-13T00:31:05.0993389Z Get:88 http://azure.archive.ubuntu.com/ubuntu noble/main amd64 libjpeg-turbo8-dev amd64 2.1.5-2ubuntu2 [295 kB]
build	Install system dependencies	2025-12-13T00:31:05.1129853Z Get:89 http://azure.archive.ubuntu.com/ubuntu noble/main amd64 libjpeg8-dev amd64 8c-2ubuntu11 [1484 B]
build	Install system dependencies	2025-12-13T00:31:05.1201065Z Get:90 http://azure.archive.ubuntu.com/ubuntu noble/main amd64 libjpeg-dev amd64 8c-2ubuntu11 [1482 B]
build	Install system dependencies	2025-12-13T00:31:05.1275085Z Get:91 http://azure.archive.ubuntu.com/ubuntu noble/main amd64 libjbig-dev amd64 2.1-6.1ubuntu2 [27.9 kB]
build	Install system dependencies	2025-12-13T00:31:05.1352162Z Get:92 http://azure.archive.ubuntu.com/ubuntu noble-updates/main amd64 liblzma-dev amd64 5.6.1+really5.4.5-1ubuntu0.2 [176 kB]
build	Install system dependencies	2025-12-13T00:31:05.1465388Z Get:93 http://azure.archive.ubuntu.com/ubuntu noble/main amd64 libwebpdecoder3 amd64 1.3.2-0.4build3 [114 kB]
build	Install system dependencies	2025-12-13T00:31:05.1994795Z Get:94 http://azure.archive.ubuntu.com/ubuntu noble/main amd64 libsharpyuv-dev amd64 1.3.2-0.4build3 [16.0 kB]
build	Install system dependencies	2025-12-13T00:31:05.2067762Z Get:95 http://azure.archive.ubuntu.com/ubuntu noble/main amd64 libwebp-dev amd64 1.3.2-0.4build3 [367 kB]
build	Install system dependencies	2025-12-13T00:31:05.2183977Z Get:96 http://azure.archive.ubuntu.com/ubuntu noble-updates/main amd64 libtiffxx6 amd64 4.5.1+git230720-4ubuntu2.4 [5648 B]
build	Install system dependencies	2025-12-13T00:31:05.2257302Z Get:97 http://azure.archive.ubuntu.com/ubuntu noble-updates/main amd64 libdeflate-dev amd64 1.19-1build1.1 [50.9 kB]
build	Install system dependencies	2025-12-13T00:31:05.2340802Z Get:98 http://azure.archive.ubuntu.com/ubuntu noble/main amd64 liblerc-dev amd64 4.0.0+ds-4ubuntu2 [182 kB]
build	Install system dependencies	2025-12-13T00:31:05.2434627Z Get:99 http://azure.archive.ubuntu.com/ubuntu noble-updates/main amd64 libtiff-dev amd64 4.5.1+git230720-4ubuntu2.4 [338 kB]
build	Install system dependencies	2025-12-13T00:31:05.2551351Z Get:100 http://azure.archive.ubuntu.com/ubuntu noble-updates/main amd64 libgdk-pixbuf-2.0-dev amd64 2.42.10+dfsg-3ubuntu3.2 [48.0 kB]
build	Install system dependencies	2025-12-13T00:31:05.2625313Z Get:101 http://azure.archive.ubuntu.com/ubuntu noble/main amd64 libgraphene-1.0-dev amd64 1.10.8-3build2 [58.6 kB]
build	Install system dependencies	2025-12-13T00:31:05.2716299Z Get:102 http://azure.archive.ubuntu.com/ubuntu noble/main amd64 libfribidi-dev amd64 1.0.13-3build1 [64.8 kB]
build	Install system dependencies	2025-12-13T00:31:05.2814336Z Get:103 http://azure.archive.ubuntu.com/ubuntu noble/main amd64 libharfbuzz-icu0 amd64 8.3.0-2build2 [13.3 kB]
build	Install system dependencies	2025-12-13T00:31:05.2901913Z Get:104 http://azure.archive.ubuntu.com/ubuntu noble/main amd64 libharfbuzz-subset0 amd64 8.3.0-2build2 [448 kB]
build	Install system dependencies	2025-12-13T00:31:05.3017313Z Get:105 http://azure.archive.ubuntu.com/ubuntu noble/main amd64 libharfbuzz-cairo0 amd64 8.3.0-2build2 [26.2 kB]
build	Install system dependencies	2025-12-13T00:31:05.3096573Z Get:106 http://azure.archive.ubuntu.com/ubuntu noble/main amd64 libgraphite2-dev amd64 1.3.14-2build1 [14.7 kB]
build	Install system dependencies	2025-12-13T00:31:05.3170011Z Get:107 http://azure.archive.ubuntu.com/ubuntu noble/main amd64 libharfbuzz-dev amd64 8.3.0-2build2 [142 kB]
build	Install system dependencies	2025-12-13T00:31:05.3252414Z Get:108 http://azure.archive.ubuntu.com/ubuntu noble/main amd64 libdatrie-dev amd64 0.2.13-3build1 [19.4 kB]
build	Install system dependencies	2025-12-13T00:31:05.3327233Z Get:109 http://azure.archive.ubuntu.com/ubuntu noble/main amd64 libthai-dev amd64 0.1.29-2build1 [26.6 kB]
build	Install system dependencies	2025-12-13T00:31:05.3398537Z Get:110 http://azure.archive.ubuntu.com/ubuntu noble/main amd64 libxft-dev amd64 2.3.6-1build1 [64.3 kB]
build	Install system dependencies	2025-12-13T00:31:05.3474152Z Get:111 http://azure.archive.ubuntu.com/ubuntu noble/main amd64 pango1.0-tools amd64 1.52.1+ds-1build1 [36.7 kB]
build	Install system dependencies	2025-12-13T00:31:05.3550037Z Get:112 http://azure.archive.ubuntu.com/ubuntu noble/main amd64 libpango1.0-dev amd64 1.52.1+ds-1build1 [147 kB]
build	Install system dependencies	2025-12-13T00:31:05.3635072Z Get:113 http://azure.archive.ubuntu.com/ubuntu noble/main amd64 libwayland-bin amd64 1.22.0-2.1build1 [20.6 kB]
build	Install system dependencies	2025-12-13T00:31:05.3709576Z Get:114 http://azure.archive.ubuntu.com/ubuntu noble/main amd64 libwayland-dev amd64 1.22.0-2.1build1 [71.3 kB]
build	Install system dependencies	2025-12-13T00:31:05.3787937Z Get:115 http://azure.archive.ubuntu.com/ubuntu noble/main amd64 libxfixes-dev amd64 1:6.0.0-2build1 [12.1 kB]
build	Install system dependencies	2025-12-13T00:31:05.3864884Z Get:116 http://azure.archive.ubuntu.com/ubuntu noble/main amd64 libxcomposite-dev amd64 1:0.4.5-1build3 [9374 B]
build	Install system dependencies	2025-12-13T00:31:05.3939821Z Get:117 http://azure.archive.ubuntu.com/ubuntu noble/main amd64 libxcursor-dev amd64 1:1.2.1-1build1 [31.8 kB]
build	Install system dependencies	2025-12-13T00:31:05.4017602Z Get:118 http://azure.archive.ubuntu.com/ubuntu noble/main amd64 libxdamage-dev amd64 1:1.1.6-1build1 [5270 B]
build	Install system dependencies	2025-12-13T00:31:05.4097862Z Get:119 http://azure.archive.ubuntu.com/ubuntu noble/main amd64 libxi-dev amd64 2:1.8.1-1build1 [194 kB]
build	Install system dependencies	2025-12-13T00:31:05.4188696Z Get:120 http://azure.archive.ubuntu.com/ubuntu noble/main amd64 libxinerama-dev amd64 2:1.1.4-3build1 [7988 B]
build	Install system dependencies	2025-12-13T00:31:05.4703545Z Get:121 http://azure.archive.ubuntu.com/ubuntu noble/main amd64 libxkbcommon-dev amd64 1.6.0-1build1 [56.3 kB]
build	Install system dependencies	2025-12-13T00:31:05.4784527Z Get:122 http://azure.archive.ubuntu.com/ubuntu noble/main amd64 libxrandr-dev amd64 2:1.5.2-2build1 [26.4 kB]
build	Install system dependencies	2025-12-13T00:31:05.4859535Z Get:123 http://azure.archive.ubuntu.com/ubuntu noble/main amd64 libvulkan-dev amd64 1.3.275.0-1build1 [1239 kB]
build	Install system dependencies	2025-12-13T00:31:05.5022012Z Get:124 http://azure.archive.ubuntu.com/ubuntu noble-updates/main amd64 wayland-protocols all 1.38-1~ubuntu0.24.04.1 [93.0 kB]
build	Install system dependencies	2025-12-13T00:31:05.5094024Z Get:125 http://azure.archive.ubuntu.com/ubuntu noble-updates/main amd64 libgtk-4-dev amd64 4.14.5+ds-0ubuntu0.7 [939 kB]
build	Install system dependencies	2025-12-13T00:31:05.5230307Z Get:126 http://azure.archive.ubuntu.com/ubuntu noble/main amd64 libadwaita-1-dev amd64 1.5.0-1ubuntu2 [157 kB]
build	Install system dependencies	2025-12-13T00:31:05.5312966Z Get:127 http://azure.archive.ubuntu.com/ubuntu noble-updates/universe amd64 libclang-18-dev amd64 1:18.1.3-1ubuntu1 [28.8 MB]
build	Install system dependencies	2025-12-13T00:31:05.7329310Z Get:128 http://azure.archive.ubuntu.com/ubuntu noble/universe amd64 libclang-dev amd64 1:18.0-59~exp2 [5424 B]
build	Install system dependencies	2025-12-13T00:31:05.7403683Z Get:129 http://azure.archive.ubuntu.com/ubuntu noble-updates/main amd64 libgtk-4-bin amd64 4.14.5+ds-0ubuntu0.7 [3355 kB]
build	Install system dependencies	2025-12-13T00:31:05.7811094Z Get:130 http://azure.archive.ubuntu.com/ubuntu noble-updates/main amd64 libgtk-4-media-gstreamer amd64 4.14.5+ds-0ubuntu0.7 [67.7 kB]
build	Install system dependencies	2025-12-13T00:31:05.7890816Z Get:131 http://azure.archive.ubuntu.com/ubuntu noble/universe amd64 libsysprof-capture-4-dev amd64 46.0-1build1 [51.0 kB]
build	Install system dependencies	2025-12-13T00:31:05.7970216Z Get:132 http://azure.archive.ubuntu.com/ubuntu noble/universe amd64 libgtksourceview-5-dev amd64 5.12.0-1build1 [93.2 kB]
build	Install system dependencies	2025-12-13T00:31:05.8106228Z Get:133 http://azure.archive.ubuntu.com/ubuntu noble-updates/main amd64 libpng-tools amd64 1.6.43-5ubuntu0.1 [28.5 kB]
build	Install system dependencies	2025-12-13T00:31:05.8241063Z Get:134 http://azure.archive.ubuntu.com/ubuntu noble/main amd64 librsvg2-2 amd64 2.58.0+dfsg-1build1 [2135 kB]
build	Install system dependencies	2025-12-13T00:31:05.8746977Z Get:135 http://azure.archive.ubuntu.com/ubuntu noble/main amd64 librsvg2-common amd64 2.58.0+dfsg-1build1 [11.8 kB]
build	Install system dependencies	2025-12-13T00:31:06.2656097Z Fetched 73.4 MB in 2s (32.0 MB/s)
build	Install system dependencies	2025-12-13T00:31:06.3165786Z (Reading database ... 
build	Install system dependencies	2025-12-13T00:31:06.3166350Z (Reading database ... 5%
build	Install system dependencies	2025-12-13T00:31:06.3166833Z (Reading database ... 10%
build	Install system dependencies	2025-12-13T00:31:06.3167270Z (Reading database ... 15%
build	Install system dependencies	2025-12-13T00:31:06.3167702Z (Reading database ... 20%
build	Install system dependencies	2025-12-13T00:31:06.3168124Z (Reading database ... 25%
build	Install system dependencies	2025-12-13T00:31:06.3168568Z (Reading database ... 30%
build	Install system dependencies	2025-12-13T00:31:06.3169002Z (Reading database ... 35%
build	Install system dependencies	2025-12-13T00:31:06.3169428Z (Reading database ... 40%
build	Install system dependencies	2025-12-13T00:31:06.3169809Z (Reading database ... 45%
build	Install system dependencies	2025-12-13T00:31:06.3170149Z (Reading database ... 50%
build	Install system dependencies	2025-12-13T00:31:06.3257543Z (Reading database ... 55%
build	Install system dependencies	2025-12-13T00:31:06.4788451Z (Reading database ... 60%
build	Install system dependencies	2025-12-13T00:31:06.5934055Z (Reading database ... 65%
build	Install system dependencies	2025-12-13T00:31:06.6676306Z (Reading database ... 70%
build	Install system dependencies	2025-12-13T00:31:06.7268146Z (Reading database ... 75%
build	Install system dependencies	2025-12-13T00:31:06.8916408Z (Reading database ... 80%
build	Install system dependencies	2025-12-13T00:31:07.0712493Z (Reading database ... 85%
build	Install system dependencies	2025-12-13T00:31:07.1708249Z (Reading database ... 90%
build	Install system dependencies	2025-12-13T00:31:07.3406790Z (Reading database ... 95%
build	Install system dependencies	2025-12-13T00:31:07.3407859Z (Reading database ... 100%
build	Install system dependencies	2025-12-13T00:31:07.3408853Z (Reading database ... 217067 files and directories currently installed.)
build	Install system dependencies	2025-12-13T00:31:07.3457891Z Preparing to unpack .../000-libglib2.0-data_2.80.0-6ubuntu3.5_all.deb ...
build	Install system dependencies	2025-12-13T00:31:07.3505497Z Unpacking libglib2.0-data (2.80.0-6ubuntu3.5) over (2.80.0-6ubuntu3.4) ...
build	Install system dependencies	2025-12-13T00:31:07.3883049Z Preparing to unpack .../001-libglib2.0-bin_2.80.0-6ubuntu3.5_amd64.deb ...
build	Install system dependencies	2025-12-13T00:31:07.3911730Z Unpacking libglib2.0-bin (2.80.0-6ubuntu3.5) over (2.80.0-6ubuntu3.4) ...
build	Install system dependencies	2025-12-13T00:31:07.4447774Z Preparing to unpack .../002-gir1.2-glib-2.0_2.80.0-6ubuntu3.5_amd64.deb ...
build	Install system dependencies	2025-12-13T00:31:07.4477320Z Unpacking gir1.2-glib-2.0:amd64 (2.80.0-6ubuntu3.5) over (2.80.0-6ubuntu3.4) ...
build	Install system dependencies	2025-12-13T00:31:07.4930091Z Preparing to unpack .../003-libglib2.0-0t64_2.80.0-6ubuntu3.5_amd64.deb ...
build	Install system dependencies	2025-12-13T00:31:07.5011321Z Unpacking libglib2.0-0t64:amd64 (2.80.0-6ubuntu3.5) over (2.80.0-6ubuntu3.4) ...
build	Install system dependencies	2025-12-13T00:31:07.5634164Z Preparing to unpack .../004-libpng16-16t64_1.6.43-5ubuntu0.1_amd64.deb ...
build	Install system dependencies	2025-12-13T00:31:07.5709309Z Unpacking libpng16-16t64:amd64 (1.6.43-5ubuntu0.1) over (1.6.43-5build1) ...
build	Install system dependencies	2025-12-13T00:31:07.5992174Z Selecting previously unselected package bzip2-doc.
build	Install system dependencies	2025-12-13T00:31:07.6132827Z Preparing to unpack .../005-bzip2-doc_1.0.8-5.1build0.1_all.deb ...
build	Install system dependencies	2025-12-13T00:31:07.6141781Z Unpacking bzip2-doc (1.0.8-5.1build0.1) ...
build	Install system dependencies	2025-12-13T00:31:07.6406437Z Selecting previously unselected package libjsoncpp25:amd64.
build	Install system dependencies	2025-12-13T00:31:07.6544600Z Preparing to unpack .../006-libjsoncpp25_1.9.5-6build1_amd64.deb ...
build	Install system dependencies	2025-12-13T00:31:07.6554574Z Unpacking libjsoncpp25:amd64 (1.9.5-6build1) ...
build	Install system dependencies	2025-12-13T00:31:07.6798101Z Selecting previously unselected package librhash0:amd64.
build	Install system dependencies	2025-12-13T00:31:07.6935874Z Preparing to unpack .../007-librhash0_1.4.3-3build1_amd64.deb ...
build	Install system dependencies	2025-12-13T00:31:07.6945709Z Unpacking librhash0:amd64 (1.4.3-3build1) ...
build	Install system dependencies	2025-12-13T00:31:07.7195002Z Selecting previously unselected package cmake-data.
build	Install system dependencies	2025-12-13T00:31:07.7340827Z Preparing to unpack .../008-cmake-data_3.28.3-1build7_all.deb ...
build	Install system dependencies	2025-12-13T00:31:07.7412960Z Unpacking cmake-data (3.28.3-1build7) ...
build	Install system dependencies	2025-12-13T00:31:08.2978224Z Selecting previously unselected package cmake.
build	Install system dependencies	2025-12-13T00:31:08.3125753Z Preparing to unpack .../009-cmake_3.28.3-1build7_amd64.deb ...
build	Install system dependencies	2025-12-13T00:31:08.3135954Z Unpacking cmake (3.28.3-1build7) ...
build	Install system dependencies	2025-12-13T00:31:08.4813153Z Selecting previously unselected package gir1.2-freedesktop:amd64.
build	Install system dependencies	2025-12-13T00:31:08.4948060Z Preparing to unpack .../010-gir1.2-freedesktop_1.80.1-1_amd64.deb ...
build	Install system dependencies	2025-12-13T00:31:08.4958048Z Unpacking gir1.2-freedesktop:amd64 (1.80.1-1) ...
build	Install system dependencies	2025-12-13T00:31:08.5176014Z Selecting previously unselected package gir1.2-gdkpixbuf-2.0:amd64.
build	Install system dependencies	2025-12-13T00:31:08.5315722Z Preparing to unpack .../011-gir1.2-gdkpixbuf-2.0_2.42.10+dfsg-3ubuntu3.2_amd64.deb ...
build	Install system dependencies	2025-12-13T00:31:08.5325500Z Unpacking gir1.2-gdkpixbuf-2.0:amd64 (2.42.10+dfsg-3ubuntu3.2) ...
build	Install system dependencies	2025-12-13T00:31:08.5534290Z Selecting previously unselected package libgraphene-1.0-0:amd64.
build	Install system dependencies	2025-12-13T00:31:08.5669940Z Preparing to unpack .../012-libgraphene-1.0-0_1.10.8-3build2_amd64.deb ...
build	Install system dependencies	2025-12-13T00:31:08.5678646Z Unpacking libgraphene-1.0-0:amd64 (1.10.8-3build2) ...
build	Install system dependencies	2025-12-13T00:31:08.5882669Z Selecting previously unselected package gir1.2-graphene-1.0:amd64.
build	Install system dependencies	2025-12-13T00:31:08.6017568Z Preparing to unpack .../013-gir1.2-graphene-1.0_1.10.8-3build2_amd64.deb ...
build	Install system dependencies	2025-12-13T00:31:08.6027862Z Unpacking gir1.2-graphene-1.0:amd64 (1.10.8-3build2) ...
build	Install system dependencies	2025-12-13T00:31:08.6236286Z Selecting previously unselected package libharfbuzz-gobject0:amd64.
build	Install system dependencies	2025-12-13T00:31:08.6371166Z Preparing to unpack .../014-libharfbuzz-gobject0_8.3.0-2build2_amd64.deb ...
build	Install system dependencies	2025-12-13T00:31:08.6380627Z Unpacking libharfbuzz-gobject0:amd64 (8.3.0-2build2) ...
build	Install system dependencies	2025-12-13T00:31:08.6586718Z Selecting previously unselected package gir1.2-harfbuzz-0.0:amd64.
build	Install system dependencies	2025-12-13T00:31:08.6721251Z Preparing to unpack .../015-gir1.2-harfbuzz-0.0_8.3.0-2build2_amd64.deb ...
build	Install system dependencies	2025-12-13T00:31:08.6730038Z Unpacking gir1.2-harfbuzz-0.0:amd64 (8.3.0-2build2) ...
build	Install system dependencies	2025-12-13T00:31:08.6945641Z Selecting previously unselected package libpangoxft-1.0-0:amd64.
build	Install system dependencies	2025-12-13T00:31:08.7080294Z Preparing to unpack .../016-libpangoxft-1.0-0_1.52.1+ds-1build1_amd64.deb ...
build	Install system dependencies	2025-12-13T00:31:08.7091337Z Unpacking libpangoxft-1.0-0:amd64 (1.52.1+ds-1build1) ...
build	Install system dependencies	2025-12-13T00:31:08.7296082Z Selecting previously unselected package gir1.2-pango-1.0:amd64.
build	Install system dependencies	2025-12-13T00:31:08.7431088Z Preparing to unpack .../017-gir1.2-pango-1.0_1.52.1+ds-1build1_amd64.deb ...
build	Install system dependencies	2025-12-13T00:31:08.7440700Z Unpacking gir1.2-pango-1.0:amd64 (1.52.1+ds-1build1) ...
build	Install system dependencies	2025-12-13T00:31:08.7656825Z Selecting previously unselected package libcairo-script-interpreter2:amd64.
build	Install system dependencies	2025-12-13T00:31:08.7789577Z Preparing to unpack .../018-libcairo-script-interpreter2_1.18.0-3build1_amd64.deb ...
build	Install system dependencies	2025-12-13T00:31:08.7798241Z Unpacking libcairo-script-interpreter2:amd64 (1.18.0-3build1) ...
build	Install system dependencies	2025-12-13T00:31:08.8011052Z Selecting previously unselected package libgles2:amd64.
build	Install system dependencies	2025-12-13T00:31:08.8143862Z Preparing to unpack .../019-libgles2_1.7.0-1build1_amd64.deb ...
build	Install system dependencies	2025-12-13T00:31:08.8153543Z Unpacking libgles2:amd64 (1.7.0-1build1) ...
build	Install system dependencies	2025-12-13T00:31:08.8375649Z Selecting previously unselected package libgtk-4-common.
build	Install system dependencies	2025-12-13T00:31:08.8512432Z Preparing to unpack .../020-libgtk-4-common_4.14.5+ds-0ubuntu0.7_all.deb ...
build	Install system dependencies	2025-12-13T00:31:08.8523018Z Unpacking libgtk-4-common (4.14.5+ds-0ubuntu0.7) ...
build	Install system dependencies	2025-12-13T00:31:08.9038800Z Selecting previously unselected package libgtk-4-1:amd64.
build	Install system dependencies	2025-12-13T00:31:08.9175434Z Preparing to unpack .../021-libgtk-4-1_4.14.5+ds-0ubuntu0.7_amd64.deb ...
build	Install system dependencies	2025-12-13T00:31:08.9187462Z Unpacking libgtk-4-1:amd64 (4.14.5+ds-0ubuntu0.7) ...
build	Install system dependencies	2025-12-13T00:31:08.9868830Z Selecting previously unselected package gir1.2-gtk-4.0:amd64.
build	Install system dependencies	2025-12-13T00:31:09.0006195Z Preparing to unpack .../022-gir1.2-gtk-4.0_4.14.5+ds-0ubuntu0.7_amd64.deb ...
build	Install system dependencies	2025-12-13T00:31:09.0018694Z Unpacking gir1.2-gtk-4.0:amd64 (4.14.5+ds-0ubuntu0.7) ...
build	Install system dependencies	2025-12-13T00:31:09.0278075Z Selecting previously unselected package libadwaita-1-0:amd64.
build	Install system dependencies	2025-12-13T00:31:09.0414194Z Preparing to unpack .../023-libadwaita-1-0_1.5.0-1ubuntu2_amd64.deb ...
build	Install system dependencies	2025-12-13T00:31:09.0424959Z Unpacking libadwaita-1-0:amd64 (1.5.0-1ubuntu2) ...
build	Install system dependencies	2025-12-13T00:31:09.0724513Z Selecting previously unselected package gir1.2-adw-1:amd64.
build	Install system dependencies	2025-12-13T00:31:09.0859890Z Preparing to unpack .../024-gir1.2-adw-1_1.5.0-1ubuntu2_amd64.deb ...
build	Install system dependencies	2025-12-13T00:31:09.0869516Z Unpacking gir1.2-adw-1:amd64 (1.5.0-1ubuntu2) ...
build	Install system dependencies	2025-12-13T00:31:09.1075562Z Selecting previously unselected package gir1.2-appstream-1.0:amd64.
build	Install system dependencies	2025-12-13T00:31:09.1211429Z Preparing to unpack .../025-gir1.2-appstream-1.0_1.0.2-1build6_amd64.deb ...
build	Install system dependencies	2025-12-13T00:31:09.1220792Z Unpacking gir1.2-appstream-1.0:amd64 (1.0.2-1build6) ...
build	Install system dependencies	2025-12-13T00:31:09.1426161Z Selecting previously unselected package gir1.2-glib-2.0-dev:amd64.
build	Install system dependencies	2025-12-13T00:31:09.1559135Z Preparing to unpack .../026-gir1.2-glib-2.0-dev_2.80.0-6ubuntu3.5_amd64.deb ...
build	Install system dependencies	2025-12-13T00:31:09.1568503Z Unpacking gir1.2-glib-2.0-dev:amd64 (2.80.0-6ubuntu3.5) ...
build	Install system dependencies	2025-12-13T00:31:09.2130541Z Selecting previously unselected package gir1.2-freedesktop-dev:amd64.
build	Install system dependencies	2025-12-13T00:31:09.2266446Z Preparing to unpack .../027-gir1.2-freedesktop-dev_1.80.1-1_amd64.deb ...
build	Install system dependencies	2025-12-13T00:31:09.2276741Z Unpacking gir1.2-freedesktop-dev:amd64 (1.80.1-1) ...
build	Install system dependencies	2025-12-13T00:31:09.2493143Z Selecting previously unselected package libgtksourceview-5-common.
build	Install system dependencies	2025-12-13T00:31:09.2627897Z Preparing to unpack .../028-libgtksourceview-5-common_5.12.0-1build1_all.deb ...
build	Install system dependencies	2025-12-13T00:31:09.2637449Z Unpacking libgtksourceview-5-common (5.12.0-1build1) ...
build	Install system dependencies	2025-12-13T00:31:09.3247602Z Selecting previously unselected package libgtksourceview-5-0:amd64.
build	Install system dependencies	2025-12-13T00:31:09.3384248Z Preparing to unpack .../029-libgtksourceview-5-0_5.12.0-1build1_amd64.deb ...
build	Install system dependencies	2025-12-13T00:31:09.3394518Z Unpacking libgtksourceview-5-0:amd64 (5.12.0-1build1) ...
build	Install system dependencies	2025-12-13T00:31:09.3644949Z Selecting previously unselected package gir1.2-gtksource-5:amd64.
build	Install system dependencies	2025-12-13T00:31:09.3781273Z Preparing to unpack .../030-gir1.2-gtksource-5_5.12.0-1build1_amd64.deb ...
build	Install system dependencies	2025-12-13T00:31:09.3790132Z Unpacking gir1.2-gtksource-5:amd64 (5.12.0-1build1) ...
build	Install system dependencies	2025-12-13T00:31:09.4003276Z Selecting previously unselected package libegl-mesa0:amd64.
build	Install system dependencies	2025-12-13T00:31:09.4137796Z Preparing to unpack .../031-libegl-mesa0_25.0.7-0ubuntu0.24.04.2_amd64.deb ...
build	Install system dependencies	2025-12-13T00:31:09.4148772Z Unpacking libegl-mesa0:amd64 (25.0.7-0ubuntu0.24.04.2) ...
build	Install system dependencies	2025-12-13T00:31:09.4386131Z Selecting previously unselected package libegl1:amd64.
build	Install system dependencies	2025-12-13T00:31:09.4558336Z Preparing to unpack .../032-libegl1_1.7.0-1build1_amd64.deb ...
build	Install system dependencies	2025-12-13T00:31:09.4570046Z Unpacking libegl1:amd64 (1.7.0-1build1) ...
build	Install system dependencies	2025-12-13T00:31:09.4793832Z Selecting previously unselected package liborc-0.4-0t64:amd64.
build	Install system dependencies	2025-12-13T00:31:09.4925593Z Preparing to unpack .../033-liborc-0.4-0t64_1%3a0.4.38-1ubuntu0.1_amd64.deb ...
build	Install system dependencies	2025-12-13T00:31:09.4933933Z Unpacking liborc-0.4-0t64:amd64 (1:0.4.38-1ubuntu0.1) ...
build	Install system dependencies	2025-12-13T00:31:09.5174487Z Selecting previously unselected package libgstreamer-plugins-base1.0-0:amd64.
build	Install system dependencies	2025-12-13T00:31:09.5308408Z Preparing to unpack .../034-libgstreamer-plugins-base1.0-0_1.24.2-1ubuntu0.3_amd64.deb ...
build	Install system dependencies	2025-12-13T00:31:09.5316480Z Unpacking libgstreamer-plugins-base1.0-0:amd64 (1.24.2-1ubuntu0.3) ...
build	Install system dependencies	2025-12-13T00:31:09.5660307Z Selecting previously unselected package libgstreamer-gl1.0-0:amd64.
build	Install system dependencies	2025-12-13T00:31:09.5794976Z Preparing to unpack .../035-libgstreamer-gl1.0-0_1.24.2-1ubuntu0.3_amd64.deb ...
build	Install system dependencies	2025-12-13T00:31:09.5802787Z Unpacking libgstreamer-gl1.0-0:amd64 (1.24.2-1ubuntu0.3) ...
build	Install system dependencies	2025-12-13T00:31:09.6022085Z Selecting previously unselected package gstreamer1.0-gl:amd64.
build	Install system dependencies	2025-12-13T00:31:09.6157321Z Preparing to unpack .../036-gstreamer1.0-gl_1.24.2-1ubuntu0.3_amd64.deb ...
build	Install system dependencies	2025-12-13T00:31:09.6165664Z Unpacking gstreamer1.0-gl:amd64 (1.24.2-1ubuntu0.3) ...
build	Install system dependencies	2025-12-13T00:31:09.6378329Z Selecting previously unselected package libcdparanoia0:amd64.
build	Install system dependencies	2025-12-13T00:31:09.6511734Z Preparing to unpack .../037-libcdparanoia0_3.10.2+debian-14build3_amd64.deb ...
build	Install system dependencies	2025-12-13T00:31:09.6519330Z Unpacking libcdparanoia0:amd64 (3.10.2+debian-14build3) ...
build	Install system dependencies	2025-12-13T00:31:09.6728913Z Selecting previously unselected package libopus0:amd64.
build	Install system dependencies	2025-12-13T00:31:09.6862447Z Preparing to unpack .../038-libopus0_1.4-1build1_amd64.deb ...
build	Install system dependencies	2025-12-13T00:31:09.6870632Z Unpacking libopus0:amd64 (1.4-1build1) ...
build	Install system dependencies	2025-12-13T00:31:09.7101125Z Selecting previously unselected package libtheora0:amd64.
build	Install system dependencies	2025-12-13T00:31:09.7236378Z Preparing to unpack .../039-libtheora0_1.1.1+dfsg.1-16.1build3_amd64.deb ...
build	Install system dependencies	2025-12-13T00:31:09.7244342Z Unpacking libtheora0:amd64 (1.1.1+dfsg.1-16.1build3) ...
build	Install system dependencies	2025-12-13T00:31:09.7479374Z Selecting previously unselected package libvisual-0.4-0:amd64.
build	Install system dependencies	2025-12-13T00:31:09.7614534Z Preparing to unpack .../040-libvisual-0.4-0_0.4.2-2build1_amd64.deb ...
build	Install system dependencies	2025-12-13T00:31:09.7623504Z Unpacking libvisual-0.4-0:amd64 (0.4.2-2build1) ...
build	Install system dependencies	2025-12-13T00:31:09.7849034Z Selecting previously unselected package libvorbisenc2:amd64.
build	Install system dependencies	2025-12-13T00:31:09.7983177Z Preparing to unpack .../041-libvorbisenc2_1.3.7-1build3_amd64.deb ...
build	Install system dependencies	2025-12-13T00:31:09.7993332Z Unpacking libvorbisenc2:amd64 (1.3.7-1build3) ...
build	Install system dependencies	2025-12-13T00:31:09.8208042Z Selecting previously unselected package gstreamer1.0-plugins-base:amd64.
build	Install system dependencies	2025-12-13T00:31:09.8341754Z Preparing to unpack .../042-gstreamer1.0-plugins-base_1.24.2-1ubuntu0.3_amd64.deb ...
build	Install system dependencies	2025-12-13T00:31:09.8348628Z Unpacking gstreamer1.0-plugins-base:amd64 (1.24.2-1ubuntu0.3) ...
build	Install system dependencies	2025-12-13T00:31:09.8676685Z Selecting previously unselected package libglib2.0-dev-bin.
build	Install system dependencies	2025-12-13T00:31:09.8813146Z Preparing to unpack .../043-libglib2.0-dev-bin_2.80.0-6ubuntu3.5_amd64.deb ...
build	Install system dependencies	2025-12-13T00:31:09.8821088Z Unpacking libglib2.0-dev-bin (2.80.0-6ubuntu3.5) ...
build	Install system dependencies	2025-12-13T00:31:09.9164735Z Selecting previously unselected package uuid-dev:amd64.
build	Install system dependencies	2025-12-13T00:31:09.9301977Z Preparing to unpack .../044-uuid-dev_2.39.3-9ubuntu6.3_amd64.deb ...
build	Install system dependencies	2025-12-13T00:31:09.9309484Z Unpacking uuid-dev:amd64 (2.39.3-9ubuntu6.3) ...
build	Install system dependencies	2025-12-13T00:31:09.9591139Z Selecting previously unselected package libblkid-dev:amd64.
build	Install system dependencies	2025-12-13T00:31:09.9727144Z Preparing to unpack .../045-libblkid-dev_2.39.3-9ubuntu6.3_amd64.deb ...
build	Install system dependencies	2025-12-13T00:31:09.9736293Z Unpacking libblkid-dev:amd64 (2.39.3-9ubuntu6.3) ...
build	Install system dependencies	2025-12-13T00:31:09.9970117Z Selecting previously unselected package libsepol-dev:amd64.
build	Install system dependencies	2025-12-13T00:31:10.0104321Z Preparing to unpack .../046-libsepol-dev_3.5-2build1_amd64.deb ...
build	Install system dependencies	2025-12-13T00:31:10.0112948Z Unpacking libsepol-dev:amd64 (3.5-2build1) ...
build	Install system dependencies	2025-12-13T00:31:10.0434924Z Selecting previously unselected package libselinux1-dev:amd64.
build	Install system dependencies	2025-12-13T00:31:10.0569720Z Preparing to unpack .../047-libselinux1-dev_3.5-2ubuntu2.1_amd64.deb ...
build	Install system dependencies	2025-12-13T00:31:10.0576801Z Unpacking libselinux1-dev:amd64 (3.5-2ubuntu2.1) ...
build	Install system dependencies	2025-12-13T00:31:10.1033115Z Selecting previously unselected package libmount-dev:amd64.
build	Install system dependencies	2025-12-13T00:31:10.1166947Z Preparing to unpack .../048-libmount-dev_2.39.3-9ubuntu6.3_amd64.deb ...
build	Install system dependencies	2025-12-13T00:31:10.1174757Z Unpacking libmount-dev:amd64 (2.39.3-9ubuntu6.3) ...
build	Install system dependencies	2025-12-13T00:31:10.1373062Z Selecting previously unselected package libgirepository-2.0-0:amd64.
build	Install system dependencies	2025-12-13T00:31:10.1505724Z Preparing to unpack .../049-libgirepository-2.0-0_2.80.0-6ubuntu3.5_amd64.deb ...
build	Install system dependencies	2025-12-13T00:31:10.1513525Z Unpacking libgirepository-2.0-0:amd64 (2.80.0-6ubuntu3.5) ...
build	Install system dependencies	2025-12-13T00:31:10.1711659Z Selecting previously unselected package libglib2.0-dev:amd64.
build	Install system dependencies	2025-12-13T00:31:10.1845791Z Preparing to unpack .../050-libglib2.0-dev_2.80.0-6ubuntu3.5_amd64.deb ...
build	Install system dependencies	2025-12-13T00:31:10.1853688Z Unpacking libglib2.0-dev:amd64 (2.80.0-6ubuntu3.5) ...
build	Install system dependencies	2025-12-13T00:31:10.2976964Z Selecting previously unselected package libappstream-dev:amd64.
build	Install system dependencies	2025-12-13T00:31:10.3114989Z Preparing to unpack .../051-libappstream-dev_1.0.2-1build6_amd64.deb ...
build	Install system dependencies	2025-12-13T00:31:10.3123264Z Unpacking libappstream-dev:amd64 (1.0.2-1build6) ...
build	Install system dependencies	2025-12-13T00:31:10.3422894Z Selecting previously unselected package libbrotli-dev:amd64.
build	Install system dependencies	2025-12-13T00:31:10.3565588Z Preparing to unpack .../052-libbrotli-dev_1.1.0-2build2_amd64.deb ...
build	Install system dependencies	2025-12-13T00:31:10.3573563Z Unpacking libbrotli-dev:amd64 (1.1.0-2build2) ...
build	Install system dependencies	2025-12-13T00:31:10.3824806Z Selecting previously unselected package libbz2-dev:amd64.
build	Install system dependencies	2025-12-13T00:31:10.3961712Z Preparing to unpack .../053-libbz2-dev_1.0.8-5.1build0.1_amd64.deb ...
build	Install system dependencies	2025-12-13T00:31:10.3981923Z Unpacking libbz2-dev:amd64 (1.0.8-5.1build0.1) ...
build	Install system dependencies	2025-12-13T00:31:10.4197979Z Selecting previously unselected package libpng-dev:amd64.
build	Install system dependencies	2025-12-13T00:31:10.4336759Z Preparing to unpack .../054-libpng-dev_1.6.43-5ubuntu0.1_amd64.deb ...
build	Install system dependencies	2025-12-13T00:31:10.4347613Z Unpacking libpng-dev:amd64 (1.6.43-5ubuntu0.1) ...
build	Install system dependencies	2025-12-13T00:31:10.4643866Z Selecting previously unselected package libfreetype-dev:amd64.
build	Install system dependencies	2025-12-13T00:31:10.4783174Z Preparing to unpack .../055-libfreetype-dev_2.13.2+dfsg-1build3_amd64.deb ...
build	Install system dependencies	2025-12-13T00:31:10.4793967Z Unpacking libfreetype-dev:amd64 (2.13.2+dfsg-1build3) ...
build	Install system dependencies	2025-12-13T00:31:10.5150279Z Selecting previously unselected package libfontconfig-dev:amd64.
build	Install system dependencies	2025-12-13T00:31:10.5290853Z Preparing to unpack .../056-libfontconfig-dev_2.15.0-1.1ubuntu2_amd64.deb ...
build	Install system dependencies	2025-12-13T00:31:10.5298836Z Unpacking libfontconfig-dev:amd64 (2.15.0-1.1ubuntu2) ...
build	Install system dependencies	2025-12-13T00:31:10.5546150Z Selecting previously unselected package libpixman-1-dev:amd64.
build	Install system dependencies	2025-12-13T00:31:10.5687990Z Preparing to unpack .../057-libpixman-1-dev_0.42.2-1build1_amd64.deb ...
build	Install system dependencies	2025-12-13T00:31:10.5706560Z Unpacking libpixman-1-dev:amd64 (0.42.2-1build1) ...
build	Install system dependencies	2025-12-13T00:31:10.5953950Z Selecting previously unselected package xorg-sgml-doctools.
build	Install system dependencies	2025-12-13T00:31:10.6094557Z Preparing to unpack .../058-xorg-sgml-doctools_1%3a1.11-1.1_all.deb ...
build	Install system dependencies	2025-12-13T00:31:10.6107304Z Unpacking xorg-sgml-doctools (1:1.11-1.1) ...
build	Install system dependencies	2025-12-13T00:31:10.6365624Z Selecting previously unselected package x11proto-dev.
build	Install system dependencies	2025-12-13T00:31:10.6504754Z Preparing to unpack .../059-x11proto-dev_2023.2-1_all.deb ...
build	Install system dependencies	2025-12-13T00:31:10.6515508Z Unpacking x11proto-dev (2023.2-1) ...
build	Install system dependencies	2025-12-13T00:31:10.7085832Z Selecting previously unselected package x11proto-core-dev.
build	Install system dependencies	2025-12-13T00:31:10.7228498Z Preparing to unpack .../060-x11proto-core-dev_2023.2-1_all.deb ...
build	Install system dependencies	2025-12-13T00:31:10.7237599Z Unpacking x11proto-core-dev (2023.2-1) ...
build	Install system dependencies	2025-12-13T00:31:10.7451894Z Selecting previously unselected package libice-dev:amd64.
build	Install system dependencies	2025-12-13T00:31:10.7598255Z Preparing to unpack .../061-libice-dev_2%3a1.0.10-1build3_amd64.deb ...
build	Install system dependencies	2025-12-13T00:31:10.7608828Z Unpacking libice-dev:amd64 (2:1.0.10-1build3) ...
build	Install system dependencies	2025-12-13T00:31:10.7833386Z Selecting previously unselected package libsm-dev:amd64.
build	Install system dependencies	2025-12-13T00:31:10.7970649Z Preparing to unpack .../062-libsm-dev_2%3a1.2.3-1build3_amd64.deb ...
build	Install system dependencies	2025-12-13T00:31:10.7980306Z Unpacking libsm-dev:amd64 (2:1.2.3-1build3) ...
build	Install system dependencies	2025-12-13T00:31:10.8192352Z Selecting previously unselected package libxau-dev:amd64.
build	Install system dependencies	2025-12-13T00:31:10.8328524Z Preparing to unpack .../063-libxau-dev_1%3a1.0.9-1build6_amd64.deb ...
build	Install system dependencies	2025-12-13T00:31:10.8336273Z Unpacking libxau-dev:amd64 (1:1.0.9-1build6) ...
build	Install system dependencies	2025-12-13T00:31:10.8588730Z Selecting previously unselected package libxdmcp-dev:amd64.
build	Install system dependencies	2025-12-13T00:31:10.8725465Z Preparing to unpack .../064-libxdmcp-dev_1%3a1.1.3-0ubuntu6_amd64.deb ...
build	Install system dependencies	2025-12-13T00:31:10.8733867Z Unpacking libxdmcp-dev:amd64 (1:1.1.3-0ubuntu6) ...
build	Install system dependencies	2025-12-13T00:31:10.8943064Z Selecting previously unselected package xtrans-dev.
build	Install system dependencies	2025-12-13T00:31:10.9082260Z Preparing to unpack .../065-xtrans-dev_1.4.0-1_all.deb ...
build	Install system dependencies	2025-12-13T00:31:10.9090290Z Unpacking xtrans-dev (1.4.0-1) ...
build	Install system dependencies	2025-12-13T00:31:10.9356723Z Selecting previously unselected package libpthread-stubs0-dev:amd64.
build	Install system dependencies	2025-12-13T00:31:10.9501430Z Preparing to unpack .../066-libpthread-stubs0-dev_0.4-1build3_amd64.deb ...
build	Install system dependencies	2025-12-13T00:31:10.9510310Z Unpacking libpthread-stubs0-dev:amd64 (0.4-1build3) ...
build	Install system dependencies	2025-12-13T00:31:10.9766585Z Selecting previously unselected package libxcb1-dev:amd64.
build	Install system dependencies	2025-12-13T00:31:10.9905809Z Preparing to unpack .../067-libxcb1-dev_1.15-1ubuntu2_amd64.deb ...
build	Install system dependencies	2025-12-13T00:31:10.9913656Z Unpacking libxcb1-dev:amd64 (1.15-1ubuntu2) ...
build	Install system dependencies	2025-12-13T00:31:11.0164083Z Selecting previously unselected package libx11-dev:amd64.
build	Install system dependencies	2025-12-13T00:31:11.0306788Z Preparing to unpack .../068-libx11-dev_2%3a1.8.7-1build1_amd64.deb ...
build	Install system dependencies	2025-12-13T00:31:11.0316783Z Unpacking libx11-dev:amd64 (2:1.8.7-1build1) ...
build	Install system dependencies	2025-12-13T00:31:11.0650299Z Selecting previously unselected package libxcb-render0-dev:amd64.
build	Install system dependencies	2025-12-13T00:31:11.0788547Z Preparing to unpack .../069-libxcb-render0-dev_1.15-1ubuntu2_amd64.deb ...
build	Install system dependencies	2025-12-13T00:31:11.0797098Z Unpacking libxcb-render0-dev:amd64 (1.15-1ubuntu2) ...
build	Install system dependencies	2025-12-13T00:31:11.1015164Z Selecting previously unselected package libxcb-shm0-dev:amd64.
build	Install system dependencies	2025-12-13T00:31:11.1155691Z Preparing to unpack .../070-libxcb-shm0-dev_1.15-1ubuntu2_amd64.deb ...
build	Install system dependencies	2025-12-13T00:31:11.1164287Z Unpacking libxcb-shm0-dev:amd64 (1.15-1ubuntu2) ...
build	Install system dependencies	2025-12-13T00:31:11.1381292Z Selecting previously unselected package libxext-dev:amd64.
build	Install system dependencies	2025-12-13T00:31:11.1522069Z Preparing to unpack .../071-libxext-dev_2%3a1.3.4-1build2_amd64.deb ...
build	Install system dependencies	2025-12-13T00:31:11.1532198Z Unpacking libxext-dev:amd64 (2:1.3.4-1build2) ...
build	Install system dependencies	2025-12-13T00:31:11.1853709Z Selecting previously unselected package libxrender-dev:amd64.
build	Install system dependencies	2025-12-13T00:31:11.1993751Z Preparing to unpack .../072-libxrender-dev_1%3a0.9.10-1.1build1_amd64.deb ...
build	Install system dependencies	2025-12-13T00:31:11.2003084Z Unpacking libxrender-dev:amd64 (1:0.9.10-1.1build1) ...
build	Install system dependencies	2025-12-13T00:31:11.2235783Z Selecting previously unselected package libcairo2-dev:amd64.
build	Install system dependencies	2025-12-13T00:31:11.2374185Z Preparing to unpack .../073-libcairo2-dev_1.18.0-3build1_amd64.deb ...
build	Install system dependencies	2025-12-13T00:31:11.2382458Z Unpacking libcairo2-dev:amd64 (1.18.0-3build1) ...
build	Install system dependencies	2025-12-13T00:31:11.2649127Z Selecting previously unselected package libglx-dev:amd64.
build	Install system dependencies	2025-12-13T00:31:11.2785915Z Preparing to unpack .../074-libglx-dev_1.7.0-1build1_amd64.deb ...
build	Install system dependencies	2025-12-13T00:31:11.2794517Z Unpacking libglx-dev:amd64 (1.7.0-1build1) ...
build	Install system dependencies	2025-12-13T00:31:11.3014978Z Selecting previously unselected package libgl-dev:amd64.
build	Install system dependencies	2025-12-13T00:31:11.3155521Z Preparing to unpack .../075-libgl-dev_1.7.0-1build1_amd64.deb ...
build	Install system dependencies	2025-12-13T00:31:11.3168096Z Unpacking libgl-dev:amd64 (1.7.0-1build1) ...
build	Install system dependencies	2025-12-13T00:31:11.3443690Z Selecting previously unselected package libegl-dev:amd64.
build	Install system dependencies	2025-12-13T00:31:11.3584306Z Preparing to unpack .../076-libegl-dev_1.7.0-1build1_amd64.deb ...
build	Install system dependencies	2025-12-13T00:31:11.3593300Z Unpacking libegl-dev:amd64 (1.7.0-1build1) ...
build	Install system dependencies	2025-12-13T00:31:11.3931502Z Selecting previously unselected package libglvnd-core-dev:amd64.
build	Install system dependencies	2025-12-13T00:31:11.4070859Z Preparing to unpack .../077-libglvnd-core-dev_1.7.0-1build1_amd64.deb ...
build	Install system dependencies	2025-12-13T00:31:11.4088032Z Unpacking libglvnd-core-dev:amd64 (1.7.0-1build1) ...
build	Install system dependencies	2025-12-13T00:31:11.4322686Z Selecting previously unselected package libgles1:amd64.
build	Install system dependencies	2025-12-13T00:31:11.4468220Z Preparing to unpack .../078-libgles1_1.7.0-1build1_amd64.deb ...
build	Install system dependencies	2025-12-13T00:31:11.4480205Z Unpacking libgles1:amd64 (1.7.0-1build1) ...
build	Install system dependencies	2025-12-13T00:31:11.4698329Z Selecting previously unselected package libgles-dev:amd64.
build	Install system dependencies	2025-12-13T00:31:11.4834807Z Preparing to unpack .../079-libgles-dev_1.7.0-1build1_amd64.deb ...
build	Install system dependencies	2025-12-13T00:31:11.4844969Z Unpacking libgles-dev:amd64 (1.7.0-1build1) ...
build	Install system dependencies	2025-12-13T00:31:11.5110428Z Selecting previously unselected package libopengl0:amd64.
build	Install system dependencies	2025-12-13T00:31:11.5250242Z Preparing to unpack .../080-libopengl0_1.7.0-1build1_amd64.deb ...
build	Install system dependencies	2025-12-13T00:31:11.5260155Z Unpacking libopengl0:amd64 (1.7.0-1build1) ...
build	Install system dependencies	2025-12-13T00:31:11.5486209Z Selecting previously unselected package libopengl-dev:amd64.
build	Install system dependencies	2025-12-13T00:31:11.5624629Z Preparing to unpack .../081-libopengl-dev_1.7.0-1build1_amd64.deb ...
build	Install system dependencies	2025-12-13T00:31:11.5633171Z Unpacking libopengl-dev:amd64 (1.7.0-1build1) ...
build	Install system dependencies	2025-12-13T00:31:11.5842167Z Selecting previously unselected package libglvnd-dev:amd64.
build	Install system dependencies	2025-12-13T00:31:11.5984442Z Preparing to unpack .../082-libglvnd-dev_1.7.0-1build1_amd64.deb ...
build	Install system dependencies	2025-12-13T00:31:11.5994924Z Unpacking libglvnd-dev:amd64 (1.7.0-1build1) ...
build	Install system dependencies	2025-12-13T00:31:11.6202100Z Selecting previously unselected package libegl1-mesa-dev:amd64.
build	Install system dependencies	2025-12-13T00:31:11.6341076Z Preparing to unpack .../083-libegl1-mesa-dev_25.0.7-0ubuntu0.24.04.2_amd64.deb ...
build	Install system dependencies	2025-12-13T00:31:11.6348452Z Unpacking libegl1-mesa-dev:amd64 (25.0.7-0ubuntu0.24.04.2) ...
build	Install system dependencies	2025-12-13T00:31:11.6584396Z Selecting previously unselected package libepoxy-dev:amd64.
build	Install system dependencies	2025-12-13T00:31:11.6721357Z Preparing to unpack .../084-libepoxy-dev_1.5.10-1build1_amd64.deb ...
build	Install system dependencies	2025-12-13T00:31:11.6729122Z Unpacking libepoxy-dev:amd64 (1.5.10-1build1) ...
build	Install system dependencies	2025-12-13T00:31:11.7000514Z Selecting previously unselected package libgdk-pixbuf2.0-bin.
build	Install system dependencies	2025-12-13T00:31:11.7153882Z Preparing to unpack .../085-libgdk-pixbuf2.0-bin_2.42.10+dfsg-3ubuntu3.2_amd64.deb ...
build	Install system dependencies	2025-12-13T00:31:11.7163245Z Unpacking libgdk-pixbuf2.0-bin (2.42.10+dfsg-3ubuntu3.2) ...
build	Install system dependencies	2025-12-13T00:31:11.7404125Z Selecting previously unselected package libjpeg-turbo8-dev:amd64.
build	Install system dependencies	2025-12-13T00:31:11.7550056Z Preparing to unpack .../086-libjpeg-turbo8-dev_2.1.5-2ubuntu2_amd64.deb ...
build	Install system dependencies	2025-12-13T00:31:11.7562329Z Unpacking libjpeg-turbo8-dev:amd64 (2.1.5-2ubuntu2) ...
build	Install system dependencies	2025-12-13T00:31:11.7828843Z Selecting previously unselected package libjpeg8-dev:amd64.
build	Install system dependencies	2025-12-13T00:31:11.7968862Z Preparing to unpack .../087-libjpeg8-dev_8c-2ubuntu11_amd64.deb ...
build	Install system dependencies	2025-12-13T00:31:11.7977032Z Unpacking libjpeg8-dev:amd64 (8c-2ubuntu11) ...
build	Install system dependencies	2025-12-13T00:31:11.8175644Z Selecting previously unselected package libjpeg-dev:amd64.
build	Install system dependencies	2025-12-13T00:31:11.8313123Z Preparing to unpack .../088-libjpeg-dev_8c-2ubuntu11_amd64.deb ...
build	Install system dependencies	2025-12-13T00:31:11.8322178Z Unpacking libjpeg-dev:amd64 (8c-2ubuntu11) ...
build	Install system dependencies	2025-12-13T00:31:11.8532534Z Selecting previously unselected package libjbig-dev:amd64.
build	Install system dependencies	2025-12-13T00:31:11.8669366Z Preparing to unpack .../089-libjbig-dev_2.1-6.1ubuntu2_amd64.deb ...
build	Install system dependencies	2025-12-13T00:31:11.8681166Z Unpacking libjbig-dev:amd64 (2.1-6.1ubuntu2) ...
build	Install system dependencies	2025-12-13T00:31:11.8895887Z Selecting previously unselected package liblzma-dev:amd64.
build	Install system dependencies	2025-12-13T00:31:11.9033356Z Preparing to unpack .../090-liblzma-dev_5.6.1+really5.4.5-1ubuntu0.2_amd64.deb ...
build	Install system dependencies	2025-12-13T00:31:11.9045309Z Unpacking liblzma-dev:amd64 (5.6.1+really5.4.5-1ubuntu0.2) ...
build	Install system dependencies	2025-12-13T00:31:11.9334787Z Selecting previously unselected package libwebpdecoder3:amd64.
build	Install system dependencies	2025-12-13T00:31:11.9473741Z Preparing to unpack .../091-libwebpdecoder3_1.3.2-0.4build3_amd64.deb ...
build	Install system dependencies	2025-12-13T00:31:11.9482719Z Unpacking libwebpdecoder3:amd64 (1.3.2-0.4build3) ...
build	Install system dependencies	2025-12-13T00:31:11.9715827Z Selecting previously unselected package libsharpyuv-dev:amd64.
build	Install system dependencies	2025-12-13T00:31:11.9849622Z Preparing to unpack .../092-libsharpyuv-dev_1.3.2-0.4build3_amd64.deb ...
build	Install system dependencies	2025-12-13T00:31:11.9858630Z Unpacking libsharpyuv-dev:amd64 (1.3.2-0.4build3) ...
build	Install system dependencies	2025-12-13T00:31:12.0066688Z Selecting previously unselected package libwebp-dev:amd64.
build	Install system dependencies	2025-12-13T00:31:12.0214508Z Preparing to unpack .../093-libwebp-dev_1.3.2-0.4build3_amd64.deb ...
build	Install system dependencies	2025-12-13T00:31:12.0223283Z Unpacking libwebp-dev:amd64 (1.3.2-0.4build3) ...
build	Install system dependencies	2025-12-13T00:31:12.0630098Z Selecting previously unselected package libtiffxx6:amd64.
build	Install system dependencies	2025-12-13T00:31:12.0766934Z Preparing to unpack .../094-libtiffxx6_4.5.1+git230720-4ubuntu2.4_amd64.deb ...
build	Install system dependencies	2025-12-13T00:31:12.0777338Z Unpacking libtiffxx6:amd64 (4.5.1+git230720-4ubuntu2.4) ...
build	Install system dependencies	2025-12-13T00:31:12.1005294Z Selecting previously unselected package libdeflate-dev:amd64.
build	Install system dependencies	2025-12-13T00:31:12.1143590Z Preparing to unpack .../095-libdeflate-dev_1.19-1build1.1_amd64.deb ...
build	Install system dependencies	2025-12-13T00:31:12.1152808Z Unpacking libdeflate-dev:amd64 (1.19-1build1.1) ...
build	Install system dependencies	2025-12-13T00:31:12.1376723Z Selecting previously unselected package liblerc-dev:amd64.
build	Install system dependencies	2025-12-13T00:31:12.1517290Z Preparing to unpack .../096-liblerc-dev_4.0.0+ds-4ubuntu2_amd64.deb ...
build	Install system dependencies	2025-12-13T00:31:12.1527961Z Unpacking liblerc-dev:amd64 (4.0.0+ds-4ubuntu2) ...
build	Install system dependencies	2025-12-13T00:31:12.1784859Z Selecting previously unselected package libtiff-dev:amd64.
build	Install system dependencies	2025-12-13T00:31:12.1925485Z Preparing to unpack .../097-libtiff-dev_4.5.1+git230720-4ubuntu2.4_amd64.deb ...
build	Install system dependencies	2025-12-13T00:31:12.1933365Z Unpacking libtiff-dev:amd64 (4.5.1+git230720-4ubuntu2.4) ...
build	Install system dependencies	2025-12-13T00:31:12.2295357Z Selecting previously unselected package libgdk-pixbuf-2.0-dev:amd64.
build	Install system dependencies	2025-12-13T00:31:12.2437510Z Preparing to unpack .../098-libgdk-pixbuf-2.0-dev_2.42.10+dfsg-3ubuntu3.2_amd64.deb ...
build	Install system dependencies	2025-12-13T00:31:12.2446180Z Unpacking libgdk-pixbuf-2.0-dev:amd64 (2.42.10+dfsg-3ubuntu3.2) ...
build	Install system dependencies	2025-12-13T00:31:12.2690285Z Selecting previously unselected package libgraphene-1.0-dev.
build	Install system dependencies	2025-12-13T00:31:12.2825696Z Preparing to unpack .../099-libgraphene-1.0-dev_1.10.8-3build2_amd64.deb ...
build	Install system dependencies	2025-12-13T00:31:12.2837169Z Unpacking libgraphene-1.0-dev (1.10.8-3build2) ...
build	Install system dependencies	2025-12-13T00:31:12.3117589Z Selecting previously unselected package libfribidi-dev:amd64.
build	Install system dependencies	2025-12-13T00:31:12.3258311Z Preparing to unpack .../100-libfribidi-dev_1.0.13-3build1_amd64.deb ...
build	Install system dependencies	2025-12-13T00:31:12.3266183Z Unpacking libfribidi-dev:amd64 (1.0.13-3build1) ...
build	Install system dependencies	2025-12-13T00:31:12.3582356Z Selecting previously unselected package libharfbuzz-icu0:amd64.
build	Install system dependencies	2025-12-13T00:31:12.3719305Z Preparing to unpack .../101-libharfbuzz-icu0_8.3.0-2build2_amd64.deb ...
build	Install system dependencies	2025-12-13T00:31:12.3727028Z Unpacking libharfbuzz-icu0:amd64 (8.3.0-2build2) ...
build	Install system dependencies	2025-12-13T00:31:12.3944698Z Selecting previously unselected package libharfbuzz-subset0:amd64.
build	Install system dependencies	2025-12-13T00:31:12.4082369Z Preparing to unpack .../102-libharfbuzz-subset0_8.3.0-2build2_amd64.deb ...
build	Install system dependencies	2025-12-13T00:31:12.4091638Z Unpacking libharfbuzz-subset0:amd64 (8.3.0-2build2) ...
build	Install system dependencies	2025-12-13T00:31:12.4395786Z Selecting previously unselected package libharfbuzz-cairo0:amd64.
build	Install system dependencies	2025-12-13T00:31:12.4535893Z Preparing to unpack .../103-libharfbuzz-cairo0_8.3.0-2build2_amd64.deb ...
build	Install system dependencies	2025-12-13T00:31:12.4544566Z Unpacking libharfbuzz-cairo0:amd64 (8.3.0-2build2) ...
build	Install system dependencies	2025-12-13T00:31:12.4771708Z Selecting previously unselected package libgraphite2-dev:amd64.
build	Install system dependencies	2025-12-13T00:31:12.4906565Z Preparing to unpack .../104-libgraphite2-dev_1.3.14-2build1_amd64.deb ...
build	Install system dependencies	2025-12-13T00:31:12.4915731Z Unpacking libgraphite2-dev:amd64 (1.3.14-2build1) ...
build	Install system dependencies	2025-12-13T00:31:12.5124837Z Selecting previously unselected package libharfbuzz-dev:amd64.
build	Install system dependencies	2025-12-13T00:31:12.5259730Z Preparing to unpack .../105-libharfbuzz-dev_8.3.0-2build2_amd64.deb ...
build	Install system dependencies	2025-12-13T00:31:12.5272909Z Unpacking libharfbuzz-dev:amd64 (8.3.0-2build2) ...
build	Install system dependencies	2025-12-13T00:31:12.5616779Z Selecting previously unselected package libdatrie-dev:amd64.
build	Install system dependencies	2025-12-13T00:31:12.5754575Z Preparing to unpack .../106-libdatrie-dev_0.2.13-3build1_amd64.deb ...
build	Install system dependencies	2025-12-13T00:31:12.5761428Z Unpacking libdatrie-dev:amd64 (0.2.13-3build1) ...
build	Install system dependencies	2025-12-13T00:31:12.5967179Z Selecting previously unselected package libthai-dev:amd64.
build	Install system dependencies	2025-12-13T00:31:12.6106186Z Preparing to unpack .../107-libthai-dev_0.1.29-2build1_amd64.deb ...
build	Install system dependencies	2025-12-13T00:31:12.6113659Z Unpacking libthai-dev:amd64 (0.1.29-2build1) ...
build	Install system dependencies	2025-12-13T00:31:12.6342585Z Selecting previously unselected package libxft-dev:amd64.
build	Install system dependencies	2025-12-13T00:31:12.6482077Z Preparing to unpack .../108-libxft-dev_2.3.6-1build1_amd64.deb ...
build	Install system dependencies	2025-12-13T00:31:12.6490434Z Unpacking libxft-dev:amd64 (2.3.6-1build1) ...
build	Install system dependencies	2025-12-13T00:31:12.6784607Z Selecting previously unselected package pango1.0-tools.
build	Install system dependencies	2025-12-13T00:31:12.6932663Z Preparing to unpack .../109-pango1.0-tools_1.52.1+ds-1build1_amd64.deb ...
build	Install system dependencies	2025-12-13T00:31:12.6941465Z Unpacking pango1.0-tools (1.52.1+ds-1build1) ...
build	Install system dependencies	2025-12-13T00:31:12.7193667Z Selecting previously unselected package libpango1.0-dev:amd64.
build	Install system dependencies	2025-12-13T00:31:12.7344383Z Preparing to unpack .../110-libpango1.0-dev_1.52.1+ds-1build1_amd64.deb ...
build	Install system dependencies	2025-12-13T00:31:12.7352142Z Unpacking libpango1.0-dev:amd64 (1.52.1+ds-1build1) ...
build	Install system dependencies	2025-12-13T00:31:12.7700660Z Selecting previously unselected package libwayland-bin.
build	Install system dependencies	2025-12-13T00:31:12.7838308Z Preparing to unpack .../111-libwayland-bin_1.22.0-2.1build1_amd64.deb ...
build	Install system dependencies	2025-12-13T00:31:12.7845921Z Unpacking libwayland-bin (1.22.0-2.1build1) ...
build	Install system dependencies	2025-12-13T00:31:12.8066271Z Selecting previously unselected package libwayland-dev:amd64.
build	Install system dependencies	2025-12-13T00:31:12.8208553Z Preparing to unpack .../112-libwayland-dev_1.22.0-2.1build1_amd64.deb ...
build	Install system dependencies	2025-12-13T00:31:12.8220842Z Unpacking libwayland-dev:amd64 (1.22.0-2.1build1) ...
build	Install system dependencies	2025-12-13T00:31:12.8496279Z Selecting previously unselected package libxfixes-dev:amd64.
build	Install system dependencies	2025-12-13T00:31:12.8637694Z Preparing to unpack .../113-libxfixes-dev_1%3a6.0.0-2build1_amd64.deb ...
build	Install system dependencies	2025-12-13T00:31:12.8650199Z Unpacking libxfixes-dev:amd64 (1:6.0.0-2build1) ...
build	Install system dependencies	2025-12-13T00:31:12.8863488Z Selecting previously unselected package libxcomposite-dev:amd64.
build	Install system dependencies	2025-12-13T00:31:12.9003867Z Preparing to unpack .../114-libxcomposite-dev_1%3a0.4.5-1build3_amd64.deb ...
build	Install system dependencies	2025-12-13T00:31:12.9015943Z Unpacking libxcomposite-dev:amd64 (1:0.4.5-1build3) ...
build	Install system dependencies	2025-12-13T00:31:12.9245924Z Selecting previously unselected package libxcursor-dev:amd64.
build	Install system dependencies	2025-12-13T00:31:12.9391802Z Preparing to unpack .../115-libxcursor-dev_1%3a1.2.1-1build1_amd64.deb ...
build	Install system dependencies	2025-12-13T00:31:12.9401709Z Unpacking libxcursor-dev:amd64 (1:1.2.1-1build1) ...
build	Install system dependencies	2025-12-13T00:31:12.9673386Z Selecting previously unselected package libxdamage-dev:amd64.
build	Install system dependencies	2025-12-13T00:31:12.9811113Z Preparing to unpack .../116-libxdamage-dev_1%3a1.1.6-1build1_amd64.deb ...
build	Install system dependencies	2025-12-13T00:31:12.9819031Z Unpacking libxdamage-dev:amd64 (1:1.1.6-1build1) ...
build	Install system dependencies	2025-12-13T00:31:13.0026952Z Selecting previously unselected package libxi-dev:amd64.
build	Install system dependencies	2025-12-13T00:31:13.0165419Z Preparing to unpack .../117-libxi-dev_2%3a1.8.1-1build1_amd64.deb ...
build	Install system dependencies	2025-12-13T00:31:13.0176502Z Unpacking libxi-dev:amd64 (2:1.8.1-1build1) ...
build	Install system dependencies	2025-12-13T00:31:13.0505894Z Selecting previously unselected package libxinerama-dev:amd64.
build	Install system dependencies	2025-12-13T00:31:13.0655550Z Preparing to unpack .../118-libxinerama-dev_2%3a1.1.4-3build1_amd64.deb ...
build	Install system dependencies	2025-12-13T00:31:13.0667473Z Unpacking libxinerama-dev:amd64 (2:1.1.4-3build1) ...
build	Install system dependencies	2025-12-13T00:31:13.0876209Z Selecting previously unselected package libxkbcommon-dev:amd64.
build	Install system dependencies	2025-12-13T00:31:13.1017063Z Preparing to unpack .../119-libxkbcommon-dev_1.6.0-1build1_amd64.deb ...
build	Install system dependencies	2025-12-13T00:31:13.1028470Z Unpacking libxkbcommon-dev:amd64 (1.6.0-1build1) ...
build	Install system dependencies	2025-12-13T00:31:13.1262820Z Selecting previously unselected package libxrandr-dev:amd64.
build	Install system dependencies	2025-12-13T00:31:13.1408623Z Preparing to unpack .../120-libxrandr-dev_2%3a1.5.2-2build1_amd64.deb ...
build	Install system dependencies	2025-12-13T00:31:13.1418538Z Unpacking libxrandr-dev:amd64 (2:1.5.2-2build1) ...
build	Install system dependencies	2025-12-13T00:31:13.1694425Z Selecting previously unselected package libvulkan-dev:amd64.
build	Install system dependencies	2025-12-13T00:31:13.1826301Z Preparing to unpack .../121-libvulkan-dev_1.3.275.0-1build1_amd64.deb ...
build	Install system dependencies	2025-12-13T00:31:13.1833297Z Unpacking libvulkan-dev:amd64 (1.3.275.0-1build1) ...
build	Install system dependencies	2025-12-13T00:31:13.2841053Z Selecting previously unselected package wayland-protocols.
build	Install system dependencies	2025-12-13T00:31:13.2986712Z Preparing to unpack .../122-wayland-protocols_1.38-1~ubuntu0.24.04.1_all.deb ...
build	Install system dependencies	2025-12-13T00:31:13.2995733Z Unpacking wayland-protocols (1.38-1~ubuntu0.24.04.1) ...
build	Install system dependencies	2025-12-13T00:31:13.3347527Z Selecting previously unselected package libgtk-4-dev:amd64.
build	Install system dependencies	2025-12-13T00:31:13.3497076Z Preparing to unpack .../123-libgtk-4-dev_4.14.5+ds-0ubuntu0.7_amd64.deb ...
build	Install system dependencies	2025-12-13T00:31:13.3506467Z Unpacking libgtk-4-dev:amd64 (4.14.5+ds-0ubuntu0.7) ...
build	Install system dependencies	2025-12-13T00:31:13.4655937Z Selecting previously unselected package libadwaita-1-dev:amd64.
build	Install system dependencies	2025-12-13T00:31:13.4808468Z Preparing to unpack .../124-libadwaita-1-dev_1.5.0-1ubuntu2_amd64.deb ...
build	Install system dependencies	2025-12-13T00:31:13.4816102Z Unpacking libadwaita-1-dev:amd64 (1.5.0-1ubuntu2) ...
build	Install system dependencies	2025-12-13T00:31:13.5217816Z Selecting previously unselected package libclang-18-dev.
build	Install system dependencies	2025-12-13T00:31:13.5366098Z Preparing to unpack .../125-libclang-18-dev_1%3a18.1.3-1ubuntu1_amd64.deb ...
build	Install system dependencies	2025-12-13T00:31:13.5375291Z Unpacking libclang-18-dev (1:18.1.3-1ubuntu1) ...
build	Install system dependencies	2025-12-13T00:31:14.5841718Z Selecting previously unselected package libclang-dev.
build	Install system dependencies	2025-12-13T00:31:14.5983150Z Preparing to unpack .../126-libclang-dev_1%3a18.0-59~exp2_amd64.deb ...
build	Install system dependencies	2025-12-13T00:31:14.5991510Z Unpacking libclang-dev (1:18.0-59~exp2) ...
build	Install system dependencies	2025-12-13T00:31:14.6184490Z Selecting previously unselected package libgtk-4-bin.
build	Install system dependencies	2025-12-13T00:31:14.6321385Z Preparing to unpack .../127-libgtk-4-bin_4.14.5+ds-0ubuntu0.7_amd64.deb ...
build	Install system dependencies	2025-12-13T00:31:14.6330470Z Unpacking libgtk-4-bin (4.14.5+ds-0ubuntu0.7) ...
build	Install system dependencies	2025-12-13T00:31:14.7027491Z Selecting previously unselected package libgtk-4-media-gstreamer.
build	Install system dependencies	2025-12-13T00:31:14.7167781Z Preparing to unpack .../128-libgtk-4-media-gstreamer_4.14.5+ds-0ubuntu0.7_amd64.deb ...
build	Install system dependencies	2025-12-13T00:31:14.7176322Z Unpacking libgtk-4-media-gstreamer (4.14.5+ds-0ubuntu0.7) ...
build	Install system dependencies	2025-12-13T00:31:14.7382010Z Selecting previously unselected package libsysprof-capture-4-dev:amd64.
build	Install system dependencies	2025-12-13T00:31:14.7521940Z Preparing to unpack .../129-libsysprof-capture-4-dev_46.0-1build1_amd64.deb ...
build	Install system dependencies	2025-12-13T00:31:14.7530066Z Unpacking libsysprof-capture-4-dev:amd64 (46.0-1build1) ...
build	Install system dependencies	2025-12-13T00:31:14.7756728Z Selecting previously unselected package libgtksourceview-5-dev:amd64.
build	Install system dependencies	2025-12-13T00:31:14.7895396Z Preparing to unpack .../130-libgtksourceview-5-dev_5.12.0-1build1_amd64.deb ...
build	Install system dependencies	2025-12-13T00:31:14.7903689Z Unpacking libgtksourceview-5-dev:amd64 (5.12.0-1build1) ...
build	Install system dependencies	2025-12-13T00:31:14.8223951Z Selecting previously unselected package libpng-tools.
build	Install system dependencies	2025-12-13T00:31:14.8360822Z Preparing to unpack .../131-libpng-tools_1.6.43-5ubuntu0.1_amd64.deb ...
build	Install system dependencies	2025-12-13T00:31:14.8368582Z Unpacking libpng-tools (1.6.43-5ubuntu0.1) ...
build	Install system dependencies	2025-12-13T00:31:14.8588233Z Selecting previously unselected package librsvg2-2:amd64.
build	Install system dependencies	2025-12-13T00:31:14.8722852Z Preparing to unpack .../132-librsvg2-2_2.58.0+dfsg-1build1_amd64.deb ...
build	Install system dependencies	2025-12-13T00:31:14.8730852Z Unpacking librsvg2-2:amd64 (2.58.0+dfsg-1build1) ...
build	Install system dependencies	2025-12-13T00:31:14.9193252Z Selecting previously unselected package librsvg2-common:amd64.
build	Install system dependencies	2025-12-13T00:31:14.9329971Z Preparing to unpack .../133-librsvg2-common_2.58.0+dfsg-1build1_amd64.deb ...
build	Install system dependencies	2025-12-13T00:31:14.9337379Z Unpacking librsvg2-common:amd64 (2.58.0+dfsg-1build1) ...
build	Install system dependencies	2025-12-13T00:31:14.9804009Z Setting up libcairo-script-interpreter2:amd64 (1.18.0-3build1) ...
build	Install system dependencies	2025-12-13T00:31:14.9826686Z Setting up libcdparanoia0:amd64 (3.10.2+debian-14build3) ...
build	Install system dependencies	2025-12-13T00:31:14.9845021Z Setting up bzip2-doc (1.0.8-5.1build0.1) ...
build	Install system dependencies	2025-12-13T00:31:14.9865281Z Setting up libjpeg-turbo8-dev:amd64 (2.1.5-2ubuntu2) ...
build	Install system dependencies	2025-12-13T00:31:14.9885002Z Setting up libvulkan-dev:amd64 (1.3.275.0-1build1) ...
build	Install system dependencies	2025-12-13T00:31:14.9903869Z Setting up libharfbuzz-icu0:amd64 (8.3.0-2build2) ...
build	Install system dependencies	2025-12-13T00:31:14.9922495Z Setting up libpixman-1-dev:amd64 (0.42.2-1build1) ...
build	Install system dependencies	2025-12-13T00:31:14.9940605Z Setting up libglvnd-core-dev:amd64 (1.7.0-1build1) ...
build	Install system dependencies	2025-12-13T00:31:14.9960814Z Setting up libgtksourceview-5-common (5.12.0-1build1) ...
build	Install system dependencies	2025-12-13T00:31:14.9980753Z Setting up libvisual-0.4-0:amd64 (0.4.2-2build1) ...
build	Install system dependencies	2025-12-13T00:31:15.0001482Z Setting up libfribidi-dev:amd64 (1.0.13-3build1) ...
build	Install system dependencies	2025-12-13T00:31:15.0020802Z Setting up libxkbcommon-dev:amd64 (1.6.0-1build1) ...
build	Install system dependencies	2025-12-13T00:31:15.0040534Z Setting up libjbig-dev:amd64 (2.1-6.1ubuntu2) ...
build	Install system dependencies	2025-12-13T00:31:15.0060642Z Setting up libwebpdecoder3:amd64 (1.3.2-0.4build3) ...
build	Install system dependencies	2025-12-13T00:31:15.0080520Z Setting up libpthread-stubs0-dev:amd64 (0.4-1build3) ...
build	Install system dependencies	2025-12-13T00:31:15.0102147Z Setting up libopengl0:amd64 (1.7.0-1build1) ...
build	Install system dependencies	2025-12-13T00:31:15.0122136Z Setting up liborc-0.4-0t64:amd64 (1:0.4.38-1ubuntu0.1) ...
build	Install system dependencies	2025-12-13T00:31:15.0142420Z Setting up libsysprof-capture-4-dev:amd64 (46.0-1build1) ...
build	Install system dependencies	2025-12-13T00:31:15.0161473Z Setting up libclang-18-dev (1:18.1.3-1ubuntu1) ...
build	Install system dependencies	2025-12-13T00:31:15.0180839Z Setting up xtrans-dev (1.4.0-1) ...
build	Install system dependencies	2025-12-13T00:31:15.0201967Z Setting up libwayland-bin (1.22.0-2.1build1) ...
build	Install system dependencies	2025-12-13T00:31:15.0222127Z Setting up libgraphite2-dev:amd64 (1.3.14-2build1) ...
build	Install system dependencies	2025-12-13T00:31:15.0242228Z Setting up libglib2.0-0t64:amd64 (2.80.0-6ubuntu3.5) ...
build	Install system dependencies	2025-12-13T00:31:15.0346843Z Setting up libegl-mesa0:amd64 (25.0.7-0ubuntu0.24.04.2) ...
build	Install system dependencies	2025-12-13T00:31:15.0366581Z Setting up libglib2.0-data (2.80.0-6ubuntu3.5) ...
build	Install system dependencies	2025-12-13T00:31:15.0385995Z Setting up libgles2:amd64 (1.7.0-1build1) ...
build	Install system dependencies	2025-12-13T00:31:15.0405693Z Setting up libharfbuzz-cairo0:amd64 (8.3.0-2build2) ...
build	Install system dependencies	2025-12-13T00:31:15.0425367Z Setting up uuid-dev:amd64 (2.39.3-9ubuntu6.3) ...
build	Install system dependencies	2025-12-13T00:31:15.0445370Z Setting up libgles1:amd64 (1.7.0-1build1) ...
build	Install system dependencies	2025-12-13T00:31:15.0465499Z Setting up libopus0:amd64 (1.4-1build1) ...
build	Install system dependencies	2025-12-13T00:31:15.0484229Z Setting up libpng16-16t64:amd64 (1.6.43-5ubuntu0.1) ...
build	Install system dependencies	2025-12-13T00:31:15.0503042Z Setting up libjsoncpp25:amd64 (1.9.5-6build1) ...
build	Install system dependencies	2025-12-13T00:31:15.0526788Z Setting up libsepol-dev:amd64 (3.5-2build1) ...
build	Install system dependencies	2025-12-13T00:31:15.0546624Z Setting up gir1.2-glib-2.0:amd64 (2.80.0-6ubuntu3.5) ...
build	Install system dependencies	2025-12-13T00:31:15.0566908Z Setting up liblerc-dev:amd64 (4.0.0+ds-4ubuntu2) ...
build	Install system dependencies	2025-12-13T00:31:15.0587208Z Setting up liblzma-dev:amd64 (5.6.1+really5.4.5-1ubuntu0.2) ...
build	Install system dependencies	2025-12-13T00:31:15.0606789Z Setting up wayland-protocols (1.38-1~ubuntu0.24.04.1) ...
build	Install system dependencies	2025-12-13T00:31:15.0626604Z Setting up libdatrie-dev:amd64 (0.2.13-3build1) ...
build	Install system dependencies	2025-12-13T00:31:15.0645820Z Setting up gir1.2-glib-2.0-dev:amd64 (2.80.0-6ubuntu3.5) ...
build	Install system dependencies	2025-12-13T00:31:15.0672116Z Setting up libgdk-pixbuf2.0-bin (2.42.10+dfsg-3ubuntu3.2) ...
build	Install system dependencies	2025-12-13T00:31:15.0694916Z Setting up librhash0:amd64 (1.4.3-3build1) ...
build	Install system dependencies	2025-12-13T00:31:15.0718204Z Setting up libtheora0:amd64 (1.1.1+dfsg.1-16.1build3) ...
build	Install system dependencies	2025-12-13T00:31:15.0738633Z Setting up libegl1:amd64 (1.7.0-1build1) ...
build	Install system dependencies	2025-12-13T00:31:15.0759133Z Setting up libharfbuzz-subset0:amd64 (8.3.0-2build2) ...
build	Install system dependencies	2025-12-13T00:31:15.0780833Z Setting up xorg-sgml-doctools (1:1.11-1.1) ...
build	Install system dependencies	2025-12-13T00:31:15.0800424Z Setting up cmake-data (3.28.3-1build7) ...
build	Install system dependencies	2025-12-13T00:31:15.0865533Z Setting up libgtk-4-common (4.14.5+ds-0ubuntu0.7) ...
build	Install system dependencies	2025-12-13T00:31:15.0885033Z Setting up libopengl-dev:amd64 (1.7.0-1build1) ...
build	Install system dependencies	2025-12-13T00:31:15.0904808Z Setting up libjpeg8-dev:amd64 (8c-2ubuntu11) ...
build	Install system dependencies	2025-12-13T00:31:15.0925505Z Setting up libsharpyuv-dev:amd64 (1.3.2-0.4build3) ...
build	Install system dependencies	2025-12-13T00:31:15.0945082Z Setting up libtiffxx6:amd64 (4.5.1+git230720-4ubuntu2.4) ...
build	Install system dependencies	2025-12-13T00:31:15.0965014Z Setting up libdeflate-dev:amd64 (1.19-1build1.1) ...
build	Install system dependencies	2025-12-13T00:31:15.0986426Z Setting up libbrotli-dev:amd64 (1.1.0-2build2) ...
build	Install system dependencies	2025-12-13T00:31:15.1006618Z Setting up libgraphene-1.0-0:amd64 (1.10.8-3build2) ...
build	Install system dependencies	2025-12-13T00:31:15.1026294Z Setting up libvorbisenc2:amd64 (1.3.7-1build3) ...
build	Install system dependencies	2025-12-13T00:31:15.1046634Z Setting up libbz2-dev:amd64 (1.0.8-5.1build0.1) ...
build	Install system dependencies	2025-12-13T00:31:15.1066600Z Setting up gir1.2-graphene-1.0:amd64 (1.10.8-3build2) ...
build	Install system dependencies	2025-12-13T00:31:15.1085947Z Setting up libglib2.0-dev-bin (2.80.0-6ubuntu3.5) ...
build	Install system dependencies	2025-12-13T00:31:15.2841055Z Setting up libblkid-dev:amd64 (2.39.3-9ubuntu6.3) ...
build	Install system dependencies	2025-12-13T00:31:15.2860266Z Setting up gir1.2-freedesktop:amd64 (1.80.1-1) ...
build	Install system dependencies	2025-12-13T00:31:15.2882426Z Setting up libclang-dev (1:18.0-59~exp2) ...
build	Install system dependencies	2025-12-13T00:31:15.2902368Z Setting up libpangoxft-1.0-0:amd64 (1.52.1+ds-1build1) ...
build	Install system dependencies	2025-12-13T00:31:15.2933039Z Setting up gir1.2-gdkpixbuf-2.0:amd64 (2.42.10+dfsg-3ubuntu3.2) ...
build	Install system dependencies	2025-12-13T00:31:15.2952525Z Setting up libpng-tools (1.6.43-5ubuntu0.1) ...
build	Install system dependencies	2025-12-13T00:31:15.2973124Z Setting up libgirepository-2.0-0:amd64 (2.80.0-6ubuntu3.5) ...
build	Install system dependencies	2025-12-13T00:31:15.2995325Z Setting up libselinux1-dev:amd64 (3.5-2ubuntu2.1) ...
build	Install system dependencies	2025-12-13T00:31:15.3016109Z Setting up libpng-dev:amd64 (1.6.43-5ubuntu0.1) ...
build	Install system dependencies	2025-12-13T00:31:15.3036686Z Setting up pango1.0-tools (1.52.1+ds-1build1) ...
build	Install system dependencies	2025-12-13T00:31:15.3057135Z Setting up libjpeg-dev:amd64 (8c-2ubuntu11) ...
build	Install system dependencies	2025-12-13T00:31:15.3079486Z Setting up libglib2.0-bin (2.80.0-6ubuntu3.5) ...
build	Install system dependencies	2025-12-13T00:31:15.3099449Z Setting up libgstreamer-plugins-base1.0-0:amd64 (1.24.2-1ubuntu0.3) ...
build	Install system dependencies	2025-12-13T00:31:15.3121342Z Setting up libharfbuzz-gobject0:amd64 (8.3.0-2build2) ...
build	Install system dependencies	2025-12-13T00:31:15.3142846Z Setting up libwayland-dev:amd64 (1.22.0-2.1build1) ...
build	Install system dependencies	2025-12-13T00:31:15.3163781Z Setting up gir1.2-harfbuzz-0.0:amd64 (8.3.0-2build2) ...
build	Install system dependencies	2025-12-13T00:31:15.3188286Z Setting up libfreetype-dev:amd64 (2.13.2+dfsg-1build3) ...
build	Install system dependencies	2025-12-13T00:31:15.3209377Z Setting up librsvg2-2:amd64 (2.58.0+dfsg-1build1) ...
build	Install system dependencies	2025-12-13T00:31:15.3233635Z Setting up gir1.2-pango-1.0:amd64 (1.52.1+ds-1build1) ...
build	Install system dependencies	2025-12-13T00:31:15.3255041Z Setting up libwebp-dev:amd64 (1.3.2-0.4build3) ...
build	Install system dependencies	2025-12-13T00:31:15.3276294Z Setting up libgstreamer-gl1.0-0:amd64 (1.24.2-1ubuntu0.3) ...
build	Install system dependencies	2025-12-13T00:31:15.3298547Z Setting up gstreamer1.0-plugins-base:amd64 (1.24.2-1ubuntu0.3) ...
build	Install system dependencies	2025-12-13T00:31:15.3325508Z Setting up libtiff-dev:amd64 (4.5.1+git230720-4ubuntu2.4) ...
build	Install system dependencies	2025-12-13T00:31:15.3345187Z Setting up gir1.2-freedesktop-dev:amd64 (1.80.1-1) ...
build	Install system dependencies	2025-12-13T00:31:15.3367190Z Setting up gir1.2-appstream-1.0:amd64 (1.0.2-1build6) ...
build	Install system dependencies	2025-12-13T00:31:15.3387362Z Setting up librsvg2-common:amd64 (2.58.0+dfsg-1build1) ...
build	Install system dependencies	2025-12-13T00:31:15.3655587Z Setting up libthai-dev:amd64 (0.1.29-2build1) ...
build	Install system dependencies	2025-12-13T00:31:15.3676473Z Setting up libgtk-4-1:amd64 (4.14.5+ds-0ubuntu0.7) ...
build	Install system dependencies	2025-12-13T00:31:15.4593200Z Setting up cmake (3.28.3-1build7) ...
build	Install system dependencies	2025-12-13T00:31:15.4617490Z Setting up libgtk-4-bin (4.14.5+ds-0ubuntu0.7) ...
build	Install system dependencies	2025-12-13T00:31:15.4636839Z Setting up libmount-dev:amd64 (2.39.3-9ubuntu6.3) ...
build	Install system dependencies	2025-12-13T00:31:15.4656478Z Setting up gstreamer1.0-gl:amd64 (1.24.2-1ubuntu0.3) ...
build	Install system dependencies	2025-12-13T00:31:15.4676444Z Setting up gir1.2-gtk-4.0:amd64 (4.14.5+ds-0ubuntu0.7) ...
build	Install system dependencies	2025-12-13T00:31:15.4790802Z Setting up libgtksourceview-5-0:amd64 (5.12.0-1build1) ...
build	Install system dependencies	2025-12-13T00:31:15.4810500Z Setting up libfontconfig-dev:amd64 (2.15.0-1.1ubuntu2) ...
build	Install system dependencies	2025-12-13T00:31:15.4834792Z Setting up libadwaita-1-0:amd64 (1.5.0-1ubuntu2) ...
build	Install system dependencies	2025-12-13T00:31:15.4861685Z Setting up libglib2.0-dev:amd64 (2.80.0-6ubuntu3.5) ...
build	Install system dependencies	2025-12-13T00:31:15.4884608Z Setting up libgtk-4-media-gstreamer (4.14.5+ds-0ubuntu0.7) ...
build	Install system dependencies	2025-12-13T00:31:15.4909260Z Setting up libgraphene-1.0-dev (1.10.8-3build2) ...
build	Install system dependencies	2025-12-13T00:31:15.4930577Z Setting up gir1.2-gtksource-5:amd64 (5.12.0-1build1) ...
build	Install system dependencies	2025-12-13T00:31:15.4953578Z Setting up libgdk-pixbuf-2.0-dev:amd64 (2.42.10+dfsg-3ubuntu3.2) ...
build	Install system dependencies	2025-12-13T00:31:15.4973562Z Setting up libharfbuzz-dev:amd64 (8.3.0-2build2) ...
build	Install system dependencies	2025-12-13T00:31:15.4997134Z Setting up gir1.2-adw-1:amd64 (1.5.0-1ubuntu2) ...
build	Install system dependencies	2025-12-13T00:31:15.5022081Z Setting up libappstream-dev:amd64 (1.0.2-1build6) ...
build	Install system dependencies	2025-12-13T00:31:15.5266923Z Processing triggers for libgdk-pixbuf-2.0-0:amd64 (2.42.10+dfsg-3ubuntu3.2) ...
build	Install system dependencies	2025-12-13T00:31:15.5707561Z Processing triggers for sgml-base (1.31) ...
build	Install system dependencies	2025-12-13T00:31:15.5863832Z Processing triggers for install-info (7.1-3build2) ...
build	Install system dependencies	2025-12-13T00:31:15.8634896Z Setting up x11proto-dev (2023.2-1) ...
build	Install system dependencies	2025-12-13T00:31:15.8673729Z Setting up libxau-dev:amd64 (1:1.0.9-1build6) ...
build	Install system dependencies	2025-12-13T00:31:15.8697472Z Processing triggers for hicolor-icon-theme (0.17-2) ...
build	Install system dependencies	2025-12-13T00:31:15.9897875Z Setting up libice-dev:amd64 (2:1.0.10-1build3) ...
build	Install system dependencies	2025-12-13T00:31:15.9924724Z Setting up libsm-dev:amd64 (2:1.2.3-1build3) ...
build	Install system dependencies	2025-12-13T00:31:15.9970289Z Processing triggers for libc-bin (2.39-0ubuntu8.6) ...
build	Install system dependencies	2025-12-13T00:31:16.0447418Z Processing triggers for man-db (2.12.0-4build2) ...
build	Install system dependencies	2025-12-13T00:31:16.0468736Z Not building database; man-db/auto-update is not 'true'.
build	Install system dependencies	2025-12-13T00:31:16.0483690Z Setting up libxdmcp-dev:amd64 (1:1.1.3-0ubuntu6) ...
build	Install system dependencies	2025-12-13T00:31:16.0506061Z Setting up x11proto-core-dev (2023.2-1) ...
build	Install system dependencies	2025-12-13T00:31:16.0588788Z Setting up libxcb1-dev:amd64 (1.15-1ubuntu2) ...
build	Install system dependencies	2025-12-13T00:31:16.0636434Z Setting up libx11-dev:amd64 (2:1.8.7-1build1) ...
build	Install system dependencies	2025-12-13T00:31:16.0665410Z Setting up libxfixes-dev:amd64 (1:6.0.0-2build1) ...
build	Install system dependencies	2025-12-13T00:31:16.0687070Z Setting up libxcb-shm0-dev:amd64 (1.15-1ubuntu2) ...
build	Install system dependencies	2025-12-13T00:31:16.0722507Z Setting up libxcb-render0-dev:amd64 (1.15-1ubuntu2) ...
build	Install system dependencies	2025-12-13T00:31:16.0744840Z Setting up libxext-dev:amd64 (2:1.3.4-1build2) ...
build	Install system dependencies	2025-12-13T00:31:16.0783103Z Setting up libglx-dev:amd64 (1.7.0-1build1) ...
build	Install system dependencies	2025-12-13T00:31:16.0815357Z Setting up libxi-dev:amd64 (2:1.8.1-1build1) ...
build	Install system dependencies	2025-12-13T00:31:16.0838616Z Setting up libxrender-dev:amd64 (1:0.9.10-1.1build1) ...
build	Install system dependencies	2025-12-13T00:31:16.0865505Z Setting up libgl-dev:amd64 (1.7.0-1build1) ...
build	Install system dependencies	2025-12-13T00:31:16.0892920Z Setting up libxft-dev:amd64 (2.3.6-1build1) ...
build	Install system dependencies	2025-12-13T00:31:16.0919004Z Setting up libxdamage-dev:amd64 (1:1.1.6-1build1) ...
build	Install system dependencies	2025-12-13T00:31:16.0961221Z Setting up libegl-dev:amd64 (1.7.0-1build1) ...
build	Install system dependencies	2025-12-13T00:31:16.0984966Z Setting up libxcomposite-dev:amd64 (1:0.4.5-1build3) ...
build	Install system dependencies	2025-12-13T00:31:16.1005898Z Setting up libxcursor-dev:amd64 (1:1.2.1-1build1) ...
build	Install system dependencies	2025-12-13T00:31:16.1046196Z Setting up libepoxy-dev:amd64 (1.5.10-1build1) ...
build	Install system dependencies	2025-12-13T00:31:16.1072051Z Setting up libxrandr-dev:amd64 (2:1.5.2-2build1) ...
build	Install system dependencies	2025-12-13T00:31:16.1099611Z Setting up libxinerama-dev:amd64 (2:1.1.4-3build1) ...
build	Install system dependencies	2025-12-13T00:31:16.1142328Z Setting up libcairo2-dev:amd64 (1.18.0-3build1) ...
build	Install system dependencies	2025-12-13T00:31:16.1169043Z Setting up libgles-dev:amd64 (1.7.0-1build1) ...
build	Install system dependencies	2025-12-13T00:31:16.1222810Z Setting up libglvnd-dev:amd64 (1.7.0-1build1) ...
build	Install system dependencies	2025-12-13T00:31:16.1254528Z Setting up libpango1.0-dev:amd64 (1.52.1+ds-1build1) ...
build	Install system dependencies	2025-12-13T00:31:16.1293714Z Setting up libegl1-mesa-dev:amd64 (25.0.7-0ubuntu0.24.04.2) ...
build	Install system dependencies	2025-12-13T00:31:16.1342295Z Setting up libgtk-4-dev:amd64 (4.14.5+ds-0ubuntu0.7) ...
build	Install system dependencies	2025-12-13T00:31:16.1377895Z Setting up libgtksourceview-5-dev:amd64 (5.12.0-1build1) ...
build	Install system dependencies	2025-12-13T00:31:16.1411634Z Setting up libadwaita-1-dev:amd64 (1.5.0-1ubuntu2) ...
build	Install system dependencies	2025-12-13T00:31:16.7118787Z 
build	Install system dependencies	2025-12-13T00:31:16.7119333Z Running kernel seems to be up-to-date.
build	Install system dependencies	2025-12-13T00:31:16.7119926Z 
build	Install system dependencies	2025-12-13T00:31:16.7120066Z Restarting services...
build	Install system dependencies	2025-12-13T00:31:16.7556470Z  systemctl restart packagekit.service php8.3-fpm.service polkit.service udisks2.service
build	Install system dependencies	2025-12-13T00:31:16.8907820Z 
build	Install system dependencies	2025-12-13T00:31:16.8908331Z Service restarts being deferred:
build	Install system dependencies	2025-12-13T00:31:16.8909150Z  systemctl restart ModemManager.service
build	Install system dependencies	2025-12-13T00:31:16.8909666Z  systemctl restart networkd-dispatcher.service
build	Install system dependencies	2025-12-13T00:31:16.8910015Z 
build	Install system dependencies	2025-12-13T00:31:16.8910158Z No containers need to be restarted.
build	Install system dependencies	2025-12-13T00:31:16.8910432Z 
build	Install system dependencies	2025-12-13T00:31:16.8910618Z No user sessions are running outdated binaries.
build	Install system dependencies	2025-12-13T00:31:16.8918359Z 
build	Install system dependencies	2025-12-13T00:31:16.8918678Z No VM guests are running outdated hypervisor (qemu) binaries on this host.
build	Install Rust toolchain	﻿2025-12-13T00:31:17.7760859Z ##[group]Run dtolnay/rust-toolchain@stable
build	Install Rust toolchain	2025-12-13T00:31:17.7761355Z with:
build	Install Rust toolchain	2025-12-13T00:31:17.7761543Z   components: clippy, rustfmt
build	Install Rust toolchain	2025-12-13T00:31:17.7761758Z   toolchain: stable
build	Install Rust toolchain	2025-12-13T00:31:17.7761927Z env:
build	Install Rust toolchain	2025-12-13T00:31:17.7762085Z   CARGO_TERM_COLOR: always
build	Install Rust toolchain	2025-12-13T00:31:17.7762272Z ##[endgroup]
build	Install Rust toolchain	2025-12-13T00:31:17.7854327Z ##[group]Run : parse toolchain version
build	Install Rust toolchain	2025-12-13T00:31:17.7854628Z [36;1m: parse toolchain version[0m
build	Install Rust toolchain	2025-12-13T00:31:17.7854874Z [36;1mif [[ -z $toolchain ]]; then[0m
build	Install Rust toolchain	2025-12-13T00:31:17.7855343Z [36;1m  # GitHub does not enforce `required: true` inputs itself. https://github.com/actions/runner/issues/1070[0m
build	Install Rust toolchain	2025-12-13T00:31:17.7855827Z [36;1m  echo "'toolchain' is a required input" >&2[0m
build	Install Rust toolchain	2025-12-13T00:31:17.7856089Z [36;1m  exit 1[0m
build	Install Rust toolchain	2025-12-13T00:31:17.7856372Z [36;1melif [[ $toolchain =~ ^stable' '[0-9]+' '(year|month|week|day)s?' 'ago$ ]]; then[0m
build	Install Rust toolchain	2025-12-13T00:31:17.7856742Z [36;1m  if [[ Linux == macOS ]]; then[0m
build	Install Rust toolchain	2025-12-13T00:31:17.7857183Z [36;1m    echo "toolchain=1.$((($(date -v-$(sed 's/stable \([0-9]*\) \(.\).*/\1\2/' <<< $toolchain) +%s)/60/60/24-16569)/7/6))" >> $GITHUB_OUTPUT[0m
build	Install Rust toolchain	2025-12-13T00:31:17.7857638Z [36;1m  else[0m
build	Install Rust toolchain	2025-12-13T00:31:17.7857980Z [36;1m    echo "toolchain=1.$((($(date --date "${toolchain#stable }" +%s)/60/60/24-16569)/7/6))" >> $GITHUB_OUTPUT[0m
build	Install Rust toolchain	2025-12-13T00:31:17.7858378Z [36;1m  fi[0m
build	Install Rust toolchain	2025-12-13T00:31:17.7858627Z [36;1melif [[ $toolchain =~ ^stable' 'minus' '[0-9]+' 'releases?$ ]]; then[0m
build	Install Rust toolchain	2025-12-13T00:31:17.7859084Z [36;1m  echo "toolchain=1.$((($(date +%s)/60/60/24-16569)/7/6-${toolchain//[^0-9]/}))" >> $GITHUB_OUTPUT[0m
build	Install Rust toolchain	2025-12-13T00:31:17.7859464Z [36;1melif [[ $toolchain =~ ^1\.[0-9]+$ ]]; then[0m
build	Install Rust toolchain	2025-12-13T00:31:17.7859899Z [36;1m  echo "toolchain=1.$((i=${toolchain#1.}, c=($(date +%s)/60/60/24-16569)/7/6, i+9*i*(10*i<=c)+90*i*(100*i<=c)))" >> $GITHUB_OUTPUT[0m
build	Install Rust toolchain	2025-12-13T00:31:17.7860303Z [36;1melse[0m
build	Install Rust toolchain	2025-12-13T00:31:17.7860507Z [36;1m  echo "toolchain=$toolchain" >> $GITHUB_OUTPUT[0m
build	Install Rust toolchain	2025-12-13T00:31:17.7860767Z [36;1mfi[0m
build	Install Rust toolchain	2025-12-13T00:31:17.7896379Z shell: /usr/bin/bash --noprofile --norc -e -o pipefail {0}
build	Install Rust toolchain	2025-12-13T00:31:17.7896730Z env:
build	Install Rust toolchain	2025-12-13T00:31:17.7896895Z   CARGO_TERM_COLOR: always
build	Install Rust toolchain	2025-12-13T00:31:17.7897108Z   toolchain: stable
build	Install Rust toolchain	2025-12-13T00:31:17.7897291Z ##[endgroup]
build	Install Rust toolchain	2025-12-13T00:31:17.8013546Z ##[group]Run : construct rustup command line
build	Install Rust toolchain	2025-12-13T00:31:17.8013862Z [36;1m: construct rustup command line[0m
build	Install Rust toolchain	2025-12-13T00:31:17.8014283Z [36;1mecho "targets=$(for t in ${targets//,/ }; do echo -n ' --target' $t; done)" >> $GITHUB_OUTPUT[0m
build	Install Rust toolchain	2025-12-13T00:31:17.8014867Z [36;1mecho "components=$(for c in ${components//,/ }; do echo -n ' --component' $c; done)" >> $GITHUB_OUTPUT[0m
build	Install Rust toolchain	2025-12-13T00:31:17.8015300Z [36;1mecho "downgrade=" >> $GITHUB_OUTPUT[0m
build	Install Rust toolchain	2025-12-13T00:31:17.8045580Z shell: /usr/bin/bash --noprofile --norc -e -o pipefail {0}
build	Install Rust toolchain	2025-12-13T00:31:17.8045937Z env:
build	Install Rust toolchain	2025-12-13T00:31:17.8046115Z   CARGO_TERM_COLOR: always
build	Install Rust toolchain	2025-12-13T00:31:17.8046340Z   targets: 
build	Install Rust toolchain	2025-12-13T00:31:17.8046536Z   components: clippy, rustfmt
build	Install Rust toolchain	2025-12-13T00:31:17.8046768Z ##[endgroup]
build	Install Rust toolchain	2025-12-13T00:31:17.8127318Z ##[group]Run : set $CARGO_HOME
build	Install Rust toolchain	2025-12-13T00:31:17.8127570Z [36;1m: set $CARGO_HOME[0m
build	Install Rust toolchain	2025-12-13T00:31:17.8127889Z [36;1mecho CARGO_HOME=${CARGO_HOME:-"$HOME/.cargo"} >> $GITHUB_ENV[0m
build	Install Rust toolchain	2025-12-13T00:31:17.8158127Z shell: /usr/bin/bash --noprofile --norc -e -o pipefail {0}
build	Install Rust toolchain	2025-12-13T00:31:17.8158480Z env:
build	Install Rust toolchain	2025-12-13T00:31:17.8158675Z   CARGO_TERM_COLOR: always
build	Install Rust toolchain	2025-12-13T00:31:17.8158909Z ##[endgroup]
build	Install Rust toolchain	2025-12-13T00:31:17.8236484Z ##[group]Run : install rustup if needed
build	Install Rust toolchain	2025-12-13T00:31:17.8236779Z [36;1m: install rustup if needed[0m
build	Install Rust toolchain	2025-12-13T00:31:17.8237054Z [36;1mif ! command -v rustup &>/dev/null; then[0m
build	Install Rust toolchain	2025-12-13T00:31:17.8237760Z [36;1m  curl --proto '=https' --tlsv1.2 --retry 10 --retry-connrefused --location --silent --show-error --fail https://sh.rustup.rs | sh -s -- --default-toolchain none -y[0m
build	Install Rust toolchain	2025-12-13T00:31:17.8238636Z [36;1m  echo "$CARGO_HOME/bin" >> $GITHUB_PATH[0m
build	Install Rust toolchain	2025-12-13T00:31:17.8239064Z [36;1mfi[0m
build	Install Rust toolchain	2025-12-13T00:31:17.8270243Z shell: /usr/bin/bash --noprofile --norc -e -o pipefail {0}
build	Install Rust toolchain	2025-12-13T00:31:17.8270576Z env:
build	Install Rust toolchain	2025-12-13T00:31:17.8270761Z   CARGO_TERM_COLOR: always
build	Install Rust toolchain	2025-12-13T00:31:17.8271240Z   CARGO_HOME: /home/runner/.cargo
build	Install Rust toolchain	2025-12-13T00:31:17.8271577Z ##[endgroup]
build	Install Rust toolchain	2025-12-13T00:31:17.8352018Z ##[group]Run rustup toolchain install stable --component clippy --component rustfmt --profile minimal --no-self-update
build	Install Rust toolchain	2025-12-13T00:31:17.8352863Z [36;1mrustup toolchain install stable --component clippy --component rustfmt --profile minimal --no-self-update[0m
build	Install Rust toolchain	2025-12-13T00:31:17.8384367Z shell: /usr/bin/bash --noprofile --norc -e -o pipefail {0}
build	Install Rust toolchain	2025-12-13T00:31:17.8384739Z env:
build	Install Rust toolchain	2025-12-13T00:31:17.8384939Z   CARGO_TERM_COLOR: always
build	Install Rust toolchain	2025-12-13T00:31:17.8385194Z   CARGO_HOME: /home/runner/.cargo
build	Install Rust toolchain	2025-12-13T00:31:17.8385451Z ##[endgroup]
build	Install Rust toolchain	2025-12-13T00:31:18.1380295Z info: syncing channel updates for 'stable-x86_64-unknown-linux-gnu'
build	Install Rust toolchain	2025-12-13T00:31:18.4446147Z info: latest update on 2025-12-11, rust version 1.92.0 (ded5c06cf 2025-12-08)
build	Install Rust toolchain	2025-12-13T00:31:18.4815724Z info: downloading component 'clippy'
build	Install Rust toolchain	2025-12-13T00:31:18.5565868Z info: downloading component 'rustfmt'
build	Install Rust toolchain	2025-12-13T00:31:18.6293140Z info: downloading component 'cargo'
build	Install Rust toolchain	2025-12-13T00:31:18.7341449Z info: downloading component 'rust-std'
build	Install Rust toolchain	2025-12-13T00:31:18.9414041Z info: downloading component 'rustc'
build	Install Rust toolchain	2025-12-13T00:31:19.5876499Z info: removing previous version of component 'clippy'
build	Install Rust toolchain	2025-12-13T00:31:19.5894426Z info: removing previous version of component 'rustfmt'
build	Install Rust toolchain	2025-12-13T00:31:19.5950100Z info: removing previous version of component 'cargo'
build	Install Rust toolchain	2025-12-13T00:31:19.6048224Z info: removing previous version of component 'rust-std'
build	Install Rust toolchain	2025-12-13T00:31:19.6126065Z info: removing previous version of component 'rustc'
build	Install Rust toolchain	2025-12-13T00:31:19.6181496Z info: installing component 'clippy'
build	Install Rust toolchain	2025-12-13T00:31:19.9915385Z info: installing component 'rustfmt'
build	Install Rust toolchain	2025-12-13T00:31:20.2229064Z info: installing component 'cargo'
build	Install Rust toolchain	2025-12-13T00:31:20.9275439Z info: installing component 'rust-std'
build	Install Rust toolchain	2025-12-13T00:31:22.8223992Z info: installing component 'rustc'
build	Install Rust toolchain	2025-12-13T00:31:27.4349931Z 
build	Install Rust toolchain	2025-12-13T00:31:27.4450044Z   stable-x86_64-unknown-linux-gnu updated - rustc 1.92.0 (ded5c06cf 2025-12-08) (from rustc 1.91.1 (ed61e7d7e 2025-11-07))
build	Install Rust toolchain	2025-12-13T00:31:27.4450703Z 
build	Install Rust toolchain	2025-12-13T00:31:27.4507722Z ##[group]Run rustup default stable
build	Install Rust toolchain	2025-12-13T00:31:27.4508043Z [36;1mrustup default stable[0m
build	Install Rust toolchain	2025-12-13T00:31:27.4542125Z shell: /usr/bin/bash --noprofile --norc -e -o pipefail {0}
build	Install Rust toolchain	2025-12-13T00:31:27.4542519Z env:
build	Install Rust toolchain	2025-12-13T00:31:27.4542721Z   CARGO_TERM_COLOR: always
build	Install Rust toolchain	2025-12-13T00:31:27.4542995Z   CARGO_HOME: /home/runner/.cargo
build	Install Rust toolchain	2025-12-13T00:31:27.4543273Z ##[endgroup]
build	Install Rust toolchain	2025-12-13T00:31:27.4647662Z info: using existing install for 'stable-x86_64-unknown-linux-gnu'
build	Install Rust toolchain	2025-12-13T00:31:27.5010212Z info: default toolchain set to 'stable-x86_64-unknown-linux-gnu'
build	Install Rust toolchain	2025-12-13T00:31:27.5011220Z 
build	Install Rust toolchain	2025-12-13T00:31:27.5106288Z   stable-x86_64-unknown-linux-gnu unchanged - rustc 1.92.0 (ded5c06cf 2025-12-08)
build	Install Rust toolchain	2025-12-13T00:31:27.5106889Z 
build	Install Rust toolchain	2025-12-13T00:31:27.5153195Z ##[group]Run : create cachekey
build	Install Rust toolchain	2025-12-13T00:31:27.5153525Z [36;1m: create cachekey[0m
build	Install Rust toolchain	2025-12-13T00:31:27.5154087Z [36;1mDATE=$(rustc +stable --version --verbose | sed -ne 's/^commit-date: \(20[0-9][0-9]\)-\([01][0-9]\)-\([0-3][0-9]\)$/\1\2\3/p')[0m
build	Install Rust toolchain	2025-12-13T00:31:27.5154850Z [36;1mHASH=$(rustc +stable --version --verbose | sed -ne 's/^commit-hash: //p')[0m
build	Install Rust toolchain	2025-12-13T00:31:27.5155438Z [36;1mecho "cachekey=$(echo $DATE$HASH | head -c12)" >> $GITHUB_OUTPUT[0m
build	Install Rust toolchain	2025-12-13T00:31:27.5189393Z shell: /usr/bin/bash --noprofile --norc -e -o pipefail {0}
build	Install Rust toolchain	2025-12-13T00:31:27.5189786Z env:
build	Install Rust toolchain	2025-12-13T00:31:27.5190001Z   CARGO_TERM_COLOR: always
build	Install Rust toolchain	2025-12-13T00:31:27.5190273Z   CARGO_HOME: /home/runner/.cargo
build	Install Rust toolchain	2025-12-13T00:31:27.5190739Z ##[endgroup]
build	Install Rust toolchain	2025-12-13T00:31:27.5607746Z ##[group]Run : disable incremental compilation
build	Install Rust toolchain	2025-12-13T00:31:27.5608171Z [36;1m: disable incremental compilation[0m
build	Install Rust toolchain	2025-12-13T00:31:27.5608722Z [36;1mif [ -z "${CARGO_INCREMENTAL+set}" ]; then[0m
build	Install Rust toolchain	2025-12-13T00:31:27.5609094Z [36;1m  echo CARGO_INCREMENTAL=0 >> $GITHUB_ENV[0m
build	Install Rust toolchain	2025-12-13T00:31:27.5609415Z [36;1mfi[0m
build	Install Rust toolchain	2025-12-13T00:31:27.5642215Z shell: /usr/bin/bash --noprofile --norc -e -o pipefail {0}
build	Install Rust toolchain	2025-12-13T00:31:27.5642605Z env:
build	Install Rust toolchain	2025-12-13T00:31:27.5642817Z   CARGO_TERM_COLOR: always
build	Install Rust toolchain	2025-12-13T00:31:27.5643083Z   CARGO_HOME: /home/runner/.cargo
build	Install Rust toolchain	2025-12-13T00:31:27.5643362Z ##[endgroup]
build	Install Rust toolchain	2025-12-13T00:31:27.5714237Z ##[group]Run : enable colors in Cargo output
build	Install Rust toolchain	2025-12-13T00:31:27.5714646Z [36;1m: enable colors in Cargo output[0m
build	Install Rust toolchain	2025-12-13T00:31:27.5715030Z [36;1mif [ -z "${CARGO_TERM_COLOR+set}" ]; then[0m
build	Install Rust toolchain	2025-12-13T00:31:27.5715453Z [36;1m  echo CARGO_TERM_COLOR=always >> $GITHUB_ENV[0m
build	Install Rust toolchain	2025-12-13T00:31:27.5715827Z [36;1mfi[0m
build	Install Rust toolchain	2025-12-13T00:31:27.5745212Z shell: /usr/bin/bash --noprofile --norc -e -o pipefail {0}
build	Install Rust toolchain	2025-12-13T00:31:27.5745582Z env:
build	Install Rust toolchain	2025-12-13T00:31:27.5745782Z   CARGO_TERM_COLOR: always
build	Install Rust toolchain	2025-12-13T00:31:27.5746042Z   CARGO_HOME: /home/runner/.cargo
build	Install Rust toolchain	2025-12-13T00:31:27.5746311Z   CARGO_INCREMENTAL: 0
build	Install Rust toolchain	2025-12-13T00:31:27.5746548Z ##[endgroup]
build	Install Rust toolchain	2025-12-13T00:31:27.5814821Z ##[group]Run : enable Cargo sparse registry
build	Install Rust toolchain	2025-12-13T00:31:27.5815148Z [36;1m: enable Cargo sparse registry[0m
build	Install Rust toolchain	2025-12-13T00:31:27.5815482Z [36;1m# implemented in 1.66, stabilized in 1.68, made default in 1.70[0m
build	Install Rust toolchain	2025-12-13T00:31:27.5816131Z [36;1mif [ -z "${CARGO_REGISTRIES_CRATES_IO_PROTOCOL+set}" -o -f "/home/runner/work/_temp"/.implicit_cargo_registries_crates_io_protocol ]; then[0m
build	Install Rust toolchain	2025-12-13T00:31:27.5816791Z [36;1m  if rustc +stable --version --verbose | grep -q '^release: 1\.6[89]\.'; then[0m
build	Install Rust toolchain	2025-12-13T00:31:27.5817320Z [36;1m    touch "/home/runner/work/_temp"/.implicit_cargo_registries_crates_io_protocol || true[0m
build	Install Rust toolchain	2025-12-13T00:31:27.5817821Z [36;1m    echo CARGO_REGISTRIES_CRATES_IO_PROTOCOL=sparse >> $GITHUB_ENV[0m
build	Install Rust toolchain	2025-12-13T00:31:27.5818255Z [36;1m  elif rustc +stable --version --verbose | grep -q '^release: 1\.6[67]\.'; then[0m
build	Install Rust toolchain	2025-12-13T00:31:27.5818763Z [36;1m    touch "/home/runner/work/_temp"/.implicit_cargo_registries_crates_io_protocol || true[0m
build	Install Rust toolchain	2025-12-13T00:31:27.5819210Z [36;1m    echo CARGO_REGISTRIES_CRATES_IO_PROTOCOL=git >> $GITHUB_ENV[0m
build	Install Rust toolchain	2025-12-13T00:31:27.5819509Z [36;1m  fi[0m
build	Install Rust toolchain	2025-12-13T00:31:27.5819670Z [36;1mfi[0m
build	Install Rust toolchain	2025-12-13T00:31:27.5849069Z shell: /usr/bin/bash --noprofile --norc -e -o pipefail {0}
build	Install Rust toolchain	2025-12-13T00:31:27.5849377Z env:
build	Install Rust toolchain	2025-12-13T00:31:27.5849541Z   CARGO_TERM_COLOR: always
build	Install Rust toolchain	2025-12-13T00:31:27.5849757Z   CARGO_HOME: /home/runner/.cargo
build	Install Rust toolchain	2025-12-13T00:31:27.5849977Z   CARGO_INCREMENTAL: 0
build	Install Rust toolchain	2025-12-13T00:31:27.5850184Z ##[endgroup]
build	Install Rust toolchain	2025-12-13T00:31:27.6233160Z ##[group]Run : work around spurious network errors in curl 8.0
build	Install Rust toolchain	2025-12-13T00:31:27.6233808Z [36;1m: work around spurious network errors in curl 8.0[0m
build	Install Rust toolchain	2025-12-13T00:31:27.6289634Z [36;1m# https://rust-lang.zulipchat.com/#narrow/stream/246057-t-cargo/topic/timeout.20investigation[0m
build	Install Rust toolchain	2025-12-13T00:31:27.6290323Z [36;1mif rustc +stable --version --verbose | grep -q '^release: 1\.7[01]\.'; then[0m
build	Install Rust toolchain	2025-12-13T00:31:27.6290782Z [36;1m  echo CARGO_HTTP_MULTIPLEXING=false >> $GITHUB_ENV[0m
build	Install Rust toolchain	2025-12-13T00:31:27.6291329Z [36;1mfi[0m
build	Install Rust toolchain	2025-12-13T00:31:27.6324490Z shell: /usr/bin/bash --noprofile --norc -e -o pipefail {0}
build	Install Rust toolchain	2025-12-13T00:31:27.6324885Z env:
build	Install Rust toolchain	2025-12-13T00:31:27.6325106Z   CARGO_TERM_COLOR: always
build	Install Rust toolchain	2025-12-13T00:31:27.6325375Z   CARGO_HOME: /home/runner/.cargo
build	Install Rust toolchain	2025-12-13T00:31:27.6325665Z   CARGO_INCREMENTAL: 0
build	Install Rust toolchain	2025-12-13T00:31:27.6325903Z ##[endgroup]
build	Install Rust toolchain	2025-12-13T00:31:27.6558235Z ##[group]Run rustc +stable --version --verbose
build	Install Rust toolchain	2025-12-13T00:31:27.6558637Z [36;1mrustc +stable --version --verbose[0m
build	Install Rust toolchain	2025-12-13T00:31:27.6591315Z shell: /usr/bin/bash --noprofile --norc -e -o pipefail {0}
build	Install Rust toolchain	2025-12-13T00:31:27.6591895Z env:
build	Install Rust toolchain	2025-12-13T00:31:27.6592107Z   CARGO_TERM_COLOR: always
build	Install Rust toolchain	2025-12-13T00:31:27.6592378Z   CARGO_HOME: /home/runner/.cargo
build	Install Rust toolchain	2025-12-13T00:31:27.6592665Z   CARGO_INCREMENTAL: 0
build	Install Rust toolchain	2025-12-13T00:31:27.6593045Z ##[endgroup]
build	Install Rust toolchain	2025-12-13T00:31:27.6774394Z rustc 1.92.0 (ded5c06cf 2025-12-08)
build	Install Rust toolchain	2025-12-13T00:31:27.6774887Z binary: rustc
build	Install Rust toolchain	2025-12-13T00:31:27.6775261Z commit-hash: ded5c06cf21d2b93bffd5d884aa6e96934ee4234
build	Install Rust toolchain	2025-12-13T00:31:27.6775739Z commit-date: 2025-12-08
build	Install Rust toolchain	2025-12-13T00:31:27.6776021Z host: x86_64-unknown-linux-gnu
build	Install Rust toolchain	2025-12-13T00:31:27.6776256Z release: 1.92.0
build	Install Rust toolchain	2025-12-13T00:31:27.6776455Z LLVM version: 21.1.3
build	Cache cargo registry	﻿2025-12-13T00:31:27.7614593Z ##[group]Run actions/cache@v4
build	Cache cargo registry	2025-12-13T00:31:27.7614885Z with:
build	Cache cargo registry	2025-12-13T00:31:27.7615115Z   path: ~/.cargo/registry
build	Cache cargo registry	~/.cargo/git
build	Cache cargo registry	target
build	Cache cargo registry	
build	Cache cargo registry	2025-12-13T00:31:27.7615639Z   key: Linux-cargo-ba9fd7c8e3bf40b3e6208680863f38d290a50be6043149d47fc481eef5ddb366
build	Cache cargo registry	2025-12-13T00:31:27.7616146Z   restore-keys: Linux-cargo-
build	Cache cargo registry	
build	Cache cargo registry	2025-12-13T00:31:27.7616416Z   enableCrossOsArchive: false
build	Cache cargo registry	2025-12-13T00:31:27.7616682Z   fail-on-cache-miss: false
build	Cache cargo registry	2025-12-13T00:31:27.7616928Z   lookup-only: false
build	Cache cargo registry	2025-12-13T00:31:27.7617142Z   save-always: false
build	Cache cargo registry	2025-12-13T00:31:27.7617344Z env:
build	Cache cargo registry	2025-12-13T00:31:27.7617530Z   CARGO_TERM_COLOR: always
build	Cache cargo registry	2025-12-13T00:31:27.7617771Z   CARGO_HOME: /home/runner/.cargo
build	Cache cargo registry	2025-12-13T00:31:27.7618028Z   CARGO_INCREMENTAL: 0
build	Cache cargo registry	2025-12-13T00:31:27.7618237Z ##[endgroup]
build	Cache cargo registry	2025-12-13T00:31:27.9852006Z Cache not found for input keys: Linux-cargo-ba9fd7c8e3bf40b3e6208680863f38d290a50be6043149d47fc481eef5ddb366, Linux-cargo-
build	Check formatting	﻿2025-12-13T00:31:27.9928707Z ##[group]Run cargo fmt --all -- --check
build	Check formatting	2025-12-13T00:31:27.9929056Z [36;1mcargo fmt --all -- --check[0m
build	Check formatting	2025-12-13T00:31:27.9961638Z shell: /usr/bin/bash -e {0}
build	Check formatting	2025-12-13T00:31:27.9961871Z env:
build	Check formatting	2025-12-13T00:31:27.9962048Z   CARGO_TERM_COLOR: always
build	Check formatting	2025-12-13T00:31:27.9962273Z   CARGO_HOME: /home/runner/.cargo
build	Check formatting	2025-12-13T00:31:27.9962519Z   CARGO_INCREMENTAL: 0
build	Check formatting	2025-12-13T00:31:27.9962722Z ##[endgroup]
build	Run clippy	﻿2025-12-13T00:31:28.2172173Z ##[group]Run cargo clippy --all-targets --all-features -- -D warnings
build	Run clippy	2025-12-13T00:31:28.2173104Z [36;1mcargo clippy --all-targets --all-features -- -D warnings[0m
build	Run clippy	2025-12-13T00:31:28.2221886Z shell: /usr/bin/bash -e {0}
build	Run clippy	2025-12-13T00:31:28.2222268Z env:
build	Run clippy	2025-12-13T00:31:28.2222551Z   CARGO_TERM_COLOR: always
build	Run clippy	2025-12-13T00:31:28.2222941Z   CARGO_HOME: /home/runner/.cargo
build	Run clippy	2025-12-13T00:31:28.2223348Z   CARGO_INCREMENTAL: 0
build	Run clippy	2025-12-13T00:31:28.2223669Z ##[endgroup]
build	Run clippy	2025-12-13T00:31:28.3825027Z [1m[92m    Updating[0m crates.io index
build	Run clippy	2025-12-13T00:31:30.1735961Z [1m[92m Downloading[0m crates ...
build	Run clippy	2025-12-13T00:31:30.2504100Z [1m[92m  Downloaded[0m digest v0.10.7
build	Run clippy	2025-12-13T00:31:30.2532928Z [1m[92m  Downloaded[0m enumflags2 v0.7.12
build	Run clippy	2025-12-13T00:31:30.2563185Z [1m[92m  Downloaded[0m gobject-sys v0.21.5
build	Run clippy	2025-12-13T00:31:30.2599586Z [1m[92m  Downloaded[0m libadwaita v0.8.1
build	Run clippy	2025-12-13T00:31:30.2726139Z [1m[92m  Downloaded[0m utf8parse v0.2.2
build	Run clippy	2025-12-13T00:31:30.2738948Z [1m[92m  Downloaded[0m memchr v2.7.6
build	Run clippy	2025-12-13T00:31:30.2795791Z [1m[92m  Downloaded[0m zerotrie v0.2.3
build	Run clippy	2025-12-13T00:31:30.2833355Z [1m[92m  Downloaded[0m webpki-roots v0.26.11
build	Run clippy	2025-12-13T00:31:30.2847927Z [1m[92m  Downloaded[0m nom v7.1.3
build	Run clippy	2025-12-13T00:31:30.2903622Z [1m[92m  Downloaded[0m tinystr v0.8.2
build	Run clippy	2025-12-13T00:31:30.2929781Z [1m[92m  Downloaded[0m futures-util v0.3.31
build	Run clippy	2025-12-13T00:31:30.3063963Z [1m[92m  Downloaded[0m field-offset v0.3.6
build	Run clippy	2025-12-13T00:31:30.3077789Z [1m[92m  Downloaded[0m either v1.15.0
build	Run clippy	2025-12-13T00:31:30.3095520Z [1m[92m  Downloaded[0m directories v5.0.1
build	Run clippy	2025-12-13T00:31:30.3112827Z [1m[92m  Downloaded[0m equivalent v1.0.2
build	Run clippy	2025-12-13T00:31:30.3126890Z [1m[92m  Downloaded[0m enumflags2_derive v0.7.12
build	Run clippy	2025-12-13T00:31:30.3137410Z [1m[92m  Downloaded[0m displaydoc v0.2.5
build	Run clippy	2025-12-13T00:31:30.3173305Z [1m[92m  Downloaded[0m jobserver v0.1.34
build	Run clippy	2025-12-13T00:31:30.3198891Z [1m[92m  Downloaded[0m crypto-common v0.1.7
build	Run clippy	2025-12-13T00:31:30.3211983Z [1m[92m  Downloaded[0m graphene-sys v0.21.5
build	Run clippy	2025-12-13T00:31:30.3229658Z [1m[92m  Downloaded[0m subtle v2.6.1
build	Run clippy	2025-12-13T00:31:30.3244844Z [1m[92m  Downloaded[0m sourceview5-sys v0.10.1
build	Run clippy	2025-12-13T00:31:30.3265404Z [1m[92m  Downloaded[0m gdk-pixbuf-sys v0.21.5
build	Run clippy	2025-12-13T00:31:30.3283124Z [1m[92m  Downloaded[0m syn v2.0.111
build	Run clippy	2025-12-13T00:31:30.3414616Z [1m[92m  Downloaded[0m tracing-attributes v0.1.31
build	Run clippy	2025-12-13T00:31:30.3447716Z [1m[92m  Downloaded[0m stable_deref_trait v1.2.1
build	Run clippy	2025-12-13T00:31:30.3469478Z [1m[92m  Downloaded[0m zerofrom v0.1.6
build	Run clippy	2025-12-13T00:31:30.3494086Z [1m[92m  Downloaded[0m toml_datetime v0.6.11
build	Run clippy	2025-12-13T00:31:30.3523508Z [1m[92m  Downloaded[0m zerovec-derive v0.11.2
build	Run clippy	2025-12-13T00:31:30.3564677Z [1m[92m  Downloaded[0m yoke v0.8.1
build	Run clippy	2025-12-13T00:31:30.3589926Z [1m[92m  Downloaded[0m utf8_iter v1.0.4
build	Run clippy	2025-12-13T00:31:30.3601581Z [1m[92m  Downloaded[0m pin-project-lite v0.2.16
build	Run clippy	2025-12-13T00:31:30.3676330Z [1m[92m  Downloaded[0m zeroize v1.8.2
build	Run clippy	2025-12-13T00:31:30.3692891Z [1m[92m  Downloaded[0m yoke-derive v0.8.1
build	Run clippy	2025-12-13T00:31:30.3703012Z [1m[92m  Downloaded[0m sha2 v0.10.9
build	Run clippy	2025-12-13T00:31:30.3737455Z [1m[92m  Downloaded[0m serde_spanned v1.0.3
build	Run clippy	2025-12-13T00:31:30.3751522Z [1m[92m  Downloaded[0m toml_edit v0.23.9
build	Run clippy	2025-12-13T00:31:30.3800833Z [1m[92m  Downloaded[0m writeable v0.6.2
build	Run clippy	2025-12-13T00:31:30.3823766Z [1m[92m  Downloaded[0m winnow v0.7.14
build	Run clippy	2025-12-13T00:31:30.3939783Z [1m[92m  Downloaded[0m toml_edit v0.22.27
build	Run clippy	2025-12-13T00:31:30.4001576Z [1m[92m  Downloaded[0m ureq v2.12.1
build	Run clippy	2025-12-13T00:31:30.4069454Z [1m[92m  Downloaded[0m icu_normalizer v2.1.1
build	Run clippy	2025-12-13T00:31:30.4119935Z [1m[92m  Downloaded[0m zerovec v0.11.5
build	Run clippy	2025-12-13T00:31:30.4197476Z [1m[92m  Downloaded[0m icu_properties v2.1.2
build	Run clippy	2025-12-13T00:31:30.4229491Z [1m[92m  Downloaded[0m serde_json v1.0.145
build	Run clippy	2025-12-13T00:31:30.4307131Z [1m[92m  Downloaded[0m hashbrown v0.16.1
build	Run clippy	2025-12-13T00:31:30.4366752Z [1m[92m  Downloaded[0m gtk4-sys v0.10.3
build	Run clippy	2025-12-13T00:31:30.4401339Z [1m[92m  Downloaded[0m itertools v0.13.0
build	Run clippy	2025-12-13T00:31:30.4474865Z [1m[92m  Downloaded[0m icu_properties_data v2.1.2
build	Run clippy	2025-12-13T00:31:30.4580205Z [1m[92m  Downloaded[0m bindgen v0.72.1
build	Run clippy	2025-12-13T00:31:30.4652383Z [1m[92m  Downloaded[0m gio-sys v0.21.5
build	Run clippy	2025-12-13T00:31:30.4681899Z [1m[92m  Downloaded[0m glib v0.20.12
build	Run clippy	2025-12-13T00:31:30.4802900Z [1m[92m  Downloaded[0m regex-syntax v0.8.8
build	Run clippy	2025-12-13T00:31:30.4872103Z [1m[92m  Downloaded[0m rustix v1.1.2
build	Run clippy	2025-12-13T00:31:30.5144007Z [1m[92m  Downloaded[0m glib v0.21.5
build	Run clippy	2025-12-13T00:31:30.5263510Z [1m[92m  Downloaded[0m rustls v0.23.35
build	Run clippy	2025-12-13T00:31:30.5381956Z [1m[92m  Downloaded[0m gio v0.21.5
build	Run clippy	2025-12-13T00:31:30.5562581Z [1m[92m  Downloaded[0m regex v1.12.2
build	Run clippy	2025-12-13T00:31:30.5625879Z [1m[92m  Downloaded[0m indexmap v2.12.1
build	Run clippy	2025-12-13T00:31:30.5674191Z [1m[92m  Downloaded[0m icu_normalizer_data v2.1.1
build	Run clippy	2025-12-13T00:31:30.5696369Z [1m[92m  Downloaded[0m icu_locale_core v2.1.1
build	Run clippy	2025-12-13T00:31:30.5763712Z [1m[92m  Downloaded[0m glib-sys v0.21.5
build	Run clippy	2025-12-13T00:31:30.5785645Z [1m[92m  Downloaded[0m gdk4 v0.10.3
build	Run clippy	2025-12-13T00:31:30.5871915Z [1m[92m  Downloaded[0m clang-sys v1.8.1
build	Run clippy	2025-12-13T00:31:30.5895601Z [1m[92m  Downloaded[0m bitflags v2.10.0
build	Run clippy	2025-12-13T00:31:30.5937175Z [1m[92m  Downloaded[0m base64 v0.22.1
build	Run clippy	2025-12-13T00:31:30.5975299Z [1m[92m  Downloaded[0m heck v0.5.0
build	Run clippy	2025-12-13T00:31:30.5991755Z [1m[92m  Downloaded[0m gsk4 v0.10.3
build	Run clippy	2025-12-13T00:31:30.6054602Z [1m[92m  Downloaded[0m ring v0.17.14
build	Run clippy	2025-12-13T00:31:30.6495855Z [1m[92m  Downloaded[0m gio v0.20.12
build	Run clippy	2025-12-13T00:31:30.6671280Z [1m[92m  Downloaded[0m getrandom v0.2.16
build	Run clippy	2025-12-13T00:31:30.6700083Z [1m[92m  Downloaded[0m regex-automata v0.4.13
build	Run clippy	2025-12-13T00:31:30.6851077Z [1m[92m  Downloaded[0m find-msvc-tools v0.1.5
build	Run clippy	2025-12-13T00:31:30.6866873Z [1m[92m  Downloaded[0m miniz_oxide v0.8.9
build	Run clippy	2025-12-13T00:31:30.6891756Z [1m[92m  Downloaded[0m glob v0.3.3
build	Run clippy	2025-12-13T00:31:30.6908119Z [1m[92m  Downloaded[0m glib-sys v0.20.10
build	Run clippy	2025-12-13T00:31:30.6929836Z [1m[92m  Downloaded[0m jiff v0.2.16
build	Run clippy	2025-12-13T00:31:30.7082526Z [1m[92m  Downloaded[0m gdk-pixbuf v0.21.5
build	Run clippy	2025-12-13T00:31:30.7104831Z [1m[92m  Downloaded[0m futures-core v0.3.31
build	Run clippy	2025-12-13T00:31:30.7118052Z [1m[92m  Downloaded[0m cexpr v0.6.0
build	Run clippy	2025-12-13T00:31:30.7136768Z [1m[92m  Downloaded[0m cairo-rs v0.21.5
build	Run clippy	2025-12-13T00:31:30.7182514Z [1m[92m  Downloaded[0m serde v1.0.228
build	Run clippy	2025-12-13T00:31:30.7217070Z [1m[92m  Downloaded[0m rustls-webpki v0.103.8
build	Run clippy	2025-12-13T00:31:30.7249392Z [1m[92m  Downloaded[0m llama-cpp-2 v0.1.129
build	Run clippy	2025-12-13T00:31:30.7278412Z [1m[92m  Downloaded[0m icu_provider v2.1.1
build	Run clippy	2025-12-13T00:31:30.7303433Z [1m[92m  Downloaded[0m gsk4-sys v0.10.3
build	Run clippy	2025-12-13T00:31:30.7317469Z [1m[92m  Downloaded[0m gio-sys v0.20.10
build	Run clippy	2025-12-13T00:31:30.7343866Z [1m[92m  Downloaded[0m crc32fast v1.5.0
build	Run clippy	2025-12-13T00:31:30.7362927Z [1m[92m  Downloaded[0m tracing-core v0.1.35
build	Run clippy	2025-12-13T00:31:30.7389421Z [1m[92m  Downloaded[0m sourceview5 v0.10.0
build	Run clippy	2025-12-13T00:31:30.7444772Z [1m[92m  Downloaded[0m serde_core v1.0.228
build	Run clippy	2025-12-13T00:31:30.7471892Z [1m[92m  Downloaded[0m semver v1.0.27
build	Run clippy	2025-12-13T00:31:30.7494577Z [1m[92m  Downloaded[0m once_cell v1.21.3
build	Run clippy	2025-12-13T00:31:30.7519566Z [1m[92m  Downloaded[0m serde_derive v1.0.228
build	Run clippy	2025-12-13T00:31:30.7550245Z [1m[92m  Downloaded[0m rustc-hash v2.1.1
build	Run clippy	2025-12-13T00:31:30.7563407Z [1m[92m  Downloaded[0m gobject-sys v0.20.10
build	Run clippy	2025-12-13T00:31:30.7578039Z [1m[92m  Downloaded[0m futures-executor v0.3.31
build	Run clippy	2025-12-13T00:31:30.7592038Z [1m[92m  Downloaded[0m smallvec v1.15.1
build	Run clippy	2025-12-13T00:31:30.7622336Z [1m[92m  Downloaded[0m libc v0.2.178
build	Run clippy	2025-12-13T00:31:30.7987967Z [1m[92m  Downloaded[0m shlex v1.3.0
build	Run clippy	2025-12-13T00:31:30.8000740Z [1m[92m  Downloaded[0m serde_spanned v0.6.9
build	Run clippy	2025-12-13T00:31:30.8011513Z [1m[92m  Downloaded[0m quote v1.0.42
build	Run clippy	2025-12-13T00:31:30.8038207Z [1m[92m  Downloaded[0m pkg-config v0.3.32
build	Run clippy	2025-12-13T00:31:30.8053749Z [1m[92m  Downloaded[0m pin-utils v0.1.0
build	Run clippy	2025-12-13T00:31:30.8065899Z [1m[92m  Downloaded[0m same-file v1.0.6
build	Run clippy	2025-12-13T00:31:30.8079095Z [1m[92m  Downloaded[0m proc-macro-crate v3.4.0
build	Run clippy	2025-12-13T00:31:30.8092653Z [1m[92m  Downloaded[0m potential_utf v0.1.4
build	Run clippy	2025-12-13T00:31:30.8102534Z [1m[92m  Downloaded[0m option-ext v0.2.0
build	Run clippy	2025-12-13T00:31:30.8111482Z [1m[92m  Downloaded[0m memoffset v0.9.1
build	Run clippy	2025-12-13T00:31:30.8123619Z [1m[92m  Downloaded[0m walkdir v2.5.0
build	Run clippy	2025-12-13T00:31:30.8141495Z [1m[92m  Downloaded[0m version_check v0.9.5
build	Run clippy	2025-12-13T00:31:30.8153952Z [1m[92m  Downloaded[0m uuid v1.19.0
build	Run clippy	2025-12-13T00:31:30.8182648Z [1m[92m  Downloaded[0m untrusted v0.9.0
build	Run clippy	2025-12-13T00:31:30.8199507Z [1m[92m  Downloaded[0m system-deps v7.0.7
build	Run clippy	2025-12-13T00:31:30.8221616Z [1m[92m  Downloaded[0m slab v0.4.11
build	Run clippy	2025-12-13T00:31:30.8233978Z [1m[92m  Downloaded[0m simd-adler32 v0.3.8
build	Run clippy	2025-12-13T00:31:30.8252076Z [1m[92m  Downloaded[0m toml_write v0.1.2
build	Run clippy	2025-12-13T00:31:30.8264743Z [1m[92m  Downloaded[0m proc-macro2 v1.0.103
build	Run clippy	2025-12-13T00:31:30.8293722Z [1m[92m  Downloaded[0m gdk4-sys v0.10.3
build	Run clippy	2025-12-13T00:31:30.8316083Z [1m[92m  Downloaded[0m form_urlencoded v1.2.2
build	Run clippy	2025-12-13T00:31:30.8324528Z [1m[92m  Downloaded[0m cfg-expr v0.20.4
build	Run clippy	2025-12-13T00:31:30.8353719Z [1m[92m  Downloaded[0m typenum v1.19.0
build	Run clippy	2025-12-13T00:31:30.8382090Z [1m[92m  Downloaded[0m ryu v1.0.20
build	Run clippy	2025-12-13T00:31:30.8412822Z [1m[92m  Downloaded[0m llama-cpp-sys-2 v0.1.129
build	Run clippy	2025-12-13T00:31:30.9203069Z [1m[92m  Downloaded[0m minimal-lexical v0.2.1
build	Run clippy	2025-12-13T00:31:30.9247460Z [1m[92m  Downloaded[0m libloading v0.8.9
build	Run clippy	2025-12-13T00:31:30.9270703Z [1m[92m  Downloaded[0m libadwaita-sys v0.8.1
build	Run clippy	2025-12-13T00:31:30.9287470Z [1m[92m  Downloaded[0m is_terminal_polyfill v1.70.2
build	Run clippy	2025-12-13T00:31:30.9297222Z [1m[92m  Downloaded[0m gtk4-macros v0.10.3
build	Run clippy	2025-12-13T00:31:30.9318633Z [1m[92m  Downloaded[0m graphene-rs v0.21.5
build	Run clippy	2025-12-13T00:31:30.9350855Z [1m[92m  Downloaded[0m find_cuda_helper v0.2.0
build	Run clippy	2025-12-13T00:31:30.9356240Z [1m[92m  Downloaded[0m zerofrom-derive v0.1.6
build	Run clippy	2025-12-13T00:31:30.9365297Z [1m[92m  Downloaded[0m webpki-roots v1.0.4
build	Run clippy	2025-12-13T00:31:30.9398719Z [1m[92m  Downloaded[0m version-compare v0.2.1
build	Run clippy	2025-12-13T00:31:30.9411762Z [1m[92m  Downloaded[0m url v2.5.7
build	Run clippy	2025-12-13T00:31:30.9437795Z [1m[92m  Downloaded[0m unicode-ident v1.0.22
build	Run clippy	2025-12-13T00:31:30.9464772Z [1m[92m  Downloaded[0m toml_datetime v0.7.3
build	Run clippy	2025-12-13T00:31:30.9476999Z [1m[92m  Downloaded[0m glib-macros v0.20.12
build	Run clippy	2025-12-13T00:31:30.9510250Z [1m[92m  Downloaded[0m futures-macro v0.3.31
build	Run clippy	2025-12-13T00:31:30.9520060Z [1m[92m  Downloaded[0m colorchoice v1.0.4
build	Run clippy	2025-12-13T00:31:30.9529208Z [1m[92m  Downloaded[0m block-buffer v0.10.4
build	Run clippy	2025-12-13T00:31:30.9539260Z [1m[92m  Downloaded[0m toml v0.9.8
build	Run clippy	2025-12-13T00:31:30.9578528Z [1m[92m  Downloaded[0m rustc_version v0.4.1
build	Run clippy	2025-12-13T00:31:30.9590820Z [1m[92m  Downloaded[0m futures-task v0.3.31
build	Run clippy	2025-12-13T00:31:30.9601958Z [1m[92m  Downloaded[0m tracing v0.1.43
build	Run clippy	2025-12-13T00:31:30.9640290Z [1m[92m  Downloaded[0m toml_writer v1.0.4
build	Run clippy	2025-12-13T00:31:30.9653583Z [1m[92m  Downloaded[0m toml_parser v1.0.4
build	Run clippy	2025-12-13T00:31:30.9675674Z [1m[92m  Downloaded[0m toml v0.8.23
build	Run clippy	2025-12-13T00:31:30.9698648Z [1m[92m  Downloaded[0m thiserror-impl v1.0.69
build	Run clippy	2025-12-13T00:31:30.9711598Z [1m[92m  Downloaded[0m itoa v1.0.15
build	Run clippy	2025-12-13T00:31:30.9725288Z [1m[92m  Downloaded[0m idna_adapter v1.2.1
build	Run clippy	2025-12-13T00:31:30.9734302Z [1m[92m  Downloaded[0m futures-io v0.3.31
build	Run clippy	2025-12-13T00:31:30.9742857Z [1m[92m  Downloaded[0m cpufeatures v0.2.17
build	Run clippy	2025-12-13T00:31:30.9756200Z [1m[92m  Downloaded[0m cfg-if v1.0.4
build	Run clippy	2025-12-13T00:31:30.9768825Z [1m[92m  Downloaded[0m fastrand v2.3.0
build	Run clippy	2025-12-13T00:31:30.9781127Z [1m[92m  Downloaded[0m cairo-sys-rs v0.21.5
build	Run clippy	2025-12-13T00:31:30.9791136Z [1m[92m  Downloaded[0m anstyle-parse v0.2.7
build	Run clippy	2025-12-13T00:31:30.9806784Z [1m[92m  Downloaded[0m thiserror v1.0.69
build	Run clippy	2025-12-13T00:31:30.9862213Z [1m[92m  Downloaded[0m tempfile v3.23.0
build	Run clippy	2025-12-13T00:31:30.9889990Z [1m[92m  Downloaded[0m target-lexicon v0.13.3
build	Run clippy	2025-12-13T00:31:30.9910187Z [1m[92m  Downloaded[0m synstructure v0.13.2
build	Run clippy	2025-12-13T00:31:30.9920105Z [1m[92m  Downloaded[0m rustls-pki-types v1.13.1
build	Run clippy	2025-12-13T00:31:30.9944170Z [1m[92m  Downloaded[0m percent-encoding v2.3.2
build	Run clippy	2025-12-13T00:31:30.9952486Z [1m[92m  Downloaded[0m getrandom v0.3.4
build	Run clippy	2025-12-13T00:31:30.9985152Z [1m[92m  Downloaded[0m env_logger v0.11.8
build	Run clippy	2025-12-13T00:31:31.0008722Z [1m[92m  Downloaded[0m env_filter v0.1.4
build	Run clippy	2025-12-13T00:31:31.0021797Z [1m[92m  Downloaded[0m anyhow v1.0.100
build	Run clippy	2025-12-13T00:31:31.0061496Z [1m[92m  Downloaded[0m futures-channel v0.3.31
build	Run clippy	2025-12-13T00:31:31.0079225Z [1m[92m  Downloaded[0m adler2 v2.0.1
build	Run clippy	2025-12-13T00:31:31.0091479Z [1m[92m  Downloaded[0m dirs-sys v0.4.1
build	Run clippy	2025-12-13T00:31:31.0102948Z [1m[92m  Downloaded[0m anstyle-query v1.1.5
build	Run clippy	2025-12-13T00:31:31.0113707Z [1m[92m  Downloaded[0m anstyle v1.0.13
build	Run clippy	2025-12-13T00:31:31.0127417Z [1m[92m  Downloaded[0m prettyplease v0.2.37
build	Run clippy	2025-12-13T00:31:31.0162334Z [1m[92m  Downloaded[0m log v0.4.29
build	Run clippy	2025-12-13T00:31:31.0186260Z [1m[92m  Downloaded[0m anstream v0.6.21
build	Run clippy	2025-12-13T00:31:31.0205457Z [1m[92m  Downloaded[0m pango-sys v0.21.5
build	Run clippy	2025-12-13T00:31:31.0219759Z [1m[92m  Downloaded[0m pango v0.21.5
build	Run clippy	2025-12-13T00:31:31.0264800Z [1m[92m  Downloaded[0m litemap v0.8.1
build	Run clippy	2025-12-13T00:31:31.0286078Z [1m[92m  Downloaded[0m gtk4 v0.10.3
build	Run clippy	2025-12-13T00:31:31.0636727Z [1m[92m  Downloaded[0m glib-macros v0.21.5
build	Run clippy	2025-12-13T00:31:31.0667912Z [1m[92m  Downloaded[0m autocfg v1.5.0
build	Run clippy	2025-12-13T00:31:31.0686446Z [1m[92m  Downloaded[0m idna v1.1.0
build	Run clippy	2025-12-13T00:31:31.0721180Z [1m[92m  Downloaded[0m icu_collections v2.1.1
build	Run clippy	2025-12-13T00:31:31.0782022Z [1m[92m  Downloaded[0m generic-array v0.14.7
build	Run clippy	2025-12-13T00:31:31.0795393Z [1m[92m  Downloaded[0m errno v0.3.14
build	Run clippy	2025-12-13T00:31:31.0810459Z [1m[92m  Downloaded[0m aho-corasick v1.1.4
build	Run clippy	2025-12-13T00:31:31.0861761Z [1m[92m  Downloaded[0m flate2 v1.1.5
build	Run clippy	2025-12-13T00:31:31.0907753Z [1m[92m  Downloaded[0m cc v1.2.49
build	Run clippy	2025-12-13T00:31:31.0936581Z [1m[92m  Downloaded[0m cmake v0.1.54
build	Run clippy	2025-12-13T00:31:31.0969041Z [1m[92m  Downloaded[0m linux-raw-sys v0.11.0
build	Run clippy	2025-12-13T00:31:31.2142178Z [1m[92m   Compiling[0m winnow v0.7.14
build	Run clippy	2025-12-13T00:31:31.2143061Z [1m[92m   Compiling[0m toml_datetime v0.7.3
build	Run clippy	2025-12-13T00:31:31.2143871Z [1m[92m   Compiling[0m target-lexicon v0.13.3
build	Run clippy	2025-12-13T00:31:31.2144781Z [1m[92m   Compiling[0m heck v0.5.0
build	Run clippy	2025-12-13T00:31:31.3769424Z [1m[92m   Compiling[0m proc-macro2 v1.0.103
build	Run clippy	2025-12-13T00:31:31.3832072Z [1m[92m   Compiling[0m serde_spanned v1.0.3
build	Run clippy	2025-12-13T00:31:31.4383132Z [1m[92m   Compiling[0m quote v1.0.42
build	Run clippy	2025-12-13T00:31:31.7073294Z [1m[92m   Compiling[0m smallvec v1.15.1
build	Run clippy	2025-12-13T00:31:31.8094845Z [1m[92m   Compiling[0m unicode-ident v1.0.22
build	Run clippy	2025-12-13T00:31:31.8926612Z [1m[92m   Compiling[0m pkg-config v0.3.32
build	Run clippy	2025-12-13T00:31:32.0118204Z [1m[92m   Compiling[0m cfg-expr v0.20.4
build	Run clippy	2025-12-13T00:31:32.3682764Z [1m[92m   Compiling[0m version-compare v0.2.1
build	Run clippy	2025-12-13T00:31:32.5336203Z [1m[92m   Compiling[0m libc v0.2.178
build	Run clippy	2025-12-13T00:31:32.5398944Z [1m[92m   Compiling[0m equivalent v1.0.2
build	Run clippy	2025-12-13T00:31:32.5753223Z [1m[92m   Compiling[0m hashbrown v0.16.1
build	Run clippy	2025-12-13T00:31:32.6537455Z [1m[92m   Compiling[0m syn v2.0.111
build	Run clippy	2025-12-13T00:31:32.9373994Z [1m[92m   Compiling[0m toml_parser v1.0.4
build	Run clippy	2025-12-13T00:31:33.1149510Z [1m[92m    Checking[0m memchr v2.7.6
build	Run clippy	2025-12-13T00:31:33.4808183Z [1m[92m   Compiling[0m toml v0.9.8
build	Run clippy	2025-12-13T00:31:33.5416013Z [1m[92m   Compiling[0m indexmap v2.12.1
build	Run clippy	2025-12-13T00:31:33.7810198Z [1m[92m   Compiling[0m system-deps v7.0.7
build	Run clippy	2025-12-13T00:31:34.1276844Z [1m[92m    Checking[0m pin-project-lite v0.2.16
build	Run clippy	2025-12-13T00:31:34.1923278Z [1m[92m   Compiling[0m toml_edit v0.23.9
build	Run clippy	2025-12-13T00:31:34.5723667Z [1m[92m   Compiling[0m glib-sys v0.21.5
build	Run clippy	2025-12-13T00:31:35.0016024Z [1m[92m   Compiling[0m gobject-sys v0.21.5
build	Run clippy	2025-12-13T00:31:35.1882488Z [1m[92m   Compiling[0m gio-sys v0.21.5
build	Run clippy	2025-12-13T00:31:35.2050049Z [1m[92m   Compiling[0m proc-macro-crate v3.4.0
build	Run clippy	2025-12-13T00:31:35.3087358Z [1m[92m    Checking[0m futures-core v0.3.31
build	Run clippy	2025-12-13T00:31:35.3765830Z [1m[92m    Checking[0m futures-task v0.3.31
build	Run clippy	2025-12-13T00:31:35.4573699Z [1m[92m    Checking[0m pin-utils v0.1.0
build	Run clippy	2025-12-13T00:31:35.4870014Z [1m[92m    Checking[0m slab v0.4.11
build	Run clippy	2025-12-13T00:31:35.5917293Z [1m[92m    Checking[0m bitflags v2.10.0
build	Run clippy	2025-12-13T00:31:35.6447018Z [1m[92m   Compiling[0m shlex v1.3.0
build	Run clippy	2025-12-13T00:31:35.6946073Z [1m[92m    Checking[0m stable_deref_trait v1.2.1
build	Run clippy	2025-12-13T00:31:35.7243715Z [1m[92m    Checking[0m futures-channel v0.3.31
build	Run clippy	2025-12-13T00:31:35.7892562Z [1m[92m   Compiling[0m jobserver v0.1.34
build	Run clippy	2025-12-13T00:31:35.8556128Z [1m[92m   Compiling[0m pango-sys v0.21.5
build	Run clippy	2025-12-13T00:31:35.9909831Z [1m[92m   Compiling[0m cairo-sys-rs v0.21.5
build	Run clippy	2025-12-13T00:31:36.0053723Z [1m[92m   Compiling[0m gdk-pixbuf-sys v0.21.5
build	Run clippy	2025-12-13T00:31:36.0633704Z [1m[92m   Compiling[0m find-msvc-tools v0.1.5
build	Run clippy	2025-12-13T00:31:36.2184952Z [1m[92m   Compiling[0m cc v1.2.49
build	Run clippy	2025-12-13T00:31:36.3019897Z [1m[92m   Compiling[0m graphene-sys v0.21.5
build	Run clippy	2025-12-13T00:31:36.3376073Z [1m[92m   Compiling[0m gdk4-sys v0.10.3
build	Run clippy	2025-12-13T00:31:36.4354281Z [1m[92m   Compiling[0m synstructure v0.13.2
build	Run clippy	2025-12-13T00:31:36.4779156Z [1m[92m    Checking[0m cfg-if v1.0.4
build	Run clippy	2025-12-13T00:31:36.5531824Z [1m[92m   Compiling[0m serde_core v1.0.228
build	Run clippy	2025-12-13T00:31:36.7260009Z [1m[92m   Compiling[0m glob v0.3.3
build	Run clippy	2025-12-13T00:31:37.0545832Z [1m[92m   Compiling[0m gtk4-sys v0.10.3
build	Run clippy	2025-12-13T00:31:37.1788401Z [1m[92m   Compiling[0m gsk4-sys v0.10.3
build	Run clippy	2025-12-13T00:31:37.2880100Z [1m[92m    Checking[0m futures-io v0.3.31
build	Run clippy	2025-12-13T00:31:37.3446594Z [1m[92m   Compiling[0m clang-sys v1.8.1
build	Run clippy	2025-12-13T00:31:37.5558699Z [1m[92m    Checking[0m litemap v0.8.1
build	Run clippy	2025-12-13T00:31:37.6791943Z [1m[92m   Compiling[0m serde v1.0.228
build	Run clippy	2025-12-13T00:31:37.7227653Z [1m[92m    Checking[0m writeable v0.6.2
build	Run clippy	2025-12-13T00:31:37.8242009Z [1m[92m   Compiling[0m prettyplease v0.2.37
build	Run clippy	2025-12-13T00:31:37.9290617Z [1m[92m   Compiling[0m icu_normalizer_data v2.1.1
build	Run clippy	2025-12-13T00:31:38.0157296Z [1m[92m   Compiling[0m regex-syntax v0.8.8
build	Run clippy	2025-12-13T00:31:38.0210661Z [1m[92m   Compiling[0m autocfg v1.5.0
build	Run clippy	2025-12-13T00:31:38.0905128Z [1m[92m   Compiling[0m zerofrom-derive v0.1.6
build	Run clippy	2025-12-13T00:31:38.3372704Z [1m[92m   Compiling[0m futures-macro v0.3.31
build	Run clippy	2025-12-13T00:31:39.0202875Z [1m[92m    Checking[0m futures-util v0.3.31
build	Run clippy	2025-12-13T00:31:39.2305904Z [1m[92m    Checking[0m zerofrom v0.1.6
build	Run clippy	2025-12-13T00:31:39.2864960Z [1m[92m   Compiling[0m yoke-derive v0.8.1
build	Run clippy	2025-12-13T00:31:39.2990231Z [1m[92m   Compiling[0m zerovec-derive v0.11.2
build	Run clippy	2025-12-13T00:31:39.8602420Z [1m[92m   Compiling[0m displaydoc v0.2.5
build	Run clippy	2025-12-13T00:31:40.2038260Z [1m[92m    Checking[0m yoke v0.8.1
build	Run clippy	2025-12-13T00:31:40.3112879Z [1m[92m   Compiling[0m glib-macros v0.21.5
build	Run clippy	2025-12-13T00:31:40.3227768Z [1m[92m    Checking[0m zerovec v0.11.5
build	Run clippy	2025-12-13T00:31:40.3851798Z [1m[92m    Checking[0m zerotrie v0.2.3
build	Run clippy	2025-12-13T00:31:40.5818364Z [1m[92m   Compiling[0m serde_derive v1.0.228
build	Run clippy	2025-12-13T00:31:40.6764624Z [1m[92m    Checking[0m futures-executor v0.3.31
build	Run clippy	2025-12-13T00:31:40.7551565Z [1m[92m   Compiling[0m icu_properties_data v2.1.2
build	Run clippy	2025-12-13T00:31:40.7678844Z [1m[92m    Checking[0m tinystr v0.8.2
build	Run clippy	2025-12-13T00:31:40.8528008Z [1m[92m    Checking[0m potential_utf v0.1.4
build	Run clippy	2025-12-13T00:31:40.8837187Z [1m[92m    Checking[0m icu_locale_core v2.1.1
build	Run clippy	2025-12-13T00:31:40.9121956Z [1m[92m   Compiling[0m typenum v1.19.0
build	Run clippy	2025-12-13T00:31:41.1311800Z [1m[92m   Compiling[0m semver v1.0.27
build	Run clippy	2025-12-13T00:31:41.3776330Z [1m[92m   Compiling[0m minimal-lexical v0.2.1
build	Run clippy	2025-12-13T00:31:41.5649977Z [1m[92m   Compiling[0m version_check v0.9.5
build	Run clippy	2025-12-13T00:31:41.7912968Z [1m[92m   Compiling[0m generic-array v0.14.7
build	Run clippy	2025-12-13T00:31:41.8844204Z [1m[92m    Checking[0m icu_provider v2.1.1
build	Run clippy	2025-12-13T00:31:42.0639016Z [1m[92m   Compiling[0m nom v7.1.3
build	Run clippy	2025-12-13T00:31:42.0916844Z [1m[92m   Compiling[0m rustc_version v0.4.1
build	Run clippy	2025-12-13T00:31:42.3257085Z [1m[92m    Checking[0m icu_collections v2.1.1
build	Run clippy	2025-12-13T00:31:42.5919985Z [1m[92m   Compiling[0m regex-automata v0.4.13
build	Run clippy	2025-12-13T00:31:43.6680122Z [1m[92m    Checking[0m glib v0.21.5
build	Run clippy	2025-12-13T00:31:43.6749946Z [1m[92m   Compiling[0m memoffset v0.9.1
build	Run clippy	2025-12-13T00:31:43.7736624Z [1m[92m   Compiling[0m libloading v0.8.9
build	Run clippy	2025-12-13T00:31:43.9014695Z [1m[92m   Compiling[0m ring v0.17.14
build	Run clippy	2025-12-13T00:31:44.1021101Z [1m[92m   Compiling[0m glib-sys v0.20.10
build	Run clippy	2025-12-13T00:31:44.2312663Z [1m[92m   Compiling[0m bindgen v0.72.1
build	Run clippy	2025-12-13T00:31:44.2682093Z [1m[92m    Checking[0m once_cell v1.21.3
build	Run clippy	2025-12-13T00:31:44.3694092Z [1m[92m    Checking[0m zeroize v1.8.2
build	Run clippy	2025-12-13T00:31:44.3815610Z [1m[92m   Compiling[0m either v1.15.0
build	Run clippy	2025-12-13T00:31:44.4586789Z [1m[92m    Checking[0m rustls-pki-types v1.13.1
build	Run clippy	2025-12-13T00:31:44.5071311Z [1m[92m   Compiling[0m itertools v0.13.0
build	Run clippy	2025-12-13T00:31:44.7231519Z [1m[92m   Compiling[0m regex v1.12.2
build	Run clippy	2025-12-13T00:31:45.3565662Z [1m[92m   Compiling[0m cexpr v0.6.0
build	Run clippy	2025-12-13T00:31:46.2406840Z [1m[92m   Compiling[0m field-offset v0.3.6
build	Run clippy	2025-12-13T00:31:48.0340805Z [1m[92m   Compiling[0m gobject-sys v0.20.10
build	Run clippy	2025-12-13T00:31:48.1468224Z [1m[92m   Compiling[0m rustc-hash v2.1.1
build	Run clippy	2025-12-13T00:31:48.3417705Z [1m[92m   Compiling[0m log v0.4.29
build	Run clippy	2025-12-13T00:31:48.4593451Z [1m[92m   Compiling[0m same-file v1.0.6
build	Run clippy	2025-12-13T00:31:48.5381867Z [1m[92m   Compiling[0m walkdir v2.5.0
build	Run clippy	2025-12-13T00:31:48.8388607Z [1m[92m    Checking[0m gio v0.21.5
build	Run clippy	2025-12-13T00:31:48.9409738Z [1m[92m    Checking[0m cairo-rs v0.21.5
build	Run clippy	2025-12-13T00:31:49.5096133Z [1m[92m    Checking[0m graphene-rs v0.21.5
build	Run clippy	2025-12-13T00:31:50.4035618Z [1m[92m    Checking[0m icu_properties v2.1.2
build	Run clippy	2025-12-13T00:31:51.0337806Z [1m[92m    Checking[0m icu_normalizer v2.1.1
build	Run clippy	2025-12-13T00:31:51.3871698Z [1m[92m   Compiling[0m cmake v0.1.54
build	Run clippy	2025-12-13T00:31:51.5932376Z [1m[92m   Compiling[0m find_cuda_helper v0.2.0
build	Run clippy	2025-12-13T00:31:51.6672559Z [1m[92m    Checking[0m getrandom v0.2.16
build	Run clippy	2025-12-13T00:31:51.7231538Z [1m[92m   Compiling[0m gio-sys v0.20.10
build	Run clippy	2025-12-13T00:31:51.8057909Z [1m[92m    Checking[0m aho-corasick v1.1.4
build	Run clippy	2025-12-13T00:31:53.0800811Z [1m[92m    Checking[0m untrusted v0.9.0
build	Run clippy	2025-12-13T00:31:53.2211618Z [1m[92m   Compiling[0m getrandom v0.3.4
build	Run clippy	2025-12-13T00:31:53.3855433Z [1m[92m   Compiling[0m crc32fast v1.5.0
build	Run clippy	2025-12-13T00:31:54.5278063Z [1m[92m   Compiling[0m llama-cpp-sys-2 v0.1.129
build	Run clippy	2025-12-13T00:31:54.9670434Z [1m[92m    Checking[0m idna_adapter v1.2.1
build	Run clippy	2025-12-13T00:31:55.0076407Z [1m[92m   Compiling[0m gtk4-macros v0.10.3
build	Run clippy	2025-12-13T00:31:55.0242780Z [1m[92m   Compiling[0m libadwaita-sys v0.8.1
build	Run clippy	2025-12-13T00:31:55.1387519Z [1m[92m   Compiling[0m sourceview5-sys v0.10.1
build	Run clippy	2025-12-13T00:31:55.2468289Z [1m[92m    Checking[0m simd-adler32 v0.3.8
build	Run clippy	2025-12-13T00:31:55.5665691Z [1m[92m   Compiling[0m thiserror v1.0.69
build	Run clippy	2025-12-13T00:31:55.6660494Z [1m[92m    Checking[0m utf8_iter v1.0.4
build	Run clippy	2025-12-13T00:31:55.7153634Z [1m[92m    Checking[0m percent-encoding v2.3.2
build	Run clippy	2025-12-13T00:31:55.7622744Z [1m[92m   Compiling[0m rustls v0.23.35
build	Run clippy	2025-12-13T00:31:55.7813901Z [1m[92m    Checking[0m adler2 v2.0.1
build	Run clippy	2025-12-13T00:31:55.8264539Z [1m[92m    Checking[0m utf8parse v0.2.2
build	Run clippy	2025-12-13T00:31:55.8325013Z [1m[92m    Checking[0m miniz_oxide v0.8.9
build	Run clippy	2025-12-13T00:31:55.8675547Z [1m[92m    Checking[0m anstyle-parse v0.2.7
build	Run clippy	2025-12-13T00:31:55.9595607Z [1m[92m    Checking[0m form_urlencoded v1.2.2
build	Run clippy	2025-12-13T00:31:56.0974063Z [1m[92m    Checking[0m idna v1.1.0
build	Run clippy	2025-12-13T00:31:56.9863141Z [1m[92m    Checking[0m crypto-common v0.1.7
build	Run clippy	2025-12-13T00:31:57.0256599Z [1m[92m    Checking[0m block-buffer v0.10.4
build	Run clippy	2025-12-13T00:31:57.0729271Z [1m[92m    Checking[0m webpki-roots v1.0.4
build	Run clippy	2025-12-13T00:31:57.1216683Z [1m[92m    Checking[0m tracing-core v0.1.35
build	Run clippy	2025-12-13T00:31:57.3018306Z [1m[92m    Checking[0m serde_spanned v0.6.9
build	Run clippy	2025-12-13T00:31:57.3446146Z [1m[92m    Checking[0m toml_datetime v0.6.11
build	Run clippy	2025-12-13T00:31:57.4317538Z [1m[92m   Compiling[0m glib-macros v0.20.12
build	Run clippy	2025-12-13T00:31:57.7118788Z [1m[92m    Checking[0m pango v0.21.5
build	Run clippy	2025-12-13T00:31:58.7388646Z [1m[92m    Checking[0m gdk-pixbuf v0.21.5
build	Run clippy	2025-12-13T00:31:59.1936047Z [1m[92m    Checking[0m gdk4 v0.10.3
build	Run clippy	2025-12-13T00:31:59.7310041Z [1m[92m    Checking[0m rustls-webpki v0.103.8
build	Run clippy	2025-12-13T00:32:00.0395373Z [1m[92m   Compiling[0m thiserror-impl v1.0.69
build	Run clippy	2025-12-13T00:32:00.3760754Z [1m[92m   Compiling[0m enumflags2_derive v0.7.12
build	Run clippy	2025-12-13T00:32:00.7962475Z [1m[92m   Compiling[0m tracing-attributes v0.1.31
build	Run clippy	2025-12-13T00:32:01.1006003Z [1m[92m    Checking[0m anstyle v1.0.13
build	Run clippy	2025-12-13T00:32:01.2356415Z [1m[92m    Checking[0m subtle v2.6.1
build	Run clippy	2025-12-13T00:32:01.7884544Z [1m[92m    Checking[0m gsk4 v0.10.3
build	Run clippy	2025-12-13T00:32:01.9060525Z [1m[92m    Checking[0m anstyle-query v1.1.5
build	Run clippy	2025-12-13T00:32:01.9450373Z [1m[92m   Compiling[0m serde_json v1.0.145
build	Run clippy	2025-12-13T00:32:02.0349329Z [1m[92m    Checking[0m colorchoice v1.0.4
build	Run clippy	2025-12-13T00:32:02.0760470Z [1m[92m    Checking[0m toml_write v0.1.2
build	Run clippy	2025-12-13T00:32:02.1881785Z [1m[92m   Compiling[0m anyhow v1.0.100
build	Run clippy	2025-12-13T00:32:02.3765294Z [1m[92m   Compiling[0m rustix v1.1.2
build	Run clippy	2025-12-13T00:32:02.5973809Z [1m[92m   Compiling[0m gio v0.20.12
build	Run clippy	2025-12-13T00:32:02.6467209Z [1m[92m    Checking[0m is_terminal_polyfill v1.70.2
build	Run clippy	2025-12-13T00:32:02.6541364Z [1m[92m    Checking[0m gtk4 v0.10.3
build	Run clippy	2025-12-13T00:32:02.6703637Z [1m[92m    Checking[0m option-ext v0.2.0
build	Run clippy	2025-12-13T00:32:02.6801827Z [1m[92m    Checking[0m anstream v0.6.21
build	Run clippy	2025-12-13T00:32:02.6989084Z [1m[92m    Checking[0m dirs-sys v0.4.1
build	Run clippy	2025-12-13T00:32:02.7664019Z [1m[92m    Checking[0m toml_edit v0.22.27
build	Run clippy	2025-12-13T00:32:02.9568820Z [1m[92m    Checking[0m tracing v0.1.43
build	Run clippy	2025-12-13T00:32:04.1132407Z [1m[92m    Checking[0m enumflags2 v0.7.12
build	Run clippy	2025-12-13T00:32:04.2191037Z [1m[92m    Checking[0m glib v0.20.12
build	Run clippy	2025-12-13T00:32:04.6422153Z [1m[91merror[0m: failed to run custom build command for `llama-cpp-sys-2 v0.1.129`
build	Run clippy	2025-12-13T00:32:04.6423053Z 
build	Run clippy	2025-12-13T00:32:04.6426527Z Caused by:
build	Run clippy	2025-12-13T00:32:04.6431669Z   process didn't exit successfully: `/home/runner/work/ghostpad/ghostpad/target/debug/build/llama-cpp-sys-2-a63d4635c8b2e9cf/build-script-build` (exit status: 101)
build	Run clippy	2025-12-13T00:32:04.6432743Z   --- stdout
build	Run clippy	2025-12-13T00:32:04.6433019Z   cargo:rerun-if-changed=build.rs
build	Run clippy	2025-12-13T00:32:04.6433458Z   cargo:rerun-if-env-changed=LLAMA_LIB_PROFILE
build	Run clippy	2025-12-13T00:32:04.6433922Z   cargo:rerun-if-env-changed=LLAMA_BUILD_SHARED_LIBS
build	Run clippy	2025-12-13T00:32:04.6434375Z   cargo:rerun-if-env-changed=LLAMA_STATIC_CRT
build	Run clippy	2025-12-13T00:32:04.6435314Z   cargo:rerun-if-changed=/home/runner/.cargo/registry/src/index.crates.io-1949cf8c6b5b557f/llama-cpp-sys-2-0.1.129/llama.cpp/pocs/CMakeLists.txt
build	Run clippy	2025-12-13T00:32:04.6436805Z   cargo:rerun-if-changed=/home/runner/.cargo/registry/src/index.crates.io-1949cf8c6b5b557f/llama-cpp-sys-2-0.1.129/llama.cpp/pocs/vdot/CMakeLists.txt
build	Run clippy	2025-12-13T00:32:04.6438270Z   cargo:rerun-if-changed=/home/runner/.cargo/registry/src/index.crates.io-1949cf8c6b5b557f/llama-cpp-sys-2-0.1.129/llama.cpp/ggml/CMakeLists.txt
build	Run clippy	2025-12-13T00:32:04.6439665Z   cargo:rerun-if-changed=/home/runner/.cargo/registry/src/index.crates.io-1949cf8c6b5b557f/llama-cpp-sys-2-0.1.129/llama.cpp/ggml/src
build	Run clippy	2025-12-13T00:32:04.6441197Z   cargo:rerun-if-changed=/home/runner/.cargo/registry/src/index.crates.io-1949cf8c6b5b557f/llama-cpp-sys-2-0.1.129/llama.cpp/ggml/src/ggml-common.h
build	Run clippy	2025-12-13T00:32:04.6442627Z   cargo:rerun-if-changed=/home/runner/.cargo/registry/src/index.crates.io-1949cf8c6b5b557f/llama-cpp-sys-2-0.1.129/llama.cpp/ggml/src/ggml.c
build	Run clippy	2025-12-13T00:32:04.6444053Z   cargo:rerun-if-changed=/home/runner/.cargo/registry/src/index.crates.io-1949cf8c6b5b557f/llama-cpp-sys-2-0.1.129/llama.cpp/ggml/src/ggml-quants.c
build	Run clippy	2025-12-13T00:32:04.6445988Z   cargo:rerun-if-changed=/home/runner/.cargo/registry/src/index.crates.io-1949cf8c6b5b557f/llama-cpp-sys-2-0.1.129/llama.cpp/ggml/src/ggml-backend-reg.cpp
build	Run clippy	2025-12-13T00:32:04.6447496Z   cargo:rerun-if-changed=/home/runner/.cargo/registry/src/index.crates.io-1949cf8c6b5b557f/llama-cpp-sys-2-0.1.129/llama.cpp/ggml/src/gguf.cpp
build	Run clippy	2025-12-13T00:32:04.6448954Z   cargo:rerun-if-changed=/home/runner/.cargo/registry/src/index.crates.io-1949cf8c6b5b557f/llama-cpp-sys-2-0.1.129/llama.cpp/ggml/src/ggml-quants.h
build	Run clippy	2025-12-13T00:32:04.6450452Z   cargo:rerun-if-changed=/home/runner/.cargo/registry/src/index.crates.io-1949cf8c6b5b557f/llama-cpp-sys-2-0.1.129/llama.cpp/ggml/src/ggml-threading.h
build	Run clippy	2025-12-13T00:32:04.6499826Z   cargo:rerun-if-changed=/home/runner/.cargo/registry/src/index.crates.io-1949cf8c6b5b557f/llama-cpp-sys-2-0.1.129/llama.cpp/ggml/src/ggml-cpu
build	Run clippy	2025-12-13T00:32:04.6506284Z   cargo:rerun-if-changed=/home/runner/.cargo/registry/src/index.crates.io-1949cf8c6b5b557f/llama-cpp-sys-2-0.1.129/llama.cpp/ggml/src/ggml-cpu/unary-ops.cpp
build	Run clippy	2025-12-13T00:32:04.6507869Z   cargo:rerun-if-changed=/home/runner/.cargo/registry/src/index.crates.io-1949cf8c6b5b557f/llama-cpp-sys-2-0.1.129/llama.cpp/ggml/src/ggml-cpu/spacemit
build	Run clippy	2025-12-13T00:32:04.6509409Z   cargo:rerun-if-changed=/home/runner/.cargo/registry/src/index.crates.io-1949cf8c6b5b557f/llama-cpp-sys-2-0.1.129/llama.cpp/ggml/src/ggml-cpu/spacemit/ime.h
build	Run clippy	2025-12-13T00:32:04.6511244Z   cargo:rerun-if-changed=/home/runner/.cargo/registry/src/index.crates.io-1949cf8c6b5b557f/llama-cpp-sys-2-0.1.129/llama.cpp/ggml/src/ggml-cpu/spacemit/ime1_kernels.cpp
build	Run clippy	2025-12-13T00:32:04.6512966Z   cargo:rerun-if-changed=/home/runner/.cargo/registry/src/index.crates.io-1949cf8c6b5b557f/llama-cpp-sys-2-0.1.129/llama.cpp/ggml/src/ggml-cpu/spacemit/ime_kernels.h
build	Run clippy	2025-12-13T00:32:04.6514566Z   cargo:rerun-if-changed=/home/runner/.cargo/registry/src/index.crates.io-1949cf8c6b5b557f/llama-cpp-sys-2-0.1.129/llama.cpp/ggml/src/ggml-cpu/spacemit/ime.cpp
build	Run clippy	2025-12-13T00:32:04.6516427Z   cargo:rerun-if-changed=/home/runner/.cargo/registry/src/index.crates.io-1949cf8c6b5b557f/llama-cpp-sys-2-0.1.129/llama.cpp/ggml/src/ggml-cpu/traits.cpp
build	Run clippy	2025-12-13T00:32:04.6517994Z   cargo:rerun-if-changed=/home/runner/.cargo/registry/src/index.crates.io-1949cf8c6b5b557f/llama-cpp-sys-2-0.1.129/llama.cpp/ggml/src/ggml-cpu/ggml-cpu.c
build	Run clippy	2025-12-13T00:32:04.6519482Z   cargo:rerun-if-changed=/home/runner/.cargo/registry/src/index.crates.io-1949cf8c6b5b557f/llama-cpp-sys-2-0.1.129/llama.cpp/ggml/src/ggml-cpu/hbm.cpp
build	Run clippy	2025-12-13T00:32:04.6521113Z   cargo:rerun-if-changed=/home/runner/.cargo/registry/src/index.crates.io-1949cf8c6b5b557f/llama-cpp-sys-2-0.1.129/llama.cpp/ggml/src/ggml-cpu/repack.h
build	Run clippy	2025-12-13T00:32:04.6522617Z   cargo:rerun-if-changed=/home/runner/.cargo/registry/src/index.crates.io-1949cf8c6b5b557f/llama-cpp-sys-2-0.1.129/llama.cpp/ggml/src/ggml-cpu/hbm.h
build	Run clippy	2025-12-13T00:32:04.6524078Z   cargo:rerun-if-changed=/home/runner/.cargo/registry/src/index.crates.io-1949cf8c6b5b557f/llama-cpp-sys-2-0.1.129/llama.cpp/ggml/src/ggml-cpu/vec.h
build	Run clippy	2025-12-13T00:32:04.6525562Z   cargo:rerun-if-changed=/home/runner/.cargo/registry/src/index.crates.io-1949cf8c6b5b557f/llama-cpp-sys-2-0.1.129/llama.cpp/ggml/src/ggml-cpu/ops.h
build	Run clippy	2025-12-13T00:32:04.6527031Z   cargo:rerun-if-changed=/home/runner/.cargo/registry/src/index.crates.io-1949cf8c6b5b557f/llama-cpp-sys-2-0.1.129/llama.cpp/ggml/src/ggml-cpu/vec.cpp
build	Run clippy	2025-12-13T00:32:04.6528499Z   cargo:rerun-if-changed=/home/runner/.cargo/registry/src/index.crates.io-1949cf8c6b5b557f/llama-cpp-sys-2-0.1.129/llama.cpp/ggml/src/ggml-cpu/common.h
build	Run clippy	2025-12-13T00:32:04.6529994Z   cargo:rerun-if-changed=/home/runner/.cargo/registry/src/index.crates.io-1949cf8c6b5b557f/llama-cpp-sys-2-0.1.129/llama.cpp/ggml/src/ggml-cpu/arch
build	Run clippy	2025-12-13T00:32:04.6535203Z   cargo:rerun-if-changed=/home/runner/.cargo/registry/src/index.crates.io-1949cf8c6b5b557f/llama-cpp-sys-2-0.1.129/llama.cpp/ggml/src/ggml-cpu/arch/arm
build	Run clippy	2025-12-13T00:32:04.6536752Z   cargo:rerun-if-changed=/home/runner/.cargo/registry/src/index.crates.io-1949cf8c6b5b557f/llama-cpp-sys-2-0.1.129/llama.cpp/ggml/src/ggml-cpu/arch/arm/repack.cpp
build	Run clippy	2025-12-13T00:32:04.6538572Z   cargo:rerun-if-changed=/home/runner/.cargo/registry/src/index.crates.io-1949cf8c6b5b557f/llama-cpp-sys-2-0.1.129/llama.cpp/ggml/src/ggml-cpu/arch/arm/cpu-feats.cpp
build	Run clippy	2025-12-13T00:32:04.6540180Z   cargo:rerun-if-changed=/home/runner/.cargo/registry/src/index.crates.io-1949cf8c6b5b557f/llama-cpp-sys-2-0.1.129/llama.cpp/ggml/src/ggml-cpu/arch/arm/quants.c
build	Run clippy	2025-12-13T00:32:04.6541877Z   cargo:rerun-if-changed=/home/runner/.cargo/registry/src/index.crates.io-1949cf8c6b5b557f/llama-cpp-sys-2-0.1.129/llama.cpp/ggml/src/ggml-cpu/arch/riscv
build	Run clippy	2025-12-13T00:32:04.6543438Z   cargo:rerun-if-changed=/home/runner/.cargo/registry/src/index.crates.io-1949cf8c6b5b557f/llama-cpp-sys-2-0.1.129/llama.cpp/ggml/src/ggml-cpu/arch/riscv/repack.cpp
build	Run clippy	2025-12-13T00:32:04.6545045Z   cargo:rerun-if-changed=/home/runner/.cargo/registry/src/index.crates.io-1949cf8c6b5b557f/llama-cpp-sys-2-0.1.129/llama.cpp/ggml/src/ggml-cpu/arch/riscv/quants.c
build	Run clippy	2025-12-13T00:32:04.6546594Z   cargo:rerun-if-changed=/home/runner/.cargo/registry/src/index.crates.io-1949cf8c6b5b557f/llama-cpp-sys-2-0.1.129/llama.cpp/ggml/src/ggml-cpu/arch/wasm
build	Run clippy	2025-12-13T00:32:04.6548144Z   cargo:rerun-if-changed=/home/runner/.cargo/registry/src/index.crates.io-1949cf8c6b5b557f/llama-cpp-sys-2-0.1.129/llama.cpp/ggml/src/ggml-cpu/arch/wasm/quants.c
build	Run clippy	2025-12-13T00:32:04.6549771Z   cargo:rerun-if-changed=/home/runner/.cargo/registry/src/index.crates.io-1949cf8c6b5b557f/llama-cpp-sys-2-0.1.129/llama.cpp/ggml/src/ggml-cpu/arch/s390
build	Run clippy	2025-12-13T00:32:04.6551485Z   cargo:rerun-if-changed=/home/runner/.cargo/registry/src/index.crates.io-1949cf8c6b5b557f/llama-cpp-sys-2-0.1.129/llama.cpp/ggml/src/ggml-cpu/arch/s390/cpu-feats.cpp
build	Run clippy	2025-12-13T00:32:04.6553084Z   cargo:rerun-if-changed=/home/runner/.cargo/registry/src/index.crates.io-1949cf8c6b5b557f/llama-cpp-sys-2-0.1.129/llama.cpp/ggml/src/ggml-cpu/arch/s390/quants.c
build	Run clippy	2025-12-13T00:32:04.6554635Z   cargo:rerun-if-changed=/home/runner/.cargo/registry/src/index.crates.io-1949cf8c6b5b557f/llama-cpp-sys-2-0.1.129/llama.cpp/ggml/src/ggml-cpu/arch/loongarch
build	Run clippy	2025-12-13T00:32:04.6556416Z   cargo:rerun-if-changed=/home/runner/.cargo/registry/src/index.crates.io-1949cf8c6b5b557f/llama-cpp-sys-2-0.1.129/llama.cpp/ggml/src/ggml-cpu/arch/loongarch/quants.c
build	Run clippy	2025-12-13T00:32:04.6557981Z   cargo:rerun-if-changed=/home/runner/.cargo/registry/src/index.crates.io-1949cf8c6b5b557f/llama-cpp-sys-2-0.1.129/llama.cpp/ggml/src/ggml-cpu/arch/powerpc
build	Run clippy	2025-12-13T00:32:04.6559608Z   cargo:rerun-if-changed=/home/runner/.cargo/registry/src/index.crates.io-1949cf8c6b5b557f/llama-cpp-sys-2-0.1.129/llama.cpp/ggml/src/ggml-cpu/arch/powerpc/cpu-feats.cpp
build	Run clippy	2025-12-13T00:32:04.6561699Z   cargo:rerun-if-changed=/home/runner/.cargo/registry/src/index.crates.io-1949cf8c6b5b557f/llama-cpp-sys-2-0.1.129/llama.cpp/ggml/src/ggml-cpu/arch/powerpc/quants.c
build	Run clippy	2025-12-13T00:32:04.6563258Z   cargo:rerun-if-changed=/home/runner/.cargo/registry/src/index.crates.io-1949cf8c6b5b557f/llama-cpp-sys-2-0.1.129/llama.cpp/ggml/src/ggml-cpu/arch/x86
build	Run clippy	2025-12-13T00:32:04.6564876Z   cargo:rerun-if-changed=/home/runner/.cargo/registry/src/index.crates.io-1949cf8c6b5b557f/llama-cpp-sys-2-0.1.129/llama.cpp/ggml/src/ggml-cpu/arch/x86/repack.cpp
build	Run clippy	2025-12-13T00:32:04.6566473Z   cargo:rerun-if-changed=/home/runner/.cargo/registry/src/index.crates.io-1949cf8c6b5b557f/llama-cpp-sys-2-0.1.129/llama.cpp/ggml/src/ggml-cpu/arch/x86/cpu-feats.cpp
build	Run clippy	2025-12-13T00:32:04.6568111Z   cargo:rerun-if-changed=/home/runner/.cargo/registry/src/index.crates.io-1949cf8c6b5b557f/llama-cpp-sys-2-0.1.129/llama.cpp/ggml/src/ggml-cpu/arch/x86/quants.c
build	Run clippy	2025-12-13T00:32:04.6569635Z   cargo:rerun-if-changed=/home/runner/.cargo/registry/src/index.crates.io-1949cf8c6b5b557f/llama-cpp-sys-2-0.1.129/llama.cpp/ggml/src/ggml-cpu/kleidiai
build	Run clippy	2025-12-13T00:32:04.6571311Z   cargo:rerun-if-changed=/home/runner/.cargo/registry/src/index.crates.io-1949cf8c6b5b557f/llama-cpp-sys-2-0.1.129/llama.cpp/ggml/src/ggml-cpu/kleidiai/kernels.cpp
build	Run clippy	2025-12-13T00:32:04.6573134Z   cargo:rerun-if-changed=/home/runner/.cargo/registry/src/index.crates.io-1949cf8c6b5b557f/llama-cpp-sys-2-0.1.129/llama.cpp/ggml/src/ggml-cpu/kleidiai/kleidiai.h
build	Run clippy	2025-12-13T00:32:04.6574746Z   cargo:rerun-if-changed=/home/runner/.cargo/registry/src/index.crates.io-1949cf8c6b5b557f/llama-cpp-sys-2-0.1.129/llama.cpp/ggml/src/ggml-cpu/kleidiai/kernels.h
build	Run clippy	2025-12-13T00:32:04.6576336Z   cargo:rerun-if-changed=/home/runner/.cargo/registry/src/index.crates.io-1949cf8c6b5b557f/llama-cpp-sys-2-0.1.129/llama.cpp/ggml/src/ggml-cpu/kleidiai/kleidiai.cpp
build	Run clippy	2025-12-13T00:32:04.6577943Z   cargo:rerun-if-changed=/home/runner/.cargo/registry/src/index.crates.io-1949cf8c6b5b557f/llama-cpp-sys-2-0.1.129/llama.cpp/ggml/src/ggml-cpu/simd-mappings.h
build	Run clippy	2025-12-13T00:32:04.6579596Z   cargo:rerun-if-changed=/home/runner/.cargo/registry/src/index.crates.io-1949cf8c6b5b557f/llama-cpp-sys-2-0.1.129/llama.cpp/ggml/src/ggml-cpu/repack.cpp
build	Run clippy	2025-12-13T00:32:04.6581302Z   cargo:rerun-if-changed=/home/runner/.cargo/registry/src/index.crates.io-1949cf8c6b5b557f/llama-cpp-sys-2-0.1.129/llama.cpp/ggml/src/ggml-cpu/binary-ops.h
build	Run clippy	2025-12-13T00:32:04.6582909Z   cargo:rerun-if-changed=/home/runner/.cargo/registry/src/index.crates.io-1949cf8c6b5b557f/llama-cpp-sys-2-0.1.129/llama.cpp/ggml/src/ggml-cpu/CMakeLists.txt
build	Run clippy	2025-12-13T00:32:04.6584477Z   cargo:rerun-if-changed=/home/runner/.cargo/registry/src/index.crates.io-1949cf8c6b5b557f/llama-cpp-sys-2-0.1.129/llama.cpp/ggml/src/ggml-cpu/binary-ops.cpp
build	Run clippy	2025-12-13T00:32:04.6586017Z   cargo:rerun-if-changed=/home/runner/.cargo/registry/src/index.crates.io-1949cf8c6b5b557f/llama-cpp-sys-2-0.1.129/llama.cpp/ggml/src/ggml-cpu/quants.h
build	Run clippy	2025-12-13T00:32:04.6587579Z   cargo:rerun-if-changed=/home/runner/.cargo/registry/src/index.crates.io-1949cf8c6b5b557f/llama-cpp-sys-2-0.1.129/llama.cpp/ggml/src/ggml-cpu/llamafile
build	Run clippy	2025-12-13T00:32:04.6589110Z   cargo:rerun-if-changed=/home/runner/.cargo/registry/src/index.crates.io-1949cf8c6b5b557f/llama-cpp-sys-2-0.1.129/llama.cpp/ggml/src/ggml-cpu/llamafile/sgemm.h
build	Run clippy	2025-12-13T00:32:04.6591044Z   cargo:rerun-if-changed=/home/runner/.cargo/registry/src/index.crates.io-1949cf8c6b5b557f/llama-cpp-sys-2-0.1.129/llama.cpp/ggml/src/ggml-cpu/llamafile/sgemm.cpp
build	Run clippy	2025-12-13T00:32:04.6592558Z   cargo:rerun-if-changed=/home/runner/.cargo/registry/src/index.crates.io-1949cf8c6b5b557f/llama-cpp-sys-2-0.1.129/llama.cpp/ggml/src/ggml-cpu/cmake
build	Run clippy	2025-12-13T00:32:04.6594099Z   cargo:rerun-if-changed=/home/runner/.cargo/registry/src/index.crates.io-1949cf8c6b5b557f/llama-cpp-sys-2-0.1.129/llama.cpp/ggml/src/ggml-cpu/cmake/FindSIMD.cmake
build	Run clippy	2025-12-13T00:32:04.6595676Z   cargo:rerun-if-changed=/home/runner/.cargo/registry/src/index.crates.io-1949cf8c6b5b557f/llama-cpp-sys-2-0.1.129/llama.cpp/ggml/src/ggml-cpu/ggml-cpu.cpp
build	Run clippy	2025-12-13T00:32:04.6597235Z   cargo:rerun-if-changed=/home/runner/.cargo/registry/src/index.crates.io-1949cf8c6b5b557f/llama-cpp-sys-2-0.1.129/llama.cpp/ggml/src/ggml-cpu/unary-ops.h
build	Run clippy	2025-12-13T00:32:04.6598759Z   cargo:rerun-if-changed=/home/runner/.cargo/registry/src/index.crates.io-1949cf8c6b5b557f/llama-cpp-sys-2-0.1.129/llama.cpp/ggml/src/ggml-cpu/arch-fallback.h
build	Run clippy	2025-12-13T00:32:04.6600290Z   cargo:rerun-if-changed=/home/runner/.cargo/registry/src/index.crates.io-1949cf8c6b5b557f/llama-cpp-sys-2-0.1.129/llama.cpp/ggml/src/ggml-cpu/ggml-cpu-impl.h
build	Run clippy	2025-12-13T00:32:04.6601888Z   cargo:rerun-if-changed=/home/runner/.cargo/registry/src/index.crates.io-1949cf8c6b5b557f/llama-cpp-sys-2-0.1.129/llama.cpp/ggml/src/ggml-cpu/traits.h
build	Run clippy	2025-12-13T00:32:04.6603329Z   cargo:rerun-if-changed=/home/runner/.cargo/registry/src/index.crates.io-1949cf8c6b5b557f/llama-cpp-sys-2-0.1.129/llama.cpp/ggml/src/ggml-cpu/ops.cpp
build	Run clippy	2025-12-13T00:32:04.6604751Z   cargo:rerun-if-changed=/home/runner/.cargo/registry/src/index.crates.io-1949cf8c6b5b557f/llama-cpp-sys-2-0.1.129/llama.cpp/ggml/src/ggml-cpu/amx
build	Run clippy	2025-12-13T00:32:04.6606155Z   cargo:rerun-if-changed=/home/runner/.cargo/registry/src/index.crates.io-1949cf8c6b5b557f/llama-cpp-sys-2-0.1.129/llama.cpp/ggml/src/ggml-cpu/amx/amx.h
build	Run clippy	2025-12-13T00:32:04.6607613Z   cargo:rerun-if-changed=/home/runner/.cargo/registry/src/index.crates.io-1949cf8c6b5b557f/llama-cpp-sys-2-0.1.129/llama.cpp/ggml/src/ggml-cpu/amx/mmq.h
build	Run clippy	2025-12-13T00:32:04.6609261Z   cargo:rerun-if-changed=/home/runner/.cargo/registry/src/index.crates.io-1949cf8c6b5b557f/llama-cpp-sys-2-0.1.129/llama.cpp/ggml/src/ggml-cpu/amx/mmq.cpp
build	Run clippy	2025-12-13T00:32:04.6610728Z   cargo:rerun-if-changed=/home/runner/.cargo/registry/src/index.crates.io-1949cf8c6b5b557f/llama-cpp-sys-2-0.1.129/llama.cpp/ggml/src/ggml-cpu/amx/common.h
build	Run clippy	2025-12-13T00:32:04.6612322Z   cargo:rerun-if-changed=/home/runner/.cargo/registry/src/index.crates.io-1949cf8c6b5b557f/llama-cpp-sys-2-0.1.129/llama.cpp/ggml/src/ggml-cpu/amx/amx.cpp
build	Run clippy	2025-12-13T00:32:04.6613768Z   cargo:rerun-if-changed=/home/runner/.cargo/registry/src/index.crates.io-1949cf8c6b5b557f/llama-cpp-sys-2-0.1.129/llama.cpp/ggml/src/ggml-cpu/quants.c
build	Run clippy	2025-12-13T00:32:04.6615218Z   cargo:rerun-if-changed=/home/runner/.cargo/registry/src/index.crates.io-1949cf8c6b5b557f/llama-cpp-sys-2-0.1.129/llama.cpp/ggml/src/ggml-opt.cpp
build	Run clippy	2025-12-13T00:32:04.6616639Z   cargo:rerun-if-changed=/home/runner/.cargo/registry/src/index.crates.io-1949cf8c6b5b557f/llama-cpp-sys-2-0.1.129/llama.cpp/ggml/src/ggml-vulkan
build	Run clippy	2025-12-13T00:32:04.6618159Z   cargo:rerun-if-changed=/home/runner/.cargo/registry/src/index.crates.io-1949cf8c6b5b557f/llama-cpp-sys-2-0.1.129/llama.cpp/ggml/src/ggml-vulkan/vulkan-shaders
build	Run clippy	2025-12-13T00:32:04.6619782Z   cargo:rerun-if-changed=/home/runner/.cargo/registry/src/index.crates.io-1949cf8c6b5b557f/llama-cpp-sys-2-0.1.129/llama.cpp/ggml/src/ggml-vulkan/vulkan-shaders/rope_multi.comp
build	Run clippy	2025-12-13T00:32:04.6621595Z   cargo:rerun-if-changed=/home/runner/.cargo/registry/src/index.crates.io-1949cf8c6b5b557f/llama-cpp-sys-2-0.1.129/llama.cpp/ggml/src/ggml-vulkan/vulkan-shaders/leaky_relu.comp
build	Run clippy	2025-12-13T00:32:04.6623267Z   cargo:rerun-if-changed=/home/runner/.cargo/registry/src/index.crates.io-1949cf8c6b5b557f/llama-cpp-sys-2-0.1.129/llama.cpp/ggml/src/ggml-vulkan/vulkan-shaders/rms_norm.comp
build	Run clippy	2025-12-13T00:32:04.6625124Z   cargo:rerun-if-changed=/home/runner/.cargo/registry/src/index.crates.io-1949cf8c6b5b557f/llama-cpp-sys-2-0.1.129/llama.cpp/ggml/src/ggml-vulkan/vulkan-shaders/multi_add.comp
build	Run clippy	2025-12-13T00:32:04.6626817Z   cargo:rerun-if-changed=/home/runner/.cargo/registry/src/index.crates.io-1949cf8c6b5b557f/llama-cpp-sys-2-0.1.129/llama.cpp/ggml/src/ggml-vulkan/vulkan-shaders/mul_mmq_funcs.glsl
build	Run clippy	2025-12-13T00:32:04.6628503Z   cargo:rerun-if-changed=/home/runner/.cargo/registry/src/index.crates.io-1949cf8c6b5b557f/llama-cpp-sys-2-0.1.129/llama.cpp/ggml/src/ggml-vulkan/vulkan-shaders/log.comp
build	Run clippy	2025-12-13T00:32:04.6630180Z   cargo:rerun-if-changed=/home/runner/.cargo/registry/src/index.crates.io-1949cf8c6b5b557f/llama-cpp-sys-2-0.1.129/llama.cpp/ggml/src/ggml-vulkan/vulkan-shaders/dequant_q5_0.comp
build	Run clippy	2025-12-13T00:32:04.6632084Z   cargo:rerun-if-changed=/home/runner/.cargo/registry/src/index.crates.io-1949cf8c6b5b557f/llama-cpp-sys-2-0.1.129/llama.cpp/ggml/src/ggml-vulkan/vulkan-shaders/mul_mat_vec_iq3_s.comp
build	Run clippy	2025-12-13T00:32:04.6633926Z   cargo:rerun-if-changed=/home/runner/.cargo/registry/src/index.crates.io-1949cf8c6b5b557f/llama-cpp-sys-2-0.1.129/llama.cpp/ggml/src/ggml-vulkan/vulkan-shaders/topk_moe.comp
build	Run clippy	2025-12-13T00:32:04.6635681Z   cargo:rerun-if-changed=/home/runner/.cargo/registry/src/index.crates.io-1949cf8c6b5b557f/llama-cpp-sys-2-0.1.129/llama.cpp/ggml/src/ggml-vulkan/vulkan-shaders/floor.comp
build	Run clippy	2025-12-13T00:32:04.6637404Z   cargo:rerun-if-changed=/home/runner/.cargo/registry/src/index.crates.io-1949cf8c6b5b557f/llama-cpp-sys-2-0.1.129/llama.cpp/ggml/src/ggml-vulkan/vulkan-shaders/div.comp
build	Run clippy	2025-12-13T00:32:04.6639122Z   cargo:rerun-if-changed=/home/runner/.cargo/registry/src/index.crates.io-1949cf8c6b5b557f/llama-cpp-sys-2-0.1.129/llama.cpp/ggml/src/ggml-vulkan/vulkan-shaders/copy.comp
build	Run clippy	2025-12-13T00:32:04.6641058Z   cargo:rerun-if-changed=/home/runner/.cargo/registry/src/index.crates.io-1949cf8c6b5b557f/llama-cpp-sys-2-0.1.129/llama.cpp/ggml/src/ggml-vulkan/vulkan-shaders/dequant_f32.comp
build	Run clippy	2025-12-13T00:32:04.6643067Z   cargo:rerun-if-changed=/home/runner/.cargo/registry/src/index.crates.io-1949cf8c6b5b557f/llama-cpp-sys-2-0.1.129/llama.cpp/ggml/src/ggml-vulkan/vulkan-shaders/sum_rows.comp
build	Run clippy	2025-12-13T00:32:04.6644815Z   cargo:rerun-if-changed=/home/runner/.cargo/registry/src/index.crates.io-1949cf8c6b5b557f/llama-cpp-sys-2-0.1.129/llama.cpp/ggml/src/ggml-vulkan/vulkan-shaders/dequant_q4_0.comp
build	Run clippy	2025-12-13T00:32:04.6646629Z   cargo:rerun-if-changed=/home/runner/.cargo/registry/src/index.crates.io-1949cf8c6b5b557f/llama-cpp-sys-2-0.1.129/llama.cpp/ggml/src/ggml-vulkan/vulkan-shaders/flash_attn.comp
build	Run clippy	2025-12-13T00:32:04.6648438Z   cargo:rerun-if-changed=/home/runner/.cargo/registry/src/index.crates.io-1949cf8c6b5b557f/llama-cpp-sys-2-0.1.129/llama.cpp/ggml/src/ggml-vulkan/vulkan-shaders/vulkan-shaders-gen.cpp
build	Run clippy	2025-12-13T00:32:04.6650274Z   cargo:rerun-if-changed=/home/runner/.cargo/registry/src/index.crates.io-1949cf8c6b5b557f/llama-cpp-sys-2-0.1.129/llama.cpp/ggml/src/ggml-vulkan/vulkan-shaders/dequant_q5_k.comp
build	Run clippy	2025-12-13T00:32:04.6652183Z   cargo:rerun-if-changed=/home/runner/.cargo/registry/src/index.crates.io-1949cf8c6b5b557f/llama-cpp-sys-2-0.1.129/llama.cpp/ggml/src/ggml-vulkan/vulkan-shaders/round.comp
build	Run clippy	2025-12-13T00:32:04.6653892Z   cargo:rerun-if-changed=/home/runner/.cargo/registry/src/index.crates.io-1949cf8c6b5b557f/llama-cpp-sys-2-0.1.129/llama.cpp/ggml/src/ggml-vulkan/vulkan-shaders/rte.glsl
build	Run clippy	2025-12-13T00:32:04.6655678Z   cargo:rerun-if-changed=/home/runner/.cargo/registry/src/index.crates.io-1949cf8c6b5b557f/llama-cpp-sys-2-0.1.129/llama.cpp/ggml/src/ggml-vulkan/vulkan-shaders/mul_mat_vec_q6_k.comp
build	Run clippy	2025-12-13T00:32:04.6657586Z   cargo:rerun-if-changed=/home/runner/.cargo/registry/src/index.crates.io-1949cf8c6b5b557f/llama-cpp-sys-2-0.1.129/llama.cpp/ggml/src/ggml-vulkan/vulkan-shaders/timestep_embedding.comp
build	Run clippy	2025-12-13T00:32:04.6659422Z   cargo:rerun-if-changed=/home/runner/.cargo/registry/src/index.crates.io-1949cf8c6b5b557f/llama-cpp-sys-2-0.1.129/llama.cpp/ggml/src/ggml-vulkan/vulkan-shaders/argsort.comp
build	Run clippy	2025-12-13T00:32:04.6661551Z   cargo:rerun-if-changed=/home/runner/.cargo/registry/src/index.crates.io-1949cf8c6b5b557f/llama-cpp-sys-2-0.1.129/llama.cpp/ggml/src/ggml-vulkan/vulkan-shaders/hardsigmoid.comp
build	Run clippy	2025-12-13T00:32:04.6663347Z   cargo:rerun-if-changed=/home/runner/.cargo/registry/src/index.crates.io-1949cf8c6b5b557f/llama-cpp-sys-2-0.1.129/llama.cpp/ggml/src/ggml-vulkan/vulkan-shaders/ssm_conv.comp
build	Run clippy	2025-12-13T00:32:04.6665137Z   cargo:rerun-if-changed=/home/runner/.cargo/registry/src/index.crates.io-1949cf8c6b5b557f/llama-cpp-sys-2-0.1.129/llama.cpp/ggml/src/ggml-vulkan/vulkan-shaders/dequant_q5_1.comp
build	Run clippy	2025-12-13T00:32:04.6667042Z   cargo:rerun-if-changed=/home/runner/.cargo/registry/src/index.crates.io-1949cf8c6b5b557f/llama-cpp-sys-2-0.1.129/llama.cpp/ggml/src/ggml-vulkan/vulkan-shaders/mul_mat_vec_p021.comp
build	Run clippy	2025-12-13T00:32:04.6668895Z   cargo:rerun-if-changed=/home/runner/.cargo/registry/src/index.crates.io-1949cf8c6b5b557f/llama-cpp-sys-2-0.1.129/llama.cpp/ggml/src/ggml-vulkan/vulkan-shaders/copy_transpose.comp
build	Run clippy	2025-12-13T00:32:04.6670718Z   cargo:rerun-if-changed=/home/runner/.cargo/registry/src/index.crates.io-1949cf8c6b5b557f/llama-cpp-sys-2-0.1.129/llama.cpp/ggml/src/ggml-vulkan/vulkan-shaders/sub.comp
build	Run clippy	2025-12-13T00:32:04.6672786Z   cargo:rerun-if-changed=/home/runner/.cargo/registry/src/index.crates.io-1949cf8c6b5b557f/llama-cpp-sys-2-0.1.129/llama.cpp/ggml/src/ggml-vulkan/vulkan-shaders/mul_mat_vec_iq1_m.comp
build	Run clippy	2025-12-13T00:32:04.6674607Z   cargo:rerun-if-changed=/home/runner/.cargo/registry/src/index.crates.io-1949cf8c6b5b557f/llama-cpp-sys-2-0.1.129/llama.cpp/ggml/src/ggml-vulkan/vulkan-shaders/gelu_erf.comp
build	Run clippy	2025-12-13T00:32:04.6676364Z   cargo:rerun-if-changed=/home/runner/.cargo/registry/src/index.crates.io-1949cf8c6b5b557f/llama-cpp-sys-2-0.1.129/llama.cpp/ggml/src/ggml-vulkan/vulkan-shaders/im2col.comp
build	Run clippy	2025-12-13T00:32:04.6678157Z   cargo:rerun-if-changed=/home/runner/.cargo/registry/src/index.crates.io-1949cf8c6b5b557f/llama-cpp-sys-2-0.1.129/llama.cpp/ggml/src/ggml-vulkan/vulkan-shaders/mul_mat_vec_q5_k.comp
build	Run clippy	2025-12-13T00:32:04.6680245Z   cargo:rerun-if-changed=/home/runner/.cargo/registry/src/index.crates.io-1949cf8c6b5b557f/llama-cpp-sys-2-0.1.129/llama.cpp/ggml/src/ggml-vulkan/vulkan-shaders/mul_mmq_shmem_types.glsl
build	Run clippy	2025-12-13T00:32:04.6687257Z   cargo:rerun-if-changed=/home/runner/.cargo/registry/src/index.crates.io-1949cf8c6b5b557f/llama-cpp-sys-2-0.1.129/llama.cpp/ggml/src/ggml-vulkan/vulkan-shaders/soft_max.comp
build	Run clippy	2025-12-13T00:32:04.6689045Z   cargo:rerun-if-changed=/home/runner/.cargo/registry/src/index.crates.io-1949cf8c6b5b557f/llama-cpp-sys-2-0.1.129/llama.cpp/ggml/src/ggml-vulkan/vulkan-shaders/l2_norm.comp
build	Run clippy	2025-12-13T00:32:04.6690853Z   cargo:rerun-if-changed=/home/runner/.cargo/registry/src/index.crates.io-1949cf8c6b5b557f/llama-cpp-sys-2-0.1.129/llama.cpp/ggml/src/ggml-vulkan/vulkan-shaders/conv2d_mm.comp
build	Run clippy	2025-12-13T00:32:04.6692859Z   cargo:rerun-if-changed=/home/runner/.cargo/registry/src/index.crates.io-1949cf8c6b5b557f/llama-cpp-sys-2-0.1.129/llama.cpp/ggml/src/ggml-vulkan/vulkan-shaders/mul_mat_vec_base.glsl
build	Run clippy	2025-12-13T00:32:04.6694731Z   cargo:rerun-if-changed=/home/runner/.cargo/registry/src/index.crates.io-1949cf8c6b5b557f/llama-cpp-sys-2-0.1.129/llama.cpp/ggml/src/ggml-vulkan/vulkan-shaders/copy_to_quant.comp
build	Run clippy	2025-12-13T00:32:04.6696540Z   cargo:rerun-if-changed=/home/runner/.cargo/registry/src/index.crates.io-1949cf8c6b5b557f/llama-cpp-sys-2-0.1.129/llama.cpp/ggml/src/ggml-vulkan/vulkan-shaders/rope_params.glsl
build	Run clippy	2025-12-13T00:32:04.6698487Z   cargo:rerun-if-changed=/home/runner/.cargo/registry/src/index.crates.io-1949cf8c6b5b557f/llama-cpp-sys-2-0.1.129/llama.cpp/ggml/src/ggml-vulkan/vulkan-shaders/wkv6.comp
build	Run clippy	2025-12-13T00:32:04.6700207Z   cargo:rerun-if-changed=/home/runner/.cargo/registry/src/index.crates.io-1949cf8c6b5b557f/llama-cpp-sys-2-0.1.129/llama.cpp/ggml/src/ggml-vulkan/vulkan-shaders/upscale.comp
build	Run clippy	2025-12-13T00:32:04.6702095Z   cargo:rerun-if-changed=/home/runner/.cargo/registry/src/index.crates.io-1949cf8c6b5b557f/llama-cpp-sys-2-0.1.129/llama.cpp/ggml/src/ggml-vulkan/vulkan-shaders/concat.comp
build	Run clippy	2025-12-13T00:32:04.6704203Z   cargo:rerun-if-changed=/home/runner/.cargo/registry/src/index.crates.io-1949cf8c6b5b557f/llama-cpp-sys-2-0.1.129/llama.cpp/ggml/src/ggml-vulkan/vulkan-shaders/dequant_iq1_m.comp
build	Run clippy	2025-12-13T00:32:04.6706044Z   cargo:rerun-if-changed=/home/runner/.cargo/registry/src/index.crates.io-1949cf8c6b5b557f/llama-cpp-sys-2-0.1.129/llama.cpp/ggml/src/ggml-vulkan/vulkan-shaders/pad.comp
build	Run clippy	2025-12-13T00:32:04.6707783Z   cargo:rerun-if-changed=/home/runner/.cargo/registry/src/index.crates.io-1949cf8c6b5b557f/llama-cpp-sys-2-0.1.129/llama.cpp/ggml/src/ggml-vulkan/vulkan-shaders/add1.comp
build	Run clippy	2025-12-13T00:32:04.6709559Z   cargo:rerun-if-changed=/home/runner/.cargo/registry/src/index.crates.io-1949cf8c6b5b557f/llama-cpp-sys-2-0.1.129/llama.cpp/ggml/src/ggml-vulkan/vulkan-shaders/glu_head.glsl
build	Run clippy	2025-12-13T00:32:04.6711493Z   cargo:rerun-if-changed=/home/runner/.cargo/registry/src/index.crates.io-1949cf8c6b5b557f/llama-cpp-sys-2-0.1.129/llama.cpp/ggml/src/ggml-vulkan/vulkan-shaders/contig_copy.comp
build	Run clippy	2025-12-13T00:32:04.6713358Z   cargo:rerun-if-changed=/home/runner/.cargo/registry/src/index.crates.io-1949cf8c6b5b557f/llama-cpp-sys-2-0.1.129/llama.cpp/ggml/src/ggml-vulkan/vulkan-shaders/generic_unary_head.glsl
build	Run clippy	2025-12-13T00:32:04.6715253Z   cargo:rerun-if-changed=/home/runner/.cargo/registry/src/index.crates.io-1949cf8c6b5b557f/llama-cpp-sys-2-0.1.129/llama.cpp/ggml/src/ggml-vulkan/vulkan-shaders/dequant_iq3_xxs.comp
build	Run clippy	2025-12-13T00:32:04.6717039Z   cargo:rerun-if-changed=/home/runner/.cargo/registry/src/index.crates.io-1949cf8c6b5b557f/llama-cpp-sys-2-0.1.129/llama.cpp/ggml/src/ggml-vulkan/vulkan-shaders/reglu.comp
build	Run clippy	2025-12-13T00:32:04.6718801Z   cargo:rerun-if-changed=/home/runner/.cargo/registry/src/index.crates.io-1949cf8c6b5b557f/llama-cpp-sys-2-0.1.129/llama.cpp/ggml/src/ggml-vulkan/vulkan-shaders/repeat.comp
build	Run clippy	2025-12-13T00:32:04.6720622Z   cargo:rerun-if-changed=/home/runner/.cargo/registry/src/index.crates.io-1949cf8c6b5b557f/llama-cpp-sys-2-0.1.129/llama.cpp/ggml/src/ggml-vulkan/vulkan-shaders/dequant_q8_0.comp
build	Run clippy	2025-12-13T00:32:04.6722859Z   cargo:rerun-if-changed=/home/runner/.cargo/registry/src/index.crates.io-1949cf8c6b5b557f/llama-cpp-sys-2-0.1.129/llama.cpp/ggml/src/ggml-vulkan/vulkan-shaders/mul_mat_vec_iq2_s.comp
build	Run clippy	2025-12-13T00:32:04.6724682Z   cargo:rerun-if-changed=/home/runner/.cargo/registry/src/index.crates.io-1949cf8c6b5b557f/llama-cpp-sys-2-0.1.129/llama.cpp/ggml/src/ggml-vulkan/vulkan-shaders/argmax.comp
build	Run clippy	2025-12-13T00:32:04.6726480Z   cargo:rerun-if-changed=/home/runner/.cargo/registry/src/index.crates.io-1949cf8c6b5b557f/llama-cpp-sys-2-0.1.129/llama.cpp/ggml/src/ggml-vulkan/vulkan-shaders/mul_mat_vecq.comp
build	Run clippy	2025-12-13T00:32:04.6728307Z   cargo:rerun-if-changed=/home/runner/.cargo/registry/src/index.crates.io-1949cf8c6b5b557f/llama-cpp-sys-2-0.1.129/llama.cpp/ggml/src/ggml-vulkan/vulkan-shaders/dequant_iq2_xs.comp
build	Run clippy	2025-12-13T00:32:04.6730123Z   cargo:rerun-if-changed=/home/runner/.cargo/registry/src/index.crates.io-1949cf8c6b5b557f/llama-cpp-sys-2-0.1.129/llama.cpp/ggml/src/ggml-vulkan/vulkan-shaders/get_rows.comp
build	Run clippy	2025-12-13T00:32:04.6732087Z   cargo:rerun-if-changed=/home/runner/.cargo/registry/src/index.crates.io-1949cf8c6b5b557f/llama-cpp-sys-2-0.1.129/llama.cpp/ggml/src/ggml-vulkan/vulkan-shaders/mul_mat_vec_iq1_s.comp
build	Run clippy	2025-12-13T00:32:04.6733919Z   cargo:rerun-if-changed=/home/runner/.cargo/registry/src/index.crates.io-1949cf8c6b5b557f/llama-cpp-sys-2-0.1.129/llama.cpp/ggml/src/ggml-vulkan/vulkan-shaders/conv2d_dw.comp
build	Run clippy	2025-12-13T00:32:04.6735696Z   cargo:rerun-if-changed=/home/runner/.cargo/registry/src/index.crates.io-1949cf8c6b5b557f/llama-cpp-sys-2-0.1.129/llama.cpp/ggml/src/ggml-vulkan/vulkan-shaders/acc.comp
build	Run clippy	2025-12-13T00:32:04.6737554Z   cargo:rerun-if-changed=/home/runner/.cargo/registry/src/index.crates.io-1949cf8c6b5b557f/llama-cpp-sys-2-0.1.129/llama.cpp/ggml/src/ggml-vulkan/vulkan-shaders/rope_norm.comp
build	Run clippy	2025-12-13T00:32:04.6739349Z   cargo:rerun-if-changed=/home/runner/.cargo/registry/src/index.crates.io-1949cf8c6b5b557f/llama-cpp-sys-2-0.1.129/llama.cpp/ggml/src/ggml-vulkan/vulkan-shaders/mul_mm_funcs.glsl
build	Run clippy	2025-12-13T00:32:04.6741557Z   cargo:rerun-if-changed=/home/runner/.cargo/registry/src/index.crates.io-1949cf8c6b5b557f/llama-cpp-sys-2-0.1.129/llama.cpp/ggml/src/ggml-vulkan/vulkan-shaders/mul_mat_vec_iq3_xxs.comp
build	Run clippy	2025-12-13T00:32:04.6743406Z   cargo:rerun-if-changed=/home/runner/.cargo/registry/src/index.crates.io-1949cf8c6b5b557f/llama-cpp-sys-2-0.1.129/llama.cpp/ggml/src/ggml-vulkan/vulkan-shaders/sigmoid.comp
build	Run clippy	2025-12-13T00:32:04.6745246Z   cargo:rerun-if-changed=/home/runner/.cargo/registry/src/index.crates.io-1949cf8c6b5b557f/llama-cpp-sys-2-0.1.129/llama.cpp/ggml/src/ggml-vulkan/vulkan-shaders/dequant_funcs_cm2.glsl
build	Run clippy	2025-12-13T00:32:04.6747074Z   cargo:rerun-if-changed=/home/runner/.cargo/registry/src/index.crates.io-1949cf8c6b5b557f/llama-cpp-sys-2-0.1.129/llama.cpp/ggml/src/ggml-vulkan/vulkan-shaders/ceil.comp
build	Run clippy	2025-12-13T00:32:04.6748827Z   cargo:rerun-if-changed=/home/runner/.cargo/registry/src/index.crates.io-1949cf8c6b5b557f/llama-cpp-sys-2-0.1.129/llama.cpp/ggml/src/ggml-vulkan/vulkan-shaders/roll.comp
build	Run clippy	2025-12-13T00:32:04.6750621Z   cargo:rerun-if-changed=/home/runner/.cargo/registry/src/index.crates.io-1949cf8c6b5b557f/llama-cpp-sys-2-0.1.129/llama.cpp/ggml/src/ggml-vulkan/vulkan-shaders/dequant_q2_k.comp
build	Run clippy	2025-12-13T00:32:04.6752576Z   cargo:rerun-if-changed=/home/runner/.cargo/registry/src/index.crates.io-1949cf8c6b5b557f/llama-cpp-sys-2-0.1.129/llama.cpp/ggml/src/ggml-vulkan/vulkan-shaders/dequant_q4_k.comp
build	Run clippy	2025-12-13T00:32:04.6754378Z   cargo:rerun-if-changed=/home/runner/.cargo/registry/src/index.crates.io-1949cf8c6b5b557f/llama-cpp-sys-2-0.1.129/llama.cpp/ggml/src/ggml-vulkan/vulkan-shaders/feature-tests
build	Run clippy	2025-12-13T00:32:04.6756255Z   cargo:rerun-if-changed=/home/runner/.cargo/registry/src/index.crates.io-1949cf8c6b5b557f/llama-cpp-sys-2-0.1.129/llama.cpp/ggml/src/ggml-vulkan/vulkan-shaders/feature-tests/bfloat16.comp
build	Run clippy	2025-12-13T00:32:04.6758228Z   cargo:rerun-if-changed=/home/runner/.cargo/registry/src/index.crates.io-1949cf8c6b5b557f/llama-cpp-sys-2-0.1.129/llama.cpp/ggml/src/ggml-vulkan/vulkan-shaders/feature-tests/integer_dot.comp
build	Run clippy	2025-12-13T00:32:04.6760371Z   cargo:rerun-if-changed=/home/runner/.cargo/registry/src/index.crates.io-1949cf8c6b5b557f/llama-cpp-sys-2-0.1.129/llama.cpp/ggml/src/ggml-vulkan/vulkan-shaders/feature-tests/coopmat.comp
build	Run clippy	2025-12-13T00:32:04.6762420Z   cargo:rerun-if-changed=/home/runner/.cargo/registry/src/index.crates.io-1949cf8c6b5b557f/llama-cpp-sys-2-0.1.129/llama.cpp/ggml/src/ggml-vulkan/vulkan-shaders/feature-tests/coopmat2.comp
build	Run clippy	2025-12-13T00:32:04.6764343Z   cargo:rerun-if-changed=/home/runner/.cargo/registry/src/index.crates.io-1949cf8c6b5b557f/llama-cpp-sys-2-0.1.129/llama.cpp/ggml/src/ggml-vulkan/vulkan-shaders/dequant_q6_k.comp
build	Run clippy	2025-12-13T00:32:04.6766226Z   cargo:rerun-if-changed=/home/runner/.cargo/registry/src/index.crates.io-1949cf8c6b5b557f/llama-cpp-sys-2-0.1.129/llama.cpp/ggml/src/ggml-vulkan/vulkan-shaders/dequant_mxfp4.comp
build	Run clippy	2025-12-13T00:32:04.6768041Z   cargo:rerun-if-changed=/home/runner/.cargo/registry/src/index.crates.io-1949cf8c6b5b557f/llama-cpp-sys-2-0.1.129/llama.cpp/ggml/src/ggml-vulkan/vulkan-shaders/square.comp
build	Run clippy	2025-12-13T00:32:04.6769874Z   cargo:rerun-if-changed=/home/runner/.cargo/registry/src/index.crates.io-1949cf8c6b5b557f/llama-cpp-sys-2-0.1.129/llama.cpp/ggml/src/ggml-vulkan/vulkan-shaders/dequant_iq4_nl.comp
build	Run clippy	2025-12-13T00:32:04.6771844Z   cargo:rerun-if-changed=/home/runner/.cargo/registry/src/index.crates.io-1949cf8c6b5b557f/llama-cpp-sys-2-0.1.129/llama.cpp/ggml/src/ggml-vulkan/vulkan-shaders/dequant_q3_k.comp
build	Run clippy	2025-12-13T00:32:04.6773719Z   cargo:rerun-if-changed=/home/runner/.cargo/registry/src/index.crates.io-1949cf8c6b5b557f/llama-cpp-sys-2-0.1.129/llama.cpp/ggml/src/ggml-vulkan/vulkan-shaders/mul_mat_vec_iface.glsl
build	Run clippy	2025-12-13T00:32:04.6775587Z   cargo:rerun-if-changed=/home/runner/.cargo/registry/src/index.crates.io-1949cf8c6b5b557f/llama-cpp-sys-2-0.1.129/llama.cpp/ggml/src/ggml-vulkan/vulkan-shaders/dequant_q4_1.comp
build	Run clippy	2025-12-13T00:32:04.6777600Z   cargo:rerun-if-changed=/home/runner/.cargo/registry/src/index.crates.io-1949cf8c6b5b557f/llama-cpp-sys-2-0.1.129/llama.cpp/ggml/src/ggml-vulkan/vulkan-shaders/get_rows_quant.comp
build	Run clippy	2025-12-13T00:32:04.6779463Z   cargo:rerun-if-changed=/home/runner/.cargo/registry/src/index.crates.io-1949cf8c6b5b557f/llama-cpp-sys-2-0.1.129/llama.cpp/ggml/src/ggml-vulkan/vulkan-shaders/generic_head.glsl
build	Run clippy	2025-12-13T00:32:04.6781410Z   cargo:rerun-if-changed=/home/runner/.cargo/registry/src/index.crates.io-1949cf8c6b5b557f/llama-cpp-sys-2-0.1.129/llama.cpp/ggml/src/ggml-vulkan/vulkan-shaders/swiglu.comp
build	Run clippy	2025-12-13T00:32:04.6783213Z   cargo:rerun-if-changed=/home/runner/.cargo/registry/src/index.crates.io-1949cf8c6b5b557f/llama-cpp-sys-2-0.1.129/llama.cpp/ggml/src/ggml-vulkan/vulkan-shaders/flash_attn_base.glsl
build	Run clippy	2025-12-13T00:32:04.6785084Z   cargo:rerun-if-changed=/home/runner/.cargo/registry/src/index.crates.io-1949cf8c6b5b557f/llama-cpp-sys-2-0.1.129/llama.cpp/ggml/src/ggml-vulkan/vulkan-shaders/mul_mat_vec_q2_k.comp
build	Run clippy	2025-12-13T00:32:04.6786980Z   cargo:rerun-if-changed=/home/runner/.cargo/registry/src/index.crates.io-1949cf8c6b5b557f/llama-cpp-sys-2-0.1.129/llama.cpp/ggml/src/ggml-vulkan/vulkan-shaders/mul_mat_vec_q3_k.comp
build	Run clippy	2025-12-13T00:32:04.6788798Z   cargo:rerun-if-changed=/home/runner/.cargo/registry/src/index.crates.io-1949cf8c6b5b557f/llama-cpp-sys-2-0.1.129/llama.cpp/ggml/src/ggml-vulkan/vulkan-shaders/sin.comp
build	Run clippy	2025-12-13T00:32:04.6790655Z   cargo:rerun-if-changed=/home/runner/.cargo/registry/src/index.crates.io-1949cf8c6b5b557f/llama-cpp-sys-2-0.1.129/llama.cpp/ggml/src/ggml-vulkan/vulkan-shaders/flash_attn_cm2.comp
build	Run clippy	2025-12-13T00:32:04.6792614Z   cargo:rerun-if-changed=/home/runner/.cargo/registry/src/index.crates.io-1949cf8c6b5b557f/llama-cpp-sys-2-0.1.129/llama.cpp/ggml/src/ggml-vulkan/vulkan-shaders/neg.comp
build	Run clippy	2025-12-13T00:32:04.6794444Z   cargo:rerun-if-changed=/home/runner/.cargo/registry/src/index.crates.io-1949cf8c6b5b557f/llama-cpp-sys-2-0.1.129/llama.cpp/ggml/src/ggml-vulkan/vulkan-shaders/mul_mat_vec_q4_k.comp
build	Run clippy	2025-12-13T00:32:04.6796513Z   cargo:rerun-if-changed=/home/runner/.cargo/registry/src/index.crates.io-1949cf8c6b5b557f/llama-cpp-sys-2-0.1.129/llama.cpp/ggml/src/ggml-vulkan/vulkan-shaders/mul_mat_vec.comp
build	Run clippy	2025-12-13T00:32:04.6798399Z   cargo:rerun-if-changed=/home/runner/.cargo/registry/src/index.crates.io-1949cf8c6b5b557f/llama-cpp-sys-2-0.1.129/llama.cpp/ggml/src/ggml-vulkan/vulkan-shaders/mul_mat_vec_iq2_xs.comp
build	Run clippy	2025-12-13T00:32:04.6800263Z   cargo:rerun-if-changed=/home/runner/.cargo/registry/src/index.crates.io-1949cf8c6b5b557f/llama-cpp-sys-2-0.1.129/llama.cpp/ggml/src/ggml-vulkan/vulkan-shaders/trunc.comp
build	Run clippy	2025-12-13T00:32:04.6802167Z   cargo:rerun-if-changed=/home/runner/.cargo/registry/src/index.crates.io-1949cf8c6b5b557f/llama-cpp-sys-2-0.1.129/llama.cpp/ggml/src/ggml-vulkan/vulkan-shaders/gelu.comp
build	Run clippy	2025-12-13T00:32:04.6803930Z   cargo:rerun-if-changed=/home/runner/.cargo/registry/src/index.crates.io-1949cf8c6b5b557f/llama-cpp-sys-2-0.1.129/llama.cpp/ggml/src/ggml-vulkan/vulkan-shaders/mul_mmq.comp
build	Run clippy	2025-12-13T00:32:04.6805681Z   cargo:rerun-if-changed=/home/runner/.cargo/registry/src/index.crates.io-1949cf8c6b5b557f/llama-cpp-sys-2-0.1.129/llama.cpp/ggml/src/ggml-vulkan/vulkan-shaders/exp.comp
build	Run clippy	2025-12-13T00:32:04.6807483Z   cargo:rerun-if-changed=/home/runner/.cargo/registry/src/index.crates.io-1949cf8c6b5b557f/llama-cpp-sys-2-0.1.129/llama.cpp/ggml/src/ggml-vulkan/vulkan-shaders/hardswish.comp
build	Run clippy	2025-12-13T00:32:04.6809325Z   cargo:rerun-if-changed=/home/runner/.cargo/registry/src/index.crates.io-1949cf8c6b5b557f/llama-cpp-sys-2-0.1.129/llama.cpp/ggml/src/ggml-vulkan/vulkan-shaders/mul_mm_cm2.comp
build	Run clippy	2025-12-13T00:32:04.6811253Z   cargo:rerun-if-changed=/home/runner/.cargo/registry/src/index.crates.io-1949cf8c6b5b557f/llama-cpp-sys-2-0.1.129/llama.cpp/ggml/src/ggml-vulkan/vulkan-shaders/ssm_scan.comp
build	Run clippy	2025-12-13T00:32:04.6813128Z   cargo:rerun-if-changed=/home/runner/.cargo/registry/src/index.crates.io-1949cf8c6b5b557f/llama-cpp-sys-2-0.1.129/llama.cpp/ggml/src/ggml-vulkan/vulkan-shaders/mul_mat_split_k_reduce.comp
build	Run clippy	2025-12-13T00:32:04.6815215Z   cargo:rerun-if-changed=/home/runner/.cargo/registry/src/index.crates.io-1949cf8c6b5b557f/llama-cpp-sys-2-0.1.129/llama.cpp/ggml/src/ggml-vulkan/vulkan-shaders/opt_step_sgd.comp
build	Run clippy	2025-12-13T00:32:04.6817066Z   cargo:rerun-if-changed=/home/runner/.cargo/registry/src/index.crates.io-1949cf8c6b5b557f/llama-cpp-sys-2-0.1.129/llama.cpp/ggml/src/ggml-vulkan/vulkan-shaders/dequant_iq2_s.comp
build	Run clippy	2025-12-13T00:32:04.6818930Z   cargo:rerun-if-changed=/home/runner/.cargo/registry/src/index.crates.io-1949cf8c6b5b557f/llama-cpp-sys-2-0.1.129/llama.cpp/ggml/src/ggml-vulkan/vulkan-shaders/types.glsl
build	Run clippy	2025-12-13T00:32:04.6820704Z   cargo:rerun-if-changed=/home/runner/.cargo/registry/src/index.crates.io-1949cf8c6b5b557f/llama-cpp-sys-2-0.1.129/llama.cpp/ggml/src/ggml-vulkan/vulkan-shaders/silu.comp
build	Run clippy	2025-12-13T00:32:04.6822574Z   cargo:rerun-if-changed=/home/runner/.cargo/registry/src/index.crates.io-1949cf8c6b5b557f/llama-cpp-sys-2-0.1.129/llama.cpp/ggml/src/ggml-vulkan/vulkan-shaders/wkv7.comp
build	Run clippy	2025-12-13T00:32:04.6824328Z   cargo:rerun-if-changed=/home/runner/.cargo/registry/src/index.crates.io-1949cf8c6b5b557f/llama-cpp-sys-2-0.1.129/llama.cpp/ggml/src/ggml-vulkan/vulkan-shaders/norm.comp
build	Run clippy	2025-12-13T00:32:04.6826153Z   cargo:rerun-if-changed=/home/runner/.cargo/registry/src/index.crates.io-1949cf8c6b5b557f/llama-cpp-sys-2-0.1.129/llama.cpp/ggml/src/ggml-vulkan/vulkan-shaders/rms_norm_back.comp
build	Run clippy	2025-12-13T00:32:04.6828000Z   cargo:rerun-if-changed=/home/runner/.cargo/registry/src/index.crates.io-1949cf8c6b5b557f/llama-cpp-sys-2-0.1.129/llama.cpp/ggml/src/ggml-vulkan/vulkan-shaders/geglu_erf.comp
build	Run clippy	2025-12-13T00:32:04.6829831Z   cargo:rerun-if-changed=/home/runner/.cargo/registry/src/index.crates.io-1949cf8c6b5b557f/llama-cpp-sys-2-0.1.129/llama.cpp/ggml/src/ggml-vulkan/vulkan-shaders/rope_vision.comp
build	Run clippy	2025-12-13T00:32:04.6831837Z   cargo:rerun-if-changed=/home/runner/.cargo/registry/src/index.crates.io-1949cf8c6b5b557f/llama-cpp-sys-2-0.1.129/llama.cpp/ggml/src/ggml-vulkan/vulkan-shaders/generic_binary_head.glsl
build	Run clippy	2025-12-13T00:32:04.6833957Z   cargo:rerun-if-changed=/home/runner/.cargo/registry/src/index.crates.io-1949cf8c6b5b557f/llama-cpp-sys-2-0.1.129/llama.cpp/ggml/src/ggml-vulkan/vulkan-shaders/flash_attn_split_k_reduce.comp
build	Run clippy	2025-12-13T00:32:04.6835852Z   cargo:rerun-if-changed=/home/runner/.cargo/registry/src/index.crates.io-1949cf8c6b5b557f/llama-cpp-sys-2-0.1.129/llama.cpp/ggml/src/ggml-vulkan/vulkan-shaders/CMakeLists.txt
build	Run clippy	2025-12-13T00:32:04.6837664Z   cargo:rerun-if-changed=/home/runner/.cargo/registry/src/index.crates.io-1949cf8c6b5b557f/llama-cpp-sys-2-0.1.129/llama.cpp/ggml/src/ggml-vulkan/vulkan-shaders/mul_mm.comp
build	Run clippy	2025-12-13T00:32:04.6839485Z   cargo:rerun-if-changed=/home/runner/.cargo/registry/src/index.crates.io-1949cf8c6b5b557f/llama-cpp-sys-2-0.1.129/llama.cpp/ggml/src/ggml-vulkan/vulkan-shaders/argsort_large.comp
build	Run clippy	2025-12-13T00:32:04.6841457Z   cargo:rerun-if-changed=/home/runner/.cargo/registry/src/index.crates.io-1949cf8c6b5b557f/llama-cpp-sys-2-0.1.129/llama.cpp/ggml/src/ggml-vulkan/vulkan-shaders/dequant_iq1_s.comp
build	Run clippy	2025-12-13T00:32:04.6843289Z   cargo:rerun-if-changed=/home/runner/.cargo/registry/src/index.crates.io-1949cf8c6b5b557f/llama-cpp-sys-2-0.1.129/llama.cpp/ggml/src/ggml-vulkan/vulkan-shaders/relu.comp
build	Run clippy	2025-12-13T00:32:04.6845026Z   cargo:rerun-if-changed=/home/runner/.cargo/registry/src/index.crates.io-1949cf8c6b5b557f/llama-cpp-sys-2-0.1.129/llama.cpp/ggml/src/ggml-vulkan/vulkan-shaders/tanh.comp
build	Run clippy	2025-12-13T00:32:04.6846777Z   cargo:rerun-if-changed=/home/runner/.cargo/registry/src/index.crates.io-1949cf8c6b5b557f/llama-cpp-sys-2-0.1.129/llama.cpp/ggml/src/ggml-vulkan/vulkan-shaders/geglu.comp
build	Run clippy	2025-12-13T00:32:04.6848546Z   cargo:rerun-if-changed=/home/runner/.cargo/registry/src/index.crates.io-1949cf8c6b5b557f/llama-cpp-sys-2-0.1.129/llama.cpp/ggml/src/ggml-vulkan/vulkan-shaders/gelu_quick.comp
build	Run clippy	2025-12-13T00:32:04.6850356Z   cargo:rerun-if-changed=/home/runner/.cargo/registry/src/index.crates.io-1949cf8c6b5b557f/llama-cpp-sys-2-0.1.129/llama.cpp/ggml/src/ggml-vulkan/vulkan-shaders/utils.glsl
build	Run clippy	2025-12-13T00:32:04.6852430Z   cargo:rerun-if-changed=/home/runner/.cargo/registry/src/index.crates.io-1949cf8c6b5b557f/llama-cpp-sys-2-0.1.129/llama.cpp/ggml/src/ggml-vulkan/vulkan-shaders/mul.comp
build	Run clippy	2025-12-13T00:32:04.6854238Z   cargo:rerun-if-changed=/home/runner/.cargo/registry/src/index.crates.io-1949cf8c6b5b557f/llama-cpp-sys-2-0.1.129/llama.cpp/ggml/src/ggml-vulkan/vulkan-shaders/group_norm.comp
build	Run clippy	2025-12-13T00:32:04.6856068Z   cargo:rerun-if-changed=/home/runner/.cargo/registry/src/index.crates.io-1949cf8c6b5b557f/llama-cpp-sys-2-0.1.129/llama.cpp/ggml/src/ggml-vulkan/vulkan-shaders/rope_neox.comp
build	Run clippy	2025-12-13T00:32:04.6857860Z   cargo:rerun-if-changed=/home/runner/.cargo/registry/src/index.crates.io-1949cf8c6b5b557f/llama-cpp-sys-2-0.1.129/llama.cpp/ggml/src/ggml-vulkan/vulkan-shaders/step.comp
build	Run clippy	2025-12-13T00:32:04.6859683Z   cargo:rerun-if-changed=/home/runner/.cargo/registry/src/index.crates.io-1949cf8c6b5b557f/llama-cpp-sys-2-0.1.129/llama.cpp/ggml/src/ggml-vulkan/vulkan-shaders/dequant_iq4_xs.comp
build	Run clippy	2025-12-13T00:32:04.6861666Z   cargo:rerun-if-changed=/home/runner/.cargo/registry/src/index.crates.io-1949cf8c6b5b557f/llama-cpp-sys-2-0.1.129/llama.cpp/ggml/src/ggml-vulkan/vulkan-shaders/swiglu_oai.comp
build	Run clippy	2025-12-13T00:32:04.6863416Z   cargo:rerun-if-changed=/home/runner/.cargo/registry/src/index.crates.io-1949cf8c6b5b557f/llama-cpp-sys-2-0.1.129/llama.cpp/ggml/src/ggml-vulkan/vulkan-shaders/cos.comp
build	Run clippy	2025-12-13T00:32:04.6865172Z   cargo:rerun-if-changed=/home/runner/.cargo/registry/src/index.crates.io-1949cf8c6b5b557f/llama-cpp-sys-2-0.1.129/llama.cpp/ggml/src/ggml-vulkan/vulkan-shaders/arange.comp
build	Run clippy	2025-12-13T00:32:04.6866974Z   cargo:rerun-if-changed=/home/runner/.cargo/registry/src/index.crates.io-1949cf8c6b5b557f/llama-cpp-sys-2-0.1.129/llama.cpp/ggml/src/ggml-vulkan/vulkan-shaders/count_equal.comp
build	Run clippy	2025-12-13T00:32:04.6868820Z   cargo:rerun-if-changed=/home/runner/.cargo/registry/src/index.crates.io-1949cf8c6b5b557f/llama-cpp-sys-2-0.1.129/llama.cpp/ggml/src/ggml-vulkan/vulkan-shaders/mul_mm_id_funcs.glsl
build	Run clippy	2025-12-13T00:32:04.6871016Z   cargo:rerun-if-changed=/home/runner/.cargo/registry/src/index.crates.io-1949cf8c6b5b557f/llama-cpp-sys-2-0.1.129/llama.cpp/ggml/src/ggml-vulkan/vulkan-shaders/silu_back.comp
build	Run clippy	2025-12-13T00:32:04.6872805Z   cargo:rerun-if-changed=/home/runner/.cargo/registry/src/index.crates.io-1949cf8c6b5b557f/llama-cpp-sys-2-0.1.129/llama.cpp/ggml/src/ggml-vulkan/vulkan-shaders/abs.comp
build	Run clippy	2025-12-13T00:32:04.6874605Z   cargo:rerun-if-changed=/home/runner/.cargo/registry/src/index.crates.io-1949cf8c6b5b557f/llama-cpp-sys-2-0.1.129/llama.cpp/ggml/src/ggml-vulkan/vulkan-shaders/dequant_funcs.glsl
build	Run clippy	2025-12-13T00:32:04.6876484Z   cargo:rerun-if-changed=/home/runner/.cargo/registry/src/index.crates.io-1949cf8c6b5b557f/llama-cpp-sys-2-0.1.129/llama.cpp/ggml/src/ggml-vulkan/vulkan-shaders/add_id.comp
build	Run clippy	2025-12-13T00:32:04.6878251Z   cargo:rerun-if-changed=/home/runner/.cargo/registry/src/index.crates.io-1949cf8c6b5b557f/llama-cpp-sys-2-0.1.129/llama.cpp/ggml/src/ggml-vulkan/vulkan-shaders/sqrt.comp
build	Run clippy	2025-12-13T00:32:04.6880041Z   cargo:rerun-if-changed=/home/runner/.cargo/registry/src/index.crates.io-1949cf8c6b5b557f/llama-cpp-sys-2-0.1.129/llama.cpp/ggml/src/ggml-vulkan/vulkan-shaders/rope_head.glsl
build	Run clippy	2025-12-13T00:32:04.6881958Z   cargo:rerun-if-changed=/home/runner/.cargo/registry/src/index.crates.io-1949cf8c6b5b557f/llama-cpp-sys-2-0.1.129/llama.cpp/ggml/src/ggml-vulkan/vulkan-shaders/clamp.comp
build	Run clippy	2025-12-13T00:32:04.6883807Z   cargo:rerun-if-changed=/home/runner/.cargo/registry/src/index.crates.io-1949cf8c6b5b557f/llama-cpp-sys-2-0.1.129/llama.cpp/ggml/src/ggml-vulkan/vulkan-shaders/mul_mat_vec_iq2_xxs.comp
build	Run clippy	2025-12-13T00:32:04.6885742Z   cargo:rerun-if-changed=/home/runner/.cargo/registry/src/index.crates.io-1949cf8c6b5b557f/llama-cpp-sys-2-0.1.129/llama.cpp/ggml/src/ggml-vulkan/vulkan-shaders/copy_from_quant.comp
build	Run clippy	2025-12-13T00:32:04.6887547Z   cargo:rerun-if-changed=/home/runner/.cargo/registry/src/index.crates.io-1949cf8c6b5b557f/llama-cpp-sys-2-0.1.129/llama.cpp/ggml/src/ggml-vulkan/vulkan-shaders/softplus.comp
build	Run clippy	2025-12-13T00:32:04.6889444Z   cargo:rerun-if-changed=/home/runner/.cargo/registry/src/index.crates.io-1949cf8c6b5b557f/llama-cpp-sys-2-0.1.129/llama.cpp/ggml/src/ggml-vulkan/vulkan-shaders/pool2d.comp
build	Run clippy	2025-12-13T00:32:04.6891296Z   cargo:rerun-if-changed=/home/runner/.cargo/registry/src/index.crates.io-1949cf8c6b5b557f/llama-cpp-sys-2-0.1.129/llama.cpp/ggml/src/ggml-vulkan/vulkan-shaders/glu_main.glsl
build	Run clippy	2025-12-13T00:32:04.6893020Z   cargo:rerun-if-changed=/home/runner/.cargo/registry/src/index.crates.io-1949cf8c6b5b557f/llama-cpp-sys-2-0.1.129/llama.cpp/ggml/src/ggml-vulkan/vulkan-shaders/add.comp
build	Run clippy	2025-12-13T00:32:04.6894730Z   cargo:rerun-if-changed=/home/runner/.cargo/registry/src/index.crates.io-1949cf8c6b5b557f/llama-cpp-sys-2-0.1.129/llama.cpp/ggml/src/ggml-vulkan/vulkan-shaders/im2col_3d.comp
build	Run clippy	2025-12-13T00:32:04.6896517Z   cargo:rerun-if-changed=/home/runner/.cargo/registry/src/index.crates.io-1949cf8c6b5b557f/llama-cpp-sys-2-0.1.129/llama.cpp/ggml/src/ggml-vulkan/vulkan-shaders/quantize_q8_1.comp
build	Run clippy	2025-12-13T00:32:04.6898337Z   cargo:rerun-if-changed=/home/runner/.cargo/registry/src/index.crates.io-1949cf8c6b5b557f/llama-cpp-sys-2-0.1.129/llama.cpp/ggml/src/ggml-vulkan/vulkan-shaders/mul_mat_vec_nc.comp
build	Run clippy	2025-12-13T00:32:04.6900111Z   cargo:rerun-if-changed=/home/runner/.cargo/registry/src/index.crates.io-1949cf8c6b5b557f/llama-cpp-sys-2-0.1.129/llama.cpp/ggml/src/ggml-vulkan/vulkan-shaders/fill.comp
build	Run clippy	2025-12-13T00:32:04.6901994Z   cargo:rerun-if-changed=/home/runner/.cargo/registry/src/index.crates.io-1949cf8c6b5b557f/llama-cpp-sys-2-0.1.129/llama.cpp/ggml/src/ggml-vulkan/vulkan-shaders/flash_attn_cm1.comp
build	Run clippy	2025-12-13T00:32:04.6903816Z   cargo:rerun-if-changed=/home/runner/.cargo/registry/src/index.crates.io-1949cf8c6b5b557f/llama-cpp-sys-2-0.1.129/llama.cpp/ggml/src/ggml-vulkan/vulkan-shaders/dequant_iq2_xxs.comp
build	Run clippy	2025-12-13T00:32:04.6905600Z   cargo:rerun-if-changed=/home/runner/.cargo/registry/src/index.crates.io-1949cf8c6b5b557f/llama-cpp-sys-2-0.1.129/llama.cpp/ggml/src/ggml-vulkan/vulkan-shaders/rope_funcs.glsl
build	Run clippy	2025-12-13T00:32:04.6907559Z   cargo:rerun-if-changed=/home/runner/.cargo/registry/src/index.crates.io-1949cf8c6b5b557f/llama-cpp-sys-2-0.1.129/llama.cpp/ggml/src/ggml-vulkan/vulkan-shaders/opt_step_adamw.comp
build	Run clippy	2025-12-13T00:32:04.6909356Z   cargo:rerun-if-changed=/home/runner/.cargo/registry/src/index.crates.io-1949cf8c6b5b557f/llama-cpp-sys-2-0.1.129/llama.cpp/ggml/src/ggml-vulkan/vulkan-shaders/dequant_head.glsl
build	Run clippy	2025-12-13T00:32:04.6911273Z   cargo:rerun-if-changed=/home/runner/.cargo/registry/src/index.crates.io-1949cf8c6b5b557f/llama-cpp-sys-2-0.1.129/llama.cpp/ggml/src/ggml-vulkan/vulkan-shaders/soft_max_back.comp
build	Run clippy	2025-12-13T00:32:04.6913017Z   cargo:rerun-if-changed=/home/runner/.cargo/registry/src/index.crates.io-1949cf8c6b5b557f/llama-cpp-sys-2-0.1.129/llama.cpp/ggml/src/ggml-vulkan/vulkan-shaders/scale.comp
build	Run clippy	2025-12-13T00:32:04.6914874Z   cargo:rerun-if-changed=/home/runner/.cargo/registry/src/index.crates.io-1949cf8c6b5b557f/llama-cpp-sys-2-0.1.129/llama.cpp/ggml/src/ggml-vulkan/vulkan-shaders/rms_norm_partials.comp
build	Run clippy	2025-12-13T00:32:04.6916803Z   cargo:rerun-if-changed=/home/runner/.cargo/registry/src/index.crates.io-1949cf8c6b5b557f/llama-cpp-sys-2-0.1.129/llama.cpp/ggml/src/ggml-vulkan/vulkan-shaders/conv_transpose_1d.comp
build	Run clippy	2025-12-13T00:32:04.6918739Z   cargo:rerun-if-changed=/home/runner/.cargo/registry/src/index.crates.io-1949cf8c6b5b557f/llama-cpp-sys-2-0.1.129/llama.cpp/ggml/src/ggml-vulkan/vulkan-shaders/geglu_quick.comp
build	Run clippy	2025-12-13T00:32:04.6920598Z   cargo:rerun-if-changed=/home/runner/.cargo/registry/src/index.crates.io-1949cf8c6b5b557f/llama-cpp-sys-2-0.1.129/llama.cpp/ggml/src/ggml-vulkan/vulkan-shaders/repeat_back.comp
build	Run clippy	2025-12-13T00:32:04.6922621Z   cargo:rerun-if-changed=/home/runner/.cargo/registry/src/index.crates.io-1949cf8c6b5b557f/llama-cpp-sys-2-0.1.129/llama.cpp/ggml/src/ggml-vulkan/vulkan-shaders/dequant_iq3_s.comp
build	Run clippy	2025-12-13T00:32:04.6924506Z   cargo:rerun-if-changed=/home/runner/.cargo/registry/src/index.crates.io-1949cf8c6b5b557f/llama-cpp-sys-2-0.1.129/llama.cpp/ggml/src/ggml-vulkan/vulkan-shaders/diag_mask_inf.comp
build	Run clippy	2025-12-13T00:32:04.6926464Z   cargo:rerun-if-changed=/home/runner/.cargo/registry/src/index.crates.io-1949cf8c6b5b557f/llama-cpp-sys-2-0.1.129/llama.cpp/ggml/src/ggml-vulkan/CMakeLists.txt
build	Run clippy	2025-12-13T00:32:04.6928097Z   cargo:rerun-if-changed=/home/runner/.cargo/registry/src/index.crates.io-1949cf8c6b5b557f/llama-cpp-sys-2-0.1.129/llama.cpp/ggml/src/ggml-vulkan/cmake
build	Run clippy	2025-12-13T00:32:04.6929809Z   cargo:rerun-if-changed=/home/runner/.cargo/registry/src/index.crates.io-1949cf8c6b5b557f/llama-cpp-sys-2-0.1.129/llama.cpp/ggml/src/ggml-vulkan/cmake/host-toolchain.cmake.in
build	Run clippy	2025-12-13T00:32:04.6931727Z   cargo:rerun-if-changed=/home/runner/.cargo/registry/src/index.crates.io-1949cf8c6b5b557f/llama-cpp-sys-2-0.1.129/llama.cpp/ggml/src/ggml-vulkan/ggml-vulkan.cpp
build	Run clippy	2025-12-13T00:32:04.6933357Z   cargo:rerun-if-changed=/home/runner/.cargo/registry/src/index.crates.io-1949cf8c6b5b557f/llama-cpp-sys-2-0.1.129/llama.cpp/ggml/src/ggml-threading.cpp
build	Run clippy	2025-12-13T00:32:04.6934911Z   cargo:rerun-if-changed=/home/runner/.cargo/registry/src/index.crates.io-1949cf8c6b5b557f/llama-cpp-sys-2-0.1.129/llama.cpp/ggml/src/ggml-alloc.c
build	Run clippy	2025-12-13T00:32:04.6936410Z   cargo:rerun-if-changed=/home/runner/.cargo/registry/src/index.crates.io-1949cf8c6b5b557f/llama-cpp-sys-2-0.1.129/llama.cpp/ggml/src/ggml-cuda
build	Run clippy	2025-12-13T00:32:04.6937944Z   cargo:rerun-if-changed=/home/runner/.cargo/registry/src/index.crates.io-1949cf8c6b5b557f/llama-cpp-sys-2-0.1.129/llama.cpp/ggml/src/ggml-cuda/scale.cu
build	Run clippy	2025-12-13T00:32:04.6939456Z   cargo:rerun-if-changed=/home/runner/.cargo/registry/src/index.crates.io-1949cf8c6b5b557f/llama-cpp-sys-2-0.1.129/llama.cpp/ggml/src/ggml-cuda/pad.cuh
build	Run clippy	2025-12-13T00:32:04.6941099Z   cargo:rerun-if-changed=/home/runner/.cargo/registry/src/index.crates.io-1949cf8c6b5b557f/llama-cpp-sys-2-0.1.129/llama.cpp/ggml/src/ggml-cuda/sumrows.cu
build	Run clippy	2025-12-13T00:32:04.6942624Z   cargo:rerun-if-changed=/home/runner/.cargo/registry/src/index.crates.io-1949cf8c6b5b557f/llama-cpp-sys-2-0.1.129/llama.cpp/ggml/src/ggml-cuda/set-rows.cuh
build	Run clippy	2025-12-13T00:32:04.6944322Z   cargo:rerun-if-changed=/home/runner/.cargo/registry/src/index.crates.io-1949cf8c6b5b557f/llama-cpp-sys-2-0.1.129/llama.cpp/ggml/src/ggml-cuda/ssm-conv.cu
build	Run clippy	2025-12-13T00:32:04.6945904Z   cargo:rerun-if-changed=/home/runner/.cargo/registry/src/index.crates.io-1949cf8c6b5b557f/llama-cpp-sys-2-0.1.129/llama.cpp/ggml/src/ggml-cuda/conv-transpose-1d.cu
build	Run clippy	2025-12-13T00:32:04.6947462Z   cargo:rerun-if-changed=/home/runner/.cargo/registry/src/index.crates.io-1949cf8c6b5b557f/llama-cpp-sys-2-0.1.129/llama.cpp/ggml/src/ggml-cuda/rope.cu
build	Run clippy	2025-12-13T00:32:04.6948934Z   cargo:rerun-if-changed=/home/runner/.cargo/registry/src/index.crates.io-1949cf8c6b5b557f/llama-cpp-sys-2-0.1.129/llama.cpp/ggml/src/ggml-cuda/upscale.cuh
build	Run clippy	2025-12-13T00:32:04.6950454Z   cargo:rerun-if-changed=/home/runner/.cargo/registry/src/index.crates.io-1949cf8c6b5b557f/llama-cpp-sys-2-0.1.129/llama.cpp/ggml/src/ggml-cuda/ggml-cuda.cu
build	Run clippy	2025-12-13T00:32:04.6952097Z   cargo:rerun-if-changed=/home/runner/.cargo/registry/src/index.crates.io-1949cf8c6b5b557f/llama-cpp-sys-2-0.1.129/llama.cpp/ggml/src/ggml-cuda/fattn.cuh
build	Run clippy	2025-12-13T00:32:04.6953596Z   cargo:rerun-if-changed=/home/runner/.cargo/registry/src/index.crates.io-1949cf8c6b5b557f/llama-cpp-sys-2-0.1.129/llama.cpp/ggml/src/ggml-cuda/add-id.cu
build	Run clippy	2025-12-13T00:32:04.6955115Z   cargo:rerun-if-changed=/home/runner/.cargo/registry/src/index.crates.io-1949cf8c6b5b557f/llama-cpp-sys-2-0.1.129/llama.cpp/ggml/src/ggml-cuda/quantize.cu
build	Run clippy	2025-12-13T00:32:04.6956654Z   cargo:rerun-if-changed=/home/runner/.cargo/registry/src/index.crates.io-1949cf8c6b5b557f/llama-cpp-sys-2-0.1.129/llama.cpp/ggml/src/ggml-cuda/conv2d-dw.cuh
build	Run clippy	2025-12-13T00:32:04.6958177Z   cargo:rerun-if-changed=/home/runner/.cargo/registry/src/index.crates.io-1949cf8c6b5b557f/llama-cpp-sys-2-0.1.129/llama.cpp/ggml/src/ggml-cuda/topk-moe.cu
build	Run clippy	2025-12-13T00:32:04.6959736Z   cargo:rerun-if-changed=/home/runner/.cargo/registry/src/index.crates.io-1949cf8c6b5b557f/llama-cpp-sys-2-0.1.129/llama.cpp/ggml/src/ggml-cuda/template-instances
build	Run clippy	2025-12-13T00:32:04.6961809Z   cargo:rerun-if-changed=/home/runner/.cargo/registry/src/index.crates.io-1949cf8c6b5b557f/llama-cpp-sys-2-0.1.129/llama.cpp/ggml/src/ggml-cuda/template-instances/fattn-vec-instance-q5_0-q4_1.cu
build	Run clippy	2025-12-13T00:32:04.6963695Z   cargo:rerun-if-changed=/home/runner/.cargo/registry/src/index.crates.io-1949cf8c6b5b557f/llama-cpp-sys-2-0.1.129/llama.cpp/ggml/src/ggml-cuda/template-instances/mmq-instance-q5_1.cu
build	Run clippy	2025-12-13T00:32:04.6965544Z   cargo:rerun-if-changed=/home/runner/.cargo/registry/src/index.crates.io-1949cf8c6b5b557f/llama-cpp-sys-2-0.1.129/llama.cpp/ggml/src/ggml-cuda/template-instances/mmf-instance-ncols_11.cu
build	Run clippy	2025-12-13T00:32:04.6967519Z   cargo:rerun-if-changed=/home/runner/.cargo/registry/src/index.crates.io-1949cf8c6b5b557f/llama-cpp-sys-2-0.1.129/llama.cpp/ggml/src/ggml-cuda/template-instances/fattn-mma-f16-instance-ncols1_8-ncols2_1.cu
build	Run clippy	2025-12-13T00:32:04.6969467Z   cargo:rerun-if-changed=/home/runner/.cargo/registry/src/index.crates.io-1949cf8c6b5b557f/llama-cpp-sys-2-0.1.129/llama.cpp/ggml/src/ggml-cuda/template-instances/mmf-instance-ncols_3.cu
build	Run clippy	2025-12-13T00:32:04.6971512Z   cargo:rerun-if-changed=/home/runner/.cargo/registry/src/index.crates.io-1949cf8c6b5b557f/llama-cpp-sys-2-0.1.129/llama.cpp/ggml/src/ggml-cuda/template-instances/fattn-vec-instance-q5_1-q5_1.cu
build	Run clippy	2025-12-13T00:32:04.6973496Z   cargo:rerun-if-changed=/home/runner/.cargo/registry/src/index.crates.io-1949cf8c6b5b557f/llama-cpp-sys-2-0.1.129/llama.cpp/ggml/src/ggml-cuda/template-instances/fattn-tile-instance-dkq64-dv64.cu
build	Run clippy	2025-12-13T00:32:04.6975457Z   cargo:rerun-if-changed=/home/runner/.cargo/registry/src/index.crates.io-1949cf8c6b5b557f/llama-cpp-sys-2-0.1.129/llama.cpp/ggml/src/ggml-cuda/template-instances/fattn-tile-instance-dkq112-dv112.cu
build	Run clippy	2025-12-13T00:32:04.6977424Z   cargo:rerun-if-changed=/home/runner/.cargo/registry/src/index.crates.io-1949cf8c6b5b557f/llama-cpp-sys-2-0.1.129/llama.cpp/ggml/src/ggml-cuda/template-instances/fattn-vec-instance-q4_0-f16.cu
build	Run clippy	2025-12-13T00:32:04.6979609Z   cargo:rerun-if-changed=/home/runner/.cargo/registry/src/index.crates.io-1949cf8c6b5b557f/llama-cpp-sys-2-0.1.129/llama.cpp/ggml/src/ggml-cuda/template-instances/fattn-mma-f16-instance-ncols1_8-ncols2_2.cu
build	Run clippy	2025-12-13T00:32:04.6981819Z   cargo:rerun-if-changed=/home/runner/.cargo/registry/src/index.crates.io-1949cf8c6b5b557f/llama-cpp-sys-2-0.1.129/llama.cpp/ggml/src/ggml-cuda/template-instances/fattn-mma-f16-instance-ncols1_4-ncols2_16.cu
build	Run clippy	2025-12-13T00:32:04.6983801Z   cargo:rerun-if-changed=/home/runner/.cargo/registry/src/index.crates.io-1949cf8c6b5b557f/llama-cpp-sys-2-0.1.129/llama.cpp/ggml/src/ggml-cuda/template-instances/mmf-instance-ncols_1.cu
build	Run clippy	2025-12-13T00:32:04.6985795Z   cargo:rerun-if-changed=/home/runner/.cargo/registry/src/index.crates.io-1949cf8c6b5b557f/llama-cpp-sys-2-0.1.129/llama.cpp/ggml/src/ggml-cuda/template-instances/fattn-mma-f16-instance-ncols1_32-ncols2_2.cu
build	Run clippy	2025-12-13T00:32:04.6987792Z   cargo:rerun-if-changed=/home/runner/.cargo/registry/src/index.crates.io-1949cf8c6b5b557f/llama-cpp-sys-2-0.1.129/llama.cpp/ggml/src/ggml-cuda/template-instances/mmq-instance-q4_0.cu
build	Run clippy	2025-12-13T00:32:04.6989678Z   cargo:rerun-if-changed=/home/runner/.cargo/registry/src/index.crates.io-1949cf8c6b5b557f/llama-cpp-sys-2-0.1.129/llama.cpp/ggml/src/ggml-cuda/template-instances/fattn-vec-instance-q4_0-q5_1.cu
build	Run clippy	2025-12-13T00:32:04.6991809Z   cargo:rerun-if-changed=/home/runner/.cargo/registry/src/index.crates.io-1949cf8c6b5b557f/llama-cpp-sys-2-0.1.129/llama.cpp/ggml/src/ggml-cuda/template-instances/fattn-mma-f16-instance-ncols1_2-ncols2_4.cu
build	Run clippy	2025-12-13T00:32:04.6993872Z   cargo:rerun-if-changed=/home/runner/.cargo/registry/src/index.crates.io-1949cf8c6b5b557f/llama-cpp-sys-2-0.1.129/llama.cpp/ggml/src/ggml-cuda/template-instances/fattn-mma-f16-instance-ncols1_4-ncols2_2.cu
build	Run clippy	2025-12-13T00:32:04.6995859Z   cargo:rerun-if-changed=/home/runner/.cargo/registry/src/index.crates.io-1949cf8c6b5b557f/llama-cpp-sys-2-0.1.129/llama.cpp/ggml/src/ggml-cuda/template-instances/fattn-vec-instance-f16-q4_0.cu
build	Run clippy	2025-12-13T00:32:04.6997993Z   cargo:rerun-if-changed=/home/runner/.cargo/registry/src/index.crates.io-1949cf8c6b5b557f/llama-cpp-sys-2-0.1.129/llama.cpp/ggml/src/ggml-cuda/template-instances/mmq-instance-iq1_s.cu
build	Run clippy	2025-12-13T00:32:04.6999874Z   cargo:rerun-if-changed=/home/runner/.cargo/registry/src/index.crates.io-1949cf8c6b5b557f/llama-cpp-sys-2-0.1.129/llama.cpp/ggml/src/ggml-cuda/template-instances/fattn-vec-instance-f16-q8_0.cu
build	Run clippy	2025-12-13T00:32:04.7001963Z   cargo:rerun-if-changed=/home/runner/.cargo/registry/src/index.crates.io-1949cf8c6b5b557f/llama-cpp-sys-2-0.1.129/llama.cpp/ggml/src/ggml-cuda/template-instances/fattn-vec-instance-q5_1-q5_0.cu
build	Run clippy	2025-12-13T00:32:04.7003989Z   cargo:rerun-if-changed=/home/runner/.cargo/registry/src/index.crates.io-1949cf8c6b5b557f/llama-cpp-sys-2-0.1.129/llama.cpp/ggml/src/ggml-cuda/template-instances/fattn-mma-f16-instance-ncols1_16-ncols2_2.cu
build	Run clippy	2025-12-13T00:32:04.7005943Z   cargo:rerun-if-changed=/home/runner/.cargo/registry/src/index.crates.io-1949cf8c6b5b557f/llama-cpp-sys-2-0.1.129/llama.cpp/ggml/src/ggml-cuda/template-instances/mmq-instance-iq2_s.cu
build	Run clippy	2025-12-13T00:32:04.7007835Z   cargo:rerun-if-changed=/home/runner/.cargo/registry/src/index.crates.io-1949cf8c6b5b557f/llama-cpp-sys-2-0.1.129/llama.cpp/ggml/src/ggml-cuda/template-instances/fattn-vec-instance-q4_0-q5_0.cu
build	Run clippy	2025-12-13T00:32:04.7009709Z   cargo:rerun-if-changed=/home/runner/.cargo/registry/src/index.crates.io-1949cf8c6b5b557f/llama-cpp-sys-2-0.1.129/llama.cpp/ggml/src/ggml-cuda/template-instances/mmq-instance-q6_k.cu
build	Run clippy	2025-12-13T00:32:04.7011686Z   cargo:rerun-if-changed=/home/runner/.cargo/registry/src/index.crates.io-1949cf8c6b5b557f/llama-cpp-sys-2-0.1.129/llama.cpp/ggml/src/ggml-cuda/template-instances/mmq-instance-iq4_nl.cu
build	Run clippy	2025-12-13T00:32:04.7013585Z   cargo:rerun-if-changed=/home/runner/.cargo/registry/src/index.crates.io-1949cf8c6b5b557f/llama-cpp-sys-2-0.1.129/llama.cpp/ggml/src/ggml-cuda/template-instances/fattn-vec-instance-q5_1-q4_0.cu
build	Run clippy	2025-12-13T00:32:04.7015538Z   cargo:rerun-if-changed=/home/runner/.cargo/registry/src/index.crates.io-1949cf8c6b5b557f/llama-cpp-sys-2-0.1.129/llama.cpp/ggml/src/ggml-cuda/template-instances/fattn-vec-instance-q8_0-q5_0.cu
build	Run clippy	2025-12-13T00:32:04.7017671Z   cargo:rerun-if-changed=/home/runner/.cargo/registry/src/index.crates.io-1949cf8c6b5b557f/llama-cpp-sys-2-0.1.129/llama.cpp/ggml/src/ggml-cuda/template-instances/fattn-vec-instance-f16-f16.cu
build	Run clippy	2025-12-13T00:32:04.7019643Z   cargo:rerun-if-changed=/home/runner/.cargo/registry/src/index.crates.io-1949cf8c6b5b557f/llama-cpp-sys-2-0.1.129/llama.cpp/ggml/src/ggml-cuda/template-instances/fattn-tile-instance-dkq256-dv256.cu
build	Run clippy	2025-12-13T00:32:04.7021786Z   cargo:rerun-if-changed=/home/runner/.cargo/registry/src/index.crates.io-1949cf8c6b5b557f/llama-cpp-sys-2-0.1.129/llama.cpp/ggml/src/ggml-cuda/template-instances/fattn-vec-instance-q5_1-q8_0.cu
build	Run clippy	2025-12-13T00:32:04.7023667Z   cargo:rerun-if-changed=/home/runner/.cargo/registry/src/index.crates.io-1949cf8c6b5b557f/llama-cpp-sys-2-0.1.129/llama.cpp/ggml/src/ggml-cuda/template-instances/mmq-instance-q5_k.cu
build	Run clippy	2025-12-13T00:32:04.7025583Z   cargo:rerun-if-changed=/home/runner/.cargo/registry/src/index.crates.io-1949cf8c6b5b557f/llama-cpp-sys-2-0.1.129/llama.cpp/ggml/src/ggml-cuda/template-instances/mmq-instance-q2_k.cu
build	Run clippy	2025-12-13T00:32:04.7027464Z   cargo:rerun-if-changed=/home/runner/.cargo/registry/src/index.crates.io-1949cf8c6b5b557f/llama-cpp-sys-2-0.1.129/llama.cpp/ggml/src/ggml-cuda/template-instances/mmf-instance-ncols_2.cu
build	Run clippy	2025-12-13T00:32:04.7029334Z   cargo:rerun-if-changed=/home/runner/.cargo/registry/src/index.crates.io-1949cf8c6b5b557f/llama-cpp-sys-2-0.1.129/llama.cpp/ggml/src/ggml-cuda/template-instances/mmf-instance-ncols_4.cu
build	Run clippy	2025-12-13T00:32:04.7031353Z   cargo:rerun-if-changed=/home/runner/.cargo/registry/src/index.crates.io-1949cf8c6b5b557f/llama-cpp-sys-2-0.1.129/llama.cpp/ggml/src/ggml-cuda/template-instances/fattn-vec-instance-f16-q5_0.cu
build	Run clippy	2025-12-13T00:32:04.7033295Z   cargo:rerun-if-changed=/home/runner/.cargo/registry/src/index.crates.io-1949cf8c6b5b557f/llama-cpp-sys-2-0.1.129/llama.cpp/ggml/src/ggml-cuda/template-instances/fattn-vec-instance-q4_1-f16.cu
build	Run clippy	2025-12-13T00:32:04.7035388Z   cargo:rerun-if-changed=/home/runner/.cargo/registry/src/index.crates.io-1949cf8c6b5b557f/llama-cpp-sys-2-0.1.129/llama.cpp/ggml/src/ggml-cuda/template-instances/mmf-instance-ncols_6.cu
build	Run clippy	2025-12-13T00:32:04.7037315Z   cargo:rerun-if-changed=/home/runner/.cargo/registry/src/index.crates.io-1949cf8c6b5b557f/llama-cpp-sys-2-0.1.129/llama.cpp/ggml/src/ggml-cuda/template-instances/fattn-tile-instance-dkq72-dv72.cu
build	Run clippy	2025-12-13T00:32:04.7039296Z   cargo:rerun-if-changed=/home/runner/.cargo/registry/src/index.crates.io-1949cf8c6b5b557f/llama-cpp-sys-2-0.1.129/llama.cpp/ggml/src/ggml-cuda/template-instances/fattn-vec-instance-q8_0-q4_1.cu
build	Run clippy	2025-12-13T00:32:04.7041327Z   cargo:rerun-if-changed=/home/runner/.cargo/registry/src/index.crates.io-1949cf8c6b5b557f/llama-cpp-sys-2-0.1.129/llama.cpp/ggml/src/ggml-cuda/template-instances/mmf-instance-ncols_8.cu
build	Run clippy	2025-12-13T00:32:04.7043295Z   cargo:rerun-if-changed=/home/runner/.cargo/registry/src/index.crates.io-1949cf8c6b5b557f/llama-cpp-sys-2-0.1.129/llama.cpp/ggml/src/ggml-cuda/template-instances/fattn-mma-f16-instance-ncols1_64-ncols2_1.cu
build	Run clippy	2025-12-13T00:32:04.7045376Z   cargo:rerun-if-changed=/home/runner/.cargo/registry/src/index.crates.io-1949cf8c6b5b557f/llama-cpp-sys-2-0.1.129/llama.cpp/ggml/src/ggml-cuda/template-instances/fattn-mma-f16-instance-ncols1_32-ncols2_1.cu
build	Run clippy	2025-12-13T00:32:04.7047364Z   cargo:rerun-if-changed=/home/runner/.cargo/registry/src/index.crates.io-1949cf8c6b5b557f/llama-cpp-sys-2-0.1.129/llama.cpp/ggml/src/ggml-cuda/template-instances/mmq-instance-q8_0.cu
build	Run clippy	2025-12-13T00:32:04.7049400Z   cargo:rerun-if-changed=/home/runner/.cargo/registry/src/index.crates.io-1949cf8c6b5b557f/llama-cpp-sys-2-0.1.129/llama.cpp/ggml/src/ggml-cuda/template-instances/fattn-vec-instance-q5_0-q4_0.cu
build	Run clippy	2025-12-13T00:32:04.7051447Z   cargo:rerun-if-changed=/home/runner/.cargo/registry/src/index.crates.io-1949cf8c6b5b557f/llama-cpp-sys-2-0.1.129/llama.cpp/ggml/src/ggml-cuda/template-instances/mmq-instance-iq4_xs.cu
build	Run clippy	2025-12-13T00:32:04.7053489Z   cargo:rerun-if-changed=/home/runner/.cargo/registry/src/index.crates.io-1949cf8c6b5b557f/llama-cpp-sys-2-0.1.129/llama.cpp/ggml/src/ggml-cuda/template-instances/fattn-vec-instance-q8_0-q5_1.cu
build	Run clippy	2025-12-13T00:32:04.7055405Z   cargo:rerun-if-changed=/home/runner/.cargo/registry/src/index.crates.io-1949cf8c6b5b557f/llama-cpp-sys-2-0.1.129/llama.cpp/ggml/src/ggml-cuda/template-instances/mmf-instance-ncols_10.cu
build	Run clippy	2025-12-13T00:32:04.7057316Z   cargo:rerun-if-changed=/home/runner/.cargo/registry/src/index.crates.io-1949cf8c6b5b557f/llama-cpp-sys-2-0.1.129/llama.cpp/ggml/src/ggml-cuda/template-instances/fattn-vec-instance-q5_1-q4_1.cu
build	Run clippy	2025-12-13T00:32:04.7059241Z   cargo:rerun-if-changed=/home/runner/.cargo/registry/src/index.crates.io-1949cf8c6b5b557f/llama-cpp-sys-2-0.1.129/llama.cpp/ggml/src/ggml-cuda/template-instances/fattn-vec-instance-q5_0-q8_0.cu
build	Run clippy	2025-12-13T00:32:04.7061389Z   cargo:rerun-if-changed=/home/runner/.cargo/registry/src/index.crates.io-1949cf8c6b5b557f/llama-cpp-sys-2-0.1.129/llama.cpp/ggml/src/ggml-cuda/template-instances/fattn-mma-f16-instance-ncols1_2-ncols2_16.cu
build	Run clippy	2025-12-13T00:32:04.7063364Z   cargo:rerun-if-changed=/home/runner/.cargo/registry/src/index.crates.io-1949cf8c6b5b557f/llama-cpp-sys-2-0.1.129/llama.cpp/ggml/src/ggml-cuda/template-instances/mmq-instance-mxfp4.cu
build	Run clippy	2025-12-13T00:32:04.7065255Z   cargo:rerun-if-changed=/home/runner/.cargo/registry/src/index.crates.io-1949cf8c6b5b557f/llama-cpp-sys-2-0.1.129/llama.cpp/ggml/src/ggml-cuda/template-instances/fattn-tile-instance-dkq40-dv40.cu
build	Run clippy	2025-12-13T00:32:04.7067216Z   cargo:rerun-if-changed=/home/runner/.cargo/registry/src/index.crates.io-1949cf8c6b5b557f/llama-cpp-sys-2-0.1.129/llama.cpp/ggml/src/ggml-cuda/template-instances/fattn-vec-instance-q5_0-q5_1.cu
build	Run clippy	2025-12-13T00:32:04.7069159Z   cargo:rerun-if-changed=/home/runner/.cargo/registry/src/index.crates.io-1949cf8c6b5b557f/llama-cpp-sys-2-0.1.129/llama.cpp/ggml/src/ggml-cuda/template-instances/fattn-vec-instance-q8_0-q4_0.cu
build	Run clippy	2025-12-13T00:32:04.7071464Z   cargo:rerun-if-changed=/home/runner/.cargo/registry/src/index.crates.io-1949cf8c6b5b557f/llama-cpp-sys-2-0.1.129/llama.cpp/ggml/src/ggml-cuda/template-instances/fattn-mma-f16-instance-ncols1_4-ncols2_8.cu
build	Run clippy	2025-12-13T00:32:04.7073404Z   cargo:rerun-if-changed=/home/runner/.cargo/registry/src/index.crates.io-1949cf8c6b5b557f/llama-cpp-sys-2-0.1.129/llama.cpp/ggml/src/ggml-cuda/template-instances/mmq-instance-q5_0.cu
build	Run clippy	2025-12-13T00:32:04.7075266Z   cargo:rerun-if-changed=/home/runner/.cargo/registry/src/index.crates.io-1949cf8c6b5b557f/llama-cpp-sys-2-0.1.129/llama.cpp/ggml/src/ggml-cuda/template-instances/mmf-instance-ncols_7.cu
build	Run clippy	2025-12-13T00:32:04.7077289Z   cargo:rerun-if-changed=/home/runner/.cargo/registry/src/index.crates.io-1949cf8c6b5b557f/llama-cpp-sys-2-0.1.129/llama.cpp/ggml/src/ggml-cuda/template-instances/fattn-mma-f16-instance-ncols1_8-ncols2_4.cu
build	Run clippy	2025-12-13T00:32:04.7079321Z   cargo:rerun-if-changed=/home/runner/.cargo/registry/src/index.crates.io-1949cf8c6b5b557f/llama-cpp-sys-2-0.1.129/llama.cpp/ggml/src/ggml-cuda/template-instances/fattn-vec-instance-q5_1-f16.cu
build	Run clippy	2025-12-13T00:32:04.7081391Z   cargo:rerun-if-changed=/home/runner/.cargo/registry/src/index.crates.io-1949cf8c6b5b557f/llama-cpp-sys-2-0.1.129/llama.cpp/ggml/src/ggml-cuda/template-instances/mmq-instance-iq3_s.cu
build	Run clippy	2025-12-13T00:32:04.7083351Z   cargo:rerun-if-changed=/home/runner/.cargo/registry/src/index.crates.io-1949cf8c6b5b557f/llama-cpp-sys-2-0.1.129/llama.cpp/ggml/src/ggml-cuda/template-instances/fattn-mma-f16-instance-ncols1_1-ncols2_16.cu
build	Run clippy	2025-12-13T00:32:04.7085349Z   cargo:rerun-if-changed=/home/runner/.cargo/registry/src/index.crates.io-1949cf8c6b5b557f/llama-cpp-sys-2-0.1.129/llama.cpp/ggml/src/ggml-cuda/template-instances/mmq-instance-iq2_xxs.cu
build	Run clippy	2025-12-13T00:32:04.7087244Z   cargo:rerun-if-changed=/home/runner/.cargo/registry/src/index.crates.io-1949cf8c6b5b557f/llama-cpp-sys-2-0.1.129/llama.cpp/ggml/src/ggml-cuda/template-instances/mmq-instance-q4_1.cu
build	Run clippy	2025-12-13T00:32:04.7089495Z   cargo:rerun-if-changed=/home/runner/.cargo/registry/src/index.crates.io-1949cf8c6b5b557f/llama-cpp-sys-2-0.1.129/llama.cpp/ggml/src/ggml-cuda/template-instances/fattn-mma-f16-instance-ncols1_16-ncols2_1.cu
build	Run clippy	2025-12-13T00:32:04.7091661Z   cargo:rerun-if-changed=/home/runner/.cargo/registry/src/index.crates.io-1949cf8c6b5b557f/llama-cpp-sys-2-0.1.129/llama.cpp/ggml/src/ggml-cuda/template-instances/fattn-vec-instance-q5_0-f16.cu
build	Run clippy	2025-12-13T00:32:04.7093555Z   cargo:rerun-if-changed=/home/runner/.cargo/registry/src/index.crates.io-1949cf8c6b5b557f/llama-cpp-sys-2-0.1.129/llama.cpp/ggml/src/ggml-cuda/template-instances/mmq-instance-iq2_xs.cu
build	Run clippy	2025-12-13T00:32:04.7095453Z   cargo:rerun-if-changed=/home/runner/.cargo/registry/src/index.crates.io-1949cf8c6b5b557f/llama-cpp-sys-2-0.1.129/llama.cpp/ggml/src/ggml-cuda/template-instances/generate_cu_files.py
build	Run clippy	2025-12-13T00:32:04.7097444Z   cargo:rerun-if-changed=/home/runner/.cargo/registry/src/index.crates.io-1949cf8c6b5b557f/llama-cpp-sys-2-0.1.129/llama.cpp/ggml/src/ggml-cuda/template-instances/fattn-vec-instance-q4_1-q4_1.cu
build	Run clippy	2025-12-13T00:32:04.7099421Z   cargo:rerun-if-changed=/home/runner/.cargo/registry/src/index.crates.io-1949cf8c6b5b557f/llama-cpp-sys-2-0.1.129/llama.cpp/ggml/src/ggml-cuda/template-instances/fattn-vec-instance-q8_0-q8_0.cu
build	Run clippy	2025-12-13T00:32:04.7101476Z   cargo:rerun-if-changed=/home/runner/.cargo/registry/src/index.crates.io-1949cf8c6b5b557f/llama-cpp-sys-2-0.1.129/llama.cpp/ggml/src/ggml-cuda/template-instances/fattn-vec-instance-f16-q4_1.cu
build	Run clippy	2025-12-13T00:32:04.7103365Z   cargo:rerun-if-changed=/home/runner/.cargo/registry/src/index.crates.io-1949cf8c6b5b557f/llama-cpp-sys-2-0.1.129/llama.cpp/ggml/src/ggml-cuda/template-instances/mmf-instance-ncols_14.cu
build	Run clippy	2025-12-13T00:32:04.7105274Z   cargo:rerun-if-changed=/home/runner/.cargo/registry/src/index.crates.io-1949cf8c6b5b557f/llama-cpp-sys-2-0.1.129/llama.cpp/ggml/src/ggml-cuda/template-instances/fattn-vec-instance-q4_1-q5_1.cu
build	Run clippy	2025-12-13T00:32:04.7107252Z   cargo:rerun-if-changed=/home/runner/.cargo/registry/src/index.crates.io-1949cf8c6b5b557f/llama-cpp-sys-2-0.1.129/llama.cpp/ggml/src/ggml-cuda/template-instances/fattn-tile-instance-dkq128-dv128.cu
build	Run clippy	2025-12-13T00:32:04.7109329Z   cargo:rerun-if-changed=/home/runner/.cargo/registry/src/index.crates.io-1949cf8c6b5b557f/llama-cpp-sys-2-0.1.129/llama.cpp/ggml/src/ggml-cuda/template-instances/mmq-instance-iq3_xxs.cu
build	Run clippy	2025-12-13T00:32:04.7111393Z   cargo:rerun-if-changed=/home/runner/.cargo/registry/src/index.crates.io-1949cf8c6b5b557f/llama-cpp-sys-2-0.1.129/llama.cpp/ggml/src/ggml-cuda/template-instances/fattn-vec-instance-q4_0-q4_1.cu
build	Run clippy	2025-12-13T00:32:04.7113325Z   cargo:rerun-if-changed=/home/runner/.cargo/registry/src/index.crates.io-1949cf8c6b5b557f/llama-cpp-sys-2-0.1.129/llama.cpp/ggml/src/ggml-cuda/template-instances/fattn-vec-instance-q4_0-q4_0.cu
build	Run clippy	2025-12-13T00:32:04.7115230Z   cargo:rerun-if-changed=/home/runner/.cargo/registry/src/index.crates.io-1949cf8c6b5b557f/llama-cpp-sys-2-0.1.129/llama.cpp/ggml/src/ggml-cuda/template-instances/mmf-instance-ncols_13.cu
build	Run clippy	2025-12-13T00:32:04.7117152Z   cargo:rerun-if-changed=/home/runner/.cargo/registry/src/index.crates.io-1949cf8c6b5b557f/llama-cpp-sys-2-0.1.129/llama.cpp/ggml/src/ggml-cuda/template-instances/fattn-vec-instance-q8_0-f16.cu
build	Run clippy	2025-12-13T00:32:04.7119209Z   cargo:rerun-if-changed=/home/runner/.cargo/registry/src/index.crates.io-1949cf8c6b5b557f/llama-cpp-sys-2-0.1.129/llama.cpp/ggml/src/ggml-cuda/template-instances/fattn-mma-f16-instance-ncols1_4-ncols2_4.cu
build	Run clippy	2025-12-13T00:32:04.7121429Z   cargo:rerun-if-changed=/home/runner/.cargo/registry/src/index.crates.io-1949cf8c6b5b557f/llama-cpp-sys-2-0.1.129/llama.cpp/ggml/src/ggml-cuda/template-instances/fattn-mma-f16-instance-ncols1_1-ncols2_8.cu
build	Run clippy	2025-12-13T00:32:04.7123468Z   cargo:rerun-if-changed=/home/runner/.cargo/registry/src/index.crates.io-1949cf8c6b5b557f/llama-cpp-sys-2-0.1.129/llama.cpp/ggml/src/ggml-cuda/template-instances/fattn-tile-instance-dkq80-dv80.cu
build	Run clippy	2025-12-13T00:32:04.7125406Z   cargo:rerun-if-changed=/home/runner/.cargo/registry/src/index.crates.io-1949cf8c6b5b557f/llama-cpp-sys-2-0.1.129/llama.cpp/ggml/src/ggml-cuda/template-instances/mmf-instance-ncols_15.cu
build	Run clippy	2025-12-13T00:32:04.7127553Z   cargo:rerun-if-changed=/home/runner/.cargo/registry/src/index.crates.io-1949cf8c6b5b557f/llama-cpp-sys-2-0.1.129/llama.cpp/ggml/src/ggml-cuda/template-instances/fattn-mma-f16-instance-ncols1_2-ncols2_8.cu
build	Run clippy	2025-12-13T00:32:04.7129671Z   cargo:rerun-if-changed=/home/runner/.cargo/registry/src/index.crates.io-1949cf8c6b5b557f/llama-cpp-sys-2-0.1.129/llama.cpp/ggml/src/ggml-cuda/template-instances/fattn-mma-f16-instance-ncols1_16-ncols2_4.cu
build	Run clippy	2025-12-13T00:32:04.7131874Z   cargo:rerun-if-changed=/home/runner/.cargo/registry/src/index.crates.io-1949cf8c6b5b557f/llama-cpp-sys-2-0.1.129/llama.cpp/ggml/src/ggml-cuda/template-instances/fattn-vec-instance-q4_1-q4_0.cu
build	Run clippy	2025-12-13T00:32:04.7133844Z   cargo:rerun-if-changed=/home/runner/.cargo/registry/src/index.crates.io-1949cf8c6b5b557f/llama-cpp-sys-2-0.1.129/llama.cpp/ggml/src/ggml-cuda/template-instances/fattn-vec-instance-q4_1-q5_0.cu
build	Run clippy	2025-12-13T00:32:04.7135866Z   cargo:rerun-if-changed=/home/runner/.cargo/registry/src/index.crates.io-1949cf8c6b5b557f/llama-cpp-sys-2-0.1.129/llama.cpp/ggml/src/ggml-cuda/template-instances/fattn-mma-f16-instance-ncols1_8-ncols2_8.cu
build	Run clippy	2025-12-13T00:32:04.7137889Z   cargo:rerun-if-changed=/home/runner/.cargo/registry/src/index.crates.io-1949cf8c6b5b557f/llama-cpp-sys-2-0.1.129/llama.cpp/ggml/src/ggml-cuda/template-instances/fattn-vec-instance-q4_0-q8_0.cu
build	Run clippy	2025-12-13T00:32:04.7139863Z   cargo:rerun-if-changed=/home/runner/.cargo/registry/src/index.crates.io-1949cf8c6b5b557f/llama-cpp-sys-2-0.1.129/llama.cpp/ggml/src/ggml-cuda/template-instances/fattn-tile-instance-dkq96-dv96.cu
build	Run clippy	2025-12-13T00:32:04.7142027Z   cargo:rerun-if-changed=/home/runner/.cargo/registry/src/index.crates.io-1949cf8c6b5b557f/llama-cpp-sys-2-0.1.129/llama.cpp/ggml/src/ggml-cuda/template-instances/fattn-tile-instance-dkq576-dv512.cu
build	Run clippy	2025-12-13T00:32:04.7143971Z   cargo:rerun-if-changed=/home/runner/.cargo/registry/src/index.crates.io-1949cf8c6b5b557f/llama-cpp-sys-2-0.1.129/llama.cpp/ggml/src/ggml-cuda/template-instances/mmf-instance-ncols_16.cu
build	Run clippy	2025-12-13T00:32:04.7146028Z   cargo:rerun-if-changed=/home/runner/.cargo/registry/src/index.crates.io-1949cf8c6b5b557f/llama-cpp-sys-2-0.1.129/llama.cpp/ggml/src/ggml-cuda/template-instances/mmf-instance-ncols_5.cu
build	Run clippy	2025-12-13T00:32:04.7147979Z   cargo:rerun-if-changed=/home/runner/.cargo/registry/src/index.crates.io-1949cf8c6b5b557f/llama-cpp-sys-2-0.1.129/llama.cpp/ggml/src/ggml-cuda/template-instances/mmq-instance-q3_k.cu
build	Run clippy	2025-12-13T00:32:04.7149958Z   cargo:rerun-if-changed=/home/runner/.cargo/registry/src/index.crates.io-1949cf8c6b5b557f/llama-cpp-sys-2-0.1.129/llama.cpp/ggml/src/ggml-cuda/template-instances/mmf-instance-ncols_9.cu
build	Run clippy	2025-12-13T00:32:04.7151976Z   cargo:rerun-if-changed=/home/runner/.cargo/registry/src/index.crates.io-1949cf8c6b5b557f/llama-cpp-sys-2-0.1.129/llama.cpp/ggml/src/ggml-cuda/template-instances/mmq-instance-q4_k.cu
build	Run clippy	2025-12-13T00:32:04.7153942Z   cargo:rerun-if-changed=/home/runner/.cargo/registry/src/index.crates.io-1949cf8c6b5b557f/llama-cpp-sys-2-0.1.129/llama.cpp/ggml/src/ggml-cuda/template-instances/fattn-vec-instance-q4_1-q8_0.cu
build	Run clippy	2025-12-13T00:32:04.7155920Z   cargo:rerun-if-changed=/home/runner/.cargo/registry/src/index.crates.io-1949cf8c6b5b557f/llama-cpp-sys-2-0.1.129/llama.cpp/ggml/src/ggml-cuda/template-instances/fattn-vec-instance-f16-q5_1.cu
build	Run clippy	2025-12-13T00:32:04.7157909Z   cargo:rerun-if-changed=/home/runner/.cargo/registry/src/index.crates.io-1949cf8c6b5b557f/llama-cpp-sys-2-0.1.129/llama.cpp/ggml/src/ggml-cuda/template-instances/fattn-vec-instance-q5_0-q5_0.cu
build	Run clippy	2025-12-13T00:32:04.7159841Z   cargo:rerun-if-changed=/home/runner/.cargo/registry/src/index.crates.io-1949cf8c6b5b557f/llama-cpp-sys-2-0.1.129/llama.cpp/ggml/src/ggml-cuda/template-instances/mmf-instance-ncols_12.cu
build	Run clippy	2025-12-13T00:32:04.7161687Z   cargo:rerun-if-changed=/home/runner/.cargo/registry/src/index.crates.io-1949cf8c6b5b557f/llama-cpp-sys-2-0.1.129/llama.cpp/ggml/src/ggml-cuda/fattn-vec.cuh
build	Run clippy	2025-12-13T00:32:04.7163413Z   cargo:rerun-if-changed=/home/runner/.cargo/registry/src/index.crates.io-1949cf8c6b5b557f/llama-cpp-sys-2-0.1.129/llama.cpp/ggml/src/ggml-cuda/arange.cu
build	Run clippy	2025-12-13T00:32:04.7164925Z   cargo:rerun-if-changed=/home/runner/.cargo/registry/src/index.crates.io-1949cf8c6b5b557f/llama-cpp-sys-2-0.1.129/llama.cpp/ggml/src/ggml-cuda/cpy.cu
build	Run clippy	2025-12-13T00:32:04.7166419Z   cargo:rerun-if-changed=/home/runner/.cargo/registry/src/index.crates.io-1949cf8c6b5b557f/llama-cpp-sys-2-0.1.129/llama.cpp/ggml/src/ggml-cuda/common.cuh
build	Run clippy	2025-12-13T00:32:04.7167943Z   cargo:rerun-if-changed=/home/runner/.cargo/registry/src/index.crates.io-1949cf8c6b5b557f/llama-cpp-sys-2-0.1.129/llama.cpp/ggml/src/ggml-cuda/fattn-tile.cu
build	Run clippy	2025-12-13T00:32:04.7169517Z   cargo:rerun-if-changed=/home/runner/.cargo/registry/src/index.crates.io-1949cf8c6b5b557f/llama-cpp-sys-2-0.1.129/llama.cpp/ggml/src/ggml-cuda/opt-step-adamw.cu
build	Run clippy	2025-12-13T00:32:04.7171272Z   cargo:rerun-if-changed=/home/runner/.cargo/registry/src/index.crates.io-1949cf8c6b5b557f/llama-cpp-sys-2-0.1.129/llama.cpp/ggml/src/ggml-cuda/conv2d-transpose.cuh
build	Run clippy	2025-12-13T00:32:04.7172852Z   cargo:rerun-if-changed=/home/runner/.cargo/registry/src/index.crates.io-1949cf8c6b5b557f/llama-cpp-sys-2-0.1.129/llama.cpp/ggml/src/ggml-cuda/mmvf.cu
build	Run clippy	2025-12-13T00:32:04.7174350Z   cargo:rerun-if-changed=/home/runner/.cargo/registry/src/index.crates.io-1949cf8c6b5b557f/llama-cpp-sys-2-0.1.129/llama.cpp/ggml/src/ggml-cuda/argsort.cu
build	Run clippy	2025-12-13T00:32:04.7175863Z   cargo:rerun-if-changed=/home/runner/.cargo/registry/src/index.crates.io-1949cf8c6b5b557f/llama-cpp-sys-2-0.1.129/llama.cpp/ggml/src/ggml-cuda/conv2d.cuh
build	Run clippy	2025-12-13T00:32:04.7177405Z   cargo:rerun-if-changed=/home/runner/.cargo/registry/src/index.crates.io-1949cf8c6b5b557f/llama-cpp-sys-2-0.1.129/llama.cpp/ggml/src/ggml-cuda/reduce_rows.cuh
build	Run clippy	2025-12-13T00:32:04.7178931Z   cargo:rerun-if-changed=/home/runner/.cargo/registry/src/index.crates.io-1949cf8c6b5b557f/llama-cpp-sys-2-0.1.129/llama.cpp/ggml/src/ggml-cuda/norm.cu
build	Run clippy	2025-12-13T00:32:04.7180729Z   cargo:rerun-if-changed=/home/runner/.cargo/registry/src/index.crates.io-1949cf8c6b5b557f/llama-cpp-sys-2-0.1.129/llama.cpp/ggml/src/ggml-cuda/opt-step-sgd.cuh
build	Run clippy	2025-12-13T00:32:04.7182402Z   cargo:rerun-if-changed=/home/runner/.cargo/registry/src/index.crates.io-1949cf8c6b5b557f/llama-cpp-sys-2-0.1.129/llama.cpp/ggml/src/ggml-cuda/gla.cu
build	Run clippy	2025-12-13T00:32:04.7183871Z   cargo:rerun-if-changed=/home/runner/.cargo/registry/src/index.crates.io-1949cf8c6b5b557f/llama-cpp-sys-2-0.1.129/llama.cpp/ggml/src/ggml-cuda/acc.cu
build	Run clippy	2025-12-13T00:32:04.7185367Z   cargo:rerun-if-changed=/home/runner/.cargo/registry/src/index.crates.io-1949cf8c6b5b557f/llama-cpp-sys-2-0.1.129/llama.cpp/ggml/src/ggml-cuda/diagmask.cuh
build	Run clippy	2025-12-13T00:32:04.7186923Z   cargo:rerun-if-changed=/home/runner/.cargo/registry/src/index.crates.io-1949cf8c6b5b557f/llama-cpp-sys-2-0.1.129/llama.cpp/ggml/src/ggml-cuda/cp-async.cuh
build	Run clippy	2025-12-13T00:32:04.7188500Z   cargo:rerun-if-changed=/home/runner/.cargo/registry/src/index.crates.io-1949cf8c6b5b557f/llama-cpp-sys-2-0.1.129/llama.cpp/ggml/src/ggml-cuda/topk-moe.cuh
build	Run clippy	2025-12-13T00:32:04.7190078Z   cargo:rerun-if-changed=/home/runner/.cargo/registry/src/index.crates.io-1949cf8c6b5b557f/llama-cpp-sys-2-0.1.129/llama.cpp/ggml/src/ggml-cuda/fattn-wmma-f16.cu
build	Run clippy	2025-12-13T00:32:04.7191800Z   cargo:rerun-if-changed=/home/runner/.cargo/registry/src/index.crates.io-1949cf8c6b5b557f/llama-cpp-sys-2-0.1.129/llama.cpp/ggml/src/ggml-cuda/argmax.cu
build	Run clippy	2025-12-13T00:32:04.7193394Z   cargo:rerun-if-changed=/home/runner/.cargo/registry/src/index.crates.io-1949cf8c6b5b557f/llama-cpp-sys-2-0.1.129/llama.cpp/ggml/src/ggml-cuda/cpy-utils.cuh
build	Run clippy	2025-12-13T00:32:04.7194920Z   cargo:rerun-if-changed=/home/runner/.cargo/registry/src/index.crates.io-1949cf8c6b5b557f/llama-cpp-sys-2-0.1.129/llama.cpp/ggml/src/ggml-cuda/mmvq.cuh
build	Run clippy	2025-12-13T00:32:04.7196491Z   cargo:rerun-if-changed=/home/runner/.cargo/registry/src/index.crates.io-1949cf8c6b5b557f/llama-cpp-sys-2-0.1.129/llama.cpp/ggml/src/ggml-cuda/unary.cu
build	Run clippy	2025-12-13T00:32:04.7198219Z   cargo:rerun-if-changed=/home/runner/.cargo/registry/src/index.crates.io-1949cf8c6b5b557f/llama-cpp-sys-2-0.1.129/llama.cpp/ggml/src/ggml-cuda/fattn-common.cuh
build	Run clippy	2025-12-13T00:32:04.7199841Z   cargo:rerun-if-changed=/home/runner/.cargo/registry/src/index.crates.io-1949cf8c6b5b557f/llama-cpp-sys-2-0.1.129/llama.cpp/ggml/src/ggml-cuda/conv-transpose-1d.cuh
build	Run clippy	2025-12-13T00:32:04.7201540Z   cargo:rerun-if-changed=/home/runner/.cargo/registry/src/index.crates.io-1949cf8c6b5b557f/llama-cpp-sys-2-0.1.129/llama.cpp/ggml/src/ggml-cuda/clamp.cuh
build	Run clippy	2025-12-13T00:32:04.7203074Z   cargo:rerun-if-changed=/home/runner/.cargo/registry/src/index.crates.io-1949cf8c6b5b557f/llama-cpp-sys-2-0.1.129/llama.cpp/ggml/src/ggml-cuda/diagmask.cu
build	Run clippy	2025-12-13T00:32:04.7204588Z   cargo:rerun-if-changed=/home/runner/.cargo/registry/src/index.crates.io-1949cf8c6b5b557f/llama-cpp-sys-2-0.1.129/llama.cpp/ggml/src/ggml-cuda/gla.cuh
build	Run clippy	2025-12-13T00:32:04.7206093Z   cargo:rerun-if-changed=/home/runner/.cargo/registry/src/index.crates.io-1949cf8c6b5b557f/llama-cpp-sys-2-0.1.129/llama.cpp/ggml/src/ggml-cuda/out-prod.cu
build	Run clippy	2025-12-13T00:32:04.7207631Z   cargo:rerun-if-changed=/home/runner/.cargo/registry/src/index.crates.io-1949cf8c6b5b557f/llama-cpp-sys-2-0.1.129/llama.cpp/ggml/src/ggml-cuda/tsembd.cuh
build	Run clippy	2025-12-13T00:32:04.7209121Z   cargo:rerun-if-changed=/home/runner/.cargo/registry/src/index.crates.io-1949cf8c6b5b557f/llama-cpp-sys-2-0.1.129/llama.cpp/ggml/src/ggml-cuda/roll.cu
build	Run clippy	2025-12-13T00:32:04.7210642Z   cargo:rerun-if-changed=/home/runner/.cargo/registry/src/index.crates.io-1949cf8c6b5b557f/llama-cpp-sys-2-0.1.129/llama.cpp/ggml/src/ggml-cuda/pool2d.cu
build	Run clippy	2025-12-13T00:32:04.7216385Z   cargo:rerun-if-changed=/home/runner/.cargo/registry/src/index.crates.io-1949cf8c6b5b557f/llama-cpp-sys-2-0.1.129/llama.cpp/ggml/src/ggml-cuda/dequantize.cuh
build	Run clippy	2025-12-13T00:32:04.7218077Z   cargo:rerun-if-changed=/home/runner/.cargo/registry/src/index.crates.io-1949cf8c6b5b557f/llama-cpp-sys-2-0.1.129/llama.cpp/ggml/src/ggml-cuda/ssm-scan.cuh
build	Run clippy	2025-12-13T00:32:04.7219876Z   cargo:rerun-if-changed=/home/runner/.cargo/registry/src/index.crates.io-1949cf8c6b5b557f/llama-cpp-sys-2-0.1.129/llama.cpp/ggml/src/ggml-cuda/count-equal.cuh
build	Run clippy	2025-12-13T00:32:04.7221596Z   cargo:rerun-if-changed=/home/runner/.cargo/registry/src/index.crates.io-1949cf8c6b5b557f/llama-cpp-sys-2-0.1.129/llama.cpp/ggml/src/ggml-cuda/set.cuh
build	Run clippy	2025-12-13T00:32:04.7223113Z   cargo:rerun-if-changed=/home/runner/.cargo/registry/src/index.crates.io-1949cf8c6b5b557f/llama-cpp-sys-2-0.1.129/llama.cpp/ggml/src/ggml-cuda/softmax.cu
build	Run clippy	2025-12-13T00:32:04.7224756Z   cargo:rerun-if-changed=/home/runner/.cargo/registry/src/index.crates.io-1949cf8c6b5b557f/llama-cpp-sys-2-0.1.129/llama.cpp/ggml/src/ggml-cuda/opt-step-adamw.cuh
build	Run clippy	2025-12-13T00:32:04.7226322Z   cargo:rerun-if-changed=/home/runner/.cargo/registry/src/index.crates.io-1949cf8c6b5b557f/llama-cpp-sys-2-0.1.129/llama.cpp/ggml/src/ggml-cuda/add-id.cuh
build	Run clippy	2025-12-13T00:32:04.7227857Z   cargo:rerun-if-changed=/home/runner/.cargo/registry/src/index.crates.io-1949cf8c6b5b557f/llama-cpp-sys-2-0.1.129/llama.cpp/ggml/src/ggml-cuda/opt-step-sgd.cu
build	Run clippy	2025-12-13T00:32:04.7229425Z   cargo:rerun-if-changed=/home/runner/.cargo/registry/src/index.crates.io-1949cf8c6b5b557f/llama-cpp-sys-2-0.1.129/llama.cpp/ggml/src/ggml-cuda/unary.cuh
build	Run clippy	2025-12-13T00:32:04.7231119Z   cargo:rerun-if-changed=/home/runner/.cargo/registry/src/index.crates.io-1949cf8c6b5b557f/llama-cpp-sys-2-0.1.129/llama.cpp/ggml/src/ggml-cuda/sumrows.cuh
build	Run clippy	2025-12-13T00:32:04.7232652Z   cargo:rerun-if-changed=/home/runner/.cargo/registry/src/index.crates.io-1949cf8c6b5b557f/llama-cpp-sys-2-0.1.129/llama.cpp/ggml/src/ggml-cuda/ssm-conv.cuh
build	Run clippy	2025-12-13T00:32:04.7234155Z   cargo:rerun-if-changed=/home/runner/.cargo/registry/src/index.crates.io-1949cf8c6b5b557f/llama-cpp-sys-2-0.1.129/llama.cpp/ggml/src/ggml-cuda/set.cu
build	Run clippy	2025-12-13T00:32:04.7235593Z   cargo:rerun-if-changed=/home/runner/.cargo/registry/src/index.crates.io-1949cf8c6b5b557f/llama-cpp-sys-2-0.1.129/llama.cpp/ggml/src/ggml-cuda/mmf.cuh
build	Run clippy	2025-12-13T00:32:04.7237215Z   cargo:rerun-if-changed=/home/runner/.cargo/registry/src/index.crates.io-1949cf8c6b5b557f/llama-cpp-sys-2-0.1.129/llama.cpp/ggml/src/ggml-cuda/vendors
build	Run clippy	2025-12-13T00:32:04.7238694Z   cargo:rerun-if-changed=/home/runner/.cargo/registry/src/index.crates.io-1949cf8c6b5b557f/llama-cpp-sys-2-0.1.129/llama.cpp/ggml/src/ggml-cuda/vendors/hip.h
build	Run clippy	2025-12-13T00:32:04.7240197Z   cargo:rerun-if-changed=/home/runner/.cargo/registry/src/index.crates.io-1949cf8c6b5b557f/llama-cpp-sys-2-0.1.129/llama.cpp/ggml/src/ggml-cuda/vendors/cuda.h
build	Run clippy	2025-12-13T00:32:04.7241840Z   cargo:rerun-if-changed=/home/runner/.cargo/registry/src/index.crates.io-1949cf8c6b5b557f/llama-cpp-sys-2-0.1.129/llama.cpp/ggml/src/ggml-cuda/vendors/musa.h
build	Run clippy	2025-12-13T00:32:04.7243329Z   cargo:rerun-if-changed=/home/runner/.cargo/registry/src/index.crates.io-1949cf8c6b5b557f/llama-cpp-sys-2-0.1.129/llama.cpp/ggml/src/ggml-cuda/mmf.cu
build	Run clippy	2025-12-13T00:32:04.7244814Z   cargo:rerun-if-changed=/home/runner/.cargo/registry/src/index.crates.io-1949cf8c6b5b557f/llama-cpp-sys-2-0.1.129/llama.cpp/ggml/src/ggml-cuda/count-equal.cu
build	Run clippy	2025-12-13T00:32:04.7246331Z   cargo:rerun-if-changed=/home/runner/.cargo/registry/src/index.crates.io-1949cf8c6b5b557f/llama-cpp-sys-2-0.1.129/llama.cpp/ggml/src/ggml-cuda/wkv.cu
build	Run clippy	2025-12-13T00:32:04.7247862Z   cargo:rerun-if-changed=/home/runner/.cargo/registry/src/index.crates.io-1949cf8c6b5b557f/llama-cpp-sys-2-0.1.129/llama.cpp/ggml/src/ggml-cuda/getrows.cuh
build	Run clippy	2025-12-13T00:32:04.7249354Z   cargo:rerun-if-changed=/home/runner/.cargo/registry/src/index.crates.io-1949cf8c6b5b557f/llama-cpp-sys-2-0.1.129/llama.cpp/ggml/src/ggml-cuda/conv2d.cu
build	Run clippy	2025-12-13T00:32:04.7250806Z   cargo:rerun-if-changed=/home/runner/.cargo/registry/src/index.crates.io-1949cf8c6b5b557f/llama-cpp-sys-2-0.1.129/llama.cpp/ggml/src/ggml-cuda/roll.cuh
build	Run clippy	2025-12-13T00:32:04.7252397Z   cargo:rerun-if-changed=/home/runner/.cargo/registry/src/index.crates.io-1949cf8c6b5b557f/llama-cpp-sys-2-0.1.129/llama.cpp/ggml/src/ggml-cuda/mmq.cu
build	Run clippy	2025-12-13T00:32:04.7253835Z   cargo:rerun-if-changed=/home/runner/.cargo/registry/src/index.crates.io-1949cf8c6b5b557f/llama-cpp-sys-2-0.1.129/llama.cpp/ggml/src/ggml-cuda/mean.cu
build	Run clippy	2025-12-13T00:32:04.7255470Z   cargo:rerun-if-changed=/home/runner/.cargo/registry/src/index.crates.io-1949cf8c6b5b557f/llama-cpp-sys-2-0.1.129/llama.cpp/ggml/src/ggml-cuda/mmvf.cuh
build	Run clippy	2025-12-13T00:32:04.7256930Z   cargo:rerun-if-changed=/home/runner/.cargo/registry/src/index.crates.io-1949cf8c6b5b557f/llama-cpp-sys-2-0.1.129/llama.cpp/ggml/src/ggml-cuda/concat.cu
build	Run clippy	2025-12-13T00:32:04.7258475Z   cargo:rerun-if-changed=/home/runner/.cargo/registry/src/index.crates.io-1949cf8c6b5b557f/llama-cpp-sys-2-0.1.129/llama.cpp/ggml/src/ggml-cuda/conv2d-transpose.cu
build	Run clippy	2025-12-13T00:32:04.7260018Z   cargo:rerun-if-changed=/home/runner/.cargo/registry/src/index.crates.io-1949cf8c6b5b557f/llama-cpp-sys-2-0.1.129/llama.cpp/ggml/src/ggml-cuda/mmq.cuh
build	Run clippy	2025-12-13T00:32:04.7261692Z   cargo:rerun-if-changed=/home/runner/.cargo/registry/src/index.crates.io-1949cf8c6b5b557f/llama-cpp-sys-2-0.1.129/llama.cpp/ggml/src/ggml-cuda/cross-entropy-loss.cuh
build	Run clippy	2025-12-13T00:32:04.7263289Z   cargo:rerun-if-changed=/home/runner/.cargo/registry/src/index.crates.io-1949cf8c6b5b557f/llama-cpp-sys-2-0.1.129/llama.cpp/ggml/src/ggml-cuda/fattn-mma-f16.cuh
build	Run clippy	2025-12-13T00:32:04.7264874Z   cargo:rerun-if-changed=/home/runner/.cargo/registry/src/index.crates.io-1949cf8c6b5b557f/llama-cpp-sys-2-0.1.129/llama.cpp/ggml/src/ggml-cuda/cross-entropy-loss.cu
build	Run clippy	2025-12-13T00:32:04.7266461Z   cargo:rerun-if-changed=/home/runner/.cargo/registry/src/index.crates.io-1949cf8c6b5b557f/llama-cpp-sys-2-0.1.129/llama.cpp/ggml/src/ggml-cuda/binbcast.cu
build	Run clippy	2025-12-13T00:32:04.7268076Z   cargo:rerun-if-changed=/home/runner/.cargo/registry/src/index.crates.io-1949cf8c6b5b557f/llama-cpp-sys-2-0.1.129/llama.cpp/ggml/src/ggml-cuda/quantize.cuh
build	Run clippy	2025-12-13T00:32:04.7269659Z   cargo:rerun-if-changed=/home/runner/.cargo/registry/src/index.crates.io-1949cf8c6b5b557f/llama-cpp-sys-2-0.1.129/llama.cpp/ggml/src/ggml-cuda/softcap.cu
build	Run clippy	2025-12-13T00:32:04.7271349Z   cargo:rerun-if-changed=/home/runner/.cargo/registry/src/index.crates.io-1949cf8c6b5b557f/llama-cpp-sys-2-0.1.129/llama.cpp/ggml/src/ggml-cuda/tsembd.cu
build	Run clippy	2025-12-13T00:32:04.7273116Z   cargo:rerun-if-changed=/home/runner/.cargo/registry/src/index.crates.io-1949cf8c6b5b557f/llama-cpp-sys-2-0.1.129/llama.cpp/ggml/src/ggml-cuda/sum.cuh
build	Run clippy	2025-12-13T00:32:04.7274701Z   cargo:rerun-if-changed=/home/runner/.cargo/registry/src/index.crates.io-1949cf8c6b5b557f/llama-cpp-sys-2-0.1.129/llama.cpp/ggml/src/ggml-cuda/conv2d-dw.cu
build	Run clippy	2025-12-13T00:32:04.7276277Z   cargo:rerun-if-changed=/home/runner/.cargo/registry/src/index.crates.io-1949cf8c6b5b557f/llama-cpp-sys-2-0.1.129/llama.cpp/ggml/src/ggml-cuda/convert.cuh
build	Run clippy	2025-12-13T00:32:04.7277814Z   cargo:rerun-if-changed=/home/runner/.cargo/registry/src/index.crates.io-1949cf8c6b5b557f/llama-cpp-sys-2-0.1.129/llama.cpp/ggml/src/ggml-cuda/mmvq.cu
build	Run clippy	2025-12-13T00:32:04.7279352Z   cargo:rerun-if-changed=/home/runner/.cargo/registry/src/index.crates.io-1949cf8c6b5b557f/llama-cpp-sys-2-0.1.129/llama.cpp/ggml/src/ggml-cuda/CMakeLists.txt
build	Run clippy	2025-12-13T00:32:04.7281088Z   cargo:rerun-if-changed=/home/runner/.cargo/registry/src/index.crates.io-1949cf8c6b5b557f/llama-cpp-sys-2-0.1.129/llama.cpp/ggml/src/ggml-cuda/ssm-scan.cu
build	Run clippy	2025-12-13T00:32:04.7282626Z   cargo:rerun-if-changed=/home/runner/.cargo/registry/src/index.crates.io-1949cf8c6b5b557f/llama-cpp-sys-2-0.1.129/llama.cpp/ggml/src/ggml-cuda/cpy.cuh
build	Run clippy	2025-12-13T00:32:04.7284151Z   cargo:rerun-if-changed=/home/runner/.cargo/registry/src/index.crates.io-1949cf8c6b5b557f/llama-cpp-sys-2-0.1.129/llama.cpp/ggml/src/ggml-cuda/pad.cu
build	Run clippy	2025-12-13T00:32:04.7285680Z   cargo:rerun-if-changed=/home/runner/.cargo/registry/src/index.crates.io-1949cf8c6b5b557f/llama-cpp-sys-2-0.1.129/llama.cpp/ggml/src/ggml-cuda/binbcast.cuh
build	Run clippy	2025-12-13T00:32:04.7287241Z   cargo:rerun-if-changed=/home/runner/.cargo/registry/src/index.crates.io-1949cf8c6b5b557f/llama-cpp-sys-2-0.1.129/llama.cpp/ggml/src/ggml-cuda/set-rows.cu
build	Run clippy	2025-12-13T00:32:04.7288777Z   cargo:rerun-if-changed=/home/runner/.cargo/registry/src/index.crates.io-1949cf8c6b5b557f/llama-cpp-sys-2-0.1.129/llama.cpp/ggml/src/ggml-cuda/rope.cuh
build	Run clippy	2025-12-13T00:32:04.7290569Z   cargo:rerun-if-changed=/home/runner/.cargo/registry/src/index.crates.io-1949cf8c6b5b557f/llama-cpp-sys-2-0.1.129/llama.cpp/ggml/src/ggml-cuda/softmax.cuh
build	Run clippy	2025-12-13T00:32:04.7292360Z   cargo:rerun-if-changed=/home/runner/.cargo/registry/src/index.crates.io-1949cf8c6b5b557f/llama-cpp-sys-2-0.1.129/llama.cpp/ggml/src/ggml-cuda/fattn-wmma-f16.cuh
build	Run clippy	2025-12-13T00:32:04.7294008Z   cargo:rerun-if-changed=/home/runner/.cargo/registry/src/index.crates.io-1949cf8c6b5b557f/llama-cpp-sys-2-0.1.129/llama.cpp/ggml/src/ggml-cuda/mean.cuh
build	Run clippy	2025-12-13T00:32:04.7295643Z   cargo:rerun-if-changed=/home/runner/.cargo/registry/src/index.crates.io-1949cf8c6b5b557f/llama-cpp-sys-2-0.1.129/llama.cpp/ggml/src/ggml-cuda/pad_reflect_1d.cu
build	Run clippy	2025-12-13T00:32:04.7297257Z   cargo:rerun-if-changed=/home/runner/.cargo/registry/src/index.crates.io-1949cf8c6b5b557f/llama-cpp-sys-2-0.1.129/llama.cpp/ggml/src/ggml-cuda/im2col.cu
build	Run clippy	2025-12-13T00:32:04.7298879Z   cargo:rerun-if-changed=/home/runner/.cargo/registry/src/index.crates.io-1949cf8c6b5b557f/llama-cpp-sys-2-0.1.129/llama.cpp/ggml/src/ggml-cuda/im2col.cuh
build	Run clippy	2025-12-13T00:32:04.7300412Z   cargo:rerun-if-changed=/home/runner/.cargo/registry/src/index.crates.io-1949cf8c6b5b557f/llama-cpp-sys-2-0.1.129/llama.cpp/ggml/src/ggml-cuda/mmid.cu
build	Run clippy	2025-12-13T00:32:04.7302274Z   cargo:rerun-if-changed=/home/runner/.cargo/registry/src/index.crates.io-1949cf8c6b5b557f/llama-cpp-sys-2-0.1.129/llama.cpp/ggml/src/ggml-cuda/fattn.cu
build	Run clippy	2025-12-13T00:32:04.7304040Z   cargo:rerun-if-changed=/home/runner/.cargo/registry/src/index.crates.io-1949cf8c6b5b557f/llama-cpp-sys-2-0.1.129/llama.cpp/ggml/src/ggml-cuda/fattn-tile.cuh
build	Run clippy	2025-12-13T00:32:04.7305798Z   cargo:rerun-if-changed=/home/runner/.cargo/registry/src/index.crates.io-1949cf8c6b5b557f/llama-cpp-sys-2-0.1.129/llama.cpp/ggml/src/ggml-cuda/clamp.cu
build	Run clippy	2025-12-13T00:32:04.7307539Z   cargo:rerun-if-changed=/home/runner/.cargo/registry/src/index.crates.io-1949cf8c6b5b557f/llama-cpp-sys-2-0.1.129/llama.cpp/ggml/src/ggml-cuda/argsort.cuh
build	Run clippy	2025-12-13T00:32:04.7309447Z   cargo:rerun-if-changed=/home/runner/.cargo/registry/src/index.crates.io-1949cf8c6b5b557f/llama-cpp-sys-2-0.1.129/llama.cpp/ggml/src/ggml-cuda/argmax.cuh
build	Run clippy	2025-12-13T00:32:04.7311244Z   cargo:rerun-if-changed=/home/runner/.cargo/registry/src/index.crates.io-1949cf8c6b5b557f/llama-cpp-sys-2-0.1.129/llama.cpp/ggml/src/ggml-cuda/vecdotq.cuh
build	Run clippy	2025-12-13T00:32:04.7312840Z   cargo:rerun-if-changed=/home/runner/.cargo/registry/src/index.crates.io-1949cf8c6b5b557f/llama-cpp-sys-2-0.1.129/llama.cpp/ggml/src/ggml-cuda/mmid.cuh
build	Run clippy	2025-12-13T00:32:04.7314462Z   cargo:rerun-if-changed=/home/runner/.cargo/registry/src/index.crates.io-1949cf8c6b5b557f/llama-cpp-sys-2-0.1.129/llama.cpp/ggml/src/ggml-cuda/pool2d.cuh
build	Run clippy	2025-12-13T00:32:04.7316067Z   cargo:rerun-if-changed=/home/runner/.cargo/registry/src/index.crates.io-1949cf8c6b5b557f/llama-cpp-sys-2-0.1.129/llama.cpp/ggml/src/ggml-cuda/acc.cuh
build	Run clippy	2025-12-13T00:32:04.7317717Z   cargo:rerun-if-changed=/home/runner/.cargo/registry/src/index.crates.io-1949cf8c6b5b557f/llama-cpp-sys-2-0.1.129/llama.cpp/ggml/src/ggml-cuda/norm.cuh
build	Run clippy	2025-12-13T00:32:04.7319317Z   cargo:rerun-if-changed=/home/runner/.cargo/registry/src/index.crates.io-1949cf8c6b5b557f/llama-cpp-sys-2-0.1.129/llama.cpp/ggml/src/ggml-cuda/arange.cuh
build	Run clippy	2025-12-13T00:32:04.7321080Z   cargo:rerun-if-changed=/home/runner/.cargo/registry/src/index.crates.io-1949cf8c6b5b557f/llama-cpp-sys-2-0.1.129/llama.cpp/ggml/src/ggml-cuda/wkv.cuh
build	Run clippy	2025-12-13T00:32:04.7322686Z   cargo:rerun-if-changed=/home/runner/.cargo/registry/src/index.crates.io-1949cf8c6b5b557f/llama-cpp-sys-2-0.1.129/llama.cpp/ggml/src/ggml-cuda/getrows.cu
build	Run clippy	2025-12-13T00:32:04.7324257Z   cargo:rerun-if-changed=/home/runner/.cargo/registry/src/index.crates.io-1949cf8c6b5b557f/llama-cpp-sys-2-0.1.129/llama.cpp/ggml/src/ggml-cuda/concat.cuh
build	Run clippy	2025-12-13T00:32:04.7325833Z   cargo:rerun-if-changed=/home/runner/.cargo/registry/src/index.crates.io-1949cf8c6b5b557f/llama-cpp-sys-2-0.1.129/llama.cpp/ggml/src/ggml-cuda/convert.cu
build	Run clippy	2025-12-13T00:32:04.7327701Z   cargo:rerun-if-changed=/home/runner/.cargo/registry/src/index.crates.io-1949cf8c6b5b557f/llama-cpp-sys-2-0.1.129/llama.cpp/ggml/src/ggml-cuda/pad_reflect_1d.cuh
build	Run clippy	2025-12-13T00:32:04.7329328Z   cargo:rerun-if-changed=/home/runner/.cargo/registry/src/index.crates.io-1949cf8c6b5b557f/llama-cpp-sys-2-0.1.129/llama.cpp/ggml/src/ggml-cuda/scale.cuh
build	Run clippy	2025-12-13T00:32:04.7331040Z   cargo:rerun-if-changed=/home/runner/.cargo/registry/src/index.crates.io-1949cf8c6b5b557f/llama-cpp-sys-2-0.1.129/llama.cpp/ggml/src/ggml-cuda/mma.cuh
build	Run clippy	2025-12-13T00:32:04.7332683Z   cargo:rerun-if-changed=/home/runner/.cargo/registry/src/index.crates.io-1949cf8c6b5b557f/llama-cpp-sys-2-0.1.129/llama.cpp/ggml/src/ggml-cuda/softcap.cuh
build	Run clippy	2025-12-13T00:32:04.7334310Z   cargo:rerun-if-changed=/home/runner/.cargo/registry/src/index.crates.io-1949cf8c6b5b557f/llama-cpp-sys-2-0.1.129/llama.cpp/ggml/src/ggml-cuda/out-prod.cuh
build	Run clippy	2025-12-13T00:32:04.7335909Z   cargo:rerun-if-changed=/home/runner/.cargo/registry/src/index.crates.io-1949cf8c6b5b557f/llama-cpp-sys-2-0.1.129/llama.cpp/ggml/src/ggml-cuda/sum.cu
build	Run clippy	2025-12-13T00:32:04.7337483Z   cargo:rerun-if-changed=/home/runner/.cargo/registry/src/index.crates.io-1949cf8c6b5b557f/llama-cpp-sys-2-0.1.129/llama.cpp/ggml/src/ggml-cuda/upscale.cu
build	Run clippy	2025-12-13T00:32:04.7339045Z   cargo:rerun-if-changed=/home/runner/.cargo/registry/src/index.crates.io-1949cf8c6b5b557f/llama-cpp-sys-2-0.1.129/llama.cpp/ggml/src/CMakeLists.txt
build	Run clippy	2025-12-13T00:32:04.7340638Z   cargo:rerun-if-changed=/home/runner/.cargo/registry/src/index.crates.io-1949cf8c6b5b557f/llama-cpp-sys-2-0.1.129/llama.cpp/ggml/src/ggml-backend-impl.h
build	Run clippy	2025-12-13T00:32:04.7342384Z   cargo:rerun-if-changed=/home/runner/.cargo/registry/src/index.crates.io-1949cf8c6b5b557f/llama-cpp-sys-2-0.1.129/llama.cpp/ggml/src/ggml-backend.cpp
build	Run clippy	2025-12-13T00:32:04.7343959Z   cargo:rerun-if-changed=/home/runner/.cargo/registry/src/index.crates.io-1949cf8c6b5b557f/llama-cpp-sys-2-0.1.129/llama.cpp/ggml/src/ggml-metal
build	Run clippy	2025-12-13T00:32:04.7345819Z   cargo:rerun-if-changed=/home/runner/.cargo/registry/src/index.crates.io-1949cf8c6b5b557f/llama-cpp-sys-2-0.1.129/llama.cpp/ggml/src/ggml-metal/ggml-metal-device.cpp
build	Run clippy	2025-12-13T00:32:04.7347530Z   cargo:rerun-if-changed=/home/runner/.cargo/registry/src/index.crates.io-1949cf8c6b5b557f/llama-cpp-sys-2-0.1.129/llama.cpp/ggml/src/ggml-metal/ggml-metal-ops.h
build	Run clippy	2025-12-13T00:32:04.7349230Z   cargo:rerun-if-changed=/home/runner/.cargo/registry/src/index.crates.io-1949cf8c6b5b557f/llama-cpp-sys-2-0.1.129/llama.cpp/ggml/src/ggml-metal/ggml-metal-context.m
build	Run clippy	2025-12-13T00:32:04.7351102Z   cargo:rerun-if-changed=/home/runner/.cargo/registry/src/index.crates.io-1949cf8c6b5b557f/llama-cpp-sys-2-0.1.129/llama.cpp/ggml/src/ggml-metal/ggml-metal-impl.h
build	Run clippy	2025-12-13T00:32:04.7352825Z   cargo:rerun-if-changed=/home/runner/.cargo/registry/src/index.crates.io-1949cf8c6b5b557f/llama-cpp-sys-2-0.1.129/llama.cpp/ggml/src/ggml-metal/ggml-metal-common.h
build	Run clippy	2025-12-13T00:32:04.7354527Z   cargo:rerun-if-changed=/home/runner/.cargo/registry/src/index.crates.io-1949cf8c6b5b557f/llama-cpp-sys-2-0.1.129/llama.cpp/ggml/src/ggml-metal/ggml-metal.metal
build	Run clippy	2025-12-13T00:32:04.7356210Z   cargo:rerun-if-changed=/home/runner/.cargo/registry/src/index.crates.io-1949cf8c6b5b557f/llama-cpp-sys-2-0.1.129/llama.cpp/ggml/src/ggml-metal/ggml-metal-device.h
build	Run clippy	2025-12-13T00:32:04.7357908Z   cargo:rerun-if-changed=/home/runner/.cargo/registry/src/index.crates.io-1949cf8c6b5b557f/llama-cpp-sys-2-0.1.129/llama.cpp/ggml/src/ggml-metal/ggml-metal-ops.cpp
build	Run clippy	2025-12-13T00:32:04.7359624Z   cargo:rerun-if-changed=/home/runner/.cargo/registry/src/index.crates.io-1949cf8c6b5b557f/llama-cpp-sys-2-0.1.129/llama.cpp/ggml/src/ggml-metal/ggml-metal-device.m
build	Run clippy	2025-12-13T00:32:04.7361500Z   cargo:rerun-if-changed=/home/runner/.cargo/registry/src/index.crates.io-1949cf8c6b5b557f/llama-cpp-sys-2-0.1.129/llama.cpp/ggml/src/ggml-metal/ggml-metal-common.cpp
build	Run clippy	2025-12-13T00:32:04.7363199Z   cargo:rerun-if-changed=/home/runner/.cargo/registry/src/index.crates.io-1949cf8c6b5b557f/llama-cpp-sys-2-0.1.129/llama.cpp/ggml/src/ggml-metal/CMakeLists.txt
build	Run clippy	2025-12-13T00:32:04.7365075Z   cargo:rerun-if-changed=/home/runner/.cargo/registry/src/index.crates.io-1949cf8c6b5b557f/llama-cpp-sys-2-0.1.129/llama.cpp/ggml/src/ggml-metal/ggml-metal.cpp
build	Run clippy	2025-12-13T00:32:04.7366749Z   cargo:rerun-if-changed=/home/runner/.cargo/registry/src/index.crates.io-1949cf8c6b5b557f/llama-cpp-sys-2-0.1.129/llama.cpp/ggml/src/ggml-metal/ggml-metal-context.h
build	Run clippy	2025-12-13T00:32:04.7368394Z   cargo:rerun-if-changed=/home/runner/.cargo/registry/src/index.crates.io-1949cf8c6b5b557f/llama-cpp-sys-2-0.1.129/llama.cpp/ggml/src/ggml-impl.h
build	Run clippy	2025-12-13T00:32:04.7369920Z   cargo:rerun-if-changed=/home/runner/.cargo/registry/src/index.crates.io-1949cf8c6b5b557f/llama-cpp-sys-2-0.1.129/llama.cpp/ggml/src/ggml.cpp
build	Run clippy	2025-12-13T00:32:04.7371577Z   cargo:rerun-if-changed=/home/runner/.cargo/registry/src/index.crates.io-1949cf8c6b5b557f/llama-cpp-sys-2-0.1.129/llama.cpp/CMakeLists.txt
build	Run clippy	2025-12-13T00:32:04.7373024Z   cargo:rerun-if-changed=/home/runner/.cargo/registry/src/index.crates.io-1949cf8c6b5b557f/llama-cpp-sys-2-0.1.129/llama.cpp/common
build	Run clippy	2025-12-13T00:32:04.7374500Z   cargo:rerun-if-changed=/home/runner/.cargo/registry/src/index.crates.io-1949cf8c6b5b557f/llama-cpp-sys-2-0.1.129/llama.cpp/common/json-partial.cpp
build	Run clippy	2025-12-13T00:32:04.7376001Z   cargo:rerun-if-changed=/home/runner/.cargo/registry/src/index.crates.io-1949cf8c6b5b557f/llama-cpp-sys-2-0.1.129/llama.cpp/common/http.h
build	Run clippy	2025-12-13T00:32:04.7377513Z   cargo:rerun-if-changed=/home/runner/.cargo/registry/src/index.crates.io-1949cf8c6b5b557f/llama-cpp-sys-2-0.1.129/llama.cpp/common/build-info.cpp.in
build	Run clippy	2025-12-13T00:32:04.7379059Z   cargo:rerun-if-changed=/home/runner/.cargo/registry/src/index.crates.io-1949cf8c6b5b557f/llama-cpp-sys-2-0.1.129/llama.cpp/common/json-partial.h
build	Run clippy	2025-12-13T00:32:04.7380549Z   cargo:rerun-if-changed=/home/runner/.cargo/registry/src/index.crates.io-1949cf8c6b5b557f/llama-cpp-sys-2-0.1.129/llama.cpp/common/arg.h
build	Run clippy	2025-12-13T00:32:04.7382416Z   cargo:rerun-if-changed=/home/runner/.cargo/registry/src/index.crates.io-1949cf8c6b5b557f/llama-cpp-sys-2-0.1.129/llama.cpp/common/sampling.cpp
build	Run clippy	2025-12-13T00:32:04.7383881Z   cargo:rerun-if-changed=/home/runner/.cargo/registry/src/index.crates.io-1949cf8c6b5b557f/llama-cpp-sys-2-0.1.129/llama.cpp/common/chat.h
build	Run clippy	2025-12-13T00:32:04.7385416Z   cargo:rerun-if-changed=/home/runner/.cargo/registry/src/index.crates.io-1949cf8c6b5b557f/llama-cpp-sys-2-0.1.129/llama.cpp/common/regex-partial.cpp
build	Run clippy	2025-12-13T00:32:04.7387029Z   cargo:rerun-if-changed=/home/runner/.cargo/registry/src/index.crates.io-1949cf8c6b5b557f/llama-cpp-sys-2-0.1.129/llama.cpp/common/json-schema-to-grammar.h
build	Run clippy	2025-12-13T00:32:04.7388692Z   cargo:rerun-if-changed=/home/runner/.cargo/registry/src/index.crates.io-1949cf8c6b5b557f/llama-cpp-sys-2-0.1.129/llama.cpp/common/chat-parser-xml-toolcall.h
build	Run clippy	2025-12-13T00:32:04.7390325Z   cargo:rerun-if-changed=/home/runner/.cargo/registry/src/index.crates.io-1949cf8c6b5b557f/llama-cpp-sys-2-0.1.129/llama.cpp/common/regex-partial.h
build	Run clippy	2025-12-13T00:32:04.7392106Z   cargo:rerun-if-changed=/home/runner/.cargo/registry/src/index.crates.io-1949cf8c6b5b557f/llama-cpp-sys-2-0.1.129/llama.cpp/common/chat-parser-xml-toolcall.cpp
build	Run clippy	2025-12-13T00:32:04.7393705Z   cargo:rerun-if-changed=/home/runner/.cargo/registry/src/index.crates.io-1949cf8c6b5b557f/llama-cpp-sys-2-0.1.129/llama.cpp/common/base64.hpp
build	Run clippy	2025-12-13T00:32:04.7395201Z   cargo:rerun-if-changed=/home/runner/.cargo/registry/src/index.crates.io-1949cf8c6b5b557f/llama-cpp-sys-2-0.1.129/llama.cpp/common/download.cpp
build	Run clippy	2025-12-13T00:32:04.7396681Z   cargo:rerun-if-changed=/home/runner/.cargo/registry/src/index.crates.io-1949cf8c6b5b557f/llama-cpp-sys-2-0.1.129/llama.cpp/common/sampling.h
build	Run clippy	2025-12-13T00:32:04.7398196Z   cargo:rerun-if-changed=/home/runner/.cargo/registry/src/index.crates.io-1949cf8c6b5b557f/llama-cpp-sys-2-0.1.129/llama.cpp/common/llguidance.cpp
build	Run clippy	2025-12-13T00:32:04.7399688Z   cargo:rerun-if-changed=/home/runner/.cargo/registry/src/index.crates.io-1949cf8c6b5b557f/llama-cpp-sys-2-0.1.129/llama.cpp/common/download.h
build	Run clippy	2025-12-13T00:32:04.7401607Z   cargo:rerun-if-changed=/home/runner/.cargo/registry/src/index.crates.io-1949cf8c6b5b557f/llama-cpp-sys-2-0.1.129/llama.cpp/common/arg.cpp
build	Run clippy	2025-12-13T00:32:04.7403103Z   cargo:rerun-if-changed=/home/runner/.cargo/registry/src/index.crates.io-1949cf8c6b5b557f/llama-cpp-sys-2-0.1.129/llama.cpp/common/common.h
build	Run clippy	2025-12-13T00:32:04.7404722Z   cargo:rerun-if-changed=/home/runner/.cargo/registry/src/index.crates.io-1949cf8c6b5b557f/llama-cpp-sys-2-0.1.129/llama.cpp/common/common.cpp
build	Run clippy	2025-12-13T00:32:04.7406243Z   cargo:rerun-if-changed=/home/runner/.cargo/registry/src/index.crates.io-1949cf8c6b5b557f/llama-cpp-sys-2-0.1.129/llama.cpp/common/ngram-cache.cpp
build	Run clippy	2025-12-13T00:32:04.7407746Z   cargo:rerun-if-changed=/home/runner/.cargo/registry/src/index.crates.io-1949cf8c6b5b557f/llama-cpp-sys-2-0.1.129/llama.cpp/common/log.h
build	Run clippy	2025-12-13T00:32:04.7409225Z   cargo:rerun-if-changed=/home/runner/.cargo/registry/src/index.crates.io-1949cf8c6b5b557f/llama-cpp-sys-2-0.1.129/llama.cpp/common/chat-parser.cpp
build	Run clippy	2025-12-13T00:32:04.7410772Z   cargo:rerun-if-changed=/home/runner/.cargo/registry/src/index.crates.io-1949cf8c6b5b557f/llama-cpp-sys-2-0.1.129/llama.cpp/common/CMakeLists.txt
build	Run clippy	2025-12-13T00:32:04.7413281Z   cargo:rerun-if-changed=/home/runner/.cargo/registry/src/index.crates.io-1949cf8c6b5b557f/llama-cpp-sys-2-0.1.129/llama.cpp/common/log.cpp
build	Run clippy	2025-12-13T00:32:04.7414808Z   cargo:rerun-if-changed=/home/runner/.cargo/registry/src/index.crates.io-1949cf8c6b5b557f/llama-cpp-sys-2-0.1.129/llama.cpp/common/chat-parser.h
build	Run clippy	2025-12-13T00:32:04.7416368Z   cargo:rerun-if-changed=/home/runner/.cargo/registry/src/index.crates.io-1949cf8c6b5b557f/llama-cpp-sys-2-0.1.129/llama.cpp/common/speculative.h
build	Run clippy	2025-12-13T00:32:04.7418032Z   cargo:rerun-if-changed=/home/runner/.cargo/registry/src/index.crates.io-1949cf8c6b5b557f/llama-cpp-sys-2-0.1.129/llama.cpp/common/json-schema-to-grammar.cpp
build	Run clippy	2025-12-13T00:32:04.7419684Z   cargo:rerun-if-changed=/home/runner/.cargo/registry/src/index.crates.io-1949cf8c6b5b557f/llama-cpp-sys-2-0.1.129/llama.cpp/common/ngram-cache.h
build	Run clippy	2025-12-13T00:32:04.7421661Z   cargo:rerun-if-changed=/home/runner/.cargo/registry/src/index.crates.io-1949cf8c6b5b557f/llama-cpp-sys-2-0.1.129/llama.cpp/common/speculative.cpp
build	Run clippy	2025-12-13T00:32:04.7423203Z   cargo:rerun-if-changed=/home/runner/.cargo/registry/src/index.crates.io-1949cf8c6b5b557f/llama-cpp-sys-2-0.1.129/llama.cpp/common/console.h
build	Run clippy	2025-12-13T00:32:04.7424725Z   cargo:rerun-if-changed=/home/runner/.cargo/registry/src/index.crates.io-1949cf8c6b5b557f/llama-cpp-sys-2-0.1.129/llama.cpp/common/console.cpp
build	Run clippy	2025-12-13T00:32:04.7426217Z   cargo:rerun-if-changed=/home/runner/.cargo/registry/src/index.crates.io-1949cf8c6b5b557f/llama-cpp-sys-2-0.1.129/llama.cpp/common/chat.cpp
build	Run clippy	2025-12-13T00:32:04.7427787Z   cargo:rerun-if-changed=/home/runner/.cargo/registry/src/index.crates.io-1949cf8c6b5b557f/llama-cpp-sys-2-0.1.129/llama.cpp/vendor/cpp-httplib/CMakeLists.txt
build	Run clippy	2025-12-13T00:32:04.7429259Z   cargo:rerun-if-changed=/home/runner/.cargo/registry/src/index.crates.io-1949cf8c6b5b557f/llama-cpp-sys-2-0.1.129/llama.cpp/src
build	Run clippy	2025-12-13T00:32:04.7430670Z   cargo:rerun-if-changed=/home/runner/.cargo/registry/src/index.crates.io-1949cf8c6b5b557f/llama-cpp-sys-2-0.1.129/llama.cpp/src/llama-adapter.h
build	Run clippy	2025-12-13T00:32:04.7432341Z   cargo:rerun-if-changed=/home/runner/.cargo/registry/src/index.crates.io-1949cf8c6b5b557f/llama-cpp-sys-2-0.1.129/llama.cpp/src/llama-grammar.cpp
build	Run clippy	2025-12-13T00:32:04.7433891Z   cargo:rerun-if-changed=/home/runner/.cargo/registry/src/index.crates.io-1949cf8c6b5b557f/llama-cpp-sys-2-0.1.129/llama.cpp/src/llama-kv-cache.cpp
build	Run clippy	2025-12-13T00:32:04.7435428Z   cargo:rerun-if-changed=/home/runner/.cargo/registry/src/index.crates.io-1949cf8c6b5b557f/llama-cpp-sys-2-0.1.129/llama.cpp/src/llama-kv-cache.h
build	Run clippy	2025-12-13T00:32:04.7437009Z   cargo:rerun-if-changed=/home/runner/.cargo/registry/src/index.crates.io-1949cf8c6b5b557f/llama-cpp-sys-2-0.1.129/llama.cpp/src/llama-context.cpp
build	Run clippy	2025-12-13T00:32:04.7438752Z   cargo:rerun-if-changed=/home/runner/.cargo/registry/src/index.crates.io-1949cf8c6b5b557f/llama-cpp-sys-2-0.1.129/llama.cpp/src/models
build	Run clippy	2025-12-13T00:32:04.7440216Z   cargo:rerun-if-changed=/home/runner/.cargo/registry/src/index.crates.io-1949cf8c6b5b557f/llama-cpp-sys-2-0.1.129/llama.cpp/src/models/stablelm.cpp
build	Run clippy	2025-12-13T00:32:04.7442000Z   cargo:rerun-if-changed=/home/runner/.cargo/registry/src/index.crates.io-1949cf8c6b5b557f/llama-cpp-sys-2-0.1.129/llama.cpp/src/models/cogvlm.cpp
build	Run clippy	2025-12-13T00:32:04.7443531Z   cargo:rerun-if-changed=/home/runner/.cargo/registry/src/index.crates.io-1949cf8c6b5b557f/llama-cpp-sys-2-0.1.129/llama.cpp/src/models/rwkv6-base.cpp
build	Run clippy	2025-12-13T00:32:04.7445081Z   cargo:rerun-if-changed=/home/runner/.cargo/registry/src/index.crates.io-1949cf8c6b5b557f/llama-cpp-sys-2-0.1.129/llama.cpp/src/models/falcon-h1.cpp
build	Run clippy	2025-12-13T00:32:04.7446661Z   cargo:rerun-if-changed=/home/runner/.cargo/registry/src/index.crates.io-1949cf8c6b5b557f/llama-cpp-sys-2-0.1.129/llama.cpp/src/models/gemma2-iswa.cpp
build	Run clippy	2025-12-13T00:32:04.7448247Z   cargo:rerun-if-changed=/home/runner/.cargo/registry/src/index.crates.io-1949cf8c6b5b557f/llama-cpp-sys-2-0.1.129/llama.cpp/src/models/qwen3vl-moe.cpp
build	Run clippy	2025-12-13T00:32:04.7449862Z   cargo:rerun-if-changed=/home/runner/.cargo/registry/src/index.crates.io-1949cf8c6b5b557f/llama-cpp-sys-2-0.1.129/llama.cpp/src/models/granite-hybrid.cpp
build	Run clippy	2025-12-13T00:32:04.7451609Z   cargo:rerun-if-changed=/home/runner/.cargo/registry/src/index.crates.io-1949cf8c6b5b557f/llama-cpp-sys-2-0.1.129/llama.cpp/src/models/openelm.cpp
build	Run clippy	2025-12-13T00:32:04.7453187Z   cargo:rerun-if-changed=/home/runner/.cargo/registry/src/index.crates.io-1949cf8c6b5b557f/llama-cpp-sys-2-0.1.129/llama.cpp/src/models/bailingmoe2.cpp
build	Run clippy	2025-12-13T00:32:04.7454776Z   cargo:rerun-if-changed=/home/runner/.cargo/registry/src/index.crates.io-1949cf8c6b5b557f/llama-cpp-sys-2-0.1.129/llama.cpp/src/models/minimax-m2.cpp
build	Run clippy	2025-12-13T00:32:04.7456334Z   cargo:rerun-if-changed=/home/runner/.cargo/registry/src/index.crates.io-1949cf8c6b5b557f/llama-cpp-sys-2-0.1.129/llama.cpp/src/models/baichuan.cpp
build	Run clippy	2025-12-13T00:32:04.7458150Z   cargo:rerun-if-changed=/home/runner/.cargo/registry/src/index.crates.io-1949cf8c6b5b557f/llama-cpp-sys-2-0.1.129/llama.cpp/src/models/hunyuan-moe.cpp
build	Run clippy	2025-12-13T00:32:04.7459721Z   cargo:rerun-if-changed=/home/runner/.cargo/registry/src/index.crates.io-1949cf8c6b5b557f/llama-cpp-sys-2-0.1.129/llama.cpp/src/models/qwen3moe.cpp
build	Run clippy	2025-12-13T00:32:04.7461448Z   cargo:rerun-if-changed=/home/runner/.cargo/registry/src/index.crates.io-1949cf8c6b5b557f/llama-cpp-sys-2-0.1.129/llama.cpp/src/models/rwkv6qwen2.cpp
build	Run clippy	2025-12-13T00:32:04.7463109Z   cargo:rerun-if-changed=/home/runner/.cargo/registry/src/index.crates.io-1949cf8c6b5b557f/llama-cpp-sys-2-0.1.129/llama.cpp/src/models/gemma-embedding.cpp
build	Run clippy	2025-12-13T00:32:04.7464769Z   cargo:rerun-if-changed=/home/runner/.cargo/registry/src/index.crates.io-1949cf8c6b5b557f/llama-cpp-sys-2-0.1.129/llama.cpp/src/models/pangu-embedded.cpp
build	Run clippy	2025-12-13T00:32:04.7466361Z   cargo:rerun-if-changed=/home/runner/.cargo/registry/src/index.crates.io-1949cf8c6b5b557f/llama-cpp-sys-2-0.1.129/llama.cpp/src/models/ernie4-5.cpp
build	Run clippy	2025-12-13T00:32:04.7467953Z   cargo:rerun-if-changed=/home/runner/.cargo/registry/src/index.crates.io-1949cf8c6b5b557f/llama-cpp-sys-2-0.1.129/llama.cpp/src/models/internlm2.cpp
build	Run clippy	2025-12-13T00:32:04.7469503Z   cargo:rerun-if-changed=/home/runner/.cargo/registry/src/index.crates.io-1949cf8c6b5b557f/llama-cpp-sys-2-0.1.129/llama.cpp/src/models/rwkv6.cpp
build	Run clippy	2025-12-13T00:32:04.7471202Z   cargo:rerun-if-changed=/home/runner/.cargo/registry/src/index.crates.io-1949cf8c6b5b557f/llama-cpp-sys-2-0.1.129/llama.cpp/src/models/bitnet.cpp
build	Run clippy	2025-12-13T00:32:04.7472829Z   cargo:rerun-if-changed=/home/runner/.cargo/registry/src/index.crates.io-1949cf8c6b5b557f/llama-cpp-sys-2-0.1.129/llama.cpp/src/models/wavtokenizer-dec.cpp
build	Run clippy	2025-12-13T00:32:04.7474418Z   cargo:rerun-if-changed=/home/runner/.cargo/registry/src/index.crates.io-1949cf8c6b5b557f/llama-cpp-sys-2-0.1.129/llama.cpp/src/models/xverse.cpp
build	Run clippy	2025-12-13T00:32:04.7476222Z   cargo:rerun-if-changed=/home/runner/.cargo/registry/src/index.crates.io-1949cf8c6b5b557f/llama-cpp-sys-2-0.1.129/llama.cpp/src/models/nemotron.cpp
build	Run clippy	2025-12-13T00:32:04.7477813Z   cargo:rerun-if-changed=/home/runner/.cargo/registry/src/index.crates.io-1949cf8c6b5b557f/llama-cpp-sys-2-0.1.129/llama.cpp/src/models/rwkv7-base.cpp
build	Run clippy	2025-12-13T00:32:04.7479358Z   cargo:rerun-if-changed=/home/runner/.cargo/registry/src/index.crates.io-1949cf8c6b5b557f/llama-cpp-sys-2-0.1.129/llama.cpp/src/models/deci.cpp
build	Run clippy	2025-12-13T00:32:04.7481065Z   cargo:rerun-if-changed=/home/runner/.cargo/registry/src/index.crates.io-1949cf8c6b5b557f/llama-cpp-sys-2-0.1.129/llama.cpp/src/models/jamba.cpp
build	Run clippy	2025-12-13T00:32:04.7482675Z   cargo:rerun-if-changed=/home/runner/.cargo/registry/src/index.crates.io-1949cf8c6b5b557f/llama-cpp-sys-2-0.1.129/llama.cpp/src/models/bert.cpp
build	Run clippy	2025-12-13T00:32:04.7484227Z   cargo:rerun-if-changed=/home/runner/.cargo/registry/src/index.crates.io-1949cf8c6b5b557f/llama-cpp-sys-2-0.1.129/llama.cpp/src/models/cohere2-iswa.cpp
build	Run clippy	2025-12-13T00:32:04.7485797Z   cargo:rerun-if-changed=/home/runner/.cargo/registry/src/index.crates.io-1949cf8c6b5b557f/llama-cpp-sys-2-0.1.129/llama.cpp/src/models/t5-enc.cpp
build	Run clippy	2025-12-13T00:32:04.7487320Z   cargo:rerun-if-changed=/home/runner/.cargo/registry/src/index.crates.io-1949cf8c6b5b557f/llama-cpp-sys-2-0.1.129/llama.cpp/src/models/rwkv7.cpp
build	Run clippy	2025-12-13T00:32:04.7488880Z   cargo:rerun-if-changed=/home/runner/.cargo/registry/src/index.crates.io-1949cf8c6b5b557f/llama-cpp-sys-2-0.1.129/llama.cpp/src/models/arcee.cpp
build	Run clippy	2025-12-13T00:32:04.7490384Z   cargo:rerun-if-changed=/home/runner/.cargo/registry/src/index.crates.io-1949cf8c6b5b557f/llama-cpp-sys-2-0.1.129/llama.cpp/src/models/llada.cpp
build	Run clippy	2025-12-13T00:32:04.7492105Z   cargo:rerun-if-changed=/home/runner/.cargo/registry/src/index.crates.io-1949cf8c6b5b557f/llama-cpp-sys-2-0.1.129/llama.cpp/src/models/arctic.cpp
build	Run clippy	2025-12-13T00:32:04.7493636Z   cargo:rerun-if-changed=/home/runner/.cargo/registry/src/index.crates.io-1949cf8c6b5b557f/llama-cpp-sys-2-0.1.129/llama.cpp/src/models/qwen.cpp
build	Run clippy	2025-12-13T00:32:04.7495411Z   cargo:rerun-if-changed=/home/runner/.cargo/registry/src/index.crates.io-1949cf8c6b5b557f/llama-cpp-sys-2-0.1.129/llama.cpp/src/models/jais.cpp
build	Run clippy	2025-12-13T00:32:04.7496949Z   cargo:rerun-if-changed=/home/runner/.cargo/registry/src/index.crates.io-1949cf8c6b5b557f/llama-cpp-sys-2-0.1.129/llama.cpp/src/models/gemma.cpp
build	Run clippy	2025-12-13T00:32:04.7498508Z   cargo:rerun-if-changed=/home/runner/.cargo/registry/src/index.crates.io-1949cf8c6b5b557f/llama-cpp-sys-2-0.1.129/llama.cpp/src/models/qwen3vl.cpp
build	Run clippy	2025-12-13T00:32:04.7500058Z   cargo:rerun-if-changed=/home/runner/.cargo/registry/src/index.crates.io-1949cf8c6b5b557f/llama-cpp-sys-2-0.1.129/llama.cpp/src/models/gptneox.cpp
build	Run clippy	2025-12-13T00:32:04.7501757Z   cargo:rerun-if-changed=/home/runner/.cargo/registry/src/index.crates.io-1949cf8c6b5b557f/llama-cpp-sys-2-0.1.129/llama.cpp/src/models/gpt2.cpp
build	Run clippy	2025-12-13T00:32:04.7503308Z   cargo:rerun-if-changed=/home/runner/.cargo/registry/src/index.crates.io-1949cf8c6b5b557f/llama-cpp-sys-2-0.1.129/llama.cpp/src/models/bailingmoe.cpp
build	Run clippy	2025-12-13T00:32:04.7504873Z   cargo:rerun-if-changed=/home/runner/.cargo/registry/src/index.crates.io-1949cf8c6b5b557f/llama-cpp-sys-2-0.1.129/llama.cpp/src/models/phi2.cpp
build	Run clippy	2025-12-13T00:32:04.7506426Z   cargo:rerun-if-changed=/home/runner/.cargo/registry/src/index.crates.io-1949cf8c6b5b557f/llama-cpp-sys-2-0.1.129/llama.cpp/src/models/gemma3-iswa.cpp
build	Run clippy	2025-12-13T00:32:04.7507984Z   cargo:rerun-if-changed=/home/runner/.cargo/registry/src/index.crates.io-1949cf8c6b5b557f/llama-cpp-sys-2-0.1.129/llama.cpp/src/models/falcon.cpp
build	Run clippy	2025-12-13T00:32:04.7509507Z   cargo:rerun-if-changed=/home/runner/.cargo/registry/src/index.crates.io-1949cf8c6b5b557f/llama-cpp-sys-2-0.1.129/llama.cpp/src/models/exaone.cpp
build	Run clippy	2025-12-13T00:32:04.7511195Z   cargo:rerun-if-changed=/home/runner/.cargo/registry/src/index.crates.io-1949cf8c6b5b557f/llama-cpp-sys-2-0.1.129/llama.cpp/src/models/arwkv7.cpp
build	Run clippy	2025-12-13T00:32:04.7512764Z   cargo:rerun-if-changed=/home/runner/.cargo/registry/src/index.crates.io-1949cf8c6b5b557f/llama-cpp-sys-2-0.1.129/llama.cpp/src/models/mpt.cpp
build	Run clippy	2025-12-13T00:32:04.7514520Z   cargo:rerun-if-changed=/home/runner/.cargo/registry/src/index.crates.io-1949cf8c6b5b557f/llama-cpp-sys-2-0.1.129/llama.cpp/src/models/apertus.cpp
build	Run clippy	2025-12-13T00:32:04.7516034Z   cargo:rerun-if-changed=/home/runner/.cargo/registry/src/index.crates.io-1949cf8c6b5b557f/llama-cpp-sys-2-0.1.129/llama.cpp/src/models/plm.cpp
build	Run clippy	2025-12-13T00:32:04.7517549Z   cargo:rerun-if-changed=/home/runner/.cargo/registry/src/index.crates.io-1949cf8c6b5b557f/llama-cpp-sys-2-0.1.129/llama.cpp/src/models/nemotron-h.cpp
build	Run clippy	2025-12-13T00:32:04.7519164Z   cargo:rerun-if-changed=/home/runner/.cargo/registry/src/index.crates.io-1949cf8c6b5b557f/llama-cpp-sys-2-0.1.129/llama.cpp/src/models/deepseek2.cpp
build	Run clippy	2025-12-13T00:32:04.7520706Z   cargo:rerun-if-changed=/home/runner/.cargo/registry/src/index.crates.io-1949cf8c6b5b557f/llama-cpp-sys-2-0.1.129/llama.cpp/src/models/qwen3.cpp
build	Run clippy	2025-12-13T00:32:04.7522454Z   cargo:rerun-if-changed=/home/runner/.cargo/registry/src/index.crates.io-1949cf8c6b5b557f/llama-cpp-sys-2-0.1.129/llama.cpp/src/models/starcoder2.cpp
build	Run clippy	2025-12-13T00:32:04.7524062Z   cargo:rerun-if-changed=/home/runner/.cargo/registry/src/index.crates.io-1949cf8c6b5b557f/llama-cpp-sys-2-0.1.129/llama.cpp/src/models/openai-moe-iswa.cpp
build	Run clippy	2025-12-13T00:32:04.7525619Z   cargo:rerun-if-changed=/home/runner/.cargo/registry/src/index.crates.io-1949cf8c6b5b557f/llama-cpp-sys-2-0.1.129/llama.cpp/src/models/models.h
build	Run clippy	2025-12-13T00:32:04.7527130Z   cargo:rerun-if-changed=/home/runner/.cargo/registry/src/index.crates.io-1949cf8c6b5b557f/llama-cpp-sys-2-0.1.129/llama.cpp/src/models/neo-bert.cpp
build	Run clippy	2025-12-13T00:32:04.7528706Z   cargo:rerun-if-changed=/home/runner/.cargo/registry/src/index.crates.io-1949cf8c6b5b557f/llama-cpp-sys-2-0.1.129/llama.cpp/src/models/grovemoe.cpp
build	Run clippy	2025-12-13T00:32:04.7530271Z   cargo:rerun-if-changed=/home/runner/.cargo/registry/src/index.crates.io-1949cf8c6b5b557f/llama-cpp-sys-2-0.1.129/llama.cpp/src/models/qwen2moe.cpp
build	Run clippy	2025-12-13T00:32:04.7532186Z   cargo:rerun-if-changed=/home/runner/.cargo/registry/src/index.crates.io-1949cf8c6b5b557f/llama-cpp-sys-2-0.1.129/llama.cpp/src/models/olmoe.cpp
build	Run clippy	2025-12-13T00:32:04.7533731Z   cargo:rerun-if-changed=/home/runner/.cargo/registry/src/index.crates.io-1949cf8c6b5b557f/llama-cpp-sys-2-0.1.129/llama.cpp/src/models/mamba.cpp
build	Run clippy	2025-12-13T00:32:04.7535268Z   cargo:rerun-if-changed=/home/runner/.cargo/registry/src/index.crates.io-1949cf8c6b5b557f/llama-cpp-sys-2-0.1.129/llama.cpp/src/models/glm4.cpp
build	Run clippy	2025-12-13T00:32:04.7536815Z   cargo:rerun-if-changed=/home/runner/.cargo/registry/src/index.crates.io-1949cf8c6b5b557f/llama-cpp-sys-2-0.1.129/llama.cpp/src/models/chameleon.cpp
build	Run clippy	2025-12-13T00:32:04.7538409Z   cargo:rerun-if-changed=/home/runner/.cargo/registry/src/index.crates.io-1949cf8c6b5b557f/llama-cpp-sys-2-0.1.129/llama.cpp/src/models/qwen2vl.cpp
build	Run clippy	2025-12-13T00:32:04.7539955Z   cargo:rerun-if-changed=/home/runner/.cargo/registry/src/index.crates.io-1949cf8c6b5b557f/llama-cpp-sys-2-0.1.129/llama.cpp/src/models/dream.cpp
build	Run clippy	2025-12-13T00:32:04.7541676Z   cargo:rerun-if-changed=/home/runner/.cargo/registry/src/index.crates.io-1949cf8c6b5b557f/llama-cpp-sys-2-0.1.129/llama.cpp/src/models/lfm2.cpp
build	Run clippy	2025-12-13T00:32:04.7543228Z   cargo:rerun-if-changed=/home/runner/.cargo/registry/src/index.crates.io-1949cf8c6b5b557f/llama-cpp-sys-2-0.1.129/llama.cpp/src/models/codeshell.cpp
build	Run clippy	2025-12-13T00:32:04.7544764Z   cargo:rerun-if-changed=/home/runner/.cargo/registry/src/index.crates.io-1949cf8c6b5b557f/llama-cpp-sys-2-0.1.129/llama.cpp/src/models/refact.cpp
build	Run clippy	2025-12-13T00:32:04.7546317Z   cargo:rerun-if-changed=/home/runner/.cargo/registry/src/index.crates.io-1949cf8c6b5b557f/llama-cpp-sys-2-0.1.129/llama.cpp/src/models/granite.cpp
build	Run clippy	2025-12-13T00:32:04.7547880Z   cargo:rerun-if-changed=/home/runner/.cargo/registry/src/index.crates.io-1949cf8c6b5b557f/llama-cpp-sys-2-0.1.129/llama.cpp/src/models/glm4-moe.cpp
build	Run clippy	2025-12-13T00:32:04.7549490Z   cargo:rerun-if-changed=/home/runner/.cargo/registry/src/index.crates.io-1949cf8c6b5b557f/llama-cpp-sys-2-0.1.129/llama.cpp/src/models/gemma3n-iswa.cpp
build	Run clippy	2025-12-13T00:32:04.7551484Z   cargo:rerun-if-changed=/home/runner/.cargo/registry/src/index.crates.io-1949cf8c6b5b557f/llama-cpp-sys-2-0.1.129/llama.cpp/src/models/afmoe.cpp
build	Run clippy	2025-12-13T00:32:04.7553028Z   cargo:rerun-if-changed=/home/runner/.cargo/registry/src/index.crates.io-1949cf8c6b5b557f/llama-cpp-sys-2-0.1.129/llama.cpp/src/models/olmo.cpp
build	Run clippy	2025-12-13T00:32:04.7554591Z   cargo:rerun-if-changed=/home/runner/.cargo/registry/src/index.crates.io-1949cf8c6b5b557f/llama-cpp-sys-2-0.1.129/llama.cpp/src/models/llada-moe.cpp
build	Run clippy	2025-12-13T00:32:04.7556110Z   cargo:rerun-if-changed=/home/runner/.cargo/registry/src/index.crates.io-1949cf8c6b5b557f/llama-cpp-sys-2-0.1.129/llama.cpp/src/models/qwen2.cpp
build	Run clippy	2025-12-13T00:32:04.7557597Z   cargo:rerun-if-changed=/home/runner/.cargo/registry/src/index.crates.io-1949cf8c6b5b557f/llama-cpp-sys-2-0.1.129/llama.cpp/src/models/phi3.cpp
build	Run clippy	2025-12-13T00:32:04.7559175Z   cargo:rerun-if-changed=/home/runner/.cargo/registry/src/index.crates.io-1949cf8c6b5b557f/llama-cpp-sys-2-0.1.129/llama.cpp/src/models/chatglm.cpp
build	Run clippy	2025-12-13T00:32:04.7560715Z   cargo:rerun-if-changed=/home/runner/.cargo/registry/src/index.crates.io-1949cf8c6b5b557f/llama-cpp-sys-2-0.1.129/llama.cpp/src/models/command-r.cpp
build	Run clippy	2025-12-13T00:32:04.7562445Z   cargo:rerun-if-changed=/home/runner/.cargo/registry/src/index.crates.io-1949cf8c6b5b557f/llama-cpp-sys-2-0.1.129/llama.cpp/src/models/dbrx.cpp
build	Run clippy	2025-12-13T00:32:04.7564019Z   cargo:rerun-if-changed=/home/runner/.cargo/registry/src/index.crates.io-1949cf8c6b5b557f/llama-cpp-sys-2-0.1.129/llama.cpp/src/models/hunyuan-dense.cpp
build	Run clippy	2025-12-13T00:32:04.7565557Z   cargo:rerun-if-changed=/home/runner/.cargo/registry/src/index.crates.io-1949cf8c6b5b557f/llama-cpp-sys-2-0.1.129/llama.cpp/src/models/plamo2.cpp
build	Run clippy	2025-12-13T00:32:04.7567126Z   cargo:rerun-if-changed=/home/runner/.cargo/registry/src/index.crates.io-1949cf8c6b5b557f/llama-cpp-sys-2-0.1.129/llama.cpp/src/models/smollm3.cpp
build	Run clippy	2025-12-13T00:32:04.7568968Z   cargo:rerun-if-changed=/home/runner/.cargo/registry/src/index.crates.io-1949cf8c6b5b557f/llama-cpp-sys-2-0.1.129/llama.cpp/src/models/seed-oss.cpp
build	Run clippy	2025-12-13T00:32:04.7570532Z   cargo:rerun-if-changed=/home/runner/.cargo/registry/src/index.crates.io-1949cf8c6b5b557f/llama-cpp-sys-2-0.1.129/llama.cpp/src/models/smallthinker.cpp
build	Run clippy	2025-12-13T00:32:04.7572378Z   cargo:rerun-if-changed=/home/runner/.cargo/registry/src/index.crates.io-1949cf8c6b5b557f/llama-cpp-sys-2-0.1.129/llama.cpp/src/models/graph-context-mamba.cpp
build	Run clippy	2025-12-13T00:32:04.7574018Z   cargo:rerun-if-changed=/home/runner/.cargo/registry/src/index.crates.io-1949cf8c6b5b557f/llama-cpp-sys-2-0.1.129/llama.cpp/src/models/grok.cpp
build	Run clippy	2025-12-13T00:32:04.7575551Z   cargo:rerun-if-changed=/home/runner/.cargo/registry/src/index.crates.io-1949cf8c6b5b557f/llama-cpp-sys-2-0.1.129/llama.cpp/src/models/bloom.cpp
build	Run clippy	2025-12-13T00:32:04.7577112Z   cargo:rerun-if-changed=/home/runner/.cargo/registry/src/index.crates.io-1949cf8c6b5b557f/llama-cpp-sys-2-0.1.129/llama.cpp/src/models/ernie4-5-moe.cpp
build	Run clippy	2025-12-13T00:32:04.7578636Z   cargo:rerun-if-changed=/home/runner/.cargo/registry/src/index.crates.io-1949cf8c6b5b557f/llama-cpp-sys-2-0.1.129/llama.cpp/src/models/minicpm3.cpp
build	Run clippy	2025-12-13T00:32:04.7580161Z   cargo:rerun-if-changed=/home/runner/.cargo/registry/src/index.crates.io-1949cf8c6b5b557f/llama-cpp-sys-2-0.1.129/llama.cpp/src/models/dots1.cpp
build	Run clippy	2025-12-13T00:32:04.7581861Z   cargo:rerun-if-changed=/home/runner/.cargo/registry/src/index.crates.io-1949cf8c6b5b557f/llama-cpp-sys-2-0.1.129/llama.cpp/src/models/olmo2.cpp
build	Run clippy	2025-12-13T00:32:04.7583362Z   cargo:rerun-if-changed=/home/runner/.cargo/registry/src/index.crates.io-1949cf8c6b5b557f/llama-cpp-sys-2-0.1.129/llama.cpp/src/models/t5-dec.cpp
build	Run clippy	2025-12-13T00:32:04.7584886Z   cargo:rerun-if-changed=/home/runner/.cargo/registry/src/index.crates.io-1949cf8c6b5b557f/llama-cpp-sys-2-0.1.129/llama.cpp/src/models/llama-iswa.cpp
build	Run clippy	2025-12-13T00:32:04.7586402Z   cargo:rerun-if-changed=/home/runner/.cargo/registry/src/index.crates.io-1949cf8c6b5b557f/llama-cpp-sys-2-0.1.129/llama.cpp/src/models/llama.cpp
build	Run clippy	2025-12-13T00:32:04.7588266Z   cargo:rerun-if-changed=/home/runner/.cargo/registry/src/index.crates.io-1949cf8c6b5b557f/llama-cpp-sys-2-0.1.129/llama.cpp/src/models/starcoder.cpp
build	Run clippy	2025-12-13T00:32:04.7589778Z   cargo:rerun-if-changed=/home/runner/.cargo/registry/src/index.crates.io-1949cf8c6b5b557f/llama-cpp-sys-2-0.1.129/llama.cpp/src/models/deepseek.cpp
build	Run clippy	2025-12-13T00:32:04.7591461Z   cargo:rerun-if-changed=/home/runner/.cargo/registry/src/index.crates.io-1949cf8c6b5b557f/llama-cpp-sys-2-0.1.129/llama.cpp/src/models/orion.cpp
build	Run clippy	2025-12-13T00:32:04.7592987Z   cargo:rerun-if-changed=/home/runner/.cargo/registry/src/index.crates.io-1949cf8c6b5b557f/llama-cpp-sys-2-0.1.129/llama.cpp/src/models/exaone4.cpp
build	Run clippy	2025-12-13T00:32:04.7594518Z   cargo:rerun-if-changed=/home/runner/.cargo/registry/src/index.crates.io-1949cf8c6b5b557f/llama-cpp-sys-2-0.1.129/llama.cpp/src/models/plamo.cpp
build	Run clippy	2025-12-13T00:32:04.7595995Z   cargo:rerun-if-changed=/home/runner/.cargo/registry/src/index.crates.io-1949cf8c6b5b557f/llama-cpp-sys-2-0.1.129/llama.cpp/src/llama-model.h
build	Run clippy	2025-12-13T00:32:04.7597464Z   cargo:rerun-if-changed=/home/runner/.cargo/registry/src/index.crates.io-1949cf8c6b5b557f/llama-cpp-sys-2-0.1.129/llama.cpp/src/llama-vocab.h
build	Run clippy	2025-12-13T00:32:04.7598984Z   cargo:rerun-if-changed=/home/runner/.cargo/registry/src/index.crates.io-1949cf8c6b5b557f/llama-cpp-sys-2-0.1.129/llama.cpp/src/llama-memory-hybrid.cpp
build	Run clippy	2025-12-13T00:32:04.7600515Z   cargo:rerun-if-changed=/home/runner/.cargo/registry/src/index.crates.io-1949cf8c6b5b557f/llama-cpp-sys-2-0.1.129/llama.cpp/src/unicode-data.cpp
build	Run clippy	2025-12-13T00:32:04.7602193Z   cargo:rerun-if-changed=/home/runner/.cargo/registry/src/index.crates.io-1949cf8c6b5b557f/llama-cpp-sys-2-0.1.129/llama.cpp/src/llama-cparams.cpp
build	Run clippy	2025-12-13T00:32:04.7603683Z   cargo:rerun-if-changed=/home/runner/.cargo/registry/src/index.crates.io-1949cf8c6b5b557f/llama-cpp-sys-2-0.1.129/llama.cpp/src/llama-mmap.h
build	Run clippy	2025-12-13T00:32:04.7605397Z   cargo:rerun-if-changed=/home/runner/.cargo/registry/src/index.crates.io-1949cf8c6b5b557f/llama-cpp-sys-2-0.1.129/llama.cpp/src/llama-adapter.cpp
build	Run clippy	2025-12-13T00:32:04.7606918Z   cargo:rerun-if-changed=/home/runner/.cargo/registry/src/index.crates.io-1949cf8c6b5b557f/llama-cpp-sys-2-0.1.129/llama.cpp/src/llama-model-loader.cpp
build	Run clippy	2025-12-13T00:32:04.7608526Z   cargo:rerun-if-changed=/home/runner/.cargo/registry/src/index.crates.io-1949cf8c6b5b557f/llama-cpp-sys-2-0.1.129/llama.cpp/src/llama-io.cpp
build	Run clippy	2025-12-13T00:32:04.7610008Z   cargo:rerun-if-changed=/home/runner/.cargo/registry/src/index.crates.io-1949cf8c6b5b557f/llama-cpp-sys-2-0.1.129/llama.cpp/src/llama-graph.h
build	Run clippy	2025-12-13T00:32:04.7611649Z   cargo:rerun-if-changed=/home/runner/.cargo/registry/src/index.crates.io-1949cf8c6b5b557f/llama-cpp-sys-2-0.1.129/llama.cpp/src/unicode.h
build	Run clippy	2025-12-13T00:32:04.7613144Z   cargo:rerun-if-changed=/home/runner/.cargo/registry/src/index.crates.io-1949cf8c6b5b557f/llama-cpp-sys-2-0.1.129/llama.cpp/src/llama-kv-cells.h
build	Run clippy	2025-12-13T00:32:04.7614663Z   cargo:rerun-if-changed=/home/runner/.cargo/registry/src/index.crates.io-1949cf8c6b5b557f/llama-cpp-sys-2-0.1.129/llama.cpp/src/llama-arch.cpp
build	Run clippy	2025-12-13T00:32:04.7616154Z   cargo:rerun-if-changed=/home/runner/.cargo/registry/src/index.crates.io-1949cf8c6b5b557f/llama-cpp-sys-2-0.1.129/llama.cpp/src/llama-memory.cpp
build	Run clippy	2025-12-13T00:32:04.7617661Z   cargo:rerun-if-changed=/home/runner/.cargo/registry/src/index.crates.io-1949cf8c6b5b557f/llama-cpp-sys-2-0.1.129/llama.cpp/src/llama-model-saver.h
build	Run clippy	2025-12-13T00:32:04.7619235Z   cargo:rerun-if-changed=/home/runner/.cargo/registry/src/index.crates.io-1949cf8c6b5b557f/llama-cpp-sys-2-0.1.129/llama.cpp/src/llama-vocab.cpp
build	Run clippy	2025-12-13T00:32:04.7620711Z   cargo:rerun-if-changed=/home/runner/.cargo/registry/src/index.crates.io-1949cf8c6b5b557f/llama-cpp-sys-2-0.1.129/llama.cpp/src/llama-chat.h
build	Run clippy	2025-12-13T00:32:04.7622357Z   cargo:rerun-if-changed=/home/runner/.cargo/registry/src/index.crates.io-1949cf8c6b5b557f/llama-cpp-sys-2-0.1.129/llama.cpp/src/llama-batch.h
build	Run clippy	2025-12-13T00:32:04.7624169Z   cargo:rerun-if-changed=/home/runner/.cargo/registry/src/index.crates.io-1949cf8c6b5b557f/llama-cpp-sys-2-0.1.129/llama.cpp/src/llama-memory-recurrent.cpp
build	Run clippy	2025-12-13T00:32:04.7625712Z   cargo:rerun-if-changed=/home/runner/.cargo/registry/src/index.crates.io-1949cf8c6b5b557f/llama-cpp-sys-2-0.1.129/llama.cpp/src/llama-memory.h
build	Run clippy	2025-12-13T00:32:04.7627210Z   cargo:rerun-if-changed=/home/runner/.cargo/registry/src/index.crates.io-1949cf8c6b5b557f/llama-cpp-sys-2-0.1.129/llama.cpp/src/llama-hparams.h
build	Run clippy	2025-12-13T00:32:04.7628679Z   cargo:rerun-if-changed=/home/runner/.cargo/registry/src/index.crates.io-1949cf8c6b5b557f/llama-cpp-sys-2-0.1.129/llama.cpp/src/unicode.cpp
build	Run clippy	2025-12-13T00:32:04.7630131Z   cargo:rerun-if-changed=/home/runner/.cargo/registry/src/index.crates.io-1949cf8c6b5b557f/llama-cpp-sys-2-0.1.129/llama.cpp/src/llama-impl.h
build	Run clippy	2025-12-13T00:32:04.7631793Z   cargo:rerun-if-changed=/home/runner/.cargo/registry/src/index.crates.io-1949cf8c6b5b557f/llama-cpp-sys-2-0.1.129/llama.cpp/src/CMakeLists.txt
build	Run clippy	2025-12-13T00:32:04.7633349Z   cargo:rerun-if-changed=/home/runner/.cargo/registry/src/index.crates.io-1949cf8c6b5b557f/llama-cpp-sys-2-0.1.129/llama.cpp/src/llama-kv-cache-iswa.cpp
build	Run clippy	2025-12-13T00:32:04.7634873Z   cargo:rerun-if-changed=/home/runner/.cargo/registry/src/index.crates.io-1949cf8c6b5b557f/llama-cpp-sys-2-0.1.129/llama.cpp/src/llama-quant.h
build	Run clippy	2025-12-13T00:32:04.7636382Z   cargo:rerun-if-changed=/home/runner/.cargo/registry/src/index.crates.io-1949cf8c6b5b557f/llama-cpp-sys-2-0.1.129/llama.cpp/src/llama-kv-cache-iswa.h
build	Run clippy	2025-12-13T00:32:04.7637873Z   cargo:rerun-if-changed=/home/runner/.cargo/registry/src/index.crates.io-1949cf8c6b5b557f/llama-cpp-sys-2-0.1.129/llama.cpp/src/llama-arch.h
build	Run clippy	2025-12-13T00:32:04.7639354Z   cargo:rerun-if-changed=/home/runner/.cargo/registry/src/index.crates.io-1949cf8c6b5b557f/llama-cpp-sys-2-0.1.129/llama.cpp/src/llama-chat.cpp
build	Run clippy	2025-12-13T00:32:04.7641016Z   cargo:rerun-if-changed=/home/runner/.cargo/registry/src/index.crates.io-1949cf8c6b5b557f/llama-cpp-sys-2-0.1.129/llama.cpp/src/llama-sampling.cpp
build	Run clippy	2025-12-13T00:32:04.7642795Z   cargo:rerun-if-changed=/home/runner/.cargo/registry/src/index.crates.io-1949cf8c6b5b557f/llama-cpp-sys-2-0.1.129/llama.cpp/src/llama-io.h
build	Run clippy	2025-12-13T00:32:04.7644291Z   cargo:rerun-if-changed=/home/runner/.cargo/registry/src/index.crates.io-1949cf8c6b5b557f/llama-cpp-sys-2-0.1.129/llama.cpp/src/llama-hparams.cpp
build	Run clippy	2025-12-13T00:32:04.7645816Z   cargo:rerun-if-changed=/home/runner/.cargo/registry/src/index.crates.io-1949cf8c6b5b557f/llama-cpp-sys-2-0.1.129/llama.cpp/src/llama-impl.cpp
build	Run clippy	2025-12-13T00:32:04.7647309Z   cargo:rerun-if-changed=/home/runner/.cargo/registry/src/index.crates.io-1949cf8c6b5b557f/llama-cpp-sys-2-0.1.129/llama.cpp/src/llama-sampling.h
build	Run clippy	2025-12-13T00:32:04.7648851Z   cargo:rerun-if-changed=/home/runner/.cargo/registry/src/index.crates.io-1949cf8c6b5b557f/llama-cpp-sys-2-0.1.129/llama.cpp/src/llama-model-loader.h
build	Run clippy	2025-12-13T00:32:04.7650365Z   cargo:rerun-if-changed=/home/runner/.cargo/registry/src/index.crates.io-1949cf8c6b5b557f/llama-cpp-sys-2-0.1.129/llama.cpp/src/llama-quant.cpp
build	Run clippy	2025-12-13T00:32:04.7652018Z   cargo:rerun-if-changed=/home/runner/.cargo/registry/src/index.crates.io-1949cf8c6b5b557f/llama-cpp-sys-2-0.1.129/llama.cpp/src/unicode-data.h
build	Run clippy	2025-12-13T00:32:04.7653533Z   cargo:rerun-if-changed=/home/runner/.cargo/registry/src/index.crates.io-1949cf8c6b5b557f/llama-cpp-sys-2-0.1.129/llama.cpp/src/llama-batch.cpp
build	Run clippy	2025-12-13T00:32:04.7655084Z   cargo:rerun-if-changed=/home/runner/.cargo/registry/src/index.crates.io-1949cf8c6b5b557f/llama-cpp-sys-2-0.1.129/llama.cpp/src/llama-memory-recurrent.h
build	Run clippy	2025-12-13T00:32:04.7656669Z   cargo:rerun-if-changed=/home/runner/.cargo/registry/src/index.crates.io-1949cf8c6b5b557f/llama-cpp-sys-2-0.1.129/llama.cpp/src/llama-model-saver.cpp
build	Run clippy	2025-12-13T00:32:04.7658201Z   cargo:rerun-if-changed=/home/runner/.cargo/registry/src/index.crates.io-1949cf8c6b5b557f/llama-cpp-sys-2-0.1.129/llama.cpp/src/llama-mmap.cpp
build	Run clippy	2025-12-13T00:32:04.7659712Z   cargo:rerun-if-changed=/home/runner/.cargo/registry/src/index.crates.io-1949cf8c6b5b557f/llama-cpp-sys-2-0.1.129/llama.cpp/src/llama-grammar.h
build	Run clippy	2025-12-13T00:32:04.7661603Z   cargo:rerun-if-changed=/home/runner/.cargo/registry/src/index.crates.io-1949cf8c6b5b557f/llama-cpp-sys-2-0.1.129/llama.cpp/src/llama-graph.cpp
build	Run clippy	2025-12-13T00:32:04.7663103Z   cargo:rerun-if-changed=/home/runner/.cargo/registry/src/index.crates.io-1949cf8c6b5b557f/llama-cpp-sys-2-0.1.129/llama.cpp/src/llama-cparams.h
build	Run clippy	2025-12-13T00:32:04.7664593Z   cargo:rerun-if-changed=/home/runner/.cargo/registry/src/index.crates.io-1949cf8c6b5b557f/llama-cpp-sys-2-0.1.129/llama.cpp/src/llama-context.h
build	Run clippy	2025-12-13T00:32:04.7666077Z   cargo:rerun-if-changed=/home/runner/.cargo/registry/src/index.crates.io-1949cf8c6b5b557f/llama-cpp-sys-2-0.1.129/llama.cpp/src/llama-model.cpp
build	Run clippy	2025-12-13T00:32:04.7667534Z   cargo:rerun-if-changed=/home/runner/.cargo/registry/src/index.crates.io-1949cf8c6b5b557f/llama-cpp-sys-2-0.1.129/llama.cpp/src/llama.cpp
build	Run clippy	2025-12-13T00:32:04.7669053Z   cargo:rerun-if-changed=/home/runner/.cargo/registry/src/index.crates.io-1949cf8c6b5b557f/llama-cpp-sys-2-0.1.129/llama.cpp/src/llama-memory-hybrid.h
build	Run clippy	2025-12-13T00:32:04.7670055Z   cargo:rerun-if-env-changed=TARGET
build	Run clippy	2025-12-13T00:32:04.7670619Z   cargo:rerun-if-env-changed=BINDGEN_EXTRA_CLANG_ARGS_x86_64-unknown-linux-gnu
build	Run clippy	2025-12-13T00:32:04.7671531Z   cargo:rerun-if-env-changed=BINDGEN_EXTRA_CLANG_ARGS_x86_64_unknown_linux_gnu
build	Run clippy	2025-12-13T00:32:04.7672162Z   cargo:rerun-if-env-changed=BINDGEN_EXTRA_CLANG_ARGS
build	Run clippy	2025-12-13T00:32:04.7672620Z   cargo:rerun-if-changed=wrapper.h
build	Run clippy	2025-12-13T00:32:04.7673046Z   cargo:rerun-if-changed=./llama.cpp/include/llama.h
build	Run clippy	2025-12-13T00:32:04.7674055Z   cargo:rerun-if-changed=/home/runner/.cargo/registry/src/index.crates.io-1949cf8c6b5b557f/llama-cpp-sys-2-0.1.129/llama.cpp/ggml/include/ggml.h
build	Run clippy	2025-12-13T00:32:04.7675158Z   cargo:rerun-if-changed=/usr/lib/llvm-18/lib/clang/18/include/stdbool.h
build	Run clippy	2025-12-13T00:32:04.7675826Z   cargo:rerun-if-changed=/usr/lib/llvm-18/lib/clang/18/include/stddef.h
build	Run clippy	2025-12-13T00:32:04.7676769Z   cargo:rerun-if-changed=/usr/lib/llvm-18/lib/clang/18/include/__stddef_ptrdiff_t.h
build	Run clippy	2025-12-13T00:32:04.7677532Z   cargo:rerun-if-changed=/usr/lib/llvm-18/lib/clang/18/include/__stddef_size_t.h
build	Run clippy	2025-12-13T00:32:04.7678283Z   cargo:rerun-if-changed=/usr/lib/llvm-18/lib/clang/18/include/__stddef_wchar_t.h
build	Run clippy	2025-12-13T00:32:04.7679008Z   cargo:rerun-if-changed=/usr/lib/llvm-18/lib/clang/18/include/__stddef_null.h
build	Run clippy	2025-12-13T00:32:04.7679775Z   cargo:rerun-if-changed=/usr/lib/llvm-18/lib/clang/18/include/__stddef_max_align_t.h
build	Run clippy	2025-12-13T00:32:04.7680552Z   cargo:rerun-if-changed=/usr/lib/llvm-18/lib/clang/18/include/__stddef_offsetof.h
build	Run clippy	2025-12-13T00:32:04.7681432Z   cargo:rerun-if-changed=/usr/lib/llvm-18/lib/clang/18/include/stdint.h
build	Run clippy	2025-12-13T00:32:04.7682002Z   cargo:rerun-if-changed=/usr/include/stdint.h
build	Run clippy	2025-12-13T00:32:04.7682571Z   cargo:rerun-if-changed=/usr/include/x86_64-linux-gnu/bits/libc-header-start.h
build	Run clippy	2025-12-13T00:32:04.7683186Z   cargo:rerun-if-changed=/usr/include/features.h
build	Run clippy	2025-12-13T00:32:04.7683692Z   cargo:rerun-if-changed=/usr/include/features-time64.h
build	Run clippy	2025-12-13T00:32:04.7684267Z   cargo:rerun-if-changed=/usr/include/x86_64-linux-gnu/bits/wordsize.h
build	Run clippy	2025-12-13T00:32:04.7684906Z   cargo:rerun-if-changed=/usr/include/x86_64-linux-gnu/bits/timesize.h
build	Run clippy	2025-12-13T00:32:04.7685538Z   cargo:rerun-if-changed=/usr/include/x86_64-linux-gnu/bits/wordsize.h
build	Run clippy	2025-12-13T00:32:04.7686108Z   cargo:rerun-if-changed=/usr/include/stdc-predef.h
build	Run clippy	2025-12-13T00:32:04.7686652Z   cargo:rerun-if-changed=/usr/include/x86_64-linux-gnu/sys/cdefs.h
build	Run clippy	2025-12-13T00:32:04.7687277Z   cargo:rerun-if-changed=/usr/include/x86_64-linux-gnu/bits/wordsize.h
build	Run clippy	2025-12-13T00:32:04.7687930Z   cargo:rerun-if-changed=/usr/include/x86_64-linux-gnu/bits/long-double.h
build	Run clippy	2025-12-13T00:32:04.7688571Z   cargo:rerun-if-changed=/usr/include/x86_64-linux-gnu/gnu/stubs.h
build	Run clippy	2025-12-13T00:32:04.7689179Z   cargo:rerun-if-changed=/usr/include/x86_64-linux-gnu/gnu/stubs-64.h
build	Run clippy	2025-12-13T00:32:04.7689788Z   cargo:rerun-if-changed=/usr/include/x86_64-linux-gnu/bits/types.h
build	Run clippy	2025-12-13T00:32:04.7690591Z   cargo:rerun-if-changed=/usr/include/features.h
build	Run clippy	2025-12-13T00:32:04.7691301Z   cargo:rerun-if-changed=/usr/include/x86_64-linux-gnu/bits/wordsize.h
build	Run clippy	2025-12-13T00:32:04.7691962Z   cargo:rerun-if-changed=/usr/include/x86_64-linux-gnu/bits/timesize.h
build	Run clippy	2025-12-13T00:32:04.7692594Z   cargo:rerun-if-changed=/usr/include/x86_64-linux-gnu/bits/wordsize.h
build	Run clippy	2025-12-13T00:32:04.7693247Z   cargo:rerun-if-changed=/usr/include/x86_64-linux-gnu/bits/typesizes.h
build	Run clippy	2025-12-13T00:32:04.7693887Z   cargo:rerun-if-changed=/usr/include/x86_64-linux-gnu/bits/time64.h
build	Run clippy	2025-12-13T00:32:04.7694499Z   cargo:rerun-if-changed=/usr/include/x86_64-linux-gnu/bits/wchar.h
build	Run clippy	2025-12-13T00:32:04.7695126Z   cargo:rerun-if-changed=/usr/include/x86_64-linux-gnu/bits/wordsize.h
build	Run clippy	2025-12-13T00:32:04.7695790Z   cargo:rerun-if-changed=/usr/include/x86_64-linux-gnu/bits/stdint-intn.h
build	Run clippy	2025-12-13T00:32:04.7696440Z   cargo:rerun-if-changed=/usr/include/x86_64-linux-gnu/bits/types.h
build	Run clippy	2025-12-13T00:32:04.7710303Z   cargo:rerun-if-changed=/usr/include/x86_64-linux-gnu/bits/stdint-uintn.h
build	Run clippy	2025-12-13T00:32:04.7711243Z   cargo:rerun-if-changed=/usr/include/x86_64-linux-gnu/bits/types.h
build	Run clippy	2025-12-13T00:32:04.7711931Z   cargo:rerun-if-changed=/usr/include/x86_64-linux-gnu/bits/stdint-least.h
build	Run clippy	2025-12-13T00:32:04.7712595Z   cargo:rerun-if-changed=/usr/include/x86_64-linux-gnu/bits/types.h
build	Run clippy	2025-12-13T00:32:04.7713118Z   cargo:rerun-if-changed=/usr/include/stdio.h
build	Run clippy	2025-12-13T00:32:04.7713721Z   cargo:rerun-if-changed=/usr/include/x86_64-linux-gnu/bits/libc-header-start.h
build	Run clippy	2025-12-13T00:32:04.7714325Z   cargo:rerun-if-changed=/usr/include/features.h
build	Run clippy	2025-12-13T00:32:04.7714893Z   cargo:rerun-if-changed=/usr/lib/llvm-18/lib/clang/18/include/stddef.h
build	Run clippy	2025-12-13T00:32:04.7715638Z   cargo:rerun-if-changed=/usr/lib/llvm-18/lib/clang/18/include/__stddef_size_t.h
build	Run clippy	2025-12-13T00:32:04.7716374Z   cargo:rerun-if-changed=/usr/lib/llvm-18/lib/clang/18/include/__stddef_null.h
build	Run clippy	2025-12-13T00:32:04.7717107Z   cargo:rerun-if-changed=/usr/lib/llvm-18/lib/clang/18/include/stdarg.h
build	Run clippy	2025-12-13T00:32:04.7718165Z   cargo:rerun-if-changed=/usr/lib/llvm-18/lib/clang/18/include/__stdarg___gnuc_va_list.h
build	Run clippy	2025-12-13T00:32:04.7718920Z   cargo:rerun-if-changed=/usr/include/x86_64-linux-gnu/bits/types.h
build	Run clippy	2025-12-13T00:32:04.7719588Z   cargo:rerun-if-changed=/usr/include/x86_64-linux-gnu/bits/types/__fpos_t.h
build	Run clippy	2025-12-13T00:32:04.7720280Z   cargo:rerun-if-changed=/usr/include/x86_64-linux-gnu/bits/types.h
build	Run clippy	2025-12-13T00:32:04.7721193Z   cargo:rerun-if-changed=/usr/include/x86_64-linux-gnu/bits/types/__mbstate_t.h
build	Run clippy	2025-12-13T00:32:04.7721960Z   cargo:rerun-if-changed=/usr/include/x86_64-linux-gnu/bits/types/__fpos64_t.h
build	Run clippy	2025-12-13T00:32:04.7722684Z   cargo:rerun-if-changed=/usr/include/x86_64-linux-gnu/bits/types.h
build	Run clippy	2025-12-13T00:32:04.7723364Z   cargo:rerun-if-changed=/usr/include/x86_64-linux-gnu/bits/types/__mbstate_t.h
build	Run clippy	2025-12-13T00:32:04.7724111Z   cargo:rerun-if-changed=/usr/include/x86_64-linux-gnu/bits/types/__FILE.h
build	Run clippy	2025-12-13T00:32:04.7724816Z   cargo:rerun-if-changed=/usr/include/x86_64-linux-gnu/bits/types/FILE.h
build	Run clippy	2025-12-13T00:32:04.7725544Z   cargo:rerun-if-changed=/usr/include/x86_64-linux-gnu/bits/types/struct_FILE.h
build	Run clippy	2025-12-13T00:32:04.7726238Z   cargo:rerun-if-changed=/usr/include/x86_64-linux-gnu/bits/types.h
build	Run clippy	2025-12-13T00:32:04.7726988Z   cargo:rerun-if-changed=/usr/include/x86_64-linux-gnu/bits/types/cookie_io_functions_t.h
build	Run clippy	2025-12-13T00:32:04.7727727Z   cargo:rerun-if-changed=/usr/include/x86_64-linux-gnu/bits/types.h
build	Run clippy	2025-12-13T00:32:04.7728351Z   cargo:rerun-if-changed=/usr/include/x86_64-linux-gnu/bits/stdio_lim.h
build	Run clippy	2025-12-13T00:32:04.7728988Z   cargo:rerun-if-changed=/usr/include/x86_64-linux-gnu/bits/floatn.h
build	Run clippy	2025-12-13T00:32:04.7729526Z   cargo:rerun-if-changed=/usr/include/features.h
build	Run clippy	2025-12-13T00:32:04.7730113Z   cargo:rerun-if-changed=/usr/include/x86_64-linux-gnu/bits/floatn-common.h
build	Run clippy	2025-12-13T00:32:04.7731748Z   cargo:rerun-if-changed=/usr/include/features.h
build	Run clippy	2025-12-13T00:32:04.7732378Z   cargo:rerun-if-changed=/usr/include/x86_64-linux-gnu/bits/long-double.h
build	Run clippy	2025-12-13T00:32:04.7733786Z   cargo:rerun-if-changed=/home/runner/.cargo/registry/src/index.crates.io-1949cf8c6b5b557f/llama-cpp-sys-2-0.1.129/llama.cpp/ggml/include/ggml-cpu.h
build	Run clippy	2025-12-13T00:32:04.7735375Z   cargo:rerun-if-changed=/home/runner/.cargo/registry/src/index.crates.io-1949cf8c6b5b557f/llama-cpp-sys-2-0.1.129/llama.cpp/ggml/include/ggml.h
build	Run clippy	2025-12-13T00:32:04.7736942Z   cargo:rerun-if-changed=/home/runner/.cargo/registry/src/index.crates.io-1949cf8c6b5b557f/llama-cpp-sys-2-0.1.129/llama.cpp/ggml/include/ggml-backend.h
build	Run clippy	2025-12-13T00:32:04.7738514Z   cargo:rerun-if-changed=/home/runner/.cargo/registry/src/index.crates.io-1949cf8c6b5b557f/llama-cpp-sys-2-0.1.129/llama.cpp/ggml/include/ggml.h
build	Run clippy	2025-12-13T00:32:04.7740044Z   cargo:rerun-if-changed=/home/runner/.cargo/registry/src/index.crates.io-1949cf8c6b5b557f/llama-cpp-sys-2-0.1.129/llama.cpp/ggml/include/ggml-alloc.h
build	Run clippy	2025-12-13T00:32:04.7746949Z   cargo:rerun-if-changed=/home/runner/.cargo/registry/src/index.crates.io-1949cf8c6b5b557f/llama-cpp-sys-2-0.1.129/llama.cpp/ggml/include/ggml.h
build	Run clippy	2025-12-13T00:32:04.7748596Z   cargo:rerun-if-changed=/home/runner/.cargo/registry/src/index.crates.io-1949cf8c6b5b557f/llama-cpp-sys-2-0.1.129/llama.cpp/ggml/include/ggml-backend.h
build	Run clippy	2025-12-13T00:32:04.7750195Z   cargo:rerun-if-changed=/home/runner/.cargo/registry/src/index.crates.io-1949cf8c6b5b557f/llama-cpp-sys-2-0.1.129/llama.cpp/ggml/include/ggml-opt.h
build	Run clippy	2025-12-13T00:32:04.7751934Z   cargo:rerun-if-changed=/home/runner/.cargo/registry/src/index.crates.io-1949cf8c6b5b557f/llama-cpp-sys-2-0.1.129/llama.cpp/ggml/include/ggml.h
build	Run clippy	2025-12-13T00:32:04.7753477Z   cargo:rerun-if-changed=/home/runner/.cargo/registry/src/index.crates.io-1949cf8c6b5b557f/llama-cpp-sys-2-0.1.129/llama.cpp/ggml/include/ggml-backend.h
build	Run clippy	2025-12-13T00:32:04.7754648Z   cargo:rerun-if-changed=/usr/lib/llvm-18/lib/clang/18/include/stdint.h
build	Run clippy	2025-12-13T00:32:04.7755329Z   cargo:rerun-if-changed=/usr/lib/llvm-18/lib/clang/18/include/stddef.h
build	Run clippy	2025-12-13T00:32:04.7756238Z   cargo:rerun-if-changed=/usr/lib/llvm-18/lib/clang/18/include/stdint.h
build	Run clippy	2025-12-13T00:32:04.7756805Z   cargo:rerun-if-changed=/usr/include/stdio.h
build	Run clippy	2025-12-13T00:32:04.7757343Z   cargo:rerun-if-changed=/usr/lib/llvm-18/lib/clang/18/include/stdbool.h
build	Run clippy	2025-12-13T00:32:04.7757890Z   cargo:rerun-if-changed=wrapper.h
build	Run clippy	2025-12-13T00:32:04.7758282Z   cargo:rerun-if-changed=wrapper_mtmd.h
build	Run clippy	2025-12-13T00:32:04.7758673Z   cargo:rustc-link-lib=vulkan
build	Run clippy	2025-12-13T00:32:04.7759088Z   CMAKE_TOOLCHAIN_FILE_x86_64-unknown-linux-gnu = None
build	Run clippy	2025-12-13T00:32:04.7759588Z   CMAKE_TOOLCHAIN_FILE_x86_64_unknown_linux_gnu = None
build	Run clippy	2025-12-13T00:32:04.7760042Z   HOST_CMAKE_TOOLCHAIN_FILE = None
build	Run clippy	2025-12-13T00:32:04.7760404Z   CMAKE_TOOLCHAIN_FILE = None
build	Run clippy	2025-12-13T00:32:04.7760778Z   CMAKE_GENERATOR_x86_64-unknown-linux-gnu = None
build	Run clippy	2025-12-13T00:32:04.7761402Z   CMAKE_GENERATOR_x86_64_unknown_linux_gnu = None
build	Run clippy	2025-12-13T00:32:04.7761844Z   HOST_CMAKE_GENERATOR = None
build	Run clippy	2025-12-13T00:32:04.7762197Z   CMAKE_GENERATOR = None
build	Run clippy	2025-12-13T00:32:04.7762594Z   CMAKE_PREFIX_PATH_x86_64-unknown-linux-gnu = None
build	Run clippy	2025-12-13T00:32:04.7763075Z   CMAKE_PREFIX_PATH_x86_64_unknown_linux_gnu = None
build	Run clippy	2025-12-13T00:32:04.7763490Z   HOST_CMAKE_PREFIX_PATH = None
build	Run clippy	2025-12-13T00:32:04.7763849Z   CMAKE_PREFIX_PATH = None
build	Run clippy	2025-12-13T00:32:04.7764178Z   CMAKE_x86_64-unknown-linux-gnu = None
build	Run clippy	2025-12-13T00:32:04.7764565Z   CMAKE_x86_64_unknown_linux_gnu = None
build	Run clippy	2025-12-13T00:32:04.7764916Z   HOST_CMAKE = None
build	Run clippy	2025-12-13T00:32:04.7765190Z   CMAKE = None
build	Run clippy	2025-12-13T00:32:04.7770137Z   running: cd "/home/runner/work/ghostpad/ghostpad/target/debug/build/llama-cpp-sys-2-09a7dcf671a91f3a/out/build" && CMAKE_PREFIX_PATH="" LC_ALL="C" "cmake" "/home/runner/.cargo/registry/src/index.crates.io-1949cf8c6b5b557f/llama-cpp-sys-2-0.1.129/llama.cpp" "-DLLAMA_BUILD_TESTS=OFF" "-DLLAMA_BUILD_EXAMPLES=OFF" "-DLLAMA_BUILD_SERVER=OFF" "-DLLAMA_BUILD_TOOLS=OFF" "-DLLAMA_CURL=OFF" "-DCMAKE_BUILD_PARALLEL_LEVEL=4" "-DGGML_NATIVE=OFF" "-DBUILD_SHARED_LIBS=OFF" "-DGGML_VULKAN=ON" "-DGGML_OPENMP=ON" "-DCMAKE_INSTALL_PREFIX=/home/runner/work/ghostpad/ghostpad/target/debug/build/llama-cpp-sys-2-09a7dcf671a91f3a/out" "-DCMAKE_C_FLAGS= -ffunction-sections -fdata-sections -fPIC -m64" "-DCMAKE_C_COMPILER=/usr/bin/cc" "-DCMAKE_CXX_FLAGS= -ffunction-sections -fdata-sections -fPIC -m64" "-DCMAKE_CXX_COMPILER=/usr/bin/c++" "-DCMAKE_ASM_FLAGS= -ffunction-sections -fdata-sections -fPIC -m64" "-DCMAKE_ASM_COMPILER=/usr/bin/cc" "-DCMAKE_BUILD_TYPE=Release"
build	Run clippy	2025-12-13T00:32:04.7776797Z   -- The C compiler identification is GNU 13.3.0
build	Run clippy	2025-12-13T00:32:04.7777294Z   -- The CXX compiler identification is GNU 13.3.0
build	Run clippy	2025-12-13T00:32:04.7777748Z   -- Detecting C compiler ABI info
build	Run clippy	2025-12-13T00:32:04.7778137Z   -- Detecting C compiler ABI info - done
build	Run clippy	2025-12-13T00:32:04.7778594Z   -- Check for working C compiler: /usr/bin/cc - skipped
build	Run clippy	2025-12-13T00:32:04.7779057Z   -- Detecting C compile features
build	Run clippy	2025-12-13T00:32:04.7779431Z   -- Detecting C compile features - done
build	Run clippy	2025-12-13T00:32:04.7779829Z   -- Detecting CXX compiler ABI info
build	Run clippy	2025-12-13T00:32:04.7780235Z   -- Detecting CXX compiler ABI info - done
build	Run clippy	2025-12-13T00:32:04.7780712Z   -- Check for working CXX compiler: /usr/bin/c++ - skipped
build	Run clippy	2025-12-13T00:32:04.7781475Z   -- Detecting CXX compile features
build	Run clippy	2025-12-13T00:32:04.7781890Z   -- Detecting CXX compile features - done
build	Run clippy	2025-12-13T00:32:04.7782344Z   -- Found Git: /usr/bin/git (found version "2.52.0")
build	Run clippy	2025-12-13T00:32:04.7782790Z   -- The ASM compiler identification is GNU
build	Run clippy	2025-12-13T00:32:04.7783213Z   -- Found assembler: /usr/bin/cc
build	Run clippy	2025-12-13T00:32:04.7783594Z   -- Performing Test CMAKE_HAVE_LIBC_PTHREAD
build	Run clippy	2025-12-13T00:32:04.7784066Z   -- Performing Test CMAKE_HAVE_LIBC_PTHREAD - Success
build	Run clippy	2025-12-13T00:32:04.7784508Z   -- Found Threads: TRUE
build	Run clippy	2025-12-13T00:32:04.7785243Z   -- Warning: ccache not found - consider installing it for faster compilation or disable this warning with GGML_CCACHE=OFF
build	Run clippy	2025-12-13T00:32:04.7786054Z   -- CMAKE_SYSTEM_PROCESSOR: x86_64
build	Run clippy	2025-12-13T00:32:04.7786415Z   -- GGML_SYSTEM_ARCH: x86
build	Run clippy	2025-12-13T00:32:04.7787008Z   -- Including CPU backend
build	Run clippy	2025-12-13T00:32:04.7787389Z   -- Found OpenMP_C: -fopenmp (found version "4.5")
build	Run clippy	2025-12-13T00:32:04.7787882Z   -- Found OpenMP_CXX: -fopenmp (found version "4.5")
build	Run clippy	2025-12-13T00:32:04.7788335Z   -- Found OpenMP: TRUE (found version "4.5")
build	Run clippy	2025-12-13T00:32:04.7788721Z   -- x86 detected
build	Run clippy	2025-12-13T00:32:04.7789463Z   -- Adding CPU backend variant ggml-cpu: -msse4.2;-mf16c;-mfma;-mbmi2;-mavx;-mavx2 GGML_SSE42;GGML_F16C;GGML_FMA;GGML_BMI2;GGML_AVX;GGML_AVX2
build	Run clippy	2025-12-13T00:32:04.7790329Z   -- Configuring incomplete, errors occurred!
build	Run clippy	2025-12-13T00:32:04.7790625Z 
build	Run clippy	2025-12-13T00:32:04.7790738Z   --- stderr
build	Run clippy	2025-12-13T00:32:04.7791193Z   CMAKE_BUILD_TYPE=Release
build	Run clippy	2025-12-13T00:32:04.7791666Z   fatal: not a git repository (or any of the parent directories): .git
build	Run clippy	2025-12-13T00:32:04.7792300Z   fatal: not a git repository (or any of the parent directories): .git
build	Run clippy	2025-12-13T00:32:04.7793159Z   CMake Error at /usr/local/share/cmake-3.31/Modules/FindPackageHandleStandardArgs.cmake:233 (message):
build	Run clippy	2025-12-13T00:32:04.7794014Z     Could NOT find Vulkan (missing: glslc) (found version "1.3.275")
build	Run clippy	2025-12-13T00:32:04.7794527Z   Call Stack (most recent call first):
build	Run clippy	2025-12-13T00:32:04.7795272Z     /usr/local/share/cmake-3.31/Modules/FindPackageHandleStandardArgs.cmake:603 (_FPHSA_FAILURE_MESSAGE)
build	Run clippy	2025-12-13T00:32:04.7796281Z     /usr/local/share/cmake-3.31/Modules/FindVulkan.cmake:595 (find_package_handle_standard_args)
build	Run clippy	2025-12-13T00:32:04.7797039Z     ggml/src/ggml-vulkan/CMakeLists.txt:9 (find_package)
build	Run clippy	2025-12-13T00:32:04.7797377Z 
build	Run clippy	2025-12-13T00:32:04.7797386Z 
build	Run clippy	2025-12-13T00:32:04.7797391Z 
build	Run clippy	2025-12-13T00:32:04.7797967Z   thread 'main' (6343) panicked at /home/runner/.cargo/registry/src/index.crates.io-1949cf8c6b5b557f/cmake-0.1.54/src/lib.rs:1119:5:
build	Run clippy	2025-12-13T00:32:04.7798692Z 
build	Run clippy	2025-12-13T00:32:04.7798907Z   command did not execute successfully, got: exit status: 1
build	Run clippy	2025-12-13T00:32:04.7799261Z 
build	Run clippy	2025-12-13T00:32:04.7799404Z   build script failed, must exit now
build	Run clippy	2025-12-13T00:32:04.7800212Z   note: run with `RUST_BACKTRACE=1` environment variable to display a backtrace
build	Run clippy	2025-12-13T00:32:04.7801408Z [1m[33mwarning[0m: build failed, waiting for other jobs to finish...
build	Run clippy	2025-12-13T00:32:15.2634347Z ##[error]Process completed with exit code 101.
build	Build	﻿2025-12-13T00:32:15.2674228Z ##[group]Run cargo build --release
build	Build	2025-12-13T00:32:15.2674523Z [36;1mcargo build --release[0m
build	Build	2025-12-13T00:32:15.2706246Z shell: /usr/bin/bash -e {0}
build	Build	2025-12-13T00:32:15.2706462Z env:
build	Build	2025-12-13T00:32:15.2706621Z   CARGO_TERM_COLOR: always
build	Build	2025-12-13T00:32:15.2706840Z   CARGO_HOME: /home/runner/.cargo
build	Build	2025-12-13T00:32:15.2707056Z   CARGO_INCREMENTAL: 0
build	Build	2025-12-13T00:32:15.2707243Z ##[endgroup]
build	Build	2025-12-13T00:32:15.4726258Z [1m[92m   Compiling[0m winnow v0.7.14
build	Build	2025-12-13T00:32:15.4726891Z [1m[92m   Compiling[0m toml_datetime v0.7.3
build	Build	2025-12-13T00:32:15.4727508Z [1m[92m   Compiling[0m target-lexicon v0.13.3
build	Build	2025-12-13T00:32:15.4728069Z [1m[92m   Compiling[0m heck v0.5.0
build	Build	2025-12-13T00:32:15.6230787Z [1m[92m   Compiling[0m proc-macro2 v1.0.103
build	Build	2025-12-13T00:32:15.6314947Z [1m[92m   Compiling[0m unicode-ident v1.0.22
build	Build	2025-12-13T00:32:15.6898516Z [1m[92m   Compiling[0m smallvec v1.15.1
build	Build	2025-12-13T00:32:15.8577057Z [1m[92m   Compiling[0m serde_spanned v1.0.3
build	Build	2025-12-13T00:32:15.9145665Z [1m[92m   Compiling[0m quote v1.0.42
build	Build	2025-12-13T00:32:16.0634771Z [1m[92m   Compiling[0m cfg-expr v0.20.4
build	Build	2025-12-13T00:32:16.1042613Z [1m[92m   Compiling[0m pkg-config v0.3.32
build	Build	2025-12-13T00:32:16.5082313Z [1m[92m   Compiling[0m version-compare v0.2.1
build	Build	2025-12-13T00:32:16.5909068Z [1m[92m   Compiling[0m libc v0.2.178
build	Build	2025-12-13T00:32:16.6675320Z [1m[92m   Compiling[0m memchr v2.7.6
build	Build	2025-12-13T00:32:16.7761541Z [1m[92m   Compiling[0m syn v2.0.111
build	Build	2025-12-13T00:32:17.2830553Z [1m[92m   Compiling[0m toml_parser v1.0.4
build	Build	2025-12-13T00:32:17.8679292Z [1m[92m   Compiling[0m toml v0.9.8
build	Build	2025-12-13T00:32:17.8684036Z [1m[92m   Compiling[0m equivalent v1.0.2
build	Build	2025-12-13T00:32:17.9012260Z [1m[92m   Compiling[0m hashbrown v0.16.1
build	Build	2025-12-13T00:32:18.1362514Z [1m[92m   Compiling[0m system-deps v7.0.7
build	Build	2025-12-13T00:32:18.3681372Z [1m[92m   Compiling[0m pin-project-lite v0.2.16
build	Build	2025-12-13T00:32:18.4429087Z [1m[92m   Compiling[0m indexmap v2.12.1
build	Build	2025-12-13T00:32:18.9075455Z [1m[92m   Compiling[0m glib-sys v0.21.5
build	Build	2025-12-13T00:32:19.1017934Z [1m[92m   Compiling[0m gobject-sys v0.21.5
build	Build	2025-12-13T00:32:19.2205218Z [1m[92m   Compiling[0m gio-sys v0.21.5
build	Build	2025-12-13T00:32:19.3377441Z [1m[92m   Compiling[0m toml_edit v0.23.9
build	Build	2025-12-13T00:32:20.0895163Z [1m[92m   Compiling[0m proc-macro-crate v3.4.0
build	Build	2025-12-13T00:32:20.3536530Z [1m[92m   Compiling[0m futures-core v0.3.31
build	Build	2025-12-13T00:32:20.4367082Z [1m[92m   Compiling[0m slab v0.4.11
build	Build	2025-12-13T00:32:20.5028442Z [1m[92m   Compiling[0m pin-utils v0.1.0
build	Build	2025-12-13T00:32:20.5348018Z [1m[92m   Compiling[0m futures-task v0.3.31
build	Build	2025-12-13T00:32:20.5753981Z [1m[92m   Compiling[0m synstructure v0.13.2
build	Build	2025-12-13T00:32:20.6462070Z [1m[92m   Compiling[0m shlex v1.3.0
build	Build	2025-12-13T00:32:20.7633553Z [1m[92m   Compiling[0m stable_deref_trait v1.2.1
build	Build	2025-12-13T00:32:20.7955492Z [1m[92m   Compiling[0m futures-channel v0.3.31
build	Build	2025-12-13T00:32:20.9810261Z [1m[92m   Compiling[0m jobserver v0.1.34
build	Build	2025-12-13T00:32:21.0757785Z [1m[92m   Compiling[0m cairo-sys-rs v0.21.5
build	Build	2025-12-13T00:32:21.1901402Z [1m[92m   Compiling[0m gdk-pixbuf-sys v0.21.5
build	Build	2025-12-13T00:32:21.2619233Z [1m[92m   Compiling[0m pango-sys v0.21.5
build	Build	2025-12-13T00:32:21.3047728Z [1m[92m   Compiling[0m find-msvc-tools v0.1.5
build	Build	2025-12-13T00:32:21.3767336Z [1m[92m   Compiling[0m bitflags v2.10.0
build	Build	2025-12-13T00:32:21.4643197Z [1m[92m   Compiling[0m cc v1.2.49
build	Build	2025-12-13T00:32:22.2250566Z [1m[92m   Compiling[0m zerofrom-derive v0.1.6
build	Build	2025-12-13T00:32:22.6630832Z [1m[92m   Compiling[0m futures-macro v0.3.31
build	Build	2025-12-13T00:32:22.9600416Z [1m[92m   Compiling[0m yoke-derive v0.8.1
build	Build	2025-12-13T00:32:23.2630652Z [1m[92m   Compiling[0m zerofrom v0.1.6
build	Build	2025-12-13T00:32:23.2812179Z [1m[92m   Compiling[0m futures-util v0.3.31
build	Build	2025-12-13T00:32:23.3415979Z [1m[92m   Compiling[0m zerovec-derive v0.11.2
build	Build	2025-12-13T00:32:23.6264171Z [1m[92m   Compiling[0m glib-macros v0.21.5
build	Build	2025-12-13T00:32:23.7888835Z [1m[92m   Compiling[0m yoke v0.8.1
build	Build	2025-12-13T00:32:23.9303280Z [1m[92m   Compiling[0m displaydoc v0.2.5
build	Build	2025-12-13T00:32:24.2928991Z [1m[92m   Compiling[0m zerovec v0.11.5
build	Build	2025-12-13T00:32:24.4482245Z [1m[92m   Compiling[0m gdk4-sys v0.10.3
build	Build	2025-12-13T00:32:24.5722307Z [1m[92m   Compiling[0m graphene-sys v0.21.5
build	Build	2025-12-13T00:32:24.7206216Z [1m[92m   Compiling[0m cfg-if v1.0.4
build	Build	2025-12-13T00:32:24.7517933Z [1m[92m   Compiling[0m glob v0.3.3
build	Build	2025-12-13T00:32:24.8814776Z [1m[92m   Compiling[0m serde_core v1.0.228
build	Build	2025-12-13T00:32:25.2664213Z [1m[92m   Compiling[0m futures-executor v0.3.31
build	Build	2025-12-13T00:32:25.4165102Z [1m[92m   Compiling[0m gsk4-sys v0.10.3
build	Build	2025-12-13T00:32:25.5250344Z [1m[92m   Compiling[0m gtk4-sys v0.10.3
build	Build	2025-12-13T00:32:25.6388494Z [1m[92m   Compiling[0m futures-io v0.3.31
build	Build	2025-12-13T00:32:25.7594438Z [1m[92m   Compiling[0m clang-sys v1.8.1
build	Build	2025-12-13T00:32:25.7722640Z [1m[92m   Compiling[0m tinystr v0.8.2
build	Build	2025-12-13T00:32:25.9267628Z [1m[92m   Compiling[0m writeable v0.6.2
build	Build	2025-12-13T00:32:25.9600464Z [1m[92m   Compiling[0m serde v1.0.228
build	Build	2025-12-13T00:32:26.0910234Z [1m[92m   Compiling[0m prettyplease v0.2.37
build	Build	2025-12-13T00:32:26.1122528Z [1m[92m   Compiling[0m litemap v0.8.1
build	Build	2025-12-13T00:32:26.2752080Z [1m[92m   Compiling[0m icu_locale_core v2.1.1
build	Build	2025-12-13T00:32:26.6776998Z [1m[92m   Compiling[0m potential_utf v0.1.4
build	Build	2025-12-13T00:32:26.7793609Z [1m[92m   Compiling[0m zerotrie v0.2.3
build	Build	2025-12-13T00:32:26.9439956Z [1m[92m   Compiling[0m glib v0.21.5
build	Build	2025-12-13T00:32:27.1732493Z [1m[92m   Compiling[0m serde_derive v1.0.228
build	Build	2025-12-13T00:32:28.3197997Z [1m[92m   Compiling[0m typenum v1.19.0
build	Build	2025-12-13T00:32:29.0619699Z [1m[92m   Compiling[0m icu_normalizer_data v2.1.1
build	Build	2025-12-13T00:32:29.0986089Z [1m[92m   Compiling[0m autocfg v1.5.0
build	Build	2025-12-13T00:32:29.1447307Z [1m[92m   Compiling[0m version_check v0.9.5
build	Build	2025-12-13T00:32:29.3764565Z [1m[92m   Compiling[0m minimal-lexical v0.2.1
build	Build	2025-12-13T00:32:29.4083452Z [1m[92m   Compiling[0m regex-syntax v0.8.8
build	Build	2025-12-13T00:32:29.5592605Z [1m[92m   Compiling[0m icu_properties_data v2.1.2
build	Build	2025-12-13T00:32:29.6650157Z [1m[92m   Compiling[0m semver v1.0.27
build	Build	2025-12-13T00:32:29.9030789Z [1m[92m   Compiling[0m rustc_version v0.4.1
build	Build	2025-12-13T00:32:30.1143126Z [1m[92m   Compiling[0m libloading v0.8.9
build	Build	2025-12-13T00:32:30.2391638Z [1m[92m   Compiling[0m nom v7.1.3
build	Build	2025-12-13T00:32:30.8905101Z [1m[92m   Compiling[0m regex-automata v0.4.13
build	Build	2025-12-13T00:32:31.2725085Z [1m[92m   Compiling[0m memoffset v0.9.1
build	Build	2025-12-13T00:32:31.3537807Z [1m[92m   Compiling[0m generic-array v0.14.7
build	Build	2025-12-13T00:32:31.4478831Z [1m[92m   Compiling[0m icu_provider v2.1.1
build	Build	2025-12-13T00:32:31.8202485Z [1m[92m   Compiling[0m icu_collections v2.1.1
build	Build	2025-12-13T00:32:31.8915624Z [1m[92m   Compiling[0m ring v0.17.14
build	Build	2025-12-13T00:32:32.2490444Z [1m[92m   Compiling[0m glib-sys v0.20.10
build	Build	2025-12-13T00:32:32.3579580Z [1m[92m   Compiling[0m zeroize v1.8.2
build	Build	2025-12-13T00:32:32.4780137Z [1m[92m   Compiling[0m bindgen v0.72.1
build	Build	2025-12-13T00:32:32.5828878Z [1m[92m   Compiling[0m either v1.15.0
build	Build	2025-12-13T00:32:32.5891077Z [1m[92m   Compiling[0m rustls-pki-types v1.13.1
build	Build	2025-12-13T00:32:32.7183119Z [1m[92m   Compiling[0m itertools v0.13.0
build	Build	2025-12-13T00:32:33.0831754Z [1m[92m   Compiling[0m regex v1.12.2
build	Build	2025-12-13T00:32:33.4619070Z [1m[92m   Compiling[0m cexpr v0.6.0
build	Build	2025-12-13T00:32:34.3326132Z [1m[92m   Compiling[0m gio v0.21.5
build	Build	2025-12-13T00:32:38.3628100Z [1m[92m   Compiling[0m cairo-rs v0.21.5
build	Build	2025-12-13T00:32:39.8970143Z [1m[92m   Compiling[0m field-offset v0.3.6
build	Build	2025-12-13T00:32:43.7239315Z [1m[92m   Compiling[0m gobject-sys v0.20.10
build	Build	2025-12-13T00:32:43.8338420Z [1m[92m   Compiling[0m log v0.4.29
build	Build	2025-12-13T00:32:43.9492148Z [1m[92m   Compiling[0m once_cell v1.21.3
build	Build	2025-12-13T00:32:43.9849357Z [1m[92m   Compiling[0m rustc-hash v2.1.1
build	Build	2025-12-13T00:32:44.0421728Z [1m[92m   Compiling[0m same-file v1.0.6
build	Build	2025-12-13T00:32:44.1123440Z [1m[92m   Compiling[0m walkdir v2.5.0
build	Build	2025-12-13T00:32:44.3835498Z [1m[92m   Compiling[0m graphene-rs v0.21.5
build	Build	2025-12-13T00:32:45.9609054Z [1m[92m   Compiling[0m icu_properties v2.1.2
build	Build	2025-12-13T00:32:47.6986128Z [1m[92m   Compiling[0m pango v0.21.5
build	Build	2025-12-13T00:32:47.7696565Z [1m[92m   Compiling[0m gdk-pixbuf v0.21.5
build	Build	2025-12-13T00:32:49.8329220Z [1m[92m   Compiling[0m gdk4 v0.10.3
build	Build	2025-12-13T00:32:50.0563056Z [1m[92m   Compiling[0m icu_normalizer v2.1.1
build	Build	2025-12-13T00:32:52.3269747Z [1m[92m   Compiling[0m find_cuda_helper v0.2.0
build	Build	2025-12-13T00:32:52.4328019Z [1m[92m   Compiling[0m getrandom v0.2.16
build	Build	2025-12-13T00:32:52.5875598Z [1m[92m   Compiling[0m cmake v0.1.54
build	Build	2025-12-13T00:32:52.5878295Z [1m[92m   Compiling[0m gio-sys v0.20.10
build	Build	2025-12-13T00:32:52.7054205Z [1m[92m   Compiling[0m aho-corasick v1.1.4
build	Build	2025-12-13T00:32:52.9162568Z [1m[92m   Compiling[0m crc32fast v1.5.0
build	Build	2025-12-13T00:32:57.9275905Z [1m[92m   Compiling[0m untrusted v0.9.0
build	Build	2025-12-13T00:32:59.5833667Z [1m[92m   Compiling[0m gsk4 v0.10.3
build	Build	2025-12-13T00:33:00.1794023Z [1m[92m   Compiling[0m llama-cpp-sys-2 v0.1.129
build	Build	2025-12-13T00:33:01.5259027Z [1m[92m   Compiling[0m idna_adapter v1.2.1
build	Build	2025-12-13T00:33:01.6498876Z [1m[92m   Compiling[0m gtk4-macros v0.10.3
build	Build	2025-12-13T00:33:02.2805484Z [1m[92m   Compiling[0m sourceview5-sys v0.10.1
build	Build	2025-12-13T00:33:02.4187144Z [1m[92m   Compiling[0m libadwaita-sys v0.8.1
build	Build	2025-12-13T00:33:02.5292074Z [1m[92m   Compiling[0m percent-encoding v2.3.2
build	Build	2025-12-13T00:33:02.7219022Z [1m[92m   Compiling[0m thiserror v1.0.69
build	Build	2025-12-13T00:33:03.0671825Z [1m[92m   Compiling[0m adler2 v2.0.1
build	Build	2025-12-13T00:33:03.1648419Z [1m[92m   Compiling[0m simd-adler32 v0.3.8
build	Build	2025-12-13T00:33:03.2237801Z [1m[92m   Compiling[0m utf8_iter v1.0.4
build	Build	2025-12-13T00:33:03.3229117Z [1m[92m   Compiling[0m getrandom v0.3.4
build	Build	2025-12-13T00:33:03.4869803Z [1m[92m   Compiling[0m utf8parse v0.2.2
build	Build	2025-12-13T00:33:03.5373379Z [1m[92m   Compiling[0m rustls v0.23.35
build	Build	2025-12-13T00:33:03.6213924Z [1m[92m   Compiling[0m anstyle-parse v0.2.7
build	Build	2025-12-13T00:33:03.7753134Z [1m[92m   Compiling[0m idna v1.1.0
build	Build	2025-12-13T00:33:04.1228960Z [1m[92m   Compiling[0m miniz_oxide v0.8.9
build	Build	2025-12-13T00:33:04.4915674Z [1m[92m   Compiling[0m form_urlencoded v1.2.2
build	Build	2025-12-13T00:33:04.7509389Z [1m[92m   Compiling[0m gtk4 v0.10.3
build	Build	2025-12-13T00:33:09.5477513Z [1m[92m   Compiling[0m rustls-webpki v0.103.8
build	Build	2025-12-13T00:33:10.4752846Z [1m[91merror[0m: failed to run custom build command for `llama-cpp-sys-2 v0.1.129`
build	Build	2025-12-13T00:33:10.4753835Z 
build	Build	2025-12-13T00:33:10.4754272Z Caused by:
build	Build	2025-12-13T00:33:10.4765224Z   process didn't exit successfully: `/home/runner/work/ghostpad/ghostpad/target/release/build/llama-cpp-sys-2-fe2da5b34daf20cd/build-script-build` (exit status: 101)
build	Build	2025-12-13T00:33:10.4767082Z   --- stdout
build	Build	2025-12-13T00:33:10.4774097Z   cargo:rerun-if-changed=build.rs
build	Build	2025-12-13T00:33:10.4774598Z   cargo:rerun-if-env-changed=LLAMA_LIB_PROFILE
build	Build	2025-12-13T00:33:10.4775124Z   cargo:rerun-if-env-changed=LLAMA_BUILD_SHARED_LIBS
build	Build	2025-12-13T00:33:10.4775644Z   cargo:rerun-if-env-changed=LLAMA_STATIC_CRT
build	Build	2025-12-13T00:33:10.4776715Z   cargo:rerun-if-changed=/home/runner/.cargo/registry/src/index.crates.io-1949cf8c6b5b557f/llama-cpp-sys-2-0.1.129/llama.cpp/pocs/CMakeLists.txt
build	Build	2025-12-13T00:33:10.4778372Z   cargo:rerun-if-changed=/home/runner/.cargo/registry/src/index.crates.io-1949cf8c6b5b557f/llama-cpp-sys-2-0.1.129/llama.cpp/pocs/vdot/CMakeLists.txt
build	Build	2025-12-13T00:33:10.4780038Z   cargo:rerun-if-changed=/home/runner/.cargo/registry/src/index.crates.io-1949cf8c6b5b557f/llama-cpp-sys-2-0.1.129/llama.cpp/ggml/CMakeLists.txt
build	Build	2025-12-13T00:33:10.4781760Z   cargo:rerun-if-changed=/home/runner/.cargo/registry/src/index.crates.io-1949cf8c6b5b557f/llama-cpp-sys-2-0.1.129/llama.cpp/ggml/src
build	Build	2025-12-13T00:33:10.4783849Z   cargo:rerun-if-changed=/home/runner/.cargo/registry/src/index.crates.io-1949cf8c6b5b557f/llama-cpp-sys-2-0.1.129/llama.cpp/ggml/src/ggml-common.h
build	Build	2025-12-13T00:33:10.4785475Z   cargo:rerun-if-changed=/home/runner/.cargo/registry/src/index.crates.io-1949cf8c6b5b557f/llama-cpp-sys-2-0.1.129/llama.cpp/ggml/src/ggml.c
build	Build	2025-12-13T00:33:10.4787422Z   cargo:rerun-if-changed=/home/runner/.cargo/registry/src/index.crates.io-1949cf8c6b5b557f/llama-cpp-sys-2-0.1.129/llama.cpp/ggml/src/ggml-quants.c
build	Build	2025-12-13T00:33:10.4789164Z   cargo:rerun-if-changed=/home/runner/.cargo/registry/src/index.crates.io-1949cf8c6b5b557f/llama-cpp-sys-2-0.1.129/llama.cpp/ggml/src/ggml-backend-reg.cpp
build	Build	2025-12-13T00:33:10.4790840Z   cargo:rerun-if-changed=/home/runner/.cargo/registry/src/index.crates.io-1949cf8c6b5b557f/llama-cpp-sys-2-0.1.129/llama.cpp/ggml/src/gguf.cpp
build	Build	2025-12-13T00:33:10.4793291Z   cargo:rerun-if-changed=/home/runner/.cargo/registry/src/index.crates.io-1949cf8c6b5b557f/llama-cpp-sys-2-0.1.129/llama.cpp/ggml/src/ggml-quants.h
build	Build	2025-12-13T00:33:10.4795025Z   cargo:rerun-if-changed=/home/runner/.cargo/registry/src/index.crates.io-1949cf8c6b5b557f/llama-cpp-sys-2-0.1.129/llama.cpp/ggml/src/ggml-threading.h
build	Build	2025-12-13T00:33:10.4796682Z   cargo:rerun-if-changed=/home/runner/.cargo/registry/src/index.crates.io-1949cf8c6b5b557f/llama-cpp-sys-2-0.1.129/llama.cpp/ggml/src/ggml-cpu
build	Build	2025-12-13T00:33:10.4798393Z   cargo:rerun-if-changed=/home/runner/.cargo/registry/src/index.crates.io-1949cf8c6b5b557f/llama-cpp-sys-2-0.1.129/llama.cpp/ggml/src/ggml-cpu/unary-ops.cpp
build	Build	2025-12-13T00:33:10.4800122Z   cargo:rerun-if-changed=/home/runner/.cargo/registry/src/index.crates.io-1949cf8c6b5b557f/llama-cpp-sys-2-0.1.129/llama.cpp/ggml/src/ggml-cpu/spacemit
build	Build	2025-12-13T00:33:10.4802058Z   cargo:rerun-if-changed=/home/runner/.cargo/registry/src/index.crates.io-1949cf8c6b5b557f/llama-cpp-sys-2-0.1.129/llama.cpp/ggml/src/ggml-cpu/spacemit/ime.h
build	Build	2025-12-13T00:33:10.4803868Z   cargo:rerun-if-changed=/home/runner/.cargo/registry/src/index.crates.io-1949cf8c6b5b557f/llama-cpp-sys-2-0.1.129/llama.cpp/ggml/src/ggml-cpu/spacemit/ime1_kernels.cpp
build	Build	2025-12-13T00:33:10.4805731Z   cargo:rerun-if-changed=/home/runner/.cargo/registry/src/index.crates.io-1949cf8c6b5b557f/llama-cpp-sys-2-0.1.129/llama.cpp/ggml/src/ggml-cpu/spacemit/ime_kernels.h
build	Build	2025-12-13T00:33:10.4807544Z   cargo:rerun-if-changed=/home/runner/.cargo/registry/src/index.crates.io-1949cf8c6b5b557f/llama-cpp-sys-2-0.1.129/llama.cpp/ggml/src/ggml-cpu/spacemit/ime.cpp
build	Build	2025-12-13T00:33:10.4809318Z   cargo:rerun-if-changed=/home/runner/.cargo/registry/src/index.crates.io-1949cf8c6b5b557f/llama-cpp-sys-2-0.1.129/llama.cpp/ggml/src/ggml-cpu/traits.cpp
build	Build	2025-12-13T00:33:10.4811235Z   cargo:rerun-if-changed=/home/runner/.cargo/registry/src/index.crates.io-1949cf8c6b5b557f/llama-cpp-sys-2-0.1.129/llama.cpp/ggml/src/ggml-cpu/ggml-cpu.c
build	Build	2025-12-13T00:33:10.4812994Z   cargo:rerun-if-changed=/home/runner/.cargo/registry/src/index.crates.io-1949cf8c6b5b557f/llama-cpp-sys-2-0.1.129/llama.cpp/ggml/src/ggml-cpu/hbm.cpp
build	Build	2025-12-13T00:33:10.4814728Z   cargo:rerun-if-changed=/home/runner/.cargo/registry/src/index.crates.io-1949cf8c6b5b557f/llama-cpp-sys-2-0.1.129/llama.cpp/ggml/src/ggml-cpu/repack.h
build	Build	2025-12-13T00:33:10.4816442Z   cargo:rerun-if-changed=/home/runner/.cargo/registry/src/index.crates.io-1949cf8c6b5b557f/llama-cpp-sys-2-0.1.129/llama.cpp/ggml/src/ggml-cpu/hbm.h
build	Build	2025-12-13T00:33:10.4818176Z   cargo:rerun-if-changed=/home/runner/.cargo/registry/src/index.crates.io-1949cf8c6b5b557f/llama-cpp-sys-2-0.1.129/llama.cpp/ggml/src/ggml-cpu/vec.h
build	Build	2025-12-13T00:33:10.4819880Z   cargo:rerun-if-changed=/home/runner/.cargo/registry/src/index.crates.io-1949cf8c6b5b557f/llama-cpp-sys-2-0.1.129/llama.cpp/ggml/src/ggml-cpu/ops.h
build	Build	2025-12-13T00:33:10.4821796Z   cargo:rerun-if-changed=/home/runner/.cargo/registry/src/index.crates.io-1949cf8c6b5b557f/llama-cpp-sys-2-0.1.129/llama.cpp/ggml/src/ggml-cpu/vec.cpp
build	Build	2025-12-13T00:33:10.4823487Z   cargo:rerun-if-changed=/home/runner/.cargo/registry/src/index.crates.io-1949cf8c6b5b557f/llama-cpp-sys-2-0.1.129/llama.cpp/ggml/src/ggml-cpu/common.h
build	Build	2025-12-13T00:33:10.4825457Z   cargo:rerun-if-changed=/home/runner/.cargo/registry/src/index.crates.io-1949cf8c6b5b557f/llama-cpp-sys-2-0.1.129/llama.cpp/ggml/src/ggml-cpu/arch
build	Build	2025-12-13T00:33:10.4827136Z   cargo:rerun-if-changed=/home/runner/.cargo/registry/src/index.crates.io-1949cf8c6b5b557f/llama-cpp-sys-2-0.1.129/llama.cpp/ggml/src/ggml-cpu/arch/arm
build	Build	2025-12-13T00:33:10.4829158Z   cargo:rerun-if-changed=/home/runner/.cargo/registry/src/index.crates.io-1949cf8c6b5b557f/llama-cpp-sys-2-0.1.129/llama.cpp/ggml/src/ggml-cpu/arch/arm/repack.cpp
build	Build	2025-12-13T00:33:10.4831199Z   cargo:rerun-if-changed=/home/runner/.cargo/registry/src/index.crates.io-1949cf8c6b5b557f/llama-cpp-sys-2-0.1.129/llama.cpp/ggml/src/ggml-cpu/arch/arm/cpu-feats.cpp
build	Build	2025-12-13T00:33:10.4833045Z   cargo:rerun-if-changed=/home/runner/.cargo/registry/src/index.crates.io-1949cf8c6b5b557f/llama-cpp-sys-2-0.1.129/llama.cpp/ggml/src/ggml-cpu/arch/arm/quants.c
build	Build	2025-12-13T00:33:10.4834836Z   cargo:rerun-if-changed=/home/runner/.cargo/registry/src/index.crates.io-1949cf8c6b5b557f/llama-cpp-sys-2-0.1.129/llama.cpp/ggml/src/ggml-cpu/arch/riscv
build	Build	2025-12-13T00:33:10.4836625Z   cargo:rerun-if-changed=/home/runner/.cargo/registry/src/index.crates.io-1949cf8c6b5b557f/llama-cpp-sys-2-0.1.129/llama.cpp/ggml/src/ggml-cpu/arch/riscv/repack.cpp
build	Build	2025-12-13T00:33:10.4838470Z   cargo:rerun-if-changed=/home/runner/.cargo/registry/src/index.crates.io-1949cf8c6b5b557f/llama-cpp-sys-2-0.1.129/llama.cpp/ggml/src/ggml-cpu/arch/riscv/quants.c
build	Build	2025-12-13T00:33:10.4840260Z   cargo:rerun-if-changed=/home/runner/.cargo/registry/src/index.crates.io-1949cf8c6b5b557f/llama-cpp-sys-2-0.1.129/llama.cpp/ggml/src/ggml-cpu/arch/wasm
build	Build	2025-12-13T00:33:10.4842239Z   cargo:rerun-if-changed=/home/runner/.cargo/registry/src/index.crates.io-1949cf8c6b5b557f/llama-cpp-sys-2-0.1.129/llama.cpp/ggml/src/ggml-cpu/arch/wasm/quants.c
build	Build	2025-12-13T00:33:10.4844045Z   cargo:rerun-if-changed=/home/runner/.cargo/registry/src/index.crates.io-1949cf8c6b5b557f/llama-cpp-sys-2-0.1.129/llama.cpp/ggml/src/ggml-cpu/arch/s390
build	Build	2025-12-13T00:33:10.4845817Z   cargo:rerun-if-changed=/home/runner/.cargo/registry/src/index.crates.io-1949cf8c6b5b557f/llama-cpp-sys-2-0.1.129/llama.cpp/ggml/src/ggml-cpu/arch/s390/cpu-feats.cpp
build	Build	2025-12-13T00:33:10.4847644Z   cargo:rerun-if-changed=/home/runner/.cargo/registry/src/index.crates.io-1949cf8c6b5b557f/llama-cpp-sys-2-0.1.129/llama.cpp/ggml/src/ggml-cpu/arch/s390/quants.c
build	Build	2025-12-13T00:33:10.4849448Z   cargo:rerun-if-changed=/home/runner/.cargo/registry/src/index.crates.io-1949cf8c6b5b557f/llama-cpp-sys-2-0.1.129/llama.cpp/ggml/src/ggml-cpu/arch/loongarch
build	Build	2025-12-13T00:33:10.4851451Z   cargo:rerun-if-changed=/home/runner/.cargo/registry/src/index.crates.io-1949cf8c6b5b557f/llama-cpp-sys-2-0.1.129/llama.cpp/ggml/src/ggml-cpu/arch/loongarch/quants.c
build	Build	2025-12-13T00:33:10.4853280Z   cargo:rerun-if-changed=/home/runner/.cargo/registry/src/index.crates.io-1949cf8c6b5b557f/llama-cpp-sys-2-0.1.129/llama.cpp/ggml/src/ggml-cpu/arch/powerpc
build	Build	2025-12-13T00:33:10.4855198Z   cargo:rerun-if-changed=/home/runner/.cargo/registry/src/index.crates.io-1949cf8c6b5b557f/llama-cpp-sys-2-0.1.129/llama.cpp/ggml/src/ggml-cpu/arch/powerpc/cpu-feats.cpp
build	Build	2025-12-13T00:33:10.4857091Z   cargo:rerun-if-changed=/home/runner/.cargo/registry/src/index.crates.io-1949cf8c6b5b557f/llama-cpp-sys-2-0.1.129/llama.cpp/ggml/src/ggml-cpu/arch/powerpc/quants.c
build	Build	2025-12-13T00:33:10.4858891Z   cargo:rerun-if-changed=/home/runner/.cargo/registry/src/index.crates.io-1949cf8c6b5b557f/llama-cpp-sys-2-0.1.129/llama.cpp/ggml/src/ggml-cpu/arch/x86
build	Build	2025-12-13T00:33:10.4860673Z   cargo:rerun-if-changed=/home/runner/.cargo/registry/src/index.crates.io-1949cf8c6b5b557f/llama-cpp-sys-2-0.1.129/llama.cpp/ggml/src/ggml-cpu/arch/x86/repack.cpp
build	Build	2025-12-13T00:33:10.4871721Z   cargo:rerun-if-changed=/home/runner/.cargo/registry/src/index.crates.io-1949cf8c6b5b557f/llama-cpp-sys-2-0.1.129/llama.cpp/ggml/src/ggml-cpu/arch/x86/cpu-feats.cpp
build	Build	2025-12-13T00:33:10.4873613Z   cargo:rerun-if-changed=/home/runner/.cargo/registry/src/index.crates.io-1949cf8c6b5b557f/llama-cpp-sys-2-0.1.129/llama.cpp/ggml/src/ggml-cpu/arch/x86/quants.c
build	Build	2025-12-13T00:33:10.4875638Z   cargo:rerun-if-changed=/home/runner/.cargo/registry/src/index.crates.io-1949cf8c6b5b557f/llama-cpp-sys-2-0.1.129/llama.cpp/ggml/src/ggml-cpu/kleidiai
build	Build	2025-12-13T00:33:10.4877592Z   cargo:rerun-if-changed=/home/runner/.cargo/registry/src/index.crates.io-1949cf8c6b5b557f/llama-cpp-sys-2-0.1.129/llama.cpp/ggml/src/ggml-cpu/kleidiai/kernels.cpp
build	Build	2025-12-13T00:33:10.4879409Z   cargo:rerun-if-changed=/home/runner/.cargo/registry/src/index.crates.io-1949cf8c6b5b557f/llama-cpp-sys-2-0.1.129/llama.cpp/ggml/src/ggml-cpu/kleidiai/kleidiai.h
build	Build	2025-12-13T00:33:10.4881701Z   cargo:rerun-if-changed=/home/runner/.cargo/registry/src/index.crates.io-1949cf8c6b5b557f/llama-cpp-sys-2-0.1.129/llama.cpp/ggml/src/ggml-cpu/kleidiai/kernels.h
build	Build	2025-12-13T00:33:10.4883545Z   cargo:rerun-if-changed=/home/runner/.cargo/registry/src/index.crates.io-1949cf8c6b5b557f/llama-cpp-sys-2-0.1.129/llama.cpp/ggml/src/ggml-cpu/kleidiai/kleidiai.cpp
build	Build	2025-12-13T00:33:10.4885355Z   cargo:rerun-if-changed=/home/runner/.cargo/registry/src/index.crates.io-1949cf8c6b5b557f/llama-cpp-sys-2-0.1.129/llama.cpp/ggml/src/ggml-cpu/simd-mappings.h
build	Build	2025-12-13T00:33:10.4887123Z   cargo:rerun-if-changed=/home/runner/.cargo/registry/src/index.crates.io-1949cf8c6b5b557f/llama-cpp-sys-2-0.1.129/llama.cpp/ggml/src/ggml-cpu/repack.cpp
build	Build	2025-12-13T00:33:10.4888884Z   cargo:rerun-if-changed=/home/runner/.cargo/registry/src/index.crates.io-1949cf8c6b5b557f/llama-cpp-sys-2-0.1.129/llama.cpp/ggml/src/ggml-cpu/binary-ops.h
build	Build	2025-12-13T00:33:10.4890660Z   cargo:rerun-if-changed=/home/runner/.cargo/registry/src/index.crates.io-1949cf8c6b5b557f/llama-cpp-sys-2-0.1.129/llama.cpp/ggml/src/ggml-cpu/CMakeLists.txt
build	Build	2025-12-13T00:33:10.4892608Z   cargo:rerun-if-changed=/home/runner/.cargo/registry/src/index.crates.io-1949cf8c6b5b557f/llama-cpp-sys-2-0.1.129/llama.cpp/ggml/src/ggml-cpu/binary-ops.cpp
build	Build	2025-12-13T00:33:10.4894337Z   cargo:rerun-if-changed=/home/runner/.cargo/registry/src/index.crates.io-1949cf8c6b5b557f/llama-cpp-sys-2-0.1.129/llama.cpp/ggml/src/ggml-cpu/quants.h
build	Build	2025-12-13T00:33:10.4896031Z   cargo:rerun-if-changed=/home/runner/.cargo/registry/src/index.crates.io-1949cf8c6b5b557f/llama-cpp-sys-2-0.1.129/llama.cpp/ggml/src/ggml-cpu/llamafile
build	Build	2025-12-13T00:33:10.4897766Z   cargo:rerun-if-changed=/home/runner/.cargo/registry/src/index.crates.io-1949cf8c6b5b557f/llama-cpp-sys-2-0.1.129/llama.cpp/ggml/src/ggml-cpu/llamafile/sgemm.h
build	Build	2025-12-13T00:33:10.4899562Z   cargo:rerun-if-changed=/home/runner/.cargo/registry/src/index.crates.io-1949cf8c6b5b557f/llama-cpp-sys-2-0.1.129/llama.cpp/ggml/src/ggml-cpu/llamafile/sgemm.cpp
build	Build	2025-12-13T00:33:10.4901455Z   cargo:rerun-if-changed=/home/runner/.cargo/registry/src/index.crates.io-1949cf8c6b5b557f/llama-cpp-sys-2-0.1.129/llama.cpp/ggml/src/ggml-cpu/cmake
build	Build	2025-12-13T00:33:10.4903219Z   cargo:rerun-if-changed=/home/runner/.cargo/registry/src/index.crates.io-1949cf8c6b5b557f/llama-cpp-sys-2-0.1.129/llama.cpp/ggml/src/ggml-cpu/cmake/FindSIMD.cmake
build	Build	2025-12-13T00:33:10.4905041Z   cargo:rerun-if-changed=/home/runner/.cargo/registry/src/index.crates.io-1949cf8c6b5b557f/llama-cpp-sys-2-0.1.129/llama.cpp/ggml/src/ggml-cpu/ggml-cpu.cpp
build	Build	2025-12-13T00:33:10.4906771Z   cargo:rerun-if-changed=/home/runner/.cargo/registry/src/index.crates.io-1949cf8c6b5b557f/llama-cpp-sys-2-0.1.129/llama.cpp/ggml/src/ggml-cpu/unary-ops.h
build	Build	2025-12-13T00:33:10.4908530Z   cargo:rerun-if-changed=/home/runner/.cargo/registry/src/index.crates.io-1949cf8c6b5b557f/llama-cpp-sys-2-0.1.129/llama.cpp/ggml/src/ggml-cpu/arch-fallback.h
build	Build	2025-12-13T00:33:10.4910302Z   cargo:rerun-if-changed=/home/runner/.cargo/registry/src/index.crates.io-1949cf8c6b5b557f/llama-cpp-sys-2-0.1.129/llama.cpp/ggml/src/ggml-cpu/ggml-cpu-impl.h
build	Build	2025-12-13T00:33:10.4942537Z   cargo:rerun-if-changed=/home/runner/.cargo/registry/src/index.crates.io-1949cf8c6b5b557f/llama-cpp-sys-2-0.1.129/llama.cpp/ggml/src/ggml-cpu/traits.h
build	Build	2025-12-13T00:33:10.4944575Z   cargo:rerun-if-changed=/home/runner/.cargo/registry/src/index.crates.io-1949cf8c6b5b557f/llama-cpp-sys-2-0.1.129/llama.cpp/ggml/src/ggml-cpu/ops.cpp
build	Build	2025-12-13T00:33:10.4946288Z   cargo:rerun-if-changed=/home/runner/.cargo/registry/src/index.crates.io-1949cf8c6b5b557f/llama-cpp-sys-2-0.1.129/llama.cpp/ggml/src/ggml-cpu/amx
build	Build	2025-12-13T00:33:10.4948208Z   cargo:rerun-if-changed=/home/runner/.cargo/registry/src/index.crates.io-1949cf8c6b5b557f/llama-cpp-sys-2-0.1.129/llama.cpp/ggml/src/ggml-cpu/amx/amx.h
build	Build	2025-12-13T00:33:10.4949918Z   cargo:rerun-if-changed=/home/runner/.cargo/registry/src/index.crates.io-1949cf8c6b5b557f/llama-cpp-sys-2-0.1.129/llama.cpp/ggml/src/ggml-cpu/amx/mmq.h
build	Build	2025-12-13T00:33:10.4951810Z   cargo:rerun-if-changed=/home/runner/.cargo/registry/src/index.crates.io-1949cf8c6b5b557f/llama-cpp-sys-2-0.1.129/llama.cpp/ggml/src/ggml-cpu/amx/mmq.cpp
build	Build	2025-12-13T00:33:10.4953540Z   cargo:rerun-if-changed=/home/runner/.cargo/registry/src/index.crates.io-1949cf8c6b5b557f/llama-cpp-sys-2-0.1.129/llama.cpp/ggml/src/ggml-cpu/amx/common.h
build	Build	2025-12-13T00:33:10.4955375Z   cargo:rerun-if-changed=/home/runner/.cargo/registry/src/index.crates.io-1949cf8c6b5b557f/llama-cpp-sys-2-0.1.129/llama.cpp/ggml/src/ggml-cpu/amx/amx.cpp
build	Build	2025-12-13T00:33:10.4957085Z   cargo:rerun-if-changed=/home/runner/.cargo/registry/src/index.crates.io-1949cf8c6b5b557f/llama-cpp-sys-2-0.1.129/llama.cpp/ggml/src/ggml-cpu/quants.c
build	Build	2025-12-13T00:33:10.4958769Z   cargo:rerun-if-changed=/home/runner/.cargo/registry/src/index.crates.io-1949cf8c6b5b557f/llama-cpp-sys-2-0.1.129/llama.cpp/ggml/src/ggml-opt.cpp
build	Build	2025-12-13T00:33:10.4960430Z   cargo:rerun-if-changed=/home/runner/.cargo/registry/src/index.crates.io-1949cf8c6b5b557f/llama-cpp-sys-2-0.1.129/llama.cpp/ggml/src/ggml-vulkan
build	Build	2025-12-13T00:33:10.4962364Z   cargo:rerun-if-changed=/home/runner/.cargo/registry/src/index.crates.io-1949cf8c6b5b557f/llama-cpp-sys-2-0.1.129/llama.cpp/ggml/src/ggml-vulkan/vulkan-shaders
build	Build	2025-12-13T00:33:10.4964266Z   cargo:rerun-if-changed=/home/runner/.cargo/registry/src/index.crates.io-1949cf8c6b5b557f/llama-cpp-sys-2-0.1.129/llama.cpp/ggml/src/ggml-vulkan/vulkan-shaders/rope_multi.comp
build	Build	2025-12-13T00:33:10.4966222Z   cargo:rerun-if-changed=/home/runner/.cargo/registry/src/index.crates.io-1949cf8c6b5b557f/llama-cpp-sys-2-0.1.129/llama.cpp/ggml/src/ggml-vulkan/vulkan-shaders/leaky_relu.comp
build	Build	2025-12-13T00:33:10.4968171Z   cargo:rerun-if-changed=/home/runner/.cargo/registry/src/index.crates.io-1949cf8c6b5b557f/llama-cpp-sys-2-0.1.129/llama.cpp/ggml/src/ggml-vulkan/vulkan-shaders/rms_norm.comp
build	Build	2025-12-13T00:33:10.4970123Z   cargo:rerun-if-changed=/home/runner/.cargo/registry/src/index.crates.io-1949cf8c6b5b557f/llama-cpp-sys-2-0.1.129/llama.cpp/ggml/src/ggml-vulkan/vulkan-shaders/multi_add.comp
build	Build	2025-12-13T00:33:10.4972332Z   cargo:rerun-if-changed=/home/runner/.cargo/registry/src/index.crates.io-1949cf8c6b5b557f/llama-cpp-sys-2-0.1.129/llama.cpp/ggml/src/ggml-vulkan/vulkan-shaders/mul_mmq_funcs.glsl
build	Build	2025-12-13T00:33:10.4974280Z   cargo:rerun-if-changed=/home/runner/.cargo/registry/src/index.crates.io-1949cf8c6b5b557f/llama-cpp-sys-2-0.1.129/llama.cpp/ggml/src/ggml-vulkan/vulkan-shaders/log.comp
build	Build	2025-12-13T00:33:10.4976221Z   cargo:rerun-if-changed=/home/runner/.cargo/registry/src/index.crates.io-1949cf8c6b5b557f/llama-cpp-sys-2-0.1.129/llama.cpp/ggml/src/ggml-vulkan/vulkan-shaders/dequant_q5_0.comp
build	Build	2025-12-13T00:33:10.4978260Z   cargo:rerun-if-changed=/home/runner/.cargo/registry/src/index.crates.io-1949cf8c6b5b557f/llama-cpp-sys-2-0.1.129/llama.cpp/ggml/src/ggml-vulkan/vulkan-shaders/mul_mat_vec_iq3_s.comp
build	Build	2025-12-13T00:33:10.4980249Z   cargo:rerun-if-changed=/home/runner/.cargo/registry/src/index.crates.io-1949cf8c6b5b557f/llama-cpp-sys-2-0.1.129/llama.cpp/ggml/src/ggml-vulkan/vulkan-shaders/topk_moe.comp
build	Build	2025-12-13T00:33:10.4982393Z   cargo:rerun-if-changed=/home/runner/.cargo/registry/src/index.crates.io-1949cf8c6b5b557f/llama-cpp-sys-2-0.1.129/llama.cpp/ggml/src/ggml-vulkan/vulkan-shaders/floor.comp
build	Build	2025-12-13T00:33:10.4984311Z   cargo:rerun-if-changed=/home/runner/.cargo/registry/src/index.crates.io-1949cf8c6b5b557f/llama-cpp-sys-2-0.1.129/llama.cpp/ggml/src/ggml-vulkan/vulkan-shaders/div.comp
build	Build	2025-12-13T00:33:10.4986469Z   cargo:rerun-if-changed=/home/runner/.cargo/registry/src/index.crates.io-1949cf8c6b5b557f/llama-cpp-sys-2-0.1.129/llama.cpp/ggml/src/ggml-vulkan/vulkan-shaders/copy.comp
build	Build	2025-12-13T00:33:10.4988675Z   cargo:rerun-if-changed=/home/runner/.cargo/registry/src/index.crates.io-1949cf8c6b5b557f/llama-cpp-sys-2-0.1.129/llama.cpp/ggml/src/ggml-vulkan/vulkan-shaders/dequant_f32.comp
build	Build	2025-12-13T00:33:10.4990702Z   cargo:rerun-if-changed=/home/runner/.cargo/registry/src/index.crates.io-1949cf8c6b5b557f/llama-cpp-sys-2-0.1.129/llama.cpp/ggml/src/ggml-vulkan/vulkan-shaders/sum_rows.comp
build	Build	2025-12-13T00:33:10.4992887Z   cargo:rerun-if-changed=/home/runner/.cargo/registry/src/index.crates.io-1949cf8c6b5b557f/llama-cpp-sys-2-0.1.129/llama.cpp/ggml/src/ggml-vulkan/vulkan-shaders/dequant_q4_0.comp
build	Build	2025-12-13T00:33:10.4994909Z   cargo:rerun-if-changed=/home/runner/.cargo/registry/src/index.crates.io-1949cf8c6b5b557f/llama-cpp-sys-2-0.1.129/llama.cpp/ggml/src/ggml-vulkan/vulkan-shaders/flash_attn.comp
build	Build	2025-12-13T00:33:10.4996955Z   cargo:rerun-if-changed=/home/runner/.cargo/registry/src/index.crates.io-1949cf8c6b5b557f/llama-cpp-sys-2-0.1.129/llama.cpp/ggml/src/ggml-vulkan/vulkan-shaders/vulkan-shaders-gen.cpp
build	Build	2025-12-13T00:33:10.4998999Z   cargo:rerun-if-changed=/home/runner/.cargo/registry/src/index.crates.io-1949cf8c6b5b557f/llama-cpp-sys-2-0.1.129/llama.cpp/ggml/src/ggml-vulkan/vulkan-shaders/dequant_q5_k.comp
build	Build	2025-12-13T00:33:10.5001159Z   cargo:rerun-if-changed=/home/runner/.cargo/registry/src/index.crates.io-1949cf8c6b5b557f/llama-cpp-sys-2-0.1.129/llama.cpp/ggml/src/ggml-vulkan/vulkan-shaders/round.comp
build	Build	2025-12-13T00:33:10.5003085Z   cargo:rerun-if-changed=/home/runner/.cargo/registry/src/index.crates.io-1949cf8c6b5b557f/llama-cpp-sys-2-0.1.129/llama.cpp/ggml/src/ggml-vulkan/vulkan-shaders/rte.glsl
build	Build	2025-12-13T00:33:10.5005080Z   cargo:rerun-if-changed=/home/runner/.cargo/registry/src/index.crates.io-1949cf8c6b5b557f/llama-cpp-sys-2-0.1.129/llama.cpp/ggml/src/ggml-vulkan/vulkan-shaders/mul_mat_vec_q6_k.comp
build	Build	2025-12-13T00:33:10.5007178Z   cargo:rerun-if-changed=/home/runner/.cargo/registry/src/index.crates.io-1949cf8c6b5b557f/llama-cpp-sys-2-0.1.129/llama.cpp/ggml/src/ggml-vulkan/vulkan-shaders/timestep_embedding.comp
build	Build	2025-12-13T00:33:10.5009206Z   cargo:rerun-if-changed=/home/runner/.cargo/registry/src/index.crates.io-1949cf8c6b5b557f/llama-cpp-sys-2-0.1.129/llama.cpp/ggml/src/ggml-vulkan/vulkan-shaders/argsort.comp
build	Build	2025-12-13T00:33:10.5011409Z   cargo:rerun-if-changed=/home/runner/.cargo/registry/src/index.crates.io-1949cf8c6b5b557f/llama-cpp-sys-2-0.1.129/llama.cpp/ggml/src/ggml-vulkan/vulkan-shaders/hardsigmoid.comp
build	Build	2025-12-13T00:33:10.5013405Z   cargo:rerun-if-changed=/home/runner/.cargo/registry/src/index.crates.io-1949cf8c6b5b557f/llama-cpp-sys-2-0.1.129/llama.cpp/ggml/src/ggml-vulkan/vulkan-shaders/ssm_conv.comp
build	Build	2025-12-13T00:33:10.5015392Z   cargo:rerun-if-changed=/home/runner/.cargo/registry/src/index.crates.io-1949cf8c6b5b557f/llama-cpp-sys-2-0.1.129/llama.cpp/ggml/src/ggml-vulkan/vulkan-shaders/dequant_q5_1.comp
build	Build	2025-12-13T00:33:10.5017455Z   cargo:rerun-if-changed=/home/runner/.cargo/registry/src/index.crates.io-1949cf8c6b5b557f/llama-cpp-sys-2-0.1.129/llama.cpp/ggml/src/ggml-vulkan/vulkan-shaders/mul_mat_vec_p021.comp
build	Build	2025-12-13T00:33:10.5019516Z   cargo:rerun-if-changed=/home/runner/.cargo/registry/src/index.crates.io-1949cf8c6b5b557f/llama-cpp-sys-2-0.1.129/llama.cpp/ggml/src/ggml-vulkan/vulkan-shaders/copy_transpose.comp
build	Build	2025-12-13T00:33:10.5021671Z   cargo:rerun-if-changed=/home/runner/.cargo/registry/src/index.crates.io-1949cf8c6b5b557f/llama-cpp-sys-2-0.1.129/llama.cpp/ggml/src/ggml-vulkan/vulkan-shaders/sub.comp
build	Build	2025-12-13T00:33:10.5023701Z   cargo:rerun-if-changed=/home/runner/.cargo/registry/src/index.crates.io-1949cf8c6b5b557f/llama-cpp-sys-2-0.1.129/llama.cpp/ggml/src/ggml-vulkan/vulkan-shaders/mul_mat_vec_iq1_m.comp
build	Build	2025-12-13T00:33:10.5026010Z   cargo:rerun-if-changed=/home/runner/.cargo/registry/src/index.crates.io-1949cf8c6b5b557f/llama-cpp-sys-2-0.1.129/llama.cpp/ggml/src/ggml-vulkan/vulkan-shaders/gelu_erf.comp
build	Build	2025-12-13T00:33:10.5027968Z   cargo:rerun-if-changed=/home/runner/.cargo/registry/src/index.crates.io-1949cf8c6b5b557f/llama-cpp-sys-2-0.1.129/llama.cpp/ggml/src/ggml-vulkan/vulkan-shaders/im2col.comp
build	Build	2025-12-13T00:33:10.5030198Z   cargo:rerun-if-changed=/home/runner/.cargo/registry/src/index.crates.io-1949cf8c6b5b557f/llama-cpp-sys-2-0.1.129/llama.cpp/ggml/src/ggml-vulkan/vulkan-shaders/mul_mat_vec_q5_k.comp
build	Build	2025-12-13T00:33:10.5032463Z   cargo:rerun-if-changed=/home/runner/.cargo/registry/src/index.crates.io-1949cf8c6b5b557f/llama-cpp-sys-2-0.1.129/llama.cpp/ggml/src/ggml-vulkan/vulkan-shaders/mul_mmq_shmem_types.glsl
build	Build	2025-12-13T00:33:10.5034503Z   cargo:rerun-if-changed=/home/runner/.cargo/registry/src/index.crates.io-1949cf8c6b5b557f/llama-cpp-sys-2-0.1.129/llama.cpp/ggml/src/ggml-vulkan/vulkan-shaders/soft_max.comp
build	Build	2025-12-13T00:33:10.5036442Z   cargo:rerun-if-changed=/home/runner/.cargo/registry/src/index.crates.io-1949cf8c6b5b557f/llama-cpp-sys-2-0.1.129/llama.cpp/ggml/src/ggml-vulkan/vulkan-shaders/l2_norm.comp
build	Build	2025-12-13T00:33:10.5038425Z   cargo:rerun-if-changed=/home/runner/.cargo/registry/src/index.crates.io-1949cf8c6b5b557f/llama-cpp-sys-2-0.1.129/llama.cpp/ggml/src/ggml-vulkan/vulkan-shaders/conv2d_mm.comp
build	Build	2025-12-13T00:33:10.5040472Z   cargo:rerun-if-changed=/home/runner/.cargo/registry/src/index.crates.io-1949cf8c6b5b557f/llama-cpp-sys-2-0.1.129/llama.cpp/ggml/src/ggml-vulkan/vulkan-shaders/mul_mat_vec_base.glsl
build	Build	2025-12-13T00:33:10.5042724Z   cargo:rerun-if-changed=/home/runner/.cargo/registry/src/index.crates.io-1949cf8c6b5b557f/llama-cpp-sys-2-0.1.129/llama.cpp/ggml/src/ggml-vulkan/vulkan-shaders/copy_to_quant.comp
build	Build	2025-12-13T00:33:10.5044759Z   cargo:rerun-if-changed=/home/runner/.cargo/registry/src/index.crates.io-1949cf8c6b5b557f/llama-cpp-sys-2-0.1.129/llama.cpp/ggml/src/ggml-vulkan/vulkan-shaders/rope_params.glsl
build	Build	2025-12-13T00:33:10.5046759Z   cargo:rerun-if-changed=/home/runner/.cargo/registry/src/index.crates.io-1949cf8c6b5b557f/llama-cpp-sys-2-0.1.129/llama.cpp/ggml/src/ggml-vulkan/vulkan-shaders/wkv6.comp
build	Build	2025-12-13T00:33:10.5048718Z   cargo:rerun-if-changed=/home/runner/.cargo/registry/src/index.crates.io-1949cf8c6b5b557f/llama-cpp-sys-2-0.1.129/llama.cpp/ggml/src/ggml-vulkan/vulkan-shaders/upscale.comp
build	Build	2025-12-13T00:33:10.5050683Z   cargo:rerun-if-changed=/home/runner/.cargo/registry/src/index.crates.io-1949cf8c6b5b557f/llama-cpp-sys-2-0.1.129/llama.cpp/ggml/src/ggml-vulkan/vulkan-shaders/concat.comp
build	Build	2025-12-13T00:33:10.5052876Z   cargo:rerun-if-changed=/home/runner/.cargo/registry/src/index.crates.io-1949cf8c6b5b557f/llama-cpp-sys-2-0.1.129/llama.cpp/ggml/src/ggml-vulkan/vulkan-shaders/dequant_iq1_m.comp
build	Build	2025-12-13T00:33:10.5054886Z   cargo:rerun-if-changed=/home/runner/.cargo/registry/src/index.crates.io-1949cf8c6b5b557f/llama-cpp-sys-2-0.1.129/llama.cpp/ggml/src/ggml-vulkan/vulkan-shaders/pad.comp
build	Build	2025-12-13T00:33:10.5056887Z   cargo:rerun-if-changed=/home/runner/.cargo/registry/src/index.crates.io-1949cf8c6b5b557f/llama-cpp-sys-2-0.1.129/llama.cpp/ggml/src/ggml-vulkan/vulkan-shaders/add1.comp
build	Build	2025-12-13T00:33:10.5058803Z   cargo:rerun-if-changed=/home/runner/.cargo/registry/src/index.crates.io-1949cf8c6b5b557f/llama-cpp-sys-2-0.1.129/llama.cpp/ggml/src/ggml-vulkan/vulkan-shaders/glu_head.glsl
build	Build	2025-12-13T00:33:10.5060803Z   cargo:rerun-if-changed=/home/runner/.cargo/registry/src/index.crates.io-1949cf8c6b5b557f/llama-cpp-sys-2-0.1.129/llama.cpp/ggml/src/ggml-vulkan/vulkan-shaders/contig_copy.comp
build	Build	2025-12-13T00:33:10.5063043Z   cargo:rerun-if-changed=/home/runner/.cargo/registry/src/index.crates.io-1949cf8c6b5b557f/llama-cpp-sys-2-0.1.129/llama.cpp/ggml/src/ggml-vulkan/vulkan-shaders/generic_unary_head.glsl
build	Build	2025-12-13T00:33:10.5065140Z   cargo:rerun-if-changed=/home/runner/.cargo/registry/src/index.crates.io-1949cf8c6b5b557f/llama-cpp-sys-2-0.1.129/llama.cpp/ggml/src/ggml-vulkan/vulkan-shaders/dequant_iq3_xxs.comp
build	Build	2025-12-13T00:33:10.5067396Z   cargo:rerun-if-changed=/home/runner/.cargo/registry/src/index.crates.io-1949cf8c6b5b557f/llama-cpp-sys-2-0.1.129/llama.cpp/ggml/src/ggml-vulkan/vulkan-shaders/reglu.comp
build	Build	2025-12-13T00:33:10.5069341Z   cargo:rerun-if-changed=/home/runner/.cargo/registry/src/index.crates.io-1949cf8c6b5b557f/llama-cpp-sys-2-0.1.129/llama.cpp/ggml/src/ggml-vulkan/vulkan-shaders/repeat.comp
build	Build	2025-12-13T00:33:10.5071820Z   cargo:rerun-if-changed=/home/runner/.cargo/registry/src/index.crates.io-1949cf8c6b5b557f/llama-cpp-sys-2-0.1.129/llama.cpp/ggml/src/ggml-vulkan/vulkan-shaders/dequant_q8_0.comp
build	Build	2025-12-13T00:33:10.5073884Z   cargo:rerun-if-changed=/home/runner/.cargo/registry/src/index.crates.io-1949cf8c6b5b557f/llama-cpp-sys-2-0.1.129/llama.cpp/ggml/src/ggml-vulkan/vulkan-shaders/mul_mat_vec_iq2_s.comp
build	Build	2025-12-13T00:33:10.5075896Z   cargo:rerun-if-changed=/home/runner/.cargo/registry/src/index.crates.io-1949cf8c6b5b557f/llama-cpp-sys-2-0.1.129/llama.cpp/ggml/src/ggml-vulkan/vulkan-shaders/argmax.comp
build	Build	2025-12-13T00:33:10.5077908Z   cargo:rerun-if-changed=/home/runner/.cargo/registry/src/index.crates.io-1949cf8c6b5b557f/llama-cpp-sys-2-0.1.129/llama.cpp/ggml/src/ggml-vulkan/vulkan-shaders/mul_mat_vecq.comp
build	Build	2025-12-13T00:33:10.5079935Z   cargo:rerun-if-changed=/home/runner/.cargo/registry/src/index.crates.io-1949cf8c6b5b557f/llama-cpp-sys-2-0.1.129/llama.cpp/ggml/src/ggml-vulkan/vulkan-shaders/dequant_iq2_xs.comp
build	Build	2025-12-13T00:33:10.5082118Z   cargo:rerun-if-changed=/home/runner/.cargo/registry/src/index.crates.io-1949cf8c6b5b557f/llama-cpp-sys-2-0.1.129/llama.cpp/ggml/src/ggml-vulkan/vulkan-shaders/get_rows.comp
build	Build	2025-12-13T00:33:10.5084130Z   cargo:rerun-if-changed=/home/runner/.cargo/registry/src/index.crates.io-1949cf8c6b5b557f/llama-cpp-sys-2-0.1.129/llama.cpp/ggml/src/ggml-vulkan/vulkan-shaders/mul_mat_vec_iq1_s.comp
build	Build	2025-12-13T00:33:10.5086128Z   cargo:rerun-if-changed=/home/runner/.cargo/registry/src/index.crates.io-1949cf8c6b5b557f/llama-cpp-sys-2-0.1.129/llama.cpp/ggml/src/ggml-vulkan/vulkan-shaders/conv2d_dw.comp
build	Build	2025-12-13T00:33:10.5088076Z   cargo:rerun-if-changed=/home/runner/.cargo/registry/src/index.crates.io-1949cf8c6b5b557f/llama-cpp-sys-2-0.1.129/llama.cpp/ggml/src/ggml-vulkan/vulkan-shaders/acc.comp
build	Build	2025-12-13T00:33:10.5090009Z   cargo:rerun-if-changed=/home/runner/.cargo/registry/src/index.crates.io-1949cf8c6b5b557f/llama-cpp-sys-2-0.1.129/llama.cpp/ggml/src/ggml-vulkan/vulkan-shaders/rope_norm.comp
build	Build	2025-12-13T00:33:10.5092182Z   cargo:rerun-if-changed=/home/runner/.cargo/registry/src/index.crates.io-1949cf8c6b5b557f/llama-cpp-sys-2-0.1.129/llama.cpp/ggml/src/ggml-vulkan/vulkan-shaders/mul_mm_funcs.glsl
build	Build	2025-12-13T00:33:10.5094245Z   cargo:rerun-if-changed=/home/runner/.cargo/registry/src/index.crates.io-1949cf8c6b5b557f/llama-cpp-sys-2-0.1.129/llama.cpp/ggml/src/ggml-vulkan/vulkan-shaders/mul_mat_vec_iq3_xxs.comp
build	Build	2025-12-13T00:33:10.5096243Z   cargo:rerun-if-changed=/home/runner/.cargo/registry/src/index.crates.io-1949cf8c6b5b557f/llama-cpp-sys-2-0.1.129/llama.cpp/ggml/src/ggml-vulkan/vulkan-shaders/sigmoid.comp
build	Build	2025-12-13T00:33:10.5098275Z   cargo:rerun-if-changed=/home/runner/.cargo/registry/src/index.crates.io-1949cf8c6b5b557f/llama-cpp-sys-2-0.1.129/llama.cpp/ggml/src/ggml-vulkan/vulkan-shaders/dequant_funcs_cm2.glsl
build	Build	2025-12-13T00:33:10.5100294Z   cargo:rerun-if-changed=/home/runner/.cargo/registry/src/index.crates.io-1949cf8c6b5b557f/llama-cpp-sys-2-0.1.129/llama.cpp/ggml/src/ggml-vulkan/vulkan-shaders/ceil.comp
build	Build	2025-12-13T00:33:10.5102402Z   cargo:rerun-if-changed=/home/runner/.cargo/registry/src/index.crates.io-1949cf8c6b5b557f/llama-cpp-sys-2-0.1.129/llama.cpp/ggml/src/ggml-vulkan/vulkan-shaders/roll.comp
build	Build	2025-12-13T00:33:10.5104224Z   cargo:rerun-if-changed=/home/runner/.cargo/registry/src/index.crates.io-1949cf8c6b5b557f/llama-cpp-sys-2-0.1.129/llama.cpp/ggml/src/ggml-vulkan/vulkan-shaders/dequant_q2_k.comp
build	Build	2025-12-13T00:33:10.5106192Z   cargo:rerun-if-changed=/home/runner/.cargo/registry/src/index.crates.io-1949cf8c6b5b557f/llama-cpp-sys-2-0.1.129/llama.cpp/ggml/src/ggml-vulkan/vulkan-shaders/dequant_q4_k.comp
build	Build	2025-12-13T00:33:10.5108472Z   cargo:rerun-if-changed=/home/runner/.cargo/registry/src/index.crates.io-1949cf8c6b5b557f/llama-cpp-sys-2-0.1.129/llama.cpp/ggml/src/ggml-vulkan/vulkan-shaders/feature-tests
build	Build	2025-12-13T00:33:10.5110543Z   cargo:rerun-if-changed=/home/runner/.cargo/registry/src/index.crates.io-1949cf8c6b5b557f/llama-cpp-sys-2-0.1.129/llama.cpp/ggml/src/ggml-vulkan/vulkan-shaders/feature-tests/bfloat16.comp
build	Build	2025-12-13T00:33:10.5113208Z   cargo:rerun-if-changed=/home/runner/.cargo/registry/src/index.crates.io-1949cf8c6b5b557f/llama-cpp-sys-2-0.1.129/llama.cpp/ggml/src/ggml-vulkan/vulkan-shaders/feature-tests/integer_dot.comp
build	Build	2025-12-13T00:33:10.5115373Z   cargo:rerun-if-changed=/home/runner/.cargo/registry/src/index.crates.io-1949cf8c6b5b557f/llama-cpp-sys-2-0.1.129/llama.cpp/ggml/src/ggml-vulkan/vulkan-shaders/feature-tests/coopmat.comp
build	Build	2025-12-13T00:33:10.5117488Z   cargo:rerun-if-changed=/home/runner/.cargo/registry/src/index.crates.io-1949cf8c6b5b557f/llama-cpp-sys-2-0.1.129/llama.cpp/ggml/src/ggml-vulkan/vulkan-shaders/feature-tests/coopmat2.comp
build	Build	2025-12-13T00:33:10.5119564Z   cargo:rerun-if-changed=/home/runner/.cargo/registry/src/index.crates.io-1949cf8c6b5b557f/llama-cpp-sys-2-0.1.129/llama.cpp/ggml/src/ggml-vulkan/vulkan-shaders/dequant_q6_k.comp
build	Build	2025-12-13T00:33:10.5121763Z   cargo:rerun-if-changed=/home/runner/.cargo/registry/src/index.crates.io-1949cf8c6b5b557f/llama-cpp-sys-2-0.1.129/llama.cpp/ggml/src/ggml-vulkan/vulkan-shaders/dequant_mxfp4.comp
build	Build	2025-12-13T00:33:10.5123741Z   cargo:rerun-if-changed=/home/runner/.cargo/registry/src/index.crates.io-1949cf8c6b5b557f/llama-cpp-sys-2-0.1.129/llama.cpp/ggml/src/ggml-vulkan/vulkan-shaders/square.comp
build	Build	2025-12-13T00:33:10.5125678Z   cargo:rerun-if-changed=/home/runner/.cargo/registry/src/index.crates.io-1949cf8c6b5b557f/llama-cpp-sys-2-0.1.129/llama.cpp/ggml/src/ggml-vulkan/vulkan-shaders/dequant_iq4_nl.comp
build	Build	2025-12-13T00:33:10.5127690Z   cargo:rerun-if-changed=/home/runner/.cargo/registry/src/index.crates.io-1949cf8c6b5b557f/llama-cpp-sys-2-0.1.129/llama.cpp/ggml/src/ggml-vulkan/vulkan-shaders/dequant_q3_k.comp
build	Build	2025-12-13T00:33:10.5129664Z   cargo:rerun-if-changed=/home/runner/.cargo/registry/src/index.crates.io-1949cf8c6b5b557f/llama-cpp-sys-2-0.1.129/llama.cpp/ggml/src/ggml-vulkan/vulkan-shaders/mul_mat_vec_iface.glsl
build	Build	2025-12-13T00:33:10.5131836Z   cargo:rerun-if-changed=/home/runner/.cargo/registry/src/index.crates.io-1949cf8c6b5b557f/llama-cpp-sys-2-0.1.129/llama.cpp/ggml/src/ggml-vulkan/vulkan-shaders/dequant_q4_1.comp
build	Build	2025-12-13T00:33:10.5133680Z   cargo:rerun-if-changed=/home/runner/.cargo/registry/src/index.crates.io-1949cf8c6b5b557f/llama-cpp-sys-2-0.1.129/llama.cpp/ggml/src/ggml-vulkan/vulkan-shaders/get_rows_quant.comp
build	Build	2025-12-13T00:33:10.5135522Z   cargo:rerun-if-changed=/home/runner/.cargo/registry/src/index.crates.io-1949cf8c6b5b557f/llama-cpp-sys-2-0.1.129/llama.cpp/ggml/src/ggml-vulkan/vulkan-shaders/generic_head.glsl
build	Build	2025-12-13T00:33:10.5137289Z   cargo:rerun-if-changed=/home/runner/.cargo/registry/src/index.crates.io-1949cf8c6b5b557f/llama-cpp-sys-2-0.1.129/llama.cpp/ggml/src/ggml-vulkan/vulkan-shaders/swiglu.comp
build	Build	2025-12-13T00:33:10.5139048Z   cargo:rerun-if-changed=/home/runner/.cargo/registry/src/index.crates.io-1949cf8c6b5b557f/llama-cpp-sys-2-0.1.129/llama.cpp/ggml/src/ggml-vulkan/vulkan-shaders/flash_attn_base.glsl
build	Build	2025-12-13T00:33:10.5141086Z   cargo:rerun-if-changed=/home/runner/.cargo/registry/src/index.crates.io-1949cf8c6b5b557f/llama-cpp-sys-2-0.1.129/llama.cpp/ggml/src/ggml-vulkan/vulkan-shaders/mul_mat_vec_q2_k.comp
build	Build	2025-12-13T00:33:10.5142911Z   cargo:rerun-if-changed=/home/runner/.cargo/registry/src/index.crates.io-1949cf8c6b5b557f/llama-cpp-sys-2-0.1.129/llama.cpp/ggml/src/ggml-vulkan/vulkan-shaders/mul_mat_vec_q3_k.comp
build	Build	2025-12-13T00:33:10.5144639Z   cargo:rerun-if-changed=/home/runner/.cargo/registry/src/index.crates.io-1949cf8c6b5b557f/llama-cpp-sys-2-0.1.129/llama.cpp/ggml/src/ggml-vulkan/vulkan-shaders/sin.comp
build	Build	2025-12-13T00:33:10.5146367Z   cargo:rerun-if-changed=/home/runner/.cargo/registry/src/index.crates.io-1949cf8c6b5b557f/llama-cpp-sys-2-0.1.129/llama.cpp/ggml/src/ggml-vulkan/vulkan-shaders/flash_attn_cm2.comp
build	Build	2025-12-13T00:33:10.5148374Z   cargo:rerun-if-changed=/home/runner/.cargo/registry/src/index.crates.io-1949cf8c6b5b557f/llama-cpp-sys-2-0.1.129/llama.cpp/ggml/src/ggml-vulkan/vulkan-shaders/neg.comp
build	Build	2025-12-13T00:33:10.5150308Z   cargo:rerun-if-changed=/home/runner/.cargo/registry/src/index.crates.io-1949cf8c6b5b557f/llama-cpp-sys-2-0.1.129/llama.cpp/ggml/src/ggml-vulkan/vulkan-shaders/mul_mat_vec_q4_k.comp
build	Build	2025-12-13T00:33:10.5152272Z   cargo:rerun-if-changed=/home/runner/.cargo/registry/src/index.crates.io-1949cf8c6b5b557f/llama-cpp-sys-2-0.1.129/llama.cpp/ggml/src/ggml-vulkan/vulkan-shaders/mul_mat_vec.comp
build	Build	2025-12-13T00:33:10.5154094Z   cargo:rerun-if-changed=/home/runner/.cargo/registry/src/index.crates.io-1949cf8c6b5b557f/llama-cpp-sys-2-0.1.129/llama.cpp/ggml/src/ggml-vulkan/vulkan-shaders/mul_mat_vec_iq2_xs.comp
build	Build	2025-12-13T00:33:10.5155946Z   cargo:rerun-if-changed=/home/runner/.cargo/registry/src/index.crates.io-1949cf8c6b5b557f/llama-cpp-sys-2-0.1.129/llama.cpp/ggml/src/ggml-vulkan/vulkan-shaders/trunc.comp
build	Build	2025-12-13T00:33:10.5157662Z   cargo:rerun-if-changed=/home/runner/.cargo/registry/src/index.crates.io-1949cf8c6b5b557f/llama-cpp-sys-2-0.1.129/llama.cpp/ggml/src/ggml-vulkan/vulkan-shaders/gelu.comp
build	Build	2025-12-13T00:33:10.5159395Z   cargo:rerun-if-changed=/home/runner/.cargo/registry/src/index.crates.io-1949cf8c6b5b557f/llama-cpp-sys-2-0.1.129/llama.cpp/ggml/src/ggml-vulkan/vulkan-shaders/mul_mmq.comp
build	Build	2025-12-13T00:33:10.5161239Z   cargo:rerun-if-changed=/home/runner/.cargo/registry/src/index.crates.io-1949cf8c6b5b557f/llama-cpp-sys-2-0.1.129/llama.cpp/ggml/src/ggml-vulkan/vulkan-shaders/exp.comp
build	Build	2025-12-13T00:33:10.5162967Z   cargo:rerun-if-changed=/home/runner/.cargo/registry/src/index.crates.io-1949cf8c6b5b557f/llama-cpp-sys-2-0.1.129/llama.cpp/ggml/src/ggml-vulkan/vulkan-shaders/hardswish.comp
build	Build	2025-12-13T00:33:10.5164723Z   cargo:rerun-if-changed=/home/runner/.cargo/registry/src/index.crates.io-1949cf8c6b5b557f/llama-cpp-sys-2-0.1.129/llama.cpp/ggml/src/ggml-vulkan/vulkan-shaders/mul_mm_cm2.comp
build	Build	2025-12-13T00:33:10.5166472Z   cargo:rerun-if-changed=/home/runner/.cargo/registry/src/index.crates.io-1949cf8c6b5b557f/llama-cpp-sys-2-0.1.129/llama.cpp/ggml/src/ggml-vulkan/vulkan-shaders/ssm_scan.comp
build	Build	2025-12-13T00:33:10.5168293Z   cargo:rerun-if-changed=/home/runner/.cargo/registry/src/index.crates.io-1949cf8c6b5b557f/llama-cpp-sys-2-0.1.129/llama.cpp/ggml/src/ggml-vulkan/vulkan-shaders/mul_mat_split_k_reduce.comp
build	Build	2025-12-13T00:33:10.5170131Z   cargo:rerun-if-changed=/home/runner/.cargo/registry/src/index.crates.io-1949cf8c6b5b557f/llama-cpp-sys-2-0.1.129/llama.cpp/ggml/src/ggml-vulkan/vulkan-shaders/opt_step_sgd.comp
build	Build	2025-12-13T00:33:10.5172060Z   cargo:rerun-if-changed=/home/runner/.cargo/registry/src/index.crates.io-1949cf8c6b5b557f/llama-cpp-sys-2-0.1.129/llama.cpp/ggml/src/ggml-vulkan/vulkan-shaders/dequant_iq2_s.comp
build	Build	2025-12-13T00:33:10.5173809Z   cargo:rerun-if-changed=/home/runner/.cargo/registry/src/index.crates.io-1949cf8c6b5b557f/llama-cpp-sys-2-0.1.129/llama.cpp/ggml/src/ggml-vulkan/vulkan-shaders/types.glsl
build	Build	2025-12-13T00:33:10.5175502Z   cargo:rerun-if-changed=/home/runner/.cargo/registry/src/index.crates.io-1949cf8c6b5b557f/llama-cpp-sys-2-0.1.129/llama.cpp/ggml/src/ggml-vulkan/vulkan-shaders/silu.comp
build	Build	2025-12-13T00:33:10.5177208Z   cargo:rerun-if-changed=/home/runner/.cargo/registry/src/index.crates.io-1949cf8c6b5b557f/llama-cpp-sys-2-0.1.129/llama.cpp/ggml/src/ggml-vulkan/vulkan-shaders/wkv7.comp
build	Build	2025-12-13T00:33:10.5178914Z   cargo:rerun-if-changed=/home/runner/.cargo/registry/src/index.crates.io-1949cf8c6b5b557f/llama-cpp-sys-2-0.1.129/llama.cpp/ggml/src/ggml-vulkan/vulkan-shaders/norm.comp
build	Build	2025-12-13T00:33:10.5180653Z   cargo:rerun-if-changed=/home/runner/.cargo/registry/src/index.crates.io-1949cf8c6b5b557f/llama-cpp-sys-2-0.1.129/llama.cpp/ggml/src/ggml-vulkan/vulkan-shaders/rms_norm_back.comp
build	Build	2025-12-13T00:33:10.5182538Z   cargo:rerun-if-changed=/home/runner/.cargo/registry/src/index.crates.io-1949cf8c6b5b557f/llama-cpp-sys-2-0.1.129/llama.cpp/ggml/src/ggml-vulkan/vulkan-shaders/geglu_erf.comp
build	Build	2025-12-13T00:33:10.5184447Z   cargo:rerun-if-changed=/home/runner/.cargo/registry/src/index.crates.io-1949cf8c6b5b557f/llama-cpp-sys-2-0.1.129/llama.cpp/ggml/src/ggml-vulkan/vulkan-shaders/rope_vision.comp
build	Build	2025-12-13T00:33:10.5186363Z   cargo:rerun-if-changed=/home/runner/.cargo/registry/src/index.crates.io-1949cf8c6b5b557f/llama-cpp-sys-2-0.1.129/llama.cpp/ggml/src/ggml-vulkan/vulkan-shaders/generic_binary_head.glsl
build	Build	2025-12-13T00:33:10.5188221Z   cargo:rerun-if-changed=/home/runner/.cargo/registry/src/index.crates.io-1949cf8c6b5b557f/llama-cpp-sys-2-0.1.129/llama.cpp/ggml/src/ggml-vulkan/vulkan-shaders/flash_attn_split_k_reduce.comp
build	Build	2025-12-13T00:33:10.5190049Z   cargo:rerun-if-changed=/home/runner/.cargo/registry/src/index.crates.io-1949cf8c6b5b557f/llama-cpp-sys-2-0.1.129/llama.cpp/ggml/src/ggml-vulkan/vulkan-shaders/CMakeLists.txt
build	Build	2025-12-13T00:33:10.5191889Z   cargo:rerun-if-changed=/home/runner/.cargo/registry/src/index.crates.io-1949cf8c6b5b557f/llama-cpp-sys-2-0.1.129/llama.cpp/ggml/src/ggml-vulkan/vulkan-shaders/mul_mm.comp
build	Build	2025-12-13T00:33:10.5193624Z   cargo:rerun-if-changed=/home/runner/.cargo/registry/src/index.crates.io-1949cf8c6b5b557f/llama-cpp-sys-2-0.1.129/llama.cpp/ggml/src/ggml-vulkan/vulkan-shaders/argsort_large.comp
build	Build	2025-12-13T00:33:10.5195402Z   cargo:rerun-if-changed=/home/runner/.cargo/registry/src/index.crates.io-1949cf8c6b5b557f/llama-cpp-sys-2-0.1.129/llama.cpp/ggml/src/ggml-vulkan/vulkan-shaders/dequant_iq1_s.comp
build	Build	2025-12-13T00:33:10.5197125Z   cargo:rerun-if-changed=/home/runner/.cargo/registry/src/index.crates.io-1949cf8c6b5b557f/llama-cpp-sys-2-0.1.129/llama.cpp/ggml/src/ggml-vulkan/vulkan-shaders/relu.comp
build	Build	2025-12-13T00:33:10.5198802Z   cargo:rerun-if-changed=/home/runner/.cargo/registry/src/index.crates.io-1949cf8c6b5b557f/llama-cpp-sys-2-0.1.129/llama.cpp/ggml/src/ggml-vulkan/vulkan-shaders/tanh.comp
build	Build	2025-12-13T00:33:10.5200484Z   cargo:rerun-if-changed=/home/runner/.cargo/registry/src/index.crates.io-1949cf8c6b5b557f/llama-cpp-sys-2-0.1.129/llama.cpp/ggml/src/ggml-vulkan/vulkan-shaders/geglu.comp
build	Build	2025-12-13T00:33:10.5202327Z   cargo:rerun-if-changed=/home/runner/.cargo/registry/src/index.crates.io-1949cf8c6b5b557f/llama-cpp-sys-2-0.1.129/llama.cpp/ggml/src/ggml-vulkan/vulkan-shaders/gelu_quick.comp
build	Build	2025-12-13T00:33:10.5204043Z   cargo:rerun-if-changed=/home/runner/.cargo/registry/src/index.crates.io-1949cf8c6b5b557f/llama-cpp-sys-2-0.1.129/llama.cpp/ggml/src/ggml-vulkan/vulkan-shaders/utils.glsl
build	Build	2025-12-13T00:33:10.5205733Z   cargo:rerun-if-changed=/home/runner/.cargo/registry/src/index.crates.io-1949cf8c6b5b557f/llama-cpp-sys-2-0.1.129/llama.cpp/ggml/src/ggml-vulkan/vulkan-shaders/mul.comp
build	Build	2025-12-13T00:33:10.5207432Z   cargo:rerun-if-changed=/home/runner/.cargo/registry/src/index.crates.io-1949cf8c6b5b557f/llama-cpp-sys-2-0.1.129/llama.cpp/ggml/src/ggml-vulkan/vulkan-shaders/group_norm.comp
build	Build	2025-12-13T00:33:10.5209150Z   cargo:rerun-if-changed=/home/runner/.cargo/registry/src/index.crates.io-1949cf8c6b5b557f/llama-cpp-sys-2-0.1.129/llama.cpp/ggml/src/ggml-vulkan/vulkan-shaders/rope_neox.comp
build	Build	2025-12-13T00:33:10.5211085Z   cargo:rerun-if-changed=/home/runner/.cargo/registry/src/index.crates.io-1949cf8c6b5b557f/llama-cpp-sys-2-0.1.129/llama.cpp/ggml/src/ggml-vulkan/vulkan-shaders/step.comp
build	Build	2025-12-13T00:33:10.5213026Z   cargo:rerun-if-changed=/home/runner/.cargo/registry/src/index.crates.io-1949cf8c6b5b557f/llama-cpp-sys-2-0.1.129/llama.cpp/ggml/src/ggml-vulkan/vulkan-shaders/dequant_iq4_xs.comp
build	Build	2025-12-13T00:33:10.5215030Z   cargo:rerun-if-changed=/home/runner/.cargo/registry/src/index.crates.io-1949cf8c6b5b557f/llama-cpp-sys-2-0.1.129/llama.cpp/ggml/src/ggml-vulkan/vulkan-shaders/swiglu_oai.comp
build	Build	2025-12-13T00:33:10.5216991Z   cargo:rerun-if-changed=/home/runner/.cargo/registry/src/index.crates.io-1949cf8c6b5b557f/llama-cpp-sys-2-0.1.129/llama.cpp/ggml/src/ggml-vulkan/vulkan-shaders/cos.comp
build	Build	2025-12-13T00:33:10.5218919Z   cargo:rerun-if-changed=/home/runner/.cargo/registry/src/index.crates.io-1949cf8c6b5b557f/llama-cpp-sys-2-0.1.129/llama.cpp/ggml/src/ggml-vulkan/vulkan-shaders/arange.comp
build	Build	2025-12-13T00:33:10.5221404Z   cargo:rerun-if-changed=/home/runner/.cargo/registry/src/index.crates.io-1949cf8c6b5b557f/llama-cpp-sys-2-0.1.129/llama.cpp/ggml/src/ggml-vulkan/vulkan-shaders/count_equal.comp
build	Build	2025-12-13T00:33:10.5223745Z   cargo:rerun-if-changed=/home/runner/.cargo/registry/src/index.crates.io-1949cf8c6b5b557f/llama-cpp-sys-2-0.1.129/llama.cpp/ggml/src/ggml-vulkan/vulkan-shaders/mul_mm_id_funcs.glsl
build	Build	2025-12-13T00:33:10.5225869Z   cargo:rerun-if-changed=/home/runner/.cargo/registry/src/index.crates.io-1949cf8c6b5b557f/llama-cpp-sys-2-0.1.129/llama.cpp/ggml/src/ggml-vulkan/vulkan-shaders/silu_back.comp
build	Build	2025-12-13T00:33:10.5227915Z   cargo:rerun-if-changed=/home/runner/.cargo/registry/src/index.crates.io-1949cf8c6b5b557f/llama-cpp-sys-2-0.1.129/llama.cpp/ggml/src/ggml-vulkan/vulkan-shaders/abs.comp
build	Build	2025-12-13T00:33:10.5229905Z   cargo:rerun-if-changed=/home/runner/.cargo/registry/src/index.crates.io-1949cf8c6b5b557f/llama-cpp-sys-2-0.1.129/llama.cpp/ggml/src/ggml-vulkan/vulkan-shaders/dequant_funcs.glsl
build	Build	2025-12-13T00:33:10.5232157Z   cargo:rerun-if-changed=/home/runner/.cargo/registry/src/index.crates.io-1949cf8c6b5b557f/llama-cpp-sys-2-0.1.129/llama.cpp/ggml/src/ggml-vulkan/vulkan-shaders/add_id.comp
build	Build	2025-12-13T00:33:10.5234169Z   cargo:rerun-if-changed=/home/runner/.cargo/registry/src/index.crates.io-1949cf8c6b5b557f/llama-cpp-sys-2-0.1.129/llama.cpp/ggml/src/ggml-vulkan/vulkan-shaders/sqrt.comp
build	Build	2025-12-13T00:33:10.5236178Z   cargo:rerun-if-changed=/home/runner/.cargo/registry/src/index.crates.io-1949cf8c6b5b557f/llama-cpp-sys-2-0.1.129/llama.cpp/ggml/src/ggml-vulkan/vulkan-shaders/rope_head.glsl
build	Build	2025-12-13T00:33:10.5238228Z   cargo:rerun-if-changed=/home/runner/.cargo/registry/src/index.crates.io-1949cf8c6b5b557f/llama-cpp-sys-2-0.1.129/llama.cpp/ggml/src/ggml-vulkan/vulkan-shaders/clamp.comp
build	Build	2025-12-13T00:33:10.5240316Z   cargo:rerun-if-changed=/home/runner/.cargo/registry/src/index.crates.io-1949cf8c6b5b557f/llama-cpp-sys-2-0.1.129/llama.cpp/ggml/src/ggml-vulkan/vulkan-shaders/mul_mat_vec_iq2_xxs.comp
build	Build	2025-12-13T00:33:10.5242503Z   cargo:rerun-if-changed=/home/runner/.cargo/registry/src/index.crates.io-1949cf8c6b5b557f/llama-cpp-sys-2-0.1.129/llama.cpp/ggml/src/ggml-vulkan/vulkan-shaders/copy_from_quant.comp
build	Build	2025-12-13T00:33:10.5244294Z   cargo:rerun-if-changed=/home/runner/.cargo/registry/src/index.crates.io-1949cf8c6b5b557f/llama-cpp-sys-2-0.1.129/llama.cpp/ggml/src/ggml-vulkan/vulkan-shaders/softplus.comp
build	Build	2025-12-13T00:33:10.5246026Z   cargo:rerun-if-changed=/home/runner/.cargo/registry/src/index.crates.io-1949cf8c6b5b557f/llama-cpp-sys-2-0.1.129/llama.cpp/ggml/src/ggml-vulkan/vulkan-shaders/pool2d.comp
build	Build	2025-12-13T00:33:10.5247757Z   cargo:rerun-if-changed=/home/runner/.cargo/registry/src/index.crates.io-1949cf8c6b5b557f/llama-cpp-sys-2-0.1.129/llama.cpp/ggml/src/ggml-vulkan/vulkan-shaders/glu_main.glsl
build	Build	2025-12-13T00:33:10.5249461Z   cargo:rerun-if-changed=/home/runner/.cargo/registry/src/index.crates.io-1949cf8c6b5b557f/llama-cpp-sys-2-0.1.129/llama.cpp/ggml/src/ggml-vulkan/vulkan-shaders/add.comp
build	Build	2025-12-13T00:33:10.5251287Z   cargo:rerun-if-changed=/home/runner/.cargo/registry/src/index.crates.io-1949cf8c6b5b557f/llama-cpp-sys-2-0.1.129/llama.cpp/ggml/src/ggml-vulkan/vulkan-shaders/im2col_3d.comp
build	Build	2025-12-13T00:33:10.5253025Z   cargo:rerun-if-changed=/home/runner/.cargo/registry/src/index.crates.io-1949cf8c6b5b557f/llama-cpp-sys-2-0.1.129/llama.cpp/ggml/src/ggml-vulkan/vulkan-shaders/quantize_q8_1.comp
build	Build	2025-12-13T00:33:10.5254796Z   cargo:rerun-if-changed=/home/runner/.cargo/registry/src/index.crates.io-1949cf8c6b5b557f/llama-cpp-sys-2-0.1.129/llama.cpp/ggml/src/ggml-vulkan/vulkan-shaders/mul_mat_vec_nc.comp
build	Build	2025-12-13T00:33:10.5256579Z   cargo:rerun-if-changed=/home/runner/.cargo/registry/src/index.crates.io-1949cf8c6b5b557f/llama-cpp-sys-2-0.1.129/llama.cpp/ggml/src/ggml-vulkan/vulkan-shaders/fill.comp
build	Build	2025-12-13T00:33:10.5258328Z   cargo:rerun-if-changed=/home/runner/.cargo/registry/src/index.crates.io-1949cf8c6b5b557f/llama-cpp-sys-2-0.1.129/llama.cpp/ggml/src/ggml-vulkan/vulkan-shaders/flash_attn_cm1.comp
build	Build	2025-12-13T00:33:10.5260311Z   cargo:rerun-if-changed=/home/runner/.cargo/registry/src/index.crates.io-1949cf8c6b5b557f/llama-cpp-sys-2-0.1.129/llama.cpp/ggml/src/ggml-vulkan/vulkan-shaders/dequant_iq2_xxs.comp
build	Build	2025-12-13T00:33:10.5262514Z   cargo:rerun-if-changed=/home/runner/.cargo/registry/src/index.crates.io-1949cf8c6b5b557f/llama-cpp-sys-2-0.1.129/llama.cpp/ggml/src/ggml-vulkan/vulkan-shaders/rope_funcs.glsl
build	Build	2025-12-13T00:33:10.5264300Z   cargo:rerun-if-changed=/home/runner/.cargo/registry/src/index.crates.io-1949cf8c6b5b557f/llama-cpp-sys-2-0.1.129/llama.cpp/ggml/src/ggml-vulkan/vulkan-shaders/opt_step_adamw.comp
build	Build	2025-12-13T00:33:10.5266076Z   cargo:rerun-if-changed=/home/runner/.cargo/registry/src/index.crates.io-1949cf8c6b5b557f/llama-cpp-sys-2-0.1.129/llama.cpp/ggml/src/ggml-vulkan/vulkan-shaders/dequant_head.glsl
build	Build	2025-12-13T00:33:10.5267857Z   cargo:rerun-if-changed=/home/runner/.cargo/registry/src/index.crates.io-1949cf8c6b5b557f/llama-cpp-sys-2-0.1.129/llama.cpp/ggml/src/ggml-vulkan/vulkan-shaders/soft_max_back.comp
build	Build	2025-12-13T00:33:10.5269595Z   cargo:rerun-if-changed=/home/runner/.cargo/registry/src/index.crates.io-1949cf8c6b5b557f/llama-cpp-sys-2-0.1.129/llama.cpp/ggml/src/ggml-vulkan/vulkan-shaders/scale.comp
build	Build	2025-12-13T00:33:10.5271589Z   cargo:rerun-if-changed=/home/runner/.cargo/registry/src/index.crates.io-1949cf8c6b5b557f/llama-cpp-sys-2-0.1.129/llama.cpp/ggml/src/ggml-vulkan/vulkan-shaders/rms_norm_partials.comp
build	Build	2025-12-13T00:33:10.5273747Z   cargo:rerun-if-changed=/home/runner/.cargo/registry/src/index.crates.io-1949cf8c6b5b557f/llama-cpp-sys-2-0.1.129/llama.cpp/ggml/src/ggml-vulkan/vulkan-shaders/conv_transpose_1d.comp
build	Build	2025-12-13T00:33:10.5275874Z   cargo:rerun-if-changed=/home/runner/.cargo/registry/src/index.crates.io-1949cf8c6b5b557f/llama-cpp-sys-2-0.1.129/llama.cpp/ggml/src/ggml-vulkan/vulkan-shaders/geglu_quick.comp
build	Build	2025-12-13T00:33:10.5277954Z   cargo:rerun-if-changed=/home/runner/.cargo/registry/src/index.crates.io-1949cf8c6b5b557f/llama-cpp-sys-2-0.1.129/llama.cpp/ggml/src/ggml-vulkan/vulkan-shaders/repeat_back.comp
build	Build	2025-12-13T00:33:10.5280013Z   cargo:rerun-if-changed=/home/runner/.cargo/registry/src/index.crates.io-1949cf8c6b5b557f/llama-cpp-sys-2-0.1.129/llama.cpp/ggml/src/ggml-vulkan/vulkan-shaders/dequant_iq3_s.comp
build	Build	2025-12-13T00:33:10.5282242Z   cargo:rerun-if-changed=/home/runner/.cargo/registry/src/index.crates.io-1949cf8c6b5b557f/llama-cpp-sys-2-0.1.129/llama.cpp/ggml/src/ggml-vulkan/vulkan-shaders/diag_mask_inf.comp
build	Build	2025-12-13T00:33:10.5284235Z   cargo:rerun-if-changed=/home/runner/.cargo/registry/src/index.crates.io-1949cf8c6b5b557f/llama-cpp-sys-2-0.1.129/llama.cpp/ggml/src/ggml-vulkan/CMakeLists.txt
build	Build	2025-12-13T00:33:10.5286071Z   cargo:rerun-if-changed=/home/runner/.cargo/registry/src/index.crates.io-1949cf8c6b5b557f/llama-cpp-sys-2-0.1.129/llama.cpp/ggml/src/ggml-vulkan/cmake
build	Build	2025-12-13T00:33:10.5287998Z   cargo:rerun-if-changed=/home/runner/.cargo/registry/src/index.crates.io-1949cf8c6b5b557f/llama-cpp-sys-2-0.1.129/llama.cpp/ggml/src/ggml-vulkan/cmake/host-toolchain.cmake.in
build	Build	2025-12-13T00:33:10.5289985Z   cargo:rerun-if-changed=/home/runner/.cargo/registry/src/index.crates.io-1949cf8c6b5b557f/llama-cpp-sys-2-0.1.129/llama.cpp/ggml/src/ggml-vulkan/ggml-vulkan.cpp
build	Build	2025-12-13T00:33:10.5291970Z   cargo:rerun-if-changed=/home/runner/.cargo/registry/src/index.crates.io-1949cf8c6b5b557f/llama-cpp-sys-2-0.1.129/llama.cpp/ggml/src/ggml-threading.cpp
build	Build	2025-12-13T00:33:10.5293739Z   cargo:rerun-if-changed=/home/runner/.cargo/registry/src/index.crates.io-1949cf8c6b5b557f/llama-cpp-sys-2-0.1.129/llama.cpp/ggml/src/ggml-alloc.c
build	Build	2025-12-13T00:33:10.5295451Z   cargo:rerun-if-changed=/home/runner/.cargo/registry/src/index.crates.io-1949cf8c6b5b557f/llama-cpp-sys-2-0.1.129/llama.cpp/ggml/src/ggml-cuda
build	Build	2025-12-13T00:33:10.5297167Z   cargo:rerun-if-changed=/home/runner/.cargo/registry/src/index.crates.io-1949cf8c6b5b557f/llama-cpp-sys-2-0.1.129/llama.cpp/ggml/src/ggml-cuda/scale.cu
build	Build	2025-12-13T00:33:10.5299150Z   cargo:rerun-if-changed=/home/runner/.cargo/registry/src/index.crates.io-1949cf8c6b5b557f/llama-cpp-sys-2-0.1.129/llama.cpp/ggml/src/ggml-cuda/pad.cuh
build	Build	2025-12-13T00:33:10.5300854Z   cargo:rerun-if-changed=/home/runner/.cargo/registry/src/index.crates.io-1949cf8c6b5b557f/llama-cpp-sys-2-0.1.129/llama.cpp/ggml/src/ggml-cuda/sumrows.cu
build	Build	2025-12-13T00:33:10.5302766Z   cargo:rerun-if-changed=/home/runner/.cargo/registry/src/index.crates.io-1949cf8c6b5b557f/llama-cpp-sys-2-0.1.129/llama.cpp/ggml/src/ggml-cuda/set-rows.cuh
build	Build	2025-12-13T00:33:10.5304292Z   cargo:rerun-if-changed=/home/runner/.cargo/registry/src/index.crates.io-1949cf8c6b5b557f/llama-cpp-sys-2-0.1.129/llama.cpp/ggml/src/ggml-cuda/ssm-conv.cu
build	Build	2025-12-13T00:33:10.5305839Z   cargo:rerun-if-changed=/home/runner/.cargo/registry/src/index.crates.io-1949cf8c6b5b557f/llama-cpp-sys-2-0.1.129/llama.cpp/ggml/src/ggml-cuda/conv-transpose-1d.cu
build	Build	2025-12-13T00:33:10.5307400Z   cargo:rerun-if-changed=/home/runner/.cargo/registry/src/index.crates.io-1949cf8c6b5b557f/llama-cpp-sys-2-0.1.129/llama.cpp/ggml/src/ggml-cuda/rope.cu
build	Build	2025-12-13T00:33:10.5308904Z   cargo:rerun-if-changed=/home/runner/.cargo/registry/src/index.crates.io-1949cf8c6b5b557f/llama-cpp-sys-2-0.1.129/llama.cpp/ggml/src/ggml-cuda/upscale.cuh
build	Build	2025-12-13T00:33:10.5310435Z   cargo:rerun-if-changed=/home/runner/.cargo/registry/src/index.crates.io-1949cf8c6b5b557f/llama-cpp-sys-2-0.1.129/llama.cpp/ggml/src/ggml-cuda/ggml-cuda.cu
build	Build	2025-12-13T00:33:10.5312084Z   cargo:rerun-if-changed=/home/runner/.cargo/registry/src/index.crates.io-1949cf8c6b5b557f/llama-cpp-sys-2-0.1.129/llama.cpp/ggml/src/ggml-cuda/fattn.cuh
build	Build	2025-12-13T00:33:10.5313576Z   cargo:rerun-if-changed=/home/runner/.cargo/registry/src/index.crates.io-1949cf8c6b5b557f/llama-cpp-sys-2-0.1.129/llama.cpp/ggml/src/ggml-cuda/add-id.cu
build	Build	2025-12-13T00:33:10.5315097Z   cargo:rerun-if-changed=/home/runner/.cargo/registry/src/index.crates.io-1949cf8c6b5b557f/llama-cpp-sys-2-0.1.129/llama.cpp/ggml/src/ggml-cuda/quantize.cu
build	Build	2025-12-13T00:33:10.5316636Z   cargo:rerun-if-changed=/home/runner/.cargo/registry/src/index.crates.io-1949cf8c6b5b557f/llama-cpp-sys-2-0.1.129/llama.cpp/ggml/src/ggml-cuda/conv2d-dw.cuh
build	Build	2025-12-13T00:33:10.5318138Z   cargo:rerun-if-changed=/home/runner/.cargo/registry/src/index.crates.io-1949cf8c6b5b557f/llama-cpp-sys-2-0.1.129/llama.cpp/ggml/src/ggml-cuda/topk-moe.cu
build	Build	2025-12-13T00:33:10.5319698Z   cargo:rerun-if-changed=/home/runner/.cargo/registry/src/index.crates.io-1949cf8c6b5b557f/llama-cpp-sys-2-0.1.129/llama.cpp/ggml/src/ggml-cuda/template-instances
build	Build	2025-12-13T00:33:10.5321644Z   cargo:rerun-if-changed=/home/runner/.cargo/registry/src/index.crates.io-1949cf8c6b5b557f/llama-cpp-sys-2-0.1.129/llama.cpp/ggml/src/ggml-cuda/template-instances/fattn-vec-instance-q5_0-q4_1.cu
build	Build	2025-12-13T00:33:10.5323550Z   cargo:rerun-if-changed=/home/runner/.cargo/registry/src/index.crates.io-1949cf8c6b5b557f/llama-cpp-sys-2-0.1.129/llama.cpp/ggml/src/ggml-cuda/template-instances/mmq-instance-q5_1.cu
build	Build	2025-12-13T00:33:10.5325404Z   cargo:rerun-if-changed=/home/runner/.cargo/registry/src/index.crates.io-1949cf8c6b5b557f/llama-cpp-sys-2-0.1.129/llama.cpp/ggml/src/ggml-cuda/template-instances/mmf-instance-ncols_11.cu
build	Build	2025-12-13T00:33:10.5327371Z   cargo:rerun-if-changed=/home/runner/.cargo/registry/src/index.crates.io-1949cf8c6b5b557f/llama-cpp-sys-2-0.1.129/llama.cpp/ggml/src/ggml-cuda/template-instances/fattn-mma-f16-instance-ncols1_8-ncols2_1.cu
build	Build	2025-12-13T00:33:10.5329312Z   cargo:rerun-if-changed=/home/runner/.cargo/registry/src/index.crates.io-1949cf8c6b5b557f/llama-cpp-sys-2-0.1.129/llama.cpp/ggml/src/ggml-cuda/template-instances/mmf-instance-ncols_3.cu
build	Build	2025-12-13T00:33:10.5331359Z   cargo:rerun-if-changed=/home/runner/.cargo/registry/src/index.crates.io-1949cf8c6b5b557f/llama-cpp-sys-2-0.1.129/llama.cpp/ggml/src/ggml-cuda/template-instances/fattn-vec-instance-q5_1-q5_1.cu
build	Build	2025-12-13T00:33:10.5333560Z   cargo:rerun-if-changed=/home/runner/.cargo/registry/src/index.crates.io-1949cf8c6b5b557f/llama-cpp-sys-2-0.1.129/llama.cpp/ggml/src/ggml-cuda/template-instances/fattn-tile-instance-dkq64-dv64.cu
build	Build	2025-12-13T00:33:10.5336142Z   cargo:rerun-if-changed=/home/runner/.cargo/registry/src/index.crates.io-1949cf8c6b5b557f/llama-cpp-sys-2-0.1.129/llama.cpp/ggml/src/ggml-cuda/template-instances/fattn-tile-instance-dkq112-dv112.cu
build	Build	2025-12-13T00:33:10.5338729Z   cargo:rerun-if-changed=/home/runner/.cargo/registry/src/index.crates.io-1949cf8c6b5b557f/llama-cpp-sys-2-0.1.129/llama.cpp/ggml/src/ggml-cuda/template-instances/fattn-vec-instance-q4_0-f16.cu
build	Build	2025-12-13T00:33:10.5341353Z   cargo:rerun-if-changed=/home/runner/.cargo/registry/src/index.crates.io-1949cf8c6b5b557f/llama-cpp-sys-2-0.1.129/llama.cpp/ggml/src/ggml-cuda/template-instances/fattn-mma-f16-instance-ncols1_8-ncols2_2.cu
build	Build	2025-12-13T00:33:10.5343897Z   cargo:rerun-if-changed=/home/runner/.cargo/registry/src/index.crates.io-1949cf8c6b5b557f/llama-cpp-sys-2-0.1.129/llama.cpp/ggml/src/ggml-cuda/template-instances/fattn-mma-f16-instance-ncols1_4-ncols2_16.cu
build	Build	2025-12-13T00:33:10.5346306Z   cargo:rerun-if-changed=/home/runner/.cargo/registry/src/index.crates.io-1949cf8c6b5b557f/llama-cpp-sys-2-0.1.129/llama.cpp/ggml/src/ggml-cuda/template-instances/mmf-instance-ncols_1.cu
build	Build	2025-12-13T00:33:10.5348657Z   cargo:rerun-if-changed=/home/runner/.cargo/registry/src/index.crates.io-1949cf8c6b5b557f/llama-cpp-sys-2-0.1.129/llama.cpp/ggml/src/ggml-cuda/template-instances/fattn-mma-f16-instance-ncols1_32-ncols2_2.cu
build	Build	2025-12-13T00:33:10.5351137Z   cargo:rerun-if-changed=/home/runner/.cargo/registry/src/index.crates.io-1949cf8c6b5b557f/llama-cpp-sys-2-0.1.129/llama.cpp/ggml/src/ggml-cuda/template-instances/mmq-instance-q4_0.cu
build	Build	2025-12-13T00:33:10.5353352Z   cargo:rerun-if-changed=/home/runner/.cargo/registry/src/index.crates.io-1949cf8c6b5b557f/llama-cpp-sys-2-0.1.129/llama.cpp/ggml/src/ggml-cuda/template-instances/fattn-vec-instance-q4_0-q5_1.cu
build	Build	2025-12-13T00:33:10.5355635Z   cargo:rerun-if-changed=/home/runner/.cargo/registry/src/index.crates.io-1949cf8c6b5b557f/llama-cpp-sys-2-0.1.129/llama.cpp/ggml/src/ggml-cuda/template-instances/fattn-mma-f16-instance-ncols1_2-ncols2_4.cu
build	Build	2025-12-13T00:33:10.5358108Z   cargo:rerun-if-changed=/home/runner/.cargo/registry/src/index.crates.io-1949cf8c6b5b557f/llama-cpp-sys-2-0.1.129/llama.cpp/ggml/src/ggml-cuda/template-instances/fattn-mma-f16-instance-ncols1_4-ncols2_2.cu
build	Build	2025-12-13T00:33:10.5360551Z   cargo:rerun-if-changed=/home/runner/.cargo/registry/src/index.crates.io-1949cf8c6b5b557f/llama-cpp-sys-2-0.1.129/llama.cpp/ggml/src/ggml-cuda/template-instances/fattn-vec-instance-f16-q4_0.cu
build	Build	2025-12-13T00:33:10.5362728Z   cargo:rerun-if-changed=/home/runner/.cargo/registry/src/index.crates.io-1949cf8c6b5b557f/llama-cpp-sys-2-0.1.129/llama.cpp/ggml/src/ggml-cuda/template-instances/mmq-instance-iq1_s.cu
build	Build	2025-12-13T00:33:10.5364604Z   cargo:rerun-if-changed=/home/runner/.cargo/registry/src/index.crates.io-1949cf8c6b5b557f/llama-cpp-sys-2-0.1.129/llama.cpp/ggml/src/ggml-cuda/template-instances/fattn-vec-instance-f16-q8_0.cu
build	Build	2025-12-13T00:33:10.5366540Z   cargo:rerun-if-changed=/home/runner/.cargo/registry/src/index.crates.io-1949cf8c6b5b557f/llama-cpp-sys-2-0.1.129/llama.cpp/ggml/src/ggml-cuda/template-instances/fattn-vec-instance-q5_1-q5_0.cu
build	Build	2025-12-13T00:33:10.5368547Z   cargo:rerun-if-changed=/home/runner/.cargo/registry/src/index.crates.io-1949cf8c6b5b557f/llama-cpp-sys-2-0.1.129/llama.cpp/ggml/src/ggml-cuda/template-instances/fattn-mma-f16-instance-ncols1_16-ncols2_2.cu
build	Build	2025-12-13T00:33:10.5370494Z   cargo:rerun-if-changed=/home/runner/.cargo/registry/src/index.crates.io-1949cf8c6b5b557f/llama-cpp-sys-2-0.1.129/llama.cpp/ggml/src/ggml-cuda/template-instances/mmq-instance-iq2_s.cu
build	Build	2025-12-13T00:33:10.5372521Z   cargo:rerun-if-changed=/home/runner/.cargo/registry/src/index.crates.io-1949cf8c6b5b557f/llama-cpp-sys-2-0.1.129/llama.cpp/ggml/src/ggml-cuda/template-instances/fattn-vec-instance-q4_0-q5_0.cu
build	Build	2025-12-13T00:33:10.5374414Z   cargo:rerun-if-changed=/home/runner/.cargo/registry/src/index.crates.io-1949cf8c6b5b557f/llama-cpp-sys-2-0.1.129/llama.cpp/ggml/src/ggml-cuda/template-instances/mmq-instance-q6_k.cu
build	Build	2025-12-13T00:33:10.5376432Z   cargo:rerun-if-changed=/home/runner/.cargo/registry/src/index.crates.io-1949cf8c6b5b557f/llama-cpp-sys-2-0.1.129/llama.cpp/ggml/src/ggml-cuda/template-instances/mmq-instance-iq4_nl.cu
build	Build	2025-12-13T00:33:10.5378555Z   cargo:rerun-if-changed=/home/runner/.cargo/registry/src/index.crates.io-1949cf8c6b5b557f/llama-cpp-sys-2-0.1.129/llama.cpp/ggml/src/ggml-cuda/template-instances/fattn-vec-instance-q5_1-q4_0.cu
build	Build	2025-12-13T00:33:10.5380455Z   cargo:rerun-if-changed=/home/runner/.cargo/registry/src/index.crates.io-1949cf8c6b5b557f/llama-cpp-sys-2-0.1.129/llama.cpp/ggml/src/ggml-cuda/template-instances/fattn-vec-instance-q8_0-q5_0.cu
build	Build	2025-12-13T00:33:10.5382526Z   cargo:rerun-if-changed=/home/runner/.cargo/registry/src/index.crates.io-1949cf8c6b5b557f/llama-cpp-sys-2-0.1.129/llama.cpp/ggml/src/ggml-cuda/template-instances/fattn-vec-instance-f16-f16.cu
build	Build	2025-12-13T00:33:10.5384496Z   cargo:rerun-if-changed=/home/runner/.cargo/registry/src/index.crates.io-1949cf8c6b5b557f/llama-cpp-sys-2-0.1.129/llama.cpp/ggml/src/ggml-cuda/template-instances/fattn-tile-instance-dkq256-dv256.cu
build	Build	2025-12-13T00:33:10.5386520Z   cargo:rerun-if-changed=/home/runner/.cargo/registry/src/index.crates.io-1949cf8c6b5b557f/llama-cpp-sys-2-0.1.129/llama.cpp/ggml/src/ggml-cuda/template-instances/fattn-vec-instance-q5_1-q8_0.cu
build	Build	2025-12-13T00:33:10.5388433Z   cargo:rerun-if-changed=/home/runner/.cargo/registry/src/index.crates.io-1949cf8c6b5b557f/llama-cpp-sys-2-0.1.129/llama.cpp/ggml/src/ggml-cuda/template-instances/mmq-instance-q5_k.cu
build	Build	2025-12-13T00:33:10.5390294Z   cargo:rerun-if-changed=/home/runner/.cargo/registry/src/index.crates.io-1949cf8c6b5b557f/llama-cpp-sys-2-0.1.129/llama.cpp/ggml/src/ggml-cuda/template-instances/mmq-instance-q2_k.cu
build	Build	2025-12-13T00:33:10.5392510Z   cargo:rerun-if-changed=/home/runner/.cargo/registry/src/index.crates.io-1949cf8c6b5b557f/llama-cpp-sys-2-0.1.129/llama.cpp/ggml/src/ggml-cuda/template-instances/mmf-instance-ncols_2.cu
build	Build	2025-12-13T00:33:10.5394763Z   cargo:rerun-if-changed=/home/runner/.cargo/registry/src/index.crates.io-1949cf8c6b5b557f/llama-cpp-sys-2-0.1.129/llama.cpp/ggml/src/ggml-cuda/template-instances/mmf-instance-ncols_4.cu
build	Build	2025-12-13T00:33:10.5397079Z   cargo:rerun-if-changed=/home/runner/.cargo/registry/src/index.crates.io-1949cf8c6b5b557f/llama-cpp-sys-2-0.1.129/llama.cpp/ggml/src/ggml-cuda/template-instances/fattn-vec-instance-f16-q5_0.cu
build	Build	2025-12-13T00:33:10.5399411Z   cargo:rerun-if-changed=/home/runner/.cargo/registry/src/index.crates.io-1949cf8c6b5b557f/llama-cpp-sys-2-0.1.129/llama.cpp/ggml/src/ggml-cuda/template-instances/fattn-vec-instance-q4_1-f16.cu
build	Build	2025-12-13T00:33:10.5401864Z   cargo:rerun-if-changed=/home/runner/.cargo/registry/src/index.crates.io-1949cf8c6b5b557f/llama-cpp-sys-2-0.1.129/llama.cpp/ggml/src/ggml-cuda/template-instances/mmf-instance-ncols_6.cu
build	Build	2025-12-13T00:33:10.5404177Z   cargo:rerun-if-changed=/home/runner/.cargo/registry/src/index.crates.io-1949cf8c6b5b557f/llama-cpp-sys-2-0.1.129/llama.cpp/ggml/src/ggml-cuda/template-instances/fattn-tile-instance-dkq72-dv72.cu
build	Build	2025-12-13T00:33:10.5406588Z   cargo:rerun-if-changed=/home/runner/.cargo/registry/src/index.crates.io-1949cf8c6b5b557f/llama-cpp-sys-2-0.1.129/llama.cpp/ggml/src/ggml-cuda/template-instances/fattn-vec-instance-q8_0-q4_1.cu
build	Build	2025-12-13T00:33:10.5408872Z   cargo:rerun-if-changed=/home/runner/.cargo/registry/src/index.crates.io-1949cf8c6b5b557f/llama-cpp-sys-2-0.1.129/llama.cpp/ggml/src/ggml-cuda/template-instances/mmf-instance-ncols_8.cu
build	Build	2025-12-13T00:33:10.5411489Z   cargo:rerun-if-changed=/home/runner/.cargo/registry/src/index.crates.io-1949cf8c6b5b557f/llama-cpp-sys-2-0.1.129/llama.cpp/ggml/src/ggml-cuda/template-instances/fattn-mma-f16-instance-ncols1_64-ncols2_1.cu
build	Build	2025-12-13T00:33:10.5414042Z   cargo:rerun-if-changed=/home/runner/.cargo/registry/src/index.crates.io-1949cf8c6b5b557f/llama-cpp-sys-2-0.1.129/llama.cpp/ggml/src/ggml-cuda/template-instances/fattn-mma-f16-instance-ncols1_32-ncols2_1.cu
build	Build	2025-12-13T00:33:10.5416394Z   cargo:rerun-if-changed=/home/runner/.cargo/registry/src/index.crates.io-1949cf8c6b5b557f/llama-cpp-sys-2-0.1.129/llama.cpp/ggml/src/ggml-cuda/template-instances/mmq-instance-q8_0.cu
build	Build	2025-12-13T00:33:10.5418973Z   cargo:rerun-if-changed=/home/runner/.cargo/registry/src/index.crates.io-1949cf8c6b5b557f/llama-cpp-sys-2-0.1.129/llama.cpp/ggml/src/ggml-cuda/template-instances/fattn-vec-instance-q5_0-q4_0.cu
build	Build	2025-12-13T00:33:10.5421619Z   cargo:rerun-if-changed=/home/runner/.cargo/registry/src/index.crates.io-1949cf8c6b5b557f/llama-cpp-sys-2-0.1.129/llama.cpp/ggml/src/ggml-cuda/template-instances/mmq-instance-iq4_xs.cu
build	Build	2025-12-13T00:33:10.5423594Z   cargo:rerun-if-changed=/home/runner/.cargo/registry/src/index.crates.io-1949cf8c6b5b557f/llama-cpp-sys-2-0.1.129/llama.cpp/ggml/src/ggml-cuda/template-instances/fattn-vec-instance-q8_0-q5_1.cu
build	Build	2025-12-13T00:33:10.5425555Z   cargo:rerun-if-changed=/home/runner/.cargo/registry/src/index.crates.io-1949cf8c6b5b557f/llama-cpp-sys-2-0.1.129/llama.cpp/ggml/src/ggml-cuda/template-instances/mmf-instance-ncols_10.cu
build	Build	2025-12-13T00:33:10.5427530Z   cargo:rerun-if-changed=/home/runner/.cargo/registry/src/index.crates.io-1949cf8c6b5b557f/llama-cpp-sys-2-0.1.129/llama.cpp/ggml/src/ggml-cuda/template-instances/fattn-vec-instance-q5_1-q4_1.cu
build	Build	2025-12-13T00:33:10.5429673Z   cargo:rerun-if-changed=/home/runner/.cargo/registry/src/index.crates.io-1949cf8c6b5b557f/llama-cpp-sys-2-0.1.129/llama.cpp/ggml/src/ggml-cuda/template-instances/fattn-vec-instance-q5_0-q8_0.cu
build	Build	2025-12-13T00:33:10.5432278Z   cargo:rerun-if-changed=/home/runner/.cargo/registry/src/index.crates.io-1949cf8c6b5b557f/llama-cpp-sys-2-0.1.129/llama.cpp/ggml/src/ggml-cuda/template-instances/fattn-mma-f16-instance-ncols1_2-ncols2_16.cu
build	Build	2025-12-13T00:33:10.5434482Z   cargo:rerun-if-changed=/home/runner/.cargo/registry/src/index.crates.io-1949cf8c6b5b557f/llama-cpp-sys-2-0.1.129/llama.cpp/ggml/src/ggml-cuda/template-instances/mmq-instance-mxfp4.cu
build	Build	2025-12-13T00:33:10.5436589Z   cargo:rerun-if-changed=/home/runner/.cargo/registry/src/index.crates.io-1949cf8c6b5b557f/llama-cpp-sys-2-0.1.129/llama.cpp/ggml/src/ggml-cuda/template-instances/fattn-tile-instance-dkq40-dv40.cu
build	Build	2025-12-13T00:33:10.5438770Z   cargo:rerun-if-changed=/home/runner/.cargo/registry/src/index.crates.io-1949cf8c6b5b557f/llama-cpp-sys-2-0.1.129/llama.cpp/ggml/src/ggml-cuda/template-instances/fattn-vec-instance-q5_0-q5_1.cu
build	Build	2025-12-13T00:33:10.5441365Z   cargo:rerun-if-changed=/home/runner/.cargo/registry/src/index.crates.io-1949cf8c6b5b557f/llama-cpp-sys-2-0.1.129/llama.cpp/ggml/src/ggml-cuda/template-instances/fattn-vec-instance-q8_0-q4_0.cu
build	Build	2025-12-13T00:33:10.5443639Z   cargo:rerun-if-changed=/home/runner/.cargo/registry/src/index.crates.io-1949cf8c6b5b557f/llama-cpp-sys-2-0.1.129/llama.cpp/ggml/src/ggml-cuda/template-instances/fattn-mma-f16-instance-ncols1_4-ncols2_8.cu
build	Build	2025-12-13T00:33:10.5445792Z   cargo:rerun-if-changed=/home/runner/.cargo/registry/src/index.crates.io-1949cf8c6b5b557f/llama-cpp-sys-2-0.1.129/llama.cpp/ggml/src/ggml-cuda/template-instances/mmq-instance-q5_0.cu
build	Build	2025-12-13T00:33:10.5447860Z   cargo:rerun-if-changed=/home/runner/.cargo/registry/src/index.crates.io-1949cf8c6b5b557f/llama-cpp-sys-2-0.1.129/llama.cpp/ggml/src/ggml-cuda/template-instances/mmf-instance-ncols_7.cu
build	Build	2025-12-13T00:33:10.5450002Z   cargo:rerun-if-changed=/home/runner/.cargo/registry/src/index.crates.io-1949cf8c6b5b557f/llama-cpp-sys-2-0.1.129/llama.cpp/ggml/src/ggml-cuda/template-instances/fattn-mma-f16-instance-ncols1_8-ncols2_4.cu
build	Build	2025-12-13T00:33:10.5452630Z   cargo:rerun-if-changed=/home/runner/.cargo/registry/src/index.crates.io-1949cf8c6b5b557f/llama-cpp-sys-2-0.1.129/llama.cpp/ggml/src/ggml-cuda/template-instances/fattn-vec-instance-q5_1-f16.cu
build	Build	2025-12-13T00:33:10.5455280Z   cargo:rerun-if-changed=/home/runner/.cargo/registry/src/index.crates.io-1949cf8c6b5b557f/llama-cpp-sys-2-0.1.129/llama.cpp/ggml/src/ggml-cuda/template-instances/mmq-instance-iq3_s.cu
build	Build	2025-12-13T00:33:10.5471178Z   cargo:rerun-if-changed=/home/runner/.cargo/registry/src/index.crates.io-1949cf8c6b5b557f/llama-cpp-sys-2-0.1.129/llama.cpp/ggml/src/ggml-cuda/template-instances/fattn-mma-f16-instance-ncols1_1-ncols2_16.cu
build	Build	2025-12-13T00:33:10.5473838Z   cargo:rerun-if-changed=/home/runner/.cargo/registry/src/index.crates.io-1949cf8c6b5b557f/llama-cpp-sys-2-0.1.129/llama.cpp/ggml/src/ggml-cuda/template-instances/mmq-instance-iq2_xxs.cu
build	Build	2025-12-13T00:33:10.5476252Z   cargo:rerun-if-changed=/home/runner/.cargo/registry/src/index.crates.io-1949cf8c6b5b557f/llama-cpp-sys-2-0.1.129/llama.cpp/ggml/src/ggml-cuda/template-instances/mmq-instance-q4_1.cu
build	Build	2025-12-13T00:33:10.5478576Z   cargo:rerun-if-changed=/home/runner/.cargo/registry/src/index.crates.io-1949cf8c6b5b557f/llama-cpp-sys-2-0.1.129/llama.cpp/ggml/src/ggml-cuda/template-instances/fattn-mma-f16-instance-ncols1_16-ncols2_1.cu
build	Build	2025-12-13T00:33:10.5481106Z   cargo:rerun-if-changed=/home/runner/.cargo/registry/src/index.crates.io-1949cf8c6b5b557f/llama-cpp-sys-2-0.1.129/llama.cpp/ggml/src/ggml-cuda/template-instances/fattn-vec-instance-q5_0-f16.cu
build	Build	2025-12-13T00:33:10.5483213Z   cargo:rerun-if-changed=/home/runner/.cargo/registry/src/index.crates.io-1949cf8c6b5b557f/llama-cpp-sys-2-0.1.129/llama.cpp/ggml/src/ggml-cuda/template-instances/mmq-instance-iq2_xs.cu
build	Build	2025-12-13T00:33:10.5485153Z   cargo:rerun-if-changed=/home/runner/.cargo/registry/src/index.crates.io-1949cf8c6b5b557f/llama-cpp-sys-2-0.1.129/llama.cpp/ggml/src/ggml-cuda/template-instances/generate_cu_files.py
build	Build	2025-12-13T00:33:10.5487089Z   cargo:rerun-if-changed=/home/runner/.cargo/registry/src/index.crates.io-1949cf8c6b5b557f/llama-cpp-sys-2-0.1.129/llama.cpp/ggml/src/ggml-cuda/template-instances/fattn-vec-instance-q4_1-q4_1.cu
build	Build	2025-12-13T00:33:10.5489082Z   cargo:rerun-if-changed=/home/runner/.cargo/registry/src/index.crates.io-1949cf8c6b5b557f/llama-cpp-sys-2-0.1.129/llama.cpp/ggml/src/ggml-cuda/template-instances/fattn-vec-instance-q8_0-q8_0.cu
build	Build	2025-12-13T00:33:10.5491319Z   cargo:rerun-if-changed=/home/runner/.cargo/registry/src/index.crates.io-1949cf8c6b5b557f/llama-cpp-sys-2-0.1.129/llama.cpp/ggml/src/ggml-cuda/template-instances/fattn-vec-instance-f16-q4_1.cu
build	Build	2025-12-13T00:33:10.5493268Z   cargo:rerun-if-changed=/home/runner/.cargo/registry/src/index.crates.io-1949cf8c6b5b557f/llama-cpp-sys-2-0.1.129/llama.cpp/ggml/src/ggml-cuda/template-instances/mmf-instance-ncols_14.cu
build	Build	2025-12-13T00:33:10.5495184Z   cargo:rerun-if-changed=/home/runner/.cargo/registry/src/index.crates.io-1949cf8c6b5b557f/llama-cpp-sys-2-0.1.129/llama.cpp/ggml/src/ggml-cuda/template-instances/fattn-vec-instance-q4_1-q5_1.cu
build	Build	2025-12-13T00:33:10.5497166Z   cargo:rerun-if-changed=/home/runner/.cargo/registry/src/index.crates.io-1949cf8c6b5b557f/llama-cpp-sys-2-0.1.129/llama.cpp/ggml/src/ggml-cuda/template-instances/fattn-tile-instance-dkq128-dv128.cu
build	Build	2025-12-13T00:33:10.5499122Z   cargo:rerun-if-changed=/home/runner/.cargo/registry/src/index.crates.io-1949cf8c6b5b557f/llama-cpp-sys-2-0.1.129/llama.cpp/ggml/src/ggml-cuda/template-instances/mmq-instance-iq3_xxs.cu
build	Build	2025-12-13T00:33:10.5501190Z   cargo:rerun-if-changed=/home/runner/.cargo/registry/src/index.crates.io-1949cf8c6b5b557f/llama-cpp-sys-2-0.1.129/llama.cpp/ggml/src/ggml-cuda/template-instances/fattn-vec-instance-q4_0-q4_1.cu
build	Build	2025-12-13T00:33:10.5503154Z   cargo:rerun-if-changed=/home/runner/.cargo/registry/src/index.crates.io-1949cf8c6b5b557f/llama-cpp-sys-2-0.1.129/llama.cpp/ggml/src/ggml-cuda/template-instances/fattn-vec-instance-q4_0-q4_0.cu
build	Build	2025-12-13T00:33:10.5505089Z   cargo:rerun-if-changed=/home/runner/.cargo/registry/src/index.crates.io-1949cf8c6b5b557f/llama-cpp-sys-2-0.1.129/llama.cpp/ggml/src/ggml-cuda/template-instances/mmf-instance-ncols_13.cu
build	Build	2025-12-13T00:33:10.5507035Z   cargo:rerun-if-changed=/home/runner/.cargo/registry/src/index.crates.io-1949cf8c6b5b557f/llama-cpp-sys-2-0.1.129/llama.cpp/ggml/src/ggml-cuda/template-instances/fattn-vec-instance-q8_0-f16.cu
build	Build	2025-12-13T00:33:10.5509063Z   cargo:rerun-if-changed=/home/runner/.cargo/registry/src/index.crates.io-1949cf8c6b5b557f/llama-cpp-sys-2-0.1.129/llama.cpp/ggml/src/ggml-cuda/template-instances/fattn-mma-f16-instance-ncols1_4-ncols2_4.cu
build	Build	2025-12-13T00:33:10.5511627Z   cargo:rerun-if-changed=/home/runner/.cargo/registry/src/index.crates.io-1949cf8c6b5b557f/llama-cpp-sys-2-0.1.129/llama.cpp/ggml/src/ggml-cuda/template-instances/fattn-mma-f16-instance-ncols1_1-ncols2_8.cu
build	Build	2025-12-13T00:33:10.5514032Z   cargo:rerun-if-changed=/home/runner/.cargo/registry/src/index.crates.io-1949cf8c6b5b557f/llama-cpp-sys-2-0.1.129/llama.cpp/ggml/src/ggml-cuda/template-instances/fattn-tile-instance-dkq80-dv80.cu
build	Build	2025-12-13T00:33:10.5516533Z   cargo:rerun-if-changed=/home/runner/.cargo/registry/src/index.crates.io-1949cf8c6b5b557f/llama-cpp-sys-2-0.1.129/llama.cpp/ggml/src/ggml-cuda/template-instances/mmf-instance-ncols_15.cu
build	Build	2025-12-13T00:33:10.5518904Z   cargo:rerun-if-changed=/home/runner/.cargo/registry/src/index.crates.io-1949cf8c6b5b557f/llama-cpp-sys-2-0.1.129/llama.cpp/ggml/src/ggml-cuda/template-instances/fattn-mma-f16-instance-ncols1_2-ncols2_8.cu
build	Build	2025-12-13T00:33:10.5521711Z   cargo:rerun-if-changed=/home/runner/.cargo/registry/src/index.crates.io-1949cf8c6b5b557f/llama-cpp-sys-2-0.1.129/llama.cpp/ggml/src/ggml-cuda/template-instances/fattn-mma-f16-instance-ncols1_16-ncols2_4.cu
build	Build	2025-12-13T00:33:10.5524105Z   cargo:rerun-if-changed=/home/runner/.cargo/registry/src/index.crates.io-1949cf8c6b5b557f/llama-cpp-sys-2-0.1.129/llama.cpp/ggml/src/ggml-cuda/template-instances/fattn-vec-instance-q4_1-q4_0.cu
build	Build	2025-12-13T00:33:10.5526395Z   cargo:rerun-if-changed=/home/runner/.cargo/registry/src/index.crates.io-1949cf8c6b5b557f/llama-cpp-sys-2-0.1.129/llama.cpp/ggml/src/ggml-cuda/template-instances/fattn-vec-instance-q4_1-q5_0.cu
build	Build	2025-12-13T00:33:10.5528780Z   cargo:rerun-if-changed=/home/runner/.cargo/registry/src/index.crates.io-1949cf8c6b5b557f/llama-cpp-sys-2-0.1.129/llama.cpp/ggml/src/ggml-cuda/template-instances/fattn-mma-f16-instance-ncols1_8-ncols2_8.cu
build	Build	2025-12-13T00:33:10.5531405Z   cargo:rerun-if-changed=/home/runner/.cargo/registry/src/index.crates.io-1949cf8c6b5b557f/llama-cpp-sys-2-0.1.129/llama.cpp/ggml/src/ggml-cuda/template-instances/fattn-vec-instance-q4_0-q8_0.cu
build	Build	2025-12-13T00:33:10.5533760Z   cargo:rerun-if-changed=/home/runner/.cargo/registry/src/index.crates.io-1949cf8c6b5b557f/llama-cpp-sys-2-0.1.129/llama.cpp/ggml/src/ggml-cuda/template-instances/fattn-tile-instance-dkq96-dv96.cu
build	Build	2025-12-13T00:33:10.5536159Z   cargo:rerun-if-changed=/home/runner/.cargo/registry/src/index.crates.io-1949cf8c6b5b557f/llama-cpp-sys-2-0.1.129/llama.cpp/ggml/src/ggml-cuda/template-instances/fattn-tile-instance-dkq576-dv512.cu
build	Build	2025-12-13T00:33:10.5538488Z   cargo:rerun-if-changed=/home/runner/.cargo/registry/src/index.crates.io-1949cf8c6b5b557f/llama-cpp-sys-2-0.1.129/llama.cpp/ggml/src/ggml-cuda/template-instances/mmf-instance-ncols_16.cu
build	Build	2025-12-13T00:33:10.5540733Z   cargo:rerun-if-changed=/home/runner/.cargo/registry/src/index.crates.io-1949cf8c6b5b557f/llama-cpp-sys-2-0.1.129/llama.cpp/ggml/src/ggml-cuda/template-instances/mmf-instance-ncols_5.cu
build	Build	2025-12-13T00:33:10.5542879Z   cargo:rerun-if-changed=/home/runner/.cargo/registry/src/index.crates.io-1949cf8c6b5b557f/llama-cpp-sys-2-0.1.129/llama.cpp/ggml/src/ggml-cuda/template-instances/mmq-instance-q3_k.cu
build	Build	2025-12-13T00:33:10.5544766Z   cargo:rerun-if-changed=/home/runner/.cargo/registry/src/index.crates.io-1949cf8c6b5b557f/llama-cpp-sys-2-0.1.129/llama.cpp/ggml/src/ggml-cuda/template-instances/mmf-instance-ncols_9.cu
build	Build	2025-12-13T00:33:10.5546680Z   cargo:rerun-if-changed=/home/runner/.cargo/registry/src/index.crates.io-1949cf8c6b5b557f/llama-cpp-sys-2-0.1.129/llama.cpp/ggml/src/ggml-cuda/template-instances/mmq-instance-q4_k.cu
build	Build	2025-12-13T00:33:10.5548602Z   cargo:rerun-if-changed=/home/runner/.cargo/registry/src/index.crates.io-1949cf8c6b5b557f/llama-cpp-sys-2-0.1.129/llama.cpp/ggml/src/ggml-cuda/template-instances/fattn-vec-instance-q4_1-q8_0.cu
build	Build	2025-12-13T00:33:10.5550549Z   cargo:rerun-if-changed=/home/runner/.cargo/registry/src/index.crates.io-1949cf8c6b5b557f/llama-cpp-sys-2-0.1.129/llama.cpp/ggml/src/ggml-cuda/template-instances/fattn-vec-instance-f16-q5_1.cu
build	Build	2025-12-13T00:33:10.5552684Z   cargo:rerun-if-changed=/home/runner/.cargo/registry/src/index.crates.io-1949cf8c6b5b557f/llama-cpp-sys-2-0.1.129/llama.cpp/ggml/src/ggml-cuda/template-instances/fattn-vec-instance-q5_0-q5_0.cu
build	Build	2025-12-13T00:33:10.5554850Z   cargo:rerun-if-changed=/home/runner/.cargo/registry/src/index.crates.io-1949cf8c6b5b557f/llama-cpp-sys-2-0.1.129/llama.cpp/ggml/src/ggml-cuda/template-instances/mmf-instance-ncols_12.cu
build	Build	2025-12-13T00:33:10.5556851Z   cargo:rerun-if-changed=/home/runner/.cargo/registry/src/index.crates.io-1949cf8c6b5b557f/llama-cpp-sys-2-0.1.129/llama.cpp/ggml/src/ggml-cuda/fattn-vec.cuh
build	Build	2025-12-13T00:33:10.5558546Z   cargo:rerun-if-changed=/home/runner/.cargo/registry/src/index.crates.io-1949cf8c6b5b557f/llama-cpp-sys-2-0.1.129/llama.cpp/ggml/src/ggml-cuda/arange.cu
build	Build	2025-12-13T00:33:10.5560205Z   cargo:rerun-if-changed=/home/runner/.cargo/registry/src/index.crates.io-1949cf8c6b5b557f/llama-cpp-sys-2-0.1.129/llama.cpp/ggml/src/ggml-cuda/cpy.cu
build	Build	2025-12-13T00:33:10.5562009Z   cargo:rerun-if-changed=/home/runner/.cargo/registry/src/index.crates.io-1949cf8c6b5b557f/llama-cpp-sys-2-0.1.129/llama.cpp/ggml/src/ggml-cuda/common.cuh
build	Build	2025-12-13T00:33:10.5563710Z   cargo:rerun-if-changed=/home/runner/.cargo/registry/src/index.crates.io-1949cf8c6b5b557f/llama-cpp-sys-2-0.1.129/llama.cpp/ggml/src/ggml-cuda/fattn-tile.cu
build	Build	2025-12-13T00:33:10.5565447Z   cargo:rerun-if-changed=/home/runner/.cargo/registry/src/index.crates.io-1949cf8c6b5b557f/llama-cpp-sys-2-0.1.129/llama.cpp/ggml/src/ggml-cuda/opt-step-adamw.cu
build	Build	2025-12-13T00:33:10.5567356Z   cargo:rerun-if-changed=/home/runner/.cargo/registry/src/index.crates.io-1949cf8c6b5b557f/llama-cpp-sys-2-0.1.129/llama.cpp/ggml/src/ggml-cuda/conv2d-transpose.cuh
build	Build	2025-12-13T00:33:10.5569042Z   cargo:rerun-if-changed=/home/runner/.cargo/registry/src/index.crates.io-1949cf8c6b5b557f/llama-cpp-sys-2-0.1.129/llama.cpp/ggml/src/ggml-cuda/mmvf.cu
build	Build	2025-12-13T00:33:10.5570696Z   cargo:rerun-if-changed=/home/runner/.cargo/registry/src/index.crates.io-1949cf8c6b5b557f/llama-cpp-sys-2-0.1.129/llama.cpp/ggml/src/ggml-cuda/argsort.cu
build	Build	2025-12-13T00:33:10.5572630Z   cargo:rerun-if-changed=/home/runner/.cargo/registry/src/index.crates.io-1949cf8c6b5b557f/llama-cpp-sys-2-0.1.129/llama.cpp/ggml/src/ggml-cuda/conv2d.cuh
build	Build	2025-12-13T00:33:10.5574489Z   cargo:rerun-if-changed=/home/runner/.cargo/registry/src/index.crates.io-1949cf8c6b5b557f/llama-cpp-sys-2-0.1.129/llama.cpp/ggml/src/ggml-cuda/reduce_rows.cuh
build	Build	2025-12-13T00:33:10.5576295Z   cargo:rerun-if-changed=/home/runner/.cargo/registry/src/index.crates.io-1949cf8c6b5b557f/llama-cpp-sys-2-0.1.129/llama.cpp/ggml/src/ggml-cuda/norm.cu
build	Build	2025-12-13T00:33:10.5578011Z   cargo:rerun-if-changed=/home/runner/.cargo/registry/src/index.crates.io-1949cf8c6b5b557f/llama-cpp-sys-2-0.1.129/llama.cpp/ggml/src/ggml-cuda/opt-step-sgd.cuh
build	Build	2025-12-13T00:33:10.5579764Z   cargo:rerun-if-changed=/home/runner/.cargo/registry/src/index.crates.io-1949cf8c6b5b557f/llama-cpp-sys-2-0.1.129/llama.cpp/ggml/src/ggml-cuda/gla.cu
build	Build	2025-12-13T00:33:10.5581683Z   cargo:rerun-if-changed=/home/runner/.cargo/registry/src/index.crates.io-1949cf8c6b5b557f/llama-cpp-sys-2-0.1.129/llama.cpp/ggml/src/ggml-cuda/acc.cu
build	Build	2025-12-13T00:33:10.5583367Z   cargo:rerun-if-changed=/home/runner/.cargo/registry/src/index.crates.io-1949cf8c6b5b557f/llama-cpp-sys-2-0.1.129/llama.cpp/ggml/src/ggml-cuda/diagmask.cuh
build	Build	2025-12-13T00:33:10.5585091Z   cargo:rerun-if-changed=/home/runner/.cargo/registry/src/index.crates.io-1949cf8c6b5b557f/llama-cpp-sys-2-0.1.129/llama.cpp/ggml/src/ggml-cuda/cp-async.cuh
build	Build	2025-12-13T00:33:10.5586782Z   cargo:rerun-if-changed=/home/runner/.cargo/registry/src/index.crates.io-1949cf8c6b5b557f/llama-cpp-sys-2-0.1.129/llama.cpp/ggml/src/ggml-cuda/topk-moe.cuh
build	Build	2025-12-13T00:33:10.5588497Z   cargo:rerun-if-changed=/home/runner/.cargo/registry/src/index.crates.io-1949cf8c6b5b557f/llama-cpp-sys-2-0.1.129/llama.cpp/ggml/src/ggml-cuda/fattn-wmma-f16.cu
build	Build	2025-12-13T00:33:10.5590207Z   cargo:rerun-if-changed=/home/runner/.cargo/registry/src/index.crates.io-1949cf8c6b5b557f/llama-cpp-sys-2-0.1.129/llama.cpp/ggml/src/ggml-cuda/argmax.cu
build	Build	2025-12-13T00:33:10.5592429Z   cargo:rerun-if-changed=/home/runner/.cargo/registry/src/index.crates.io-1949cf8c6b5b557f/llama-cpp-sys-2-0.1.129/llama.cpp/ggml/src/ggml-cuda/cpy-utils.cuh
build	Build	2025-12-13T00:33:10.5594082Z   cargo:rerun-if-changed=/home/runner/.cargo/registry/src/index.crates.io-1949cf8c6b5b557f/llama-cpp-sys-2-0.1.129/llama.cpp/ggml/src/ggml-cuda/mmvq.cuh
build	Build	2025-12-13T00:33:10.5595901Z   cargo:rerun-if-changed=/home/runner/.cargo/registry/src/index.crates.io-1949cf8c6b5b557f/llama-cpp-sys-2-0.1.129/llama.cpp/ggml/src/ggml-cuda/unary.cu
build	Build	2025-12-13T00:33:10.5597506Z   cargo:rerun-if-changed=/home/runner/.cargo/registry/src/index.crates.io-1949cf8c6b5b557f/llama-cpp-sys-2-0.1.129/llama.cpp/ggml/src/ggml-cuda/fattn-common.cuh
build	Build	2025-12-13T00:33:10.5599150Z   cargo:rerun-if-changed=/home/runner/.cargo/registry/src/index.crates.io-1949cf8c6b5b557f/llama-cpp-sys-2-0.1.129/llama.cpp/ggml/src/ggml-cuda/conv-transpose-1d.cuh
build	Build	2025-12-13T00:33:10.5600778Z   cargo:rerun-if-changed=/home/runner/.cargo/registry/src/index.crates.io-1949cf8c6b5b557f/llama-cpp-sys-2-0.1.129/llama.cpp/ggml/src/ggml-cuda/clamp.cuh
build	Build	2025-12-13T00:33:10.5602585Z   cargo:rerun-if-changed=/home/runner/.cargo/registry/src/index.crates.io-1949cf8c6b5b557f/llama-cpp-sys-2-0.1.129/llama.cpp/ggml/src/ggml-cuda/diagmask.cu
build	Build	2025-12-13T00:33:10.5604154Z   cargo:rerun-if-changed=/home/runner/.cargo/registry/src/index.crates.io-1949cf8c6b5b557f/llama-cpp-sys-2-0.1.129/llama.cpp/ggml/src/ggml-cuda/gla.cuh
build	Build	2025-12-13T00:33:10.5605695Z   cargo:rerun-if-changed=/home/runner/.cargo/registry/src/index.crates.io-1949cf8c6b5b557f/llama-cpp-sys-2-0.1.129/llama.cpp/ggml/src/ggml-cuda/out-prod.cu
build	Build	2025-12-13T00:33:10.5607259Z   cargo:rerun-if-changed=/home/runner/.cargo/registry/src/index.crates.io-1949cf8c6b5b557f/llama-cpp-sys-2-0.1.129/llama.cpp/ggml/src/ggml-cuda/tsembd.cuh
build	Build	2025-12-13T00:33:10.5608810Z   cargo:rerun-if-changed=/home/runner/.cargo/registry/src/index.crates.io-1949cf8c6b5b557f/llama-cpp-sys-2-0.1.129/llama.cpp/ggml/src/ggml-cuda/roll.cu
build	Build	2025-12-13T00:33:10.5610371Z   cargo:rerun-if-changed=/home/runner/.cargo/registry/src/index.crates.io-1949cf8c6b5b557f/llama-cpp-sys-2-0.1.129/llama.cpp/ggml/src/ggml-cuda/pool2d.cu
build	Build	2025-12-13T00:33:10.5612110Z   cargo:rerun-if-changed=/home/runner/.cargo/registry/src/index.crates.io-1949cf8c6b5b557f/llama-cpp-sys-2-0.1.129/llama.cpp/ggml/src/ggml-cuda/dequantize.cuh
build	Build	2025-12-13T00:33:10.5613721Z   cargo:rerun-if-changed=/home/runner/.cargo/registry/src/index.crates.io-1949cf8c6b5b557f/llama-cpp-sys-2-0.1.129/llama.cpp/ggml/src/ggml-cuda/ssm-scan.cuh
build	Build	2025-12-13T00:33:10.5615325Z   cargo:rerun-if-changed=/home/runner/.cargo/registry/src/index.crates.io-1949cf8c6b5b557f/llama-cpp-sys-2-0.1.129/llama.cpp/ggml/src/ggml-cuda/count-equal.cuh
build	Build	2025-12-13T00:33:10.5616918Z   cargo:rerun-if-changed=/home/runner/.cargo/registry/src/index.crates.io-1949cf8c6b5b557f/llama-cpp-sys-2-0.1.129/llama.cpp/ggml/src/ggml-cuda/set.cuh
build	Build	2025-12-13T00:33:10.5618491Z   cargo:rerun-if-changed=/home/runner/.cargo/registry/src/index.crates.io-1949cf8c6b5b557f/llama-cpp-sys-2-0.1.129/llama.cpp/ggml/src/ggml-cuda/softmax.cu
build	Build	2025-12-13T00:33:10.5620097Z   cargo:rerun-if-changed=/home/runner/.cargo/registry/src/index.crates.io-1949cf8c6b5b557f/llama-cpp-sys-2-0.1.129/llama.cpp/ggml/src/ggml-cuda/opt-step-adamw.cuh
build	Build	2025-12-13T00:33:10.5621839Z   cargo:rerun-if-changed=/home/runner/.cargo/registry/src/index.crates.io-1949cf8c6b5b557f/llama-cpp-sys-2-0.1.129/llama.cpp/ggml/src/ggml-cuda/add-id.cuh
build	Build	2025-12-13T00:33:10.5623463Z   cargo:rerun-if-changed=/home/runner/.cargo/registry/src/index.crates.io-1949cf8c6b5b557f/llama-cpp-sys-2-0.1.129/llama.cpp/ggml/src/ggml-cuda/opt-step-sgd.cu
build	Build	2025-12-13T00:33:10.5625052Z   cargo:rerun-if-changed=/home/runner/.cargo/registry/src/index.crates.io-1949cf8c6b5b557f/llama-cpp-sys-2-0.1.129/llama.cpp/ggml/src/ggml-cuda/unary.cuh
build	Build	2025-12-13T00:33:10.5626645Z   cargo:rerun-if-changed=/home/runner/.cargo/registry/src/index.crates.io-1949cf8c6b5b557f/llama-cpp-sys-2-0.1.129/llama.cpp/ggml/src/ggml-cuda/sumrows.cuh
build	Build	2025-12-13T00:33:10.5628459Z   cargo:rerun-if-changed=/home/runner/.cargo/registry/src/index.crates.io-1949cf8c6b5b557f/llama-cpp-sys-2-0.1.129/llama.cpp/ggml/src/ggml-cuda/ssm-conv.cuh
build	Build	2025-12-13T00:33:10.5630028Z   cargo:rerun-if-changed=/home/runner/.cargo/registry/src/index.crates.io-1949cf8c6b5b557f/llama-cpp-sys-2-0.1.129/llama.cpp/ggml/src/ggml-cuda/set.cu
build	Build	2025-12-13T00:33:10.5632125Z   cargo:rerun-if-changed=/home/runner/.cargo/registry/src/index.crates.io-1949cf8c6b5b557f/llama-cpp-sys-2-0.1.129/llama.cpp/ggml/src/ggml-cuda/mmf.cuh
build	Build	2025-12-13T00:33:10.5633670Z   cargo:rerun-if-changed=/home/runner/.cargo/registry/src/index.crates.io-1949cf8c6b5b557f/llama-cpp-sys-2-0.1.129/llama.cpp/ggml/src/ggml-cuda/vendors
build	Build	2025-12-13T00:33:10.5635215Z   cargo:rerun-if-changed=/home/runner/.cargo/registry/src/index.crates.io-1949cf8c6b5b557f/llama-cpp-sys-2-0.1.129/llama.cpp/ggml/src/ggml-cuda/vendors/hip.h
build	Build	2025-12-13T00:33:10.5636844Z   cargo:rerun-if-changed=/home/runner/.cargo/registry/src/index.crates.io-1949cf8c6b5b557f/llama-cpp-sys-2-0.1.129/llama.cpp/ggml/src/ggml-cuda/vendors/cuda.h
build	Build	2025-12-13T00:33:10.5638469Z   cargo:rerun-if-changed=/home/runner/.cargo/registry/src/index.crates.io-1949cf8c6b5b557f/llama-cpp-sys-2-0.1.129/llama.cpp/ggml/src/ggml-cuda/vendors/musa.h
build	Build	2025-12-13T00:33:10.5640027Z   cargo:rerun-if-changed=/home/runner/.cargo/registry/src/index.crates.io-1949cf8c6b5b557f/llama-cpp-sys-2-0.1.129/llama.cpp/ggml/src/ggml-cuda/mmf.cu
build	Build	2025-12-13T00:33:10.5641754Z   cargo:rerun-if-changed=/home/runner/.cargo/registry/src/index.crates.io-1949cf8c6b5b557f/llama-cpp-sys-2-0.1.129/llama.cpp/ggml/src/ggml-cuda/count-equal.cu
build	Build	2025-12-13T00:33:10.5643333Z   cargo:rerun-if-changed=/home/runner/.cargo/registry/src/index.crates.io-1949cf8c6b5b557f/llama-cpp-sys-2-0.1.129/llama.cpp/ggml/src/ggml-cuda/wkv.cu
build	Build	2025-12-13T00:33:10.5644896Z   cargo:rerun-if-changed=/home/runner/.cargo/registry/src/index.crates.io-1949cf8c6b5b557f/llama-cpp-sys-2-0.1.129/llama.cpp/ggml/src/ggml-cuda/getrows.cuh
build	Build	2025-12-13T00:33:10.5646472Z   cargo:rerun-if-changed=/home/runner/.cargo/registry/src/index.crates.io-1949cf8c6b5b557f/llama-cpp-sys-2-0.1.129/llama.cpp/ggml/src/ggml-cuda/conv2d.cu
build	Build	2025-12-13T00:33:10.5648030Z   cargo:rerun-if-changed=/home/runner/.cargo/registry/src/index.crates.io-1949cf8c6b5b557f/llama-cpp-sys-2-0.1.129/llama.cpp/ggml/src/ggml-cuda/roll.cuh
build	Build	2025-12-13T00:33:10.5649595Z   cargo:rerun-if-changed=/home/runner/.cargo/registry/src/index.crates.io-1949cf8c6b5b557f/llama-cpp-sys-2-0.1.129/llama.cpp/ggml/src/ggml-cuda/mmq.cu
build	Build	2025-12-13T00:33:10.5651283Z   cargo:rerun-if-changed=/home/runner/.cargo/registry/src/index.crates.io-1949cf8c6b5b557f/llama-cpp-sys-2-0.1.129/llama.cpp/ggml/src/ggml-cuda/mean.cu
build	Build	2025-12-13T00:33:10.5652848Z   cargo:rerun-if-changed=/home/runner/.cargo/registry/src/index.crates.io-1949cf8c6b5b557f/llama-cpp-sys-2-0.1.129/llama.cpp/ggml/src/ggml-cuda/mmvf.cuh
build	Build	2025-12-13T00:33:10.5654425Z   cargo:rerun-if-changed=/home/runner/.cargo/registry/src/index.crates.io-1949cf8c6b5b557f/llama-cpp-sys-2-0.1.129/llama.cpp/ggml/src/ggml-cuda/concat.cu
build	Build	2025-12-13T00:33:10.5656098Z   cargo:rerun-if-changed=/home/runner/.cargo/registry/src/index.crates.io-1949cf8c6b5b557f/llama-cpp-sys-2-0.1.129/llama.cpp/ggml/src/ggml-cuda/conv2d-transpose.cu
build	Build	2025-12-13T00:33:10.5657743Z   cargo:rerun-if-changed=/home/runner/.cargo/registry/src/index.crates.io-1949cf8c6b5b557f/llama-cpp-sys-2-0.1.129/llama.cpp/ggml/src/ggml-cuda/mmq.cuh
build	Build	2025-12-13T00:33:10.5659383Z   cargo:rerun-if-changed=/home/runner/.cargo/registry/src/index.crates.io-1949cf8c6b5b557f/llama-cpp-sys-2-0.1.129/llama.cpp/ggml/src/ggml-cuda/cross-entropy-loss.cuh
build	Build	2025-12-13T00:33:10.5661219Z   cargo:rerun-if-changed=/home/runner/.cargo/registry/src/index.crates.io-1949cf8c6b5b557f/llama-cpp-sys-2-0.1.129/llama.cpp/ggml/src/ggml-cuda/fattn-mma-f16.cuh
build	Build	2025-12-13T00:33:10.5662906Z   cargo:rerun-if-changed=/home/runner/.cargo/registry/src/index.crates.io-1949cf8c6b5b557f/llama-cpp-sys-2-0.1.129/llama.cpp/ggml/src/ggml-cuda/cross-entropy-loss.cu
build	Build	2025-12-13T00:33:10.5664555Z   cargo:rerun-if-changed=/home/runner/.cargo/registry/src/index.crates.io-1949cf8c6b5b557f/llama-cpp-sys-2-0.1.129/llama.cpp/ggml/src/ggml-cuda/binbcast.cu
build	Build	2025-12-13T00:33:10.5666439Z   cargo:rerun-if-changed=/home/runner/.cargo/registry/src/index.crates.io-1949cf8c6b5b557f/llama-cpp-sys-2-0.1.129/llama.cpp/ggml/src/ggml-cuda/quantize.cuh
build	Build	2025-12-13T00:33:10.5668210Z   cargo:rerun-if-changed=/home/runner/.cargo/registry/src/index.crates.io-1949cf8c6b5b557f/llama-cpp-sys-2-0.1.129/llama.cpp/ggml/src/ggml-cuda/softcap.cu
build	Build	2025-12-13T00:33:10.5669774Z   cargo:rerun-if-changed=/home/runner/.cargo/registry/src/index.crates.io-1949cf8c6b5b557f/llama-cpp-sys-2-0.1.129/llama.cpp/ggml/src/ggml-cuda/tsembd.cu
build	Build	2025-12-13T00:33:10.5671468Z   cargo:rerun-if-changed=/home/runner/.cargo/registry/src/index.crates.io-1949cf8c6b5b557f/llama-cpp-sys-2-0.1.129/llama.cpp/ggml/src/ggml-cuda/sum.cuh
build	Build	2025-12-13T00:33:10.5673021Z   cargo:rerun-if-changed=/home/runner/.cargo/registry/src/index.crates.io-1949cf8c6b5b557f/llama-cpp-sys-2-0.1.129/llama.cpp/ggml/src/ggml-cuda/conv2d-dw.cu
build	Build	2025-12-13T00:33:10.5674665Z   cargo:rerun-if-changed=/home/runner/.cargo/registry/src/index.crates.io-1949cf8c6b5b557f/llama-cpp-sys-2-0.1.129/llama.cpp/ggml/src/ggml-cuda/convert.cuh
build	Build	2025-12-13T00:33:10.5676278Z   cargo:rerun-if-changed=/home/runner/.cargo/registry/src/index.crates.io-1949cf8c6b5b557f/llama-cpp-sys-2-0.1.129/llama.cpp/ggml/src/ggml-cuda/mmvq.cu
build	Build	2025-12-13T00:33:10.5677893Z   cargo:rerun-if-changed=/home/runner/.cargo/registry/src/index.crates.io-1949cf8c6b5b557f/llama-cpp-sys-2-0.1.129/llama.cpp/ggml/src/ggml-cuda/CMakeLists.txt
build	Build	2025-12-13T00:33:10.5679488Z   cargo:rerun-if-changed=/home/runner/.cargo/registry/src/index.crates.io-1949cf8c6b5b557f/llama-cpp-sys-2-0.1.129/llama.cpp/ggml/src/ggml-cuda/ssm-scan.cu
build	Build	2025-12-13T00:33:10.5681213Z   cargo:rerun-if-changed=/home/runner/.cargo/registry/src/index.crates.io-1949cf8c6b5b557f/llama-cpp-sys-2-0.1.129/llama.cpp/ggml/src/ggml-cuda/cpy.cuh
build	Build	2025-12-13T00:33:10.5682814Z   cargo:rerun-if-changed=/home/runner/.cargo/registry/src/index.crates.io-1949cf8c6b5b557f/llama-cpp-sys-2-0.1.129/llama.cpp/ggml/src/ggml-cuda/pad.cu
build	Build	2025-12-13T00:33:10.5684323Z   cargo:rerun-if-changed=/home/runner/.cargo/registry/src/index.crates.io-1949cf8c6b5b557f/llama-cpp-sys-2-0.1.129/llama.cpp/ggml/src/ggml-cuda/binbcast.cuh
build	Build	2025-12-13T00:33:10.5685873Z   cargo:rerun-if-changed=/home/runner/.cargo/registry/src/index.crates.io-1949cf8c6b5b557f/llama-cpp-sys-2-0.1.129/llama.cpp/ggml/src/ggml-cuda/set-rows.cu
build	Build	2025-12-13T00:33:10.5687416Z   cargo:rerun-if-changed=/home/runner/.cargo/registry/src/index.crates.io-1949cf8c6b5b557f/llama-cpp-sys-2-0.1.129/llama.cpp/ggml/src/ggml-cuda/rope.cuh
build	Build	2025-12-13T00:33:10.5712753Z   cargo:rerun-if-changed=/home/runner/.cargo/registry/src/index.crates.io-1949cf8c6b5b557f/llama-cpp-sys-2-0.1.129/llama.cpp/ggml/src/ggml-cuda/softmax.cuh
build	Build	2025-12-13T00:33:10.5714379Z   cargo:rerun-if-changed=/home/runner/.cargo/registry/src/index.crates.io-1949cf8c6b5b557f/llama-cpp-sys-2-0.1.129/llama.cpp/ggml/src/ggml-cuda/fattn-wmma-f16.cuh
build	Build	2025-12-13T00:33:10.5715977Z   cargo:rerun-if-changed=/home/runner/.cargo/registry/src/index.crates.io-1949cf8c6b5b557f/llama-cpp-sys-2-0.1.129/llama.cpp/ggml/src/ggml-cuda/mean.cuh
build	Build	2025-12-13T00:33:10.5717574Z   cargo:rerun-if-changed=/home/runner/.cargo/registry/src/index.crates.io-1949cf8c6b5b557f/llama-cpp-sys-2-0.1.129/llama.cpp/ggml/src/ggml-cuda/pad_reflect_1d.cu
build	Build	2025-12-13T00:33:10.5719154Z   cargo:rerun-if-changed=/home/runner/.cargo/registry/src/index.crates.io-1949cf8c6b5b557f/llama-cpp-sys-2-0.1.129/llama.cpp/ggml/src/ggml-cuda/im2col.cu
build	Build	2025-12-13T00:33:10.5720658Z   cargo:rerun-if-changed=/home/runner/.cargo/registry/src/index.crates.io-1949cf8c6b5b557f/llama-cpp-sys-2-0.1.129/llama.cpp/ggml/src/ggml-cuda/im2col.cuh
build	Build	2025-12-13T00:33:10.5722348Z   cargo:rerun-if-changed=/home/runner/.cargo/registry/src/index.crates.io-1949cf8c6b5b557f/llama-cpp-sys-2-0.1.129/llama.cpp/ggml/src/ggml-cuda/mmid.cu
build	Build	2025-12-13T00:33:10.5723835Z   cargo:rerun-if-changed=/home/runner/.cargo/registry/src/index.crates.io-1949cf8c6b5b557f/llama-cpp-sys-2-0.1.129/llama.cpp/ggml/src/ggml-cuda/fattn.cu
build	Build	2025-12-13T00:33:10.5725740Z   cargo:rerun-if-changed=/home/runner/.cargo/registry/src/index.crates.io-1949cf8c6b5b557f/llama-cpp-sys-2-0.1.129/llama.cpp/ggml/src/ggml-cuda/fattn-tile.cuh
build	Build	2025-12-13T00:33:10.5727481Z   cargo:rerun-if-changed=/home/runner/.cargo/registry/src/index.crates.io-1949cf8c6b5b557f/llama-cpp-sys-2-0.1.129/llama.cpp/ggml/src/ggml-cuda/clamp.cu
build	Build	2025-12-13T00:33:10.5729016Z   cargo:rerun-if-changed=/home/runner/.cargo/registry/src/index.crates.io-1949cf8c6b5b557f/llama-cpp-sys-2-0.1.129/llama.cpp/ggml/src/ggml-cuda/argsort.cuh
build	Build	2025-12-13T00:33:10.5730514Z   cargo:rerun-if-changed=/home/runner/.cargo/registry/src/index.crates.io-1949cf8c6b5b557f/llama-cpp-sys-2-0.1.129/llama.cpp/ggml/src/ggml-cuda/argmax.cuh
build	Build	2025-12-13T00:33:10.5732221Z   cargo:rerun-if-changed=/home/runner/.cargo/registry/src/index.crates.io-1949cf8c6b5b557f/llama-cpp-sys-2-0.1.129/llama.cpp/ggml/src/ggml-cuda/vecdotq.cuh
build	Build	2025-12-13T00:33:10.5733752Z   cargo:rerun-if-changed=/home/runner/.cargo/registry/src/index.crates.io-1949cf8c6b5b557f/llama-cpp-sys-2-0.1.129/llama.cpp/ggml/src/ggml-cuda/mmid.cuh
build	Build	2025-12-13T00:33:10.5735273Z   cargo:rerun-if-changed=/home/runner/.cargo/registry/src/index.crates.io-1949cf8c6b5b557f/llama-cpp-sys-2-0.1.129/llama.cpp/ggml/src/ggml-cuda/pool2d.cuh
build	Build	2025-12-13T00:33:10.5737059Z   cargo:rerun-if-changed=/home/runner/.cargo/registry/src/index.crates.io-1949cf8c6b5b557f/llama-cpp-sys-2-0.1.129/llama.cpp/ggml/src/ggml-cuda/acc.cuh
build	Build	2025-12-13T00:33:10.5738920Z   cargo:rerun-if-changed=/home/runner/.cargo/registry/src/index.crates.io-1949cf8c6b5b557f/llama-cpp-sys-2-0.1.129/llama.cpp/ggml/src/ggml-cuda/norm.cuh
build	Build	2025-12-13T00:33:10.5741260Z   cargo:rerun-if-changed=/home/runner/.cargo/registry/src/index.crates.io-1949cf8c6b5b557f/llama-cpp-sys-2-0.1.129/llama.cpp/ggml/src/ggml-cuda/arange.cuh
build	Build	2025-12-13T00:33:10.5743180Z   cargo:rerun-if-changed=/home/runner/.cargo/registry/src/index.crates.io-1949cf8c6b5b557f/llama-cpp-sys-2-0.1.129/llama.cpp/ggml/src/ggml-cuda/wkv.cuh
build	Build	2025-12-13T00:33:10.5745085Z   cargo:rerun-if-changed=/home/runner/.cargo/registry/src/index.crates.io-1949cf8c6b5b557f/llama-cpp-sys-2-0.1.129/llama.cpp/ggml/src/ggml-cuda/getrows.cu
build	Build	2025-12-13T00:33:10.5746967Z   cargo:rerun-if-changed=/home/runner/.cargo/registry/src/index.crates.io-1949cf8c6b5b557f/llama-cpp-sys-2-0.1.129/llama.cpp/ggml/src/ggml-cuda/concat.cuh
build	Build	2025-12-13T00:33:10.5748979Z   cargo:rerun-if-changed=/home/runner/.cargo/registry/src/index.crates.io-1949cf8c6b5b557f/llama-cpp-sys-2-0.1.129/llama.cpp/ggml/src/ggml-cuda/convert.cu
build	Build	2025-12-13T00:33:10.5751174Z   cargo:rerun-if-changed=/home/runner/.cargo/registry/src/index.crates.io-1949cf8c6b5b557f/llama-cpp-sys-2-0.1.129/llama.cpp/ggml/src/ggml-cuda/pad_reflect_1d.cuh
build	Build	2025-12-13T00:33:10.5753104Z   cargo:rerun-if-changed=/home/runner/.cargo/registry/src/index.crates.io-1949cf8c6b5b557f/llama-cpp-sys-2-0.1.129/llama.cpp/ggml/src/ggml-cuda/scale.cuh
build	Build	2025-12-13T00:33:10.5755006Z   cargo:rerun-if-changed=/home/runner/.cargo/registry/src/index.crates.io-1949cf8c6b5b557f/llama-cpp-sys-2-0.1.129/llama.cpp/ggml/src/ggml-cuda/mma.cuh
build	Build	2025-12-13T00:33:10.5756663Z   cargo:rerun-if-changed=/home/runner/.cargo/registry/src/index.crates.io-1949cf8c6b5b557f/llama-cpp-sys-2-0.1.129/llama.cpp/ggml/src/ggml-cuda/softcap.cuh
build	Build	2025-12-13T00:33:10.5758231Z   cargo:rerun-if-changed=/home/runner/.cargo/registry/src/index.crates.io-1949cf8c6b5b557f/llama-cpp-sys-2-0.1.129/llama.cpp/ggml/src/ggml-cuda/out-prod.cuh
build	Build	2025-12-13T00:33:10.5759754Z   cargo:rerun-if-changed=/home/runner/.cargo/registry/src/index.crates.io-1949cf8c6b5b557f/llama-cpp-sys-2-0.1.129/llama.cpp/ggml/src/ggml-cuda/sum.cu
build	Build	2025-12-13T00:33:10.5761419Z   cargo:rerun-if-changed=/home/runner/.cargo/registry/src/index.crates.io-1949cf8c6b5b557f/llama-cpp-sys-2-0.1.129/llama.cpp/ggml/src/ggml-cuda/upscale.cu
build	Build	2025-12-13T00:33:10.5762912Z   cargo:rerun-if-changed=/home/runner/.cargo/registry/src/index.crates.io-1949cf8c6b5b557f/llama-cpp-sys-2-0.1.129/llama.cpp/ggml/src/CMakeLists.txt
build	Build	2025-12-13T00:33:10.5764566Z   cargo:rerun-if-changed=/home/runner/.cargo/registry/src/index.crates.io-1949cf8c6b5b557f/llama-cpp-sys-2-0.1.129/llama.cpp/ggml/src/ggml-backend-impl.h
build	Build	2025-12-13T00:33:10.5766040Z   cargo:rerun-if-changed=/home/runner/.cargo/registry/src/index.crates.io-1949cf8c6b5b557f/llama-cpp-sys-2-0.1.129/llama.cpp/ggml/src/ggml-backend.cpp
build	Build	2025-12-13T00:33:10.5767651Z   cargo:rerun-if-changed=/home/runner/.cargo/registry/src/index.crates.io-1949cf8c6b5b557f/llama-cpp-sys-2-0.1.129/llama.cpp/ggml/src/ggml-metal
build	Build	2025-12-13T00:33:10.5769202Z   cargo:rerun-if-changed=/home/runner/.cargo/registry/src/index.crates.io-1949cf8c6b5b557f/llama-cpp-sys-2-0.1.129/llama.cpp/ggml/src/ggml-metal/ggml-metal-device.cpp
build	Build	2025-12-13T00:33:10.5770817Z   cargo:rerun-if-changed=/home/runner/.cargo/registry/src/index.crates.io-1949cf8c6b5b557f/llama-cpp-sys-2-0.1.129/llama.cpp/ggml/src/ggml-metal/ggml-metal-ops.h
build	Build	2025-12-13T00:33:10.5772588Z   cargo:rerun-if-changed=/home/runner/.cargo/registry/src/index.crates.io-1949cf8c6b5b557f/llama-cpp-sys-2-0.1.129/llama.cpp/ggml/src/ggml-metal/ggml-metal-context.m
build	Build	2025-12-13T00:33:10.5774242Z   cargo:rerun-if-changed=/home/runner/.cargo/registry/src/index.crates.io-1949cf8c6b5b557f/llama-cpp-sys-2-0.1.129/llama.cpp/ggml/src/ggml-metal/ggml-metal-impl.h
build	Build	2025-12-13T00:33:10.5775882Z   cargo:rerun-if-changed=/home/runner/.cargo/registry/src/index.crates.io-1949cf8c6b5b557f/llama-cpp-sys-2-0.1.129/llama.cpp/ggml/src/ggml-metal/ggml-metal-common.h
build	Build	2025-12-13T00:33:10.5777508Z   cargo:rerun-if-changed=/home/runner/.cargo/registry/src/index.crates.io-1949cf8c6b5b557f/llama-cpp-sys-2-0.1.129/llama.cpp/ggml/src/ggml-metal/ggml-metal.metal
build	Build	2025-12-13T00:33:10.5779121Z   cargo:rerun-if-changed=/home/runner/.cargo/registry/src/index.crates.io-1949cf8c6b5b557f/llama-cpp-sys-2-0.1.129/llama.cpp/ggml/src/ggml-metal/ggml-metal-device.h
build	Build	2025-12-13T00:33:10.5780729Z   cargo:rerun-if-changed=/home/runner/.cargo/registry/src/index.crates.io-1949cf8c6b5b557f/llama-cpp-sys-2-0.1.129/llama.cpp/ggml/src/ggml-metal/ggml-metal-ops.cpp
build	Build	2025-12-13T00:33:10.5782495Z   cargo:rerun-if-changed=/home/runner/.cargo/registry/src/index.crates.io-1949cf8c6b5b557f/llama-cpp-sys-2-0.1.129/llama.cpp/ggml/src/ggml-metal/ggml-metal-device.m
build	Build	2025-12-13T00:33:10.5784165Z   cargo:rerun-if-changed=/home/runner/.cargo/registry/src/index.crates.io-1949cf8c6b5b557f/llama-cpp-sys-2-0.1.129/llama.cpp/ggml/src/ggml-metal/ggml-metal-common.cpp
build	Build	2025-12-13T00:33:10.5785768Z   cargo:rerun-if-changed=/home/runner/.cargo/registry/src/index.crates.io-1949cf8c6b5b557f/llama-cpp-sys-2-0.1.129/llama.cpp/ggml/src/ggml-metal/CMakeLists.txt
build	Build	2025-12-13T00:33:10.5787332Z   cargo:rerun-if-changed=/home/runner/.cargo/registry/src/index.crates.io-1949cf8c6b5b557f/llama-cpp-sys-2-0.1.129/llama.cpp/ggml/src/ggml-metal/ggml-metal.cpp
build	Build	2025-12-13T00:33:10.5788943Z   cargo:rerun-if-changed=/home/runner/.cargo/registry/src/index.crates.io-1949cf8c6b5b557f/llama-cpp-sys-2-0.1.129/llama.cpp/ggml/src/ggml-metal/ggml-metal-context.h
build	Build	2025-12-13T00:33:10.5790489Z   cargo:rerun-if-changed=/home/runner/.cargo/registry/src/index.crates.io-1949cf8c6b5b557f/llama-cpp-sys-2-0.1.129/llama.cpp/ggml/src/ggml-impl.h
build	Build	2025-12-13T00:33:10.5792073Z   cargo:rerun-if-changed=/home/runner/.cargo/registry/src/index.crates.io-1949cf8c6b5b557f/llama-cpp-sys-2-0.1.129/llama.cpp/ggml/src/ggml.cpp
build	Build	2025-12-13T00:33:10.5793483Z   cargo:rerun-if-changed=/home/runner/.cargo/registry/src/index.crates.io-1949cf8c6b5b557f/llama-cpp-sys-2-0.1.129/llama.cpp/CMakeLists.txt
build	Build	2025-12-13T00:33:10.5794788Z   cargo:rerun-if-changed=/home/runner/.cargo/registry/src/index.crates.io-1949cf8c6b5b557f/llama-cpp-sys-2-0.1.129/llama.cpp/common
build	Build	2025-12-13T00:33:10.5796139Z   cargo:rerun-if-changed=/home/runner/.cargo/registry/src/index.crates.io-1949cf8c6b5b557f/llama-cpp-sys-2-0.1.129/llama.cpp/common/json-partial.cpp
build	Build	2025-12-13T00:33:10.5797627Z   cargo:rerun-if-changed=/home/runner/.cargo/registry/src/index.crates.io-1949cf8c6b5b557f/llama-cpp-sys-2-0.1.129/llama.cpp/common/http.h
build	Build	2025-12-13T00:33:10.5799329Z   cargo:rerun-if-changed=/home/runner/.cargo/registry/src/index.crates.io-1949cf8c6b5b557f/llama-cpp-sys-2-0.1.129/llama.cpp/common/build-info.cpp.in
build	Build	2025-12-13T00:33:10.5800817Z   cargo:rerun-if-changed=/home/runner/.cargo/registry/src/index.crates.io-1949cf8c6b5b557f/llama-cpp-sys-2-0.1.129/llama.cpp/common/json-partial.h
build	Build	2025-12-13T00:33:10.5802560Z   cargo:rerun-if-changed=/home/runner/.cargo/registry/src/index.crates.io-1949cf8c6b5b557f/llama-cpp-sys-2-0.1.129/llama.cpp/common/arg.h
build	Build	2025-12-13T00:33:10.5803981Z   cargo:rerun-if-changed=/home/runner/.cargo/registry/src/index.crates.io-1949cf8c6b5b557f/llama-cpp-sys-2-0.1.129/llama.cpp/common/sampling.cpp
build	Build	2025-12-13T00:33:10.5805402Z   cargo:rerun-if-changed=/home/runner/.cargo/registry/src/index.crates.io-1949cf8c6b5b557f/llama-cpp-sys-2-0.1.129/llama.cpp/common/chat.h
build	Build	2025-12-13T00:33:10.5806844Z   cargo:rerun-if-changed=/home/runner/.cargo/registry/src/index.crates.io-1949cf8c6b5b557f/llama-cpp-sys-2-0.1.129/llama.cpp/common/regex-partial.cpp
build	Build	2025-12-13T00:33:10.5808412Z   cargo:rerun-if-changed=/home/runner/.cargo/registry/src/index.crates.io-1949cf8c6b5b557f/llama-cpp-sys-2-0.1.129/llama.cpp/common/json-schema-to-grammar.h
build	Build	2025-12-13T00:33:10.5809992Z   cargo:rerun-if-changed=/home/runner/.cargo/registry/src/index.crates.io-1949cf8c6b5b557f/llama-cpp-sys-2-0.1.129/llama.cpp/common/chat-parser-xml-toolcall.h
build	Build	2025-12-13T00:33:10.5811684Z   cargo:rerun-if-changed=/home/runner/.cargo/registry/src/index.crates.io-1949cf8c6b5b557f/llama-cpp-sys-2-0.1.129/llama.cpp/common/regex-partial.h
build	Build	2025-12-13T00:33:10.5813339Z   cargo:rerun-if-changed=/home/runner/.cargo/registry/src/index.crates.io-1949cf8c6b5b557f/llama-cpp-sys-2-0.1.129/llama.cpp/common/chat-parser-xml-toolcall.cpp
build	Build	2025-12-13T00:33:10.5814869Z   cargo:rerun-if-changed=/home/runner/.cargo/registry/src/index.crates.io-1949cf8c6b5b557f/llama-cpp-sys-2-0.1.129/llama.cpp/common/base64.hpp
build	Build	2025-12-13T00:33:10.5816427Z   cargo:rerun-if-changed=/home/runner/.cargo/registry/src/index.crates.io-1949cf8c6b5b557f/llama-cpp-sys-2-0.1.129/llama.cpp/common/download.cpp
build	Build	2025-12-13T00:33:10.5817957Z   cargo:rerun-if-changed=/home/runner/.cargo/registry/src/index.crates.io-1949cf8c6b5b557f/llama-cpp-sys-2-0.1.129/llama.cpp/common/sampling.h
build	Build	2025-12-13T00:33:10.5819477Z   cargo:rerun-if-changed=/home/runner/.cargo/registry/src/index.crates.io-1949cf8c6b5b557f/llama-cpp-sys-2-0.1.129/llama.cpp/common/llguidance.cpp
build	Build	2025-12-13T00:33:10.5821140Z   cargo:rerun-if-changed=/home/runner/.cargo/registry/src/index.crates.io-1949cf8c6b5b557f/llama-cpp-sys-2-0.1.129/llama.cpp/common/download.h
build	Build	2025-12-13T00:33:10.5822625Z   cargo:rerun-if-changed=/home/runner/.cargo/registry/src/index.crates.io-1949cf8c6b5b557f/llama-cpp-sys-2-0.1.129/llama.cpp/common/arg.cpp
build	Build	2025-12-13T00:33:10.5824081Z   cargo:rerun-if-changed=/home/runner/.cargo/registry/src/index.crates.io-1949cf8c6b5b557f/llama-cpp-sys-2-0.1.129/llama.cpp/common/common.h
build	Build	2025-12-13T00:33:10.5825566Z   cargo:rerun-if-changed=/home/runner/.cargo/registry/src/index.crates.io-1949cf8c6b5b557f/llama-cpp-sys-2-0.1.129/llama.cpp/common/common.cpp
build	Build	2025-12-13T00:33:10.5827021Z   cargo:rerun-if-changed=/home/runner/.cargo/registry/src/index.crates.io-1949cf8c6b5b557f/llama-cpp-sys-2-0.1.129/llama.cpp/common/ngram-cache.cpp
build	Build	2025-12-13T00:33:10.5828442Z   cargo:rerun-if-changed=/home/runner/.cargo/registry/src/index.crates.io-1949cf8c6b5b557f/llama-cpp-sys-2-0.1.129/llama.cpp/common/log.h
build	Build	2025-12-13T00:33:10.5829853Z   cargo:rerun-if-changed=/home/runner/.cargo/registry/src/index.crates.io-1949cf8c6b5b557f/llama-cpp-sys-2-0.1.129/llama.cpp/common/chat-parser.cpp
build	Build	2025-12-13T00:33:10.5831457Z   cargo:rerun-if-changed=/home/runner/.cargo/registry/src/index.crates.io-1949cf8c6b5b557f/llama-cpp-sys-2-0.1.129/llama.cpp/common/CMakeLists.txt
build	Build	2025-12-13T00:33:10.5832903Z   cargo:rerun-if-changed=/home/runner/.cargo/registry/src/index.crates.io-1949cf8c6b5b557f/llama-cpp-sys-2-0.1.129/llama.cpp/common/log.cpp
build	Build	2025-12-13T00:33:10.5834334Z   cargo:rerun-if-changed=/home/runner/.cargo/registry/src/index.crates.io-1949cf8c6b5b557f/llama-cpp-sys-2-0.1.129/llama.cpp/common/chat-parser.h
build	Build	2025-12-13T00:33:10.5835979Z   cargo:rerun-if-changed=/home/runner/.cargo/registry/src/index.crates.io-1949cf8c6b5b557f/llama-cpp-sys-2-0.1.129/llama.cpp/common/speculative.h
build	Build	2025-12-13T00:33:10.5837664Z   cargo:rerun-if-changed=/home/runner/.cargo/registry/src/index.crates.io-1949cf8c6b5b557f/llama-cpp-sys-2-0.1.129/llama.cpp/common/json-schema-to-grammar.cpp
build	Build	2025-12-13T00:33:10.5839201Z   cargo:rerun-if-changed=/home/runner/.cargo/registry/src/index.crates.io-1949cf8c6b5b557f/llama-cpp-sys-2-0.1.129/llama.cpp/common/ngram-cache.h
build	Build	2025-12-13T00:33:10.5840680Z   cargo:rerun-if-changed=/home/runner/.cargo/registry/src/index.crates.io-1949cf8c6b5b557f/llama-cpp-sys-2-0.1.129/llama.cpp/common/speculative.cpp
build	Build	2025-12-13T00:33:10.5842269Z   cargo:rerun-if-changed=/home/runner/.cargo/registry/src/index.crates.io-1949cf8c6b5b557f/llama-cpp-sys-2-0.1.129/llama.cpp/common/console.h
build	Build	2025-12-13T00:33:10.5843741Z   cargo:rerun-if-changed=/home/runner/.cargo/registry/src/index.crates.io-1949cf8c6b5b557f/llama-cpp-sys-2-0.1.129/llama.cpp/common/console.cpp
build	Build	2025-12-13T00:33:10.5845348Z   cargo:rerun-if-changed=/home/runner/.cargo/registry/src/index.crates.io-1949cf8c6b5b557f/llama-cpp-sys-2-0.1.129/llama.cpp/common/chat.cpp
build	Build	2025-12-13T00:33:10.5846846Z   cargo:rerun-if-changed=/home/runner/.cargo/registry/src/index.crates.io-1949cf8c6b5b557f/llama-cpp-sys-2-0.1.129/llama.cpp/vendor/cpp-httplib/CMakeLists.txt
build	Build	2025-12-13T00:33:10.5848230Z   cargo:rerun-if-changed=/home/runner/.cargo/registry/src/index.crates.io-1949cf8c6b5b557f/llama-cpp-sys-2-0.1.129/llama.cpp/src
build	Build	2025-12-13T00:33:10.5849563Z   cargo:rerun-if-changed=/home/runner/.cargo/registry/src/index.crates.io-1949cf8c6b5b557f/llama-cpp-sys-2-0.1.129/llama.cpp/src/llama-adapter.h
build	Build	2025-12-13T00:33:10.5851131Z   cargo:rerun-if-changed=/home/runner/.cargo/registry/src/index.crates.io-1949cf8c6b5b557f/llama-cpp-sys-2-0.1.129/llama.cpp/src/llama-grammar.cpp
build	Build	2025-12-13T00:33:10.5852591Z   cargo:rerun-if-changed=/home/runner/.cargo/registry/src/index.crates.io-1949cf8c6b5b557f/llama-cpp-sys-2-0.1.129/llama.cpp/src/llama-kv-cache.cpp
build	Build	2025-12-13T00:33:10.5854055Z   cargo:rerun-if-changed=/home/runner/.cargo/registry/src/index.crates.io-1949cf8c6b5b557f/llama-cpp-sys-2-0.1.129/llama.cpp/src/llama-kv-cache.h
build	Build	2025-12-13T00:33:10.5855545Z   cargo:rerun-if-changed=/home/runner/.cargo/registry/src/index.crates.io-1949cf8c6b5b557f/llama-cpp-sys-2-0.1.129/llama.cpp/src/llama-context.cpp
build	Build	2025-12-13T00:33:10.5856919Z   cargo:rerun-if-changed=/home/runner/.cargo/registry/src/index.crates.io-1949cf8c6b5b557f/llama-cpp-sys-2-0.1.129/llama.cpp/src/models
build	Build	2025-12-13T00:33:10.5858298Z   cargo:rerun-if-changed=/home/runner/.cargo/registry/src/index.crates.io-1949cf8c6b5b557f/llama-cpp-sys-2-0.1.129/llama.cpp/src/models/stablelm.cpp
build	Build	2025-12-13T00:33:10.5859736Z   cargo:rerun-if-changed=/home/runner/.cargo/registry/src/index.crates.io-1949cf8c6b5b557f/llama-cpp-sys-2-0.1.129/llama.cpp/src/models/cogvlm.cpp
build	Build	2025-12-13T00:33:10.5861317Z   cargo:rerun-if-changed=/home/runner/.cargo/registry/src/index.crates.io-1949cf8c6b5b557f/llama-cpp-sys-2-0.1.129/llama.cpp/src/models/rwkv6-base.cpp
build	Build	2025-12-13T00:33:10.5862775Z   cargo:rerun-if-changed=/home/runner/.cargo/registry/src/index.crates.io-1949cf8c6b5b557f/llama-cpp-sys-2-0.1.129/llama.cpp/src/models/falcon-h1.cpp
build	Build	2025-12-13T00:33:10.5864246Z   cargo:rerun-if-changed=/home/runner/.cargo/registry/src/index.crates.io-1949cf8c6b5b557f/llama-cpp-sys-2-0.1.129/llama.cpp/src/models/gemma2-iswa.cpp
build	Build	2025-12-13T00:33:10.5865704Z   cargo:rerun-if-changed=/home/runner/.cargo/registry/src/index.crates.io-1949cf8c6b5b557f/llama-cpp-sys-2-0.1.129/llama.cpp/src/models/qwen3vl-moe.cpp
build	Build	2025-12-13T00:33:10.5867174Z   cargo:rerun-if-changed=/home/runner/.cargo/registry/src/index.crates.io-1949cf8c6b5b557f/llama-cpp-sys-2-0.1.129/llama.cpp/src/models/granite-hybrid.cpp
build	Build	2025-12-13T00:33:10.5868638Z   cargo:rerun-if-changed=/home/runner/.cargo/registry/src/index.crates.io-1949cf8c6b5b557f/llama-cpp-sys-2-0.1.129/llama.cpp/src/models/openelm.cpp
build	Build	2025-12-13T00:33:10.5870249Z   cargo:rerun-if-changed=/home/runner/.cargo/registry/src/index.crates.io-1949cf8c6b5b557f/llama-cpp-sys-2-0.1.129/llama.cpp/src/models/bailingmoe2.cpp
build	Build	2025-12-13T00:33:10.5871839Z   cargo:rerun-if-changed=/home/runner/.cargo/registry/src/index.crates.io-1949cf8c6b5b557f/llama-cpp-sys-2-0.1.129/llama.cpp/src/models/minimax-m2.cpp
build	Build	2025-12-13T00:33:10.5873442Z   cargo:rerun-if-changed=/home/runner/.cargo/registry/src/index.crates.io-1949cf8c6b5b557f/llama-cpp-sys-2-0.1.129/llama.cpp/src/models/baichuan.cpp
build	Build	2025-12-13T00:33:10.5874902Z   cargo:rerun-if-changed=/home/runner/.cargo/registry/src/index.crates.io-1949cf8c6b5b557f/llama-cpp-sys-2-0.1.129/llama.cpp/src/models/hunyuan-moe.cpp
build	Build	2025-12-13T00:33:10.5876351Z   cargo:rerun-if-changed=/home/runner/.cargo/registry/src/index.crates.io-1949cf8c6b5b557f/llama-cpp-sys-2-0.1.129/llama.cpp/src/models/qwen3moe.cpp
build	Build	2025-12-13T00:33:10.5877833Z   cargo:rerun-if-changed=/home/runner/.cargo/registry/src/index.crates.io-1949cf8c6b5b557f/llama-cpp-sys-2-0.1.129/llama.cpp/src/models/rwkv6qwen2.cpp
build	Build	2025-12-13T00:33:10.5879378Z   cargo:rerun-if-changed=/home/runner/.cargo/registry/src/index.crates.io-1949cf8c6b5b557f/llama-cpp-sys-2-0.1.129/llama.cpp/src/models/gemma-embedding.cpp
build	Build	2025-12-13T00:33:10.5881164Z   cargo:rerun-if-changed=/home/runner/.cargo/registry/src/index.crates.io-1949cf8c6b5b557f/llama-cpp-sys-2-0.1.129/llama.cpp/src/models/pangu-embedded.cpp
build	Build	2025-12-13T00:33:10.5882670Z   cargo:rerun-if-changed=/home/runner/.cargo/registry/src/index.crates.io-1949cf8c6b5b557f/llama-cpp-sys-2-0.1.129/llama.cpp/src/models/ernie4-5.cpp
build	Build	2025-12-13T00:33:10.5884151Z   cargo:rerun-if-changed=/home/runner/.cargo/registry/src/index.crates.io-1949cf8c6b5b557f/llama-cpp-sys-2-0.1.129/llama.cpp/src/models/internlm2.cpp
build	Build	2025-12-13T00:33:10.5885627Z   cargo:rerun-if-changed=/home/runner/.cargo/registry/src/index.crates.io-1949cf8c6b5b557f/llama-cpp-sys-2-0.1.129/llama.cpp/src/models/rwkv6.cpp
build	Build	2025-12-13T00:33:10.5887093Z   cargo:rerun-if-changed=/home/runner/.cargo/registry/src/index.crates.io-1949cf8c6b5b557f/llama-cpp-sys-2-0.1.129/llama.cpp/src/models/bitnet.cpp
build	Build	2025-12-13T00:33:10.5888819Z   cargo:rerun-if-changed=/home/runner/.cargo/registry/src/index.crates.io-1949cf8c6b5b557f/llama-cpp-sys-2-0.1.129/llama.cpp/src/models/wavtokenizer-dec.cpp
build	Build	2025-12-13T00:33:10.5890411Z   cargo:rerun-if-changed=/home/runner/.cargo/registry/src/index.crates.io-1949cf8c6b5b557f/llama-cpp-sys-2-0.1.129/llama.cpp/src/models/xverse.cpp
build	Build	2025-12-13T00:33:10.5892042Z   cargo:rerun-if-changed=/home/runner/.cargo/registry/src/index.crates.io-1949cf8c6b5b557f/llama-cpp-sys-2-0.1.129/llama.cpp/src/models/nemotron.cpp
build	Build	2025-12-13T00:33:10.5893529Z   cargo:rerun-if-changed=/home/runner/.cargo/registry/src/index.crates.io-1949cf8c6b5b557f/llama-cpp-sys-2-0.1.129/llama.cpp/src/models/rwkv7-base.cpp
build	Build	2025-12-13T00:33:10.5894994Z   cargo:rerun-if-changed=/home/runner/.cargo/registry/src/index.crates.io-1949cf8c6b5b557f/llama-cpp-sys-2-0.1.129/llama.cpp/src/models/deci.cpp
build	Build	2025-12-13T00:33:10.5896459Z   cargo:rerun-if-changed=/home/runner/.cargo/registry/src/index.crates.io-1949cf8c6b5b557f/llama-cpp-sys-2-0.1.129/llama.cpp/src/models/jamba.cpp
build	Build	2025-12-13T00:33:10.5897872Z   cargo:rerun-if-changed=/home/runner/.cargo/registry/src/index.crates.io-1949cf8c6b5b557f/llama-cpp-sys-2-0.1.129/llama.cpp/src/models/bert.cpp
build	Build	2025-12-13T00:33:10.5899353Z   cargo:rerun-if-changed=/home/runner/.cargo/registry/src/index.crates.io-1949cf8c6b5b557f/llama-cpp-sys-2-0.1.129/llama.cpp/src/models/cohere2-iswa.cpp
build	Build	2025-12-13T00:33:10.5900817Z   cargo:rerun-if-changed=/home/runner/.cargo/registry/src/index.crates.io-1949cf8c6b5b557f/llama-cpp-sys-2-0.1.129/llama.cpp/src/models/t5-enc.cpp
build	Build	2025-12-13T00:33:10.5902408Z   cargo:rerun-if-changed=/home/runner/.cargo/registry/src/index.crates.io-1949cf8c6b5b557f/llama-cpp-sys-2-0.1.129/llama.cpp/src/models/rwkv7.cpp
build	Build	2025-12-13T00:33:10.5903841Z   cargo:rerun-if-changed=/home/runner/.cargo/registry/src/index.crates.io-1949cf8c6b5b557f/llama-cpp-sys-2-0.1.129/llama.cpp/src/models/arcee.cpp
build	Build	2025-12-13T00:33:10.5905460Z   cargo:rerun-if-changed=/home/runner/.cargo/registry/src/index.crates.io-1949cf8c6b5b557f/llama-cpp-sys-2-0.1.129/llama.cpp/src/models/llada.cpp
build	Build	2025-12-13T00:33:10.5906950Z   cargo:rerun-if-changed=/home/runner/.cargo/registry/src/index.crates.io-1949cf8c6b5b557f/llama-cpp-sys-2-0.1.129/llama.cpp/src/models/arctic.cpp
build	Build	2025-12-13T00:33:10.5908624Z   cargo:rerun-if-changed=/home/runner/.cargo/registry/src/index.crates.io-1949cf8c6b5b557f/llama-cpp-sys-2-0.1.129/llama.cpp/src/models/qwen.cpp
build	Build	2025-12-13T00:33:10.5910078Z   cargo:rerun-if-changed=/home/runner/.cargo/registry/src/index.crates.io-1949cf8c6b5b557f/llama-cpp-sys-2-0.1.129/llama.cpp/src/models/jais.cpp
build	Build	2025-12-13T00:33:10.5911669Z   cargo:rerun-if-changed=/home/runner/.cargo/registry/src/index.crates.io-1949cf8c6b5b557f/llama-cpp-sys-2-0.1.129/llama.cpp/src/models/gemma.cpp
build	Build	2025-12-13T00:33:10.5913126Z   cargo:rerun-if-changed=/home/runner/.cargo/registry/src/index.crates.io-1949cf8c6b5b557f/llama-cpp-sys-2-0.1.129/llama.cpp/src/models/qwen3vl.cpp
build	Build	2025-12-13T00:33:10.5914578Z   cargo:rerun-if-changed=/home/runner/.cargo/registry/src/index.crates.io-1949cf8c6b5b557f/llama-cpp-sys-2-0.1.129/llama.cpp/src/models/gptneox.cpp
build	Build	2025-12-13T00:33:10.5916031Z   cargo:rerun-if-changed=/home/runner/.cargo/registry/src/index.crates.io-1949cf8c6b5b557f/llama-cpp-sys-2-0.1.129/llama.cpp/src/models/gpt2.cpp
build	Build	2025-12-13T00:33:10.5917454Z   cargo:rerun-if-changed=/home/runner/.cargo/registry/src/index.crates.io-1949cf8c6b5b557f/llama-cpp-sys-2-0.1.129/llama.cpp/src/models/bailingmoe.cpp
build	Build	2025-12-13T00:33:10.5918840Z   cargo:rerun-if-changed=/home/runner/.cargo/registry/src/index.crates.io-1949cf8c6b5b557f/llama-cpp-sys-2-0.1.129/llama.cpp/src/models/phi2.cpp
build	Build	2025-12-13T00:33:10.5920225Z   cargo:rerun-if-changed=/home/runner/.cargo/registry/src/index.crates.io-1949cf8c6b5b557f/llama-cpp-sys-2-0.1.129/llama.cpp/src/models/gemma3-iswa.cpp
build	Build	2025-12-13T00:33:10.5921893Z   cargo:rerun-if-changed=/home/runner/.cargo/registry/src/index.crates.io-1949cf8c6b5b557f/llama-cpp-sys-2-0.1.129/llama.cpp/src/models/falcon.cpp
build	Build	2025-12-13T00:33:10.5923385Z   cargo:rerun-if-changed=/home/runner/.cargo/registry/src/index.crates.io-1949cf8c6b5b557f/llama-cpp-sys-2-0.1.129/llama.cpp/src/models/exaone.cpp
build	Build	2025-12-13T00:33:10.5924961Z   cargo:rerun-if-changed=/home/runner/.cargo/registry/src/index.crates.io-1949cf8c6b5b557f/llama-cpp-sys-2-0.1.129/llama.cpp/src/models/arwkv7.cpp
build	Build	2025-12-13T00:33:10.5926515Z   cargo:rerun-if-changed=/home/runner/.cargo/registry/src/index.crates.io-1949cf8c6b5b557f/llama-cpp-sys-2-0.1.129/llama.cpp/src/models/mpt.cpp
build	Build	2025-12-13T00:33:10.5928027Z   cargo:rerun-if-changed=/home/runner/.cargo/registry/src/index.crates.io-1949cf8c6b5b557f/llama-cpp-sys-2-0.1.129/llama.cpp/src/models/apertus.cpp
build	Build	2025-12-13T00:33:10.5929501Z   cargo:rerun-if-changed=/home/runner/.cargo/registry/src/index.crates.io-1949cf8c6b5b557f/llama-cpp-sys-2-0.1.129/llama.cpp/src/models/plm.cpp
build	Build	2025-12-13T00:33:10.5931126Z   cargo:rerun-if-changed=/home/runner/.cargo/registry/src/index.crates.io-1949cf8c6b5b557f/llama-cpp-sys-2-0.1.129/llama.cpp/src/models/nemotron-h.cpp
build	Build	2025-12-13T00:33:10.5932684Z   cargo:rerun-if-changed=/home/runner/.cargo/registry/src/index.crates.io-1949cf8c6b5b557f/llama-cpp-sys-2-0.1.129/llama.cpp/src/models/deepseek2.cpp
build	Build	2025-12-13T00:33:10.5934223Z   cargo:rerun-if-changed=/home/runner/.cargo/registry/src/index.crates.io-1949cf8c6b5b557f/llama-cpp-sys-2-0.1.129/llama.cpp/src/models/qwen3.cpp
build	Build	2025-12-13T00:33:10.5935828Z   cargo:rerun-if-changed=/home/runner/.cargo/registry/src/index.crates.io-1949cf8c6b5b557f/llama-cpp-sys-2-0.1.129/llama.cpp/src/models/starcoder2.cpp
build	Build	2025-12-13T00:33:10.5937567Z   cargo:rerun-if-changed=/home/runner/.cargo/registry/src/index.crates.io-1949cf8c6b5b557f/llama-cpp-sys-2-0.1.129/llama.cpp/src/models/openai-moe-iswa.cpp
build	Build	2025-12-13T00:33:10.5939142Z   cargo:rerun-if-changed=/home/runner/.cargo/registry/src/index.crates.io-1949cf8c6b5b557f/llama-cpp-sys-2-0.1.129/llama.cpp/src/models/models.h
build	Build	2025-12-13T00:33:10.5941008Z   cargo:rerun-if-changed=/home/runner/.cargo/registry/src/index.crates.io-1949cf8c6b5b557f/llama-cpp-sys-2-0.1.129/llama.cpp/src/models/neo-bert.cpp
build	Build	2025-12-13T00:33:10.5942514Z   cargo:rerun-if-changed=/home/runner/.cargo/registry/src/index.crates.io-1949cf8c6b5b557f/llama-cpp-sys-2-0.1.129/llama.cpp/src/models/grovemoe.cpp
build	Build	2025-12-13T00:33:10.5944218Z   cargo:rerun-if-changed=/home/runner/.cargo/registry/src/index.crates.io-1949cf8c6b5b557f/llama-cpp-sys-2-0.1.129/llama.cpp/src/models/qwen2moe.cpp
build	Build	2025-12-13T00:33:10.5945712Z   cargo:rerun-if-changed=/home/runner/.cargo/registry/src/index.crates.io-1949cf8c6b5b557f/llama-cpp-sys-2-0.1.129/llama.cpp/src/models/olmoe.cpp
build	Build	2025-12-13T00:33:10.5947197Z   cargo:rerun-if-changed=/home/runner/.cargo/registry/src/index.crates.io-1949cf8c6b5b557f/llama-cpp-sys-2-0.1.129/llama.cpp/src/models/mamba.cpp
build	Build	2025-12-13T00:33:10.5948668Z   cargo:rerun-if-changed=/home/runner/.cargo/registry/src/index.crates.io-1949cf8c6b5b557f/llama-cpp-sys-2-0.1.129/llama.cpp/src/models/glm4.cpp
build	Build	2025-12-13T00:33:10.5950168Z   cargo:rerun-if-changed=/home/runner/.cargo/registry/src/index.crates.io-1949cf8c6b5b557f/llama-cpp-sys-2-0.1.129/llama.cpp/src/models/chameleon.cpp
build	Build	2025-12-13T00:33:10.5951903Z   cargo:rerun-if-changed=/home/runner/.cargo/registry/src/index.crates.io-1949cf8c6b5b557f/llama-cpp-sys-2-0.1.129/llama.cpp/src/models/qwen2vl.cpp
build	Build	2025-12-13T00:33:10.5953475Z   cargo:rerun-if-changed=/home/runner/.cargo/registry/src/index.crates.io-1949cf8c6b5b557f/llama-cpp-sys-2-0.1.129/llama.cpp/src/models/dream.cpp
build	Build	2025-12-13T00:33:10.5954989Z   cargo:rerun-if-changed=/home/runner/.cargo/registry/src/index.crates.io-1949cf8c6b5b557f/llama-cpp-sys-2-0.1.129/llama.cpp/src/models/lfm2.cpp
build	Build	2025-12-13T00:33:10.5956577Z   cargo:rerun-if-changed=/home/runner/.cargo/registry/src/index.crates.io-1949cf8c6b5b557f/llama-cpp-sys-2-0.1.129/llama.cpp/src/models/codeshell.cpp
build	Build	2025-12-13T00:33:10.5958143Z   cargo:rerun-if-changed=/home/runner/.cargo/registry/src/index.crates.io-1949cf8c6b5b557f/llama-cpp-sys-2-0.1.129/llama.cpp/src/models/refact.cpp
build	Build	2025-12-13T00:33:10.5959810Z   cargo:rerun-if-changed=/home/runner/.cargo/registry/src/index.crates.io-1949cf8c6b5b557f/llama-cpp-sys-2-0.1.129/llama.cpp/src/models/granite.cpp
build	Build	2025-12-13T00:33:10.5961452Z   cargo:rerun-if-changed=/home/runner/.cargo/registry/src/index.crates.io-1949cf8c6b5b557f/llama-cpp-sys-2-0.1.129/llama.cpp/src/models/glm4-moe.cpp
build	Build	2025-12-13T00:33:10.5962887Z   cargo:rerun-if-changed=/home/runner/.cargo/registry/src/index.crates.io-1949cf8c6b5b557f/llama-cpp-sys-2-0.1.129/llama.cpp/src/models/gemma3n-iswa.cpp
build	Build	2025-12-13T00:33:10.5964318Z   cargo:rerun-if-changed=/home/runner/.cargo/registry/src/index.crates.io-1949cf8c6b5b557f/llama-cpp-sys-2-0.1.129/llama.cpp/src/models/afmoe.cpp
build	Build	2025-12-13T00:33:10.5965713Z   cargo:rerun-if-changed=/home/runner/.cargo/registry/src/index.crates.io-1949cf8c6b5b557f/llama-cpp-sys-2-0.1.129/llama.cpp/src/models/olmo.cpp
build	Build	2025-12-13T00:33:10.5967112Z   cargo:rerun-if-changed=/home/runner/.cargo/registry/src/index.crates.io-1949cf8c6b5b557f/llama-cpp-sys-2-0.1.129/llama.cpp/src/models/llada-moe.cpp
build	Build	2025-12-13T00:33:10.5968494Z   cargo:rerun-if-changed=/home/runner/.cargo/registry/src/index.crates.io-1949cf8c6b5b557f/llama-cpp-sys-2-0.1.129/llama.cpp/src/models/qwen2.cpp
build	Build	2025-12-13T00:33:10.5969895Z   cargo:rerun-if-changed=/home/runner/.cargo/registry/src/index.crates.io-1949cf8c6b5b557f/llama-cpp-sys-2-0.1.129/llama.cpp/src/models/phi3.cpp
build	Build	2025-12-13T00:33:10.5971383Z   cargo:rerun-if-changed=/home/runner/.cargo/registry/src/index.crates.io-1949cf8c6b5b557f/llama-cpp-sys-2-0.1.129/llama.cpp/src/models/chatglm.cpp
build	Build	2025-12-13T00:33:10.5972857Z   cargo:rerun-if-changed=/home/runner/.cargo/registry/src/index.crates.io-1949cf8c6b5b557f/llama-cpp-sys-2-0.1.129/llama.cpp/src/models/command-r.cpp
build	Build	2025-12-13T00:33:10.5974346Z   cargo:rerun-if-changed=/home/runner/.cargo/registry/src/index.crates.io-1949cf8c6b5b557f/llama-cpp-sys-2-0.1.129/llama.cpp/src/models/dbrx.cpp
build	Build	2025-12-13T00:33:10.5976031Z   cargo:rerun-if-changed=/home/runner/.cargo/registry/src/index.crates.io-1949cf8c6b5b557f/llama-cpp-sys-2-0.1.129/llama.cpp/src/models/hunyuan-dense.cpp
build	Build	2025-12-13T00:33:10.5977529Z   cargo:rerun-if-changed=/home/runner/.cargo/registry/src/index.crates.io-1949cf8c6b5b557f/llama-cpp-sys-2-0.1.129/llama.cpp/src/models/plamo2.cpp
build	Build	2025-12-13T00:33:10.5979183Z   cargo:rerun-if-changed=/home/runner/.cargo/registry/src/index.crates.io-1949cf8c6b5b557f/llama-cpp-sys-2-0.1.129/llama.cpp/src/models/smollm3.cpp
build	Build	2025-12-13T00:33:10.5980649Z   cargo:rerun-if-changed=/home/runner/.cargo/registry/src/index.crates.io-1949cf8c6b5b557f/llama-cpp-sys-2-0.1.129/llama.cpp/src/models/seed-oss.cpp
build	Build	2025-12-13T00:33:10.5982229Z   cargo:rerun-if-changed=/home/runner/.cargo/registry/src/index.crates.io-1949cf8c6b5b557f/llama-cpp-sys-2-0.1.129/llama.cpp/src/models/smallthinker.cpp
build	Build	2025-12-13T00:33:10.5983739Z   cargo:rerun-if-changed=/home/runner/.cargo/registry/src/index.crates.io-1949cf8c6b5b557f/llama-cpp-sys-2-0.1.129/llama.cpp/src/models/graph-context-mamba.cpp
build	Build	2025-12-13T00:33:10.5985263Z   cargo:rerun-if-changed=/home/runner/.cargo/registry/src/index.crates.io-1949cf8c6b5b557f/llama-cpp-sys-2-0.1.129/llama.cpp/src/models/grok.cpp
build	Build	2025-12-13T00:33:10.5986691Z   cargo:rerun-if-changed=/home/runner/.cargo/registry/src/index.crates.io-1949cf8c6b5b557f/llama-cpp-sys-2-0.1.129/llama.cpp/src/models/bloom.cpp
build	Build	2025-12-13T00:33:10.5988176Z   cargo:rerun-if-changed=/home/runner/.cargo/registry/src/index.crates.io-1949cf8c6b5b557f/llama-cpp-sys-2-0.1.129/llama.cpp/src/models/ernie4-5-moe.cpp
build	Build	2025-12-13T00:33:10.5989638Z   cargo:rerun-if-changed=/home/runner/.cargo/registry/src/index.crates.io-1949cf8c6b5b557f/llama-cpp-sys-2-0.1.129/llama.cpp/src/models/minicpm3.cpp
build	Build	2025-12-13T00:33:10.5991126Z   cargo:rerun-if-changed=/home/runner/.cargo/registry/src/index.crates.io-1949cf8c6b5b557f/llama-cpp-sys-2-0.1.129/llama.cpp/src/models/dots1.cpp
build	Build	2025-12-13T00:33:10.5992474Z   cargo:rerun-if-changed=/home/runner/.cargo/registry/src/index.crates.io-1949cf8c6b5b557f/llama-cpp-sys-2-0.1.129/llama.cpp/src/models/olmo2.cpp
build	Build	2025-12-13T00:33:10.5993840Z   cargo:rerun-if-changed=/home/runner/.cargo/registry/src/index.crates.io-1949cf8c6b5b557f/llama-cpp-sys-2-0.1.129/llama.cpp/src/models/t5-dec.cpp
build	Build	2025-12-13T00:33:10.5995217Z   cargo:rerun-if-changed=/home/runner/.cargo/registry/src/index.crates.io-1949cf8c6b5b557f/llama-cpp-sys-2-0.1.129/llama.cpp/src/models/llama-iswa.cpp
build	Build	2025-12-13T00:33:10.5996588Z   cargo:rerun-if-changed=/home/runner/.cargo/registry/src/index.crates.io-1949cf8c6b5b557f/llama-cpp-sys-2-0.1.129/llama.cpp/src/models/llama.cpp
build	Build	2025-12-13T00:33:10.5997966Z   cargo:rerun-if-changed=/home/runner/.cargo/registry/src/index.crates.io-1949cf8c6b5b557f/llama-cpp-sys-2-0.1.129/llama.cpp/src/models/starcoder.cpp
build	Build	2025-12-13T00:33:10.5999350Z   cargo:rerun-if-changed=/home/runner/.cargo/registry/src/index.crates.io-1949cf8c6b5b557f/llama-cpp-sys-2-0.1.129/llama.cpp/src/models/deepseek.cpp
build	Build	2025-12-13T00:33:10.6000729Z   cargo:rerun-if-changed=/home/runner/.cargo/registry/src/index.crates.io-1949cf8c6b5b557f/llama-cpp-sys-2-0.1.129/llama.cpp/src/models/orion.cpp
build	Build	2025-12-13T00:33:10.6002270Z   cargo:rerun-if-changed=/home/runner/.cargo/registry/src/index.crates.io-1949cf8c6b5b557f/llama-cpp-sys-2-0.1.129/llama.cpp/src/models/exaone4.cpp
build	Build	2025-12-13T00:33:10.6003767Z   cargo:rerun-if-changed=/home/runner/.cargo/registry/src/index.crates.io-1949cf8c6b5b557f/llama-cpp-sys-2-0.1.129/llama.cpp/src/models/plamo.cpp
build	Build	2025-12-13T00:33:10.6005267Z   cargo:rerun-if-changed=/home/runner/.cargo/registry/src/index.crates.io-1949cf8c6b5b557f/llama-cpp-sys-2-0.1.129/llama.cpp/src/llama-model.h
build	Build	2025-12-13T00:33:10.6006772Z   cargo:rerun-if-changed=/home/runner/.cargo/registry/src/index.crates.io-1949cf8c6b5b557f/llama-cpp-sys-2-0.1.129/llama.cpp/src/llama-vocab.h
build	Build	2025-12-13T00:33:10.6008380Z   cargo:rerun-if-changed=/home/runner/.cargo/registry/src/index.crates.io-1949cf8c6b5b557f/llama-cpp-sys-2-0.1.129/llama.cpp/src/llama-memory-hybrid.cpp
build	Build	2025-12-13T00:33:10.6010360Z   cargo:rerun-if-changed=/home/runner/.cargo/registry/src/index.crates.io-1949cf8c6b5b557f/llama-cpp-sys-2-0.1.129/llama.cpp/src/unicode-data.cpp
build	Build	2025-12-13T00:33:10.6012205Z   cargo:rerun-if-changed=/home/runner/.cargo/registry/src/index.crates.io-1949cf8c6b5b557f/llama-cpp-sys-2-0.1.129/llama.cpp/src/llama-cparams.cpp
build	Build	2025-12-13T00:33:10.6014056Z   cargo:rerun-if-changed=/home/runner/.cargo/registry/src/index.crates.io-1949cf8c6b5b557f/llama-cpp-sys-2-0.1.129/llama.cpp/src/llama-mmap.h
build	Build	2025-12-13T00:33:10.6015702Z   cargo:rerun-if-changed=/home/runner/.cargo/registry/src/index.crates.io-1949cf8c6b5b557f/llama-cpp-sys-2-0.1.129/llama.cpp/src/llama-adapter.cpp
build	Build	2025-12-13T00:33:10.6017326Z   cargo:rerun-if-changed=/home/runner/.cargo/registry/src/index.crates.io-1949cf8c6b5b557f/llama-cpp-sys-2-0.1.129/llama.cpp/src/llama-model-loader.cpp
build	Build	2025-12-13T00:33:10.6018825Z   cargo:rerun-if-changed=/home/runner/.cargo/registry/src/index.crates.io-1949cf8c6b5b557f/llama-cpp-sys-2-0.1.129/llama.cpp/src/llama-io.cpp
build	Build	2025-12-13T00:33:10.6020263Z   cargo:rerun-if-changed=/home/runner/.cargo/registry/src/index.crates.io-1949cf8c6b5b557f/llama-cpp-sys-2-0.1.129/llama.cpp/src/llama-graph.h
build	Build	2025-12-13T00:33:10.6021746Z   cargo:rerun-if-changed=/home/runner/.cargo/registry/src/index.crates.io-1949cf8c6b5b557f/llama-cpp-sys-2-0.1.129/llama.cpp/src/unicode.h
build	Build	2025-12-13T00:33:10.6023357Z   cargo:rerun-if-changed=/home/runner/.cargo/registry/src/index.crates.io-1949cf8c6b5b557f/llama-cpp-sys-2-0.1.129/llama.cpp/src/llama-kv-cells.h
build	Build	2025-12-13T00:33:10.6024880Z   cargo:rerun-if-changed=/home/runner/.cargo/registry/src/index.crates.io-1949cf8c6b5b557f/llama-cpp-sys-2-0.1.129/llama.cpp/src/llama-arch.cpp
build	Build	2025-12-13T00:33:10.6026442Z   cargo:rerun-if-changed=/home/runner/.cargo/registry/src/index.crates.io-1949cf8c6b5b557f/llama-cpp-sys-2-0.1.129/llama.cpp/src/llama-memory.cpp
build	Build	2025-12-13T00:33:10.6027964Z   cargo:rerun-if-changed=/home/runner/.cargo/registry/src/index.crates.io-1949cf8c6b5b557f/llama-cpp-sys-2-0.1.129/llama.cpp/src/llama-model-saver.h
build	Build	2025-12-13T00:33:10.6029454Z   cargo:rerun-if-changed=/home/runner/.cargo/registry/src/index.crates.io-1949cf8c6b5b557f/llama-cpp-sys-2-0.1.129/llama.cpp/src/llama-vocab.cpp
build	Build	2025-12-13T00:33:10.6031060Z   cargo:rerun-if-changed=/home/runner/.cargo/registry/src/index.crates.io-1949cf8c6b5b557f/llama-cpp-sys-2-0.1.129/llama.cpp/src/llama-chat.h
build	Build	2025-12-13T00:33:10.6032410Z   cargo:rerun-if-changed=/home/runner/.cargo/registry/src/index.crates.io-1949cf8c6b5b557f/llama-cpp-sys-2-0.1.129/llama.cpp/src/llama-batch.h
build	Build	2025-12-13T00:33:10.6033947Z   cargo:rerun-if-changed=/home/runner/.cargo/registry/src/index.crates.io-1949cf8c6b5b557f/llama-cpp-sys-2-0.1.129/llama.cpp/src/llama-memory-recurrent.cpp
build	Build	2025-12-13T00:33:10.6035630Z   cargo:rerun-if-changed=/home/runner/.cargo/registry/src/index.crates.io-1949cf8c6b5b557f/llama-cpp-sys-2-0.1.129/llama.cpp/src/llama-memory.h
build	Build	2025-12-13T00:33:10.6037194Z   cargo:rerun-if-changed=/home/runner/.cargo/registry/src/index.crates.io-1949cf8c6b5b557f/llama-cpp-sys-2-0.1.129/llama.cpp/src/llama-hparams.h
build	Build	2025-12-13T00:33:10.6038751Z   cargo:rerun-if-changed=/home/runner/.cargo/registry/src/index.crates.io-1949cf8c6b5b557f/llama-cpp-sys-2-0.1.129/llama.cpp/src/unicode.cpp
build	Build	2025-12-13T00:33:10.6040333Z   cargo:rerun-if-changed=/home/runner/.cargo/registry/src/index.crates.io-1949cf8c6b5b557f/llama-cpp-sys-2-0.1.129/llama.cpp/src/llama-impl.h
build	Build	2025-12-13T00:33:10.6042163Z   cargo:rerun-if-changed=/home/runner/.cargo/registry/src/index.crates.io-1949cf8c6b5b557f/llama-cpp-sys-2-0.1.129/llama.cpp/src/CMakeLists.txt
build	Build	2025-12-13T00:33:10.6043900Z   cargo:rerun-if-changed=/home/runner/.cargo/registry/src/index.crates.io-1949cf8c6b5b557f/llama-cpp-sys-2-0.1.129/llama.cpp/src/llama-kv-cache-iswa.cpp
build	Build	2025-12-13T00:33:10.6045620Z   cargo:rerun-if-changed=/home/runner/.cargo/registry/src/index.crates.io-1949cf8c6b5b557f/llama-cpp-sys-2-0.1.129/llama.cpp/src/llama-quant.h
build	Build	2025-12-13T00:33:10.6047312Z   cargo:rerun-if-changed=/home/runner/.cargo/registry/src/index.crates.io-1949cf8c6b5b557f/llama-cpp-sys-2-0.1.129/llama.cpp/src/llama-kv-cache-iswa.h
build	Build	2025-12-13T00:33:10.6049210Z   cargo:rerun-if-changed=/home/runner/.cargo/registry/src/index.crates.io-1949cf8c6b5b557f/llama-cpp-sys-2-0.1.129/llama.cpp/src/llama-arch.h
build	Build	2025-12-13T00:33:10.6051120Z   cargo:rerun-if-changed=/home/runner/.cargo/registry/src/index.crates.io-1949cf8c6b5b557f/llama-cpp-sys-2-0.1.129/llama.cpp/src/llama-chat.cpp
build	Build	2025-12-13T00:33:10.6052733Z   cargo:rerun-if-changed=/home/runner/.cargo/registry/src/index.crates.io-1949cf8c6b5b557f/llama-cpp-sys-2-0.1.129/llama.cpp/src/llama-sampling.cpp
build	Build	2025-12-13T00:33:10.6054205Z   cargo:rerun-if-changed=/home/runner/.cargo/registry/src/index.crates.io-1949cf8c6b5b557f/llama-cpp-sys-2-0.1.129/llama.cpp/src/llama-io.h
build	Build	2025-12-13T00:33:10.6055751Z   cargo:rerun-if-changed=/home/runner/.cargo/registry/src/index.crates.io-1949cf8c6b5b557f/llama-cpp-sys-2-0.1.129/llama.cpp/src/llama-hparams.cpp
build	Build	2025-12-13T00:33:10.6057398Z   cargo:rerun-if-changed=/home/runner/.cargo/registry/src/index.crates.io-1949cf8c6b5b557f/llama-cpp-sys-2-0.1.129/llama.cpp/src/llama-impl.cpp
build	Build	2025-12-13T00:33:10.6059023Z   cargo:rerun-if-changed=/home/runner/.cargo/registry/src/index.crates.io-1949cf8c6b5b557f/llama-cpp-sys-2-0.1.129/llama.cpp/src/llama-sampling.h
build	Build	2025-12-13T00:33:10.6060687Z   cargo:rerun-if-changed=/home/runner/.cargo/registry/src/index.crates.io-1949cf8c6b5b557f/llama-cpp-sys-2-0.1.129/llama.cpp/src/llama-model-loader.h
build	Build	2025-12-13T00:33:10.6062583Z   cargo:rerun-if-changed=/home/runner/.cargo/registry/src/index.crates.io-1949cf8c6b5b557f/llama-cpp-sys-2-0.1.129/llama.cpp/src/llama-quant.cpp
build	Build	2025-12-13T00:33:10.6064234Z   cargo:rerun-if-changed=/home/runner/.cargo/registry/src/index.crates.io-1949cf8c6b5b557f/llama-cpp-sys-2-0.1.129/llama.cpp/src/unicode-data.h
build	Build	2025-12-13T00:33:10.6065906Z   cargo:rerun-if-changed=/home/runner/.cargo/registry/src/index.crates.io-1949cf8c6b5b557f/llama-cpp-sys-2-0.1.129/llama.cpp/src/llama-batch.cpp
build	Build	2025-12-13T00:33:10.6067639Z   cargo:rerun-if-changed=/home/runner/.cargo/registry/src/index.crates.io-1949cf8c6b5b557f/llama-cpp-sys-2-0.1.129/llama.cpp/src/llama-memory-recurrent.h
build	Build	2025-12-13T00:33:10.6069396Z   cargo:rerun-if-changed=/home/runner/.cargo/registry/src/index.crates.io-1949cf8c6b5b557f/llama-cpp-sys-2-0.1.129/llama.cpp/src/llama-model-saver.cpp
build	Build	2025-12-13T00:33:10.6071238Z   cargo:rerun-if-changed=/home/runner/.cargo/registry/src/index.crates.io-1949cf8c6b5b557f/llama-cpp-sys-2-0.1.129/llama.cpp/src/llama-mmap.cpp
build	Build	2025-12-13T00:33:10.6072857Z   cargo:rerun-if-changed=/home/runner/.cargo/registry/src/index.crates.io-1949cf8c6b5b557f/llama-cpp-sys-2-0.1.129/llama.cpp/src/llama-grammar.h
build	Build	2025-12-13T00:33:10.6074453Z   cargo:rerun-if-changed=/home/runner/.cargo/registry/src/index.crates.io-1949cf8c6b5b557f/llama-cpp-sys-2-0.1.129/llama.cpp/src/llama-graph.cpp
build	Build	2025-12-13T00:33:10.6076106Z   cargo:rerun-if-changed=/home/runner/.cargo/registry/src/index.crates.io-1949cf8c6b5b557f/llama-cpp-sys-2-0.1.129/llama.cpp/src/llama-cparams.h
build	Build	2025-12-13T00:33:10.6077751Z   cargo:rerun-if-changed=/home/runner/.cargo/registry/src/index.crates.io-1949cf8c6b5b557f/llama-cpp-sys-2-0.1.129/llama.cpp/src/llama-context.h
build	Build	2025-12-13T00:33:10.6079354Z   cargo:rerun-if-changed=/home/runner/.cargo/registry/src/index.crates.io-1949cf8c6b5b557f/llama-cpp-sys-2-0.1.129/llama.cpp/src/llama-model.cpp
build	Build	2025-12-13T00:33:10.6081086Z   cargo:rerun-if-changed=/home/runner/.cargo/registry/src/index.crates.io-1949cf8c6b5b557f/llama-cpp-sys-2-0.1.129/llama.cpp/src/llama.cpp
build	Build	2025-12-13T00:33:10.6082755Z   cargo:rerun-if-changed=/home/runner/.cargo/registry/src/index.crates.io-1949cf8c6b5b557f/llama-cpp-sys-2-0.1.129/llama.cpp/src/llama-memory-hybrid.h
build	Build	2025-12-13T00:33:10.6083862Z   cargo:rerun-if-env-changed=TARGET
build	Build	2025-12-13T00:33:10.6084487Z   cargo:rerun-if-env-changed=BINDGEN_EXTRA_CLANG_ARGS_x86_64-unknown-linux-gnu
build	Build	2025-12-13T00:33:10.6085325Z   cargo:rerun-if-env-changed=BINDGEN_EXTRA_CLANG_ARGS_x86_64_unknown_linux_gnu
build	Build	2025-12-13T00:33:10.6086039Z   cargo:rerun-if-env-changed=BINDGEN_EXTRA_CLANG_ARGS
build	Build	2025-12-13T00:33:10.6086909Z   cargo:rerun-if-changed=wrapper.h
build	Build	2025-12-13T00:33:10.6087383Z   cargo:rerun-if-changed=./llama.cpp/include/llama.h
build	Build	2025-12-13T00:33:10.6088464Z   cargo:rerun-if-changed=/home/runner/.cargo/registry/src/index.crates.io-1949cf8c6b5b557f/llama-cpp-sys-2-0.1.129/llama.cpp/ggml/include/ggml.h
build	Build	2025-12-13T00:33:10.6089904Z   cargo:rerun-if-changed=/usr/lib/llvm-18/lib/clang/18/include/stdbool.h
build	Build	2025-12-13T00:33:10.6090634Z   cargo:rerun-if-changed=/usr/lib/llvm-18/lib/clang/18/include/stddef.h
build	Build	2025-12-13T00:33:10.6091633Z   cargo:rerun-if-changed=/usr/lib/llvm-18/lib/clang/18/include/__stddef_ptrdiff_t.h
build	Build	2025-12-13T00:33:10.6092523Z   cargo:rerun-if-changed=/usr/lib/llvm-18/lib/clang/18/include/__stddef_size_t.h
build	Build	2025-12-13T00:33:10.6093352Z   cargo:rerun-if-changed=/usr/lib/llvm-18/lib/clang/18/include/__stddef_wchar_t.h
build	Build	2025-12-13T00:33:10.6094178Z   cargo:rerun-if-changed=/usr/lib/llvm-18/lib/clang/18/include/__stddef_null.h
build	Build	2025-12-13T00:33:10.6095001Z   cargo:rerun-if-changed=/usr/lib/llvm-18/lib/clang/18/include/__stddef_max_align_t.h
build	Build	2025-12-13T00:33:10.6095871Z   cargo:rerun-if-changed=/usr/lib/llvm-18/lib/clang/18/include/__stddef_offsetof.h
build	Build	2025-12-13T00:33:10.6096644Z   cargo:rerun-if-changed=/usr/lib/llvm-18/lib/clang/18/include/stdint.h
build	Build	2025-12-13T00:33:10.6097254Z   cargo:rerun-if-changed=/usr/include/stdint.h
build	Build	2025-12-13T00:33:10.6097889Z   cargo:rerun-if-changed=/usr/include/x86_64-linux-gnu/bits/libc-header-start.h
build	Build	2025-12-13T00:33:10.6098537Z   cargo:rerun-if-changed=/usr/include/features.h
build	Build	2025-12-13T00:33:10.6099088Z   cargo:rerun-if-changed=/usr/include/features-time64.h
build	Build	2025-12-13T00:33:10.6099712Z   cargo:rerun-if-changed=/usr/include/x86_64-linux-gnu/bits/wordsize.h
build	Build	2025-12-13T00:33:10.6100347Z   cargo:rerun-if-changed=/usr/include/x86_64-linux-gnu/bits/timesize.h
build	Build	2025-12-13T00:33:10.6101244Z   cargo:rerun-if-changed=/usr/include/x86_64-linux-gnu/bits/wordsize.h
build	Build	2025-12-13T00:33:10.6101882Z   cargo:rerun-if-changed=/usr/include/stdc-predef.h
build	Build	2025-12-13T00:33:10.6102493Z   cargo:rerun-if-changed=/usr/include/x86_64-linux-gnu/sys/cdefs.h
build	Build	2025-12-13T00:33:10.6103178Z   cargo:rerun-if-changed=/usr/include/x86_64-linux-gnu/bits/wordsize.h
build	Build	2025-12-13T00:33:10.6103898Z   cargo:rerun-if-changed=/usr/include/x86_64-linux-gnu/bits/long-double.h
build	Build	2025-12-13T00:33:10.6104617Z   cargo:rerun-if-changed=/usr/include/x86_64-linux-gnu/gnu/stubs.h
build	Build	2025-12-13T00:33:10.6105312Z   cargo:rerun-if-changed=/usr/include/x86_64-linux-gnu/gnu/stubs-64.h
build	Build	2025-12-13T00:33:10.6105990Z   cargo:rerun-if-changed=/usr/include/x86_64-linux-gnu/bits/types.h
build	Build	2025-12-13T00:33:10.6106564Z   cargo:rerun-if-changed=/usr/include/features.h
build	Build	2025-12-13T00:33:10.6107136Z   cargo:rerun-if-changed=/usr/include/x86_64-linux-gnu/bits/wordsize.h
build	Build	2025-12-13T00:33:10.6107782Z   cargo:rerun-if-changed=/usr/include/x86_64-linux-gnu/bits/timesize.h
build	Build	2025-12-13T00:33:10.6108465Z   cargo:rerun-if-changed=/usr/include/x86_64-linux-gnu/bits/wordsize.h
build	Build	2025-12-13T00:33:10.6109126Z   cargo:rerun-if-changed=/usr/include/x86_64-linux-gnu/bits/typesizes.h
build	Build	2025-12-13T00:33:10.6109799Z   cargo:rerun-if-changed=/usr/include/x86_64-linux-gnu/bits/time64.h
build	Build	2025-12-13T00:33:10.6110475Z   cargo:rerun-if-changed=/usr/include/x86_64-linux-gnu/bits/wchar.h
build	Build	2025-12-13T00:33:10.6111339Z   cargo:rerun-if-changed=/usr/include/x86_64-linux-gnu/bits/wordsize.h
build	Build	2025-12-13T00:33:10.6112090Z   cargo:rerun-if-changed=/usr/include/x86_64-linux-gnu/bits/stdint-intn.h
build	Build	2025-12-13T00:33:10.6112795Z   cargo:rerun-if-changed=/usr/include/x86_64-linux-gnu/bits/types.h
build	Build	2025-12-13T00:33:10.6113493Z   cargo:rerun-if-changed=/usr/include/x86_64-linux-gnu/bits/stdint-uintn.h
build	Build	2025-12-13T00:33:10.6114206Z   cargo:rerun-if-changed=/usr/include/x86_64-linux-gnu/bits/types.h
build	Build	2025-12-13T00:33:10.6114920Z   cargo:rerun-if-changed=/usr/include/x86_64-linux-gnu/bits/stdint-least.h
build	Build	2025-12-13T00:33:10.6115642Z   cargo:rerun-if-changed=/usr/include/x86_64-linux-gnu/bits/types.h
build	Build	2025-12-13T00:33:10.6116220Z   cargo:rerun-if-changed=/usr/include/stdio.h
build	Build	2025-12-13T00:33:10.6117127Z   cargo:rerun-if-changed=/usr/include/x86_64-linux-gnu/bits/libc-header-start.h
build	Build	2025-12-13T00:33:10.6117776Z   cargo:rerun-if-changed=/usr/include/features.h
build	Build	2025-12-13T00:33:10.6118325Z   cargo:rerun-if-changed=/usr/lib/llvm-18/lib/clang/18/include/stddef.h
build	Build	2025-12-13T00:33:10.6119246Z   cargo:rerun-if-changed=/usr/lib/llvm-18/lib/clang/18/include/__stddef_size_t.h
build	Build	2025-12-13T00:33:10.6120026Z   cargo:rerun-if-changed=/usr/lib/llvm-18/lib/clang/18/include/__stddef_null.h
build	Build	2025-12-13T00:33:10.6120776Z   cargo:rerun-if-changed=/usr/lib/llvm-18/lib/clang/18/include/stdarg.h
build	Build	2025-12-13T00:33:10.6121807Z   cargo:rerun-if-changed=/usr/lib/llvm-18/lib/clang/18/include/__stdarg___gnuc_va_list.h
build	Build	2025-12-13T00:33:10.6122604Z   cargo:rerun-if-changed=/usr/include/x86_64-linux-gnu/bits/types.h
build	Build	2025-12-13T00:33:10.6123342Z   cargo:rerun-if-changed=/usr/include/x86_64-linux-gnu/bits/types/__fpos_t.h
build	Build	2025-12-13T00:33:10.6124065Z   cargo:rerun-if-changed=/usr/include/x86_64-linux-gnu/bits/types.h
build	Build	2025-12-13T00:33:10.6124809Z   cargo:rerun-if-changed=/usr/include/x86_64-linux-gnu/bits/types/__mbstate_t.h
build	Build	2025-12-13T00:33:10.6125630Z   cargo:rerun-if-changed=/usr/include/x86_64-linux-gnu/bits/types/__fpos64_t.h
build	Build	2025-12-13T00:33:10.6126348Z   cargo:rerun-if-changed=/usr/include/x86_64-linux-gnu/bits/types.h
build	Build	2025-12-13T00:33:10.6127077Z   cargo:rerun-if-changed=/usr/include/x86_64-linux-gnu/bits/types/__mbstate_t.h
build	Build	2025-12-13T00:33:10.6127875Z   cargo:rerun-if-changed=/usr/include/x86_64-linux-gnu/bits/types/__FILE.h
build	Build	2025-12-13T00:33:10.6128630Z   cargo:rerun-if-changed=/usr/include/x86_64-linux-gnu/bits/types/FILE.h
build	Build	2025-12-13T00:33:10.6129419Z   cargo:rerun-if-changed=/usr/include/x86_64-linux-gnu/bits/types/struct_FILE.h
build	Build	2025-12-13T00:33:10.6130175Z   cargo:rerun-if-changed=/usr/include/x86_64-linux-gnu/bits/types.h
build	Build	2025-12-13T00:33:10.6131161Z   cargo:rerun-if-changed=/usr/include/x86_64-linux-gnu/bits/types/cookie_io_functions_t.h
build	Build	2025-12-13T00:33:10.6131982Z   cargo:rerun-if-changed=/usr/include/x86_64-linux-gnu/bits/types.h
build	Build	2025-12-13T00:33:10.6132681Z   cargo:rerun-if-changed=/usr/include/x86_64-linux-gnu/bits/stdio_lim.h
build	Build	2025-12-13T00:33:10.6133382Z   cargo:rerun-if-changed=/usr/include/x86_64-linux-gnu/bits/floatn.h
build	Build	2025-12-13T00:33:10.6133964Z   cargo:rerun-if-changed=/usr/include/features.h
build	Build	2025-12-13T00:33:10.6134591Z   cargo:rerun-if-changed=/usr/include/x86_64-linux-gnu/bits/floatn-common.h
build	Build	2025-12-13T00:33:10.6135201Z   cargo:rerun-if-changed=/usr/include/features.h
build	Build	2025-12-13T00:33:10.6135788Z   cargo:rerun-if-changed=/usr/include/x86_64-linux-gnu/bits/long-double.h
build	Build	2025-12-13T00:33:10.6136988Z   cargo:rerun-if-changed=/home/runner/.cargo/registry/src/index.crates.io-1949cf8c6b5b557f/llama-cpp-sys-2-0.1.129/llama.cpp/ggml/include/ggml-cpu.h
build	Build	2025-12-13T00:33:10.6138650Z   cargo:rerun-if-changed=/home/runner/.cargo/registry/src/index.crates.io-1949cf8c6b5b557f/llama-cpp-sys-2-0.1.129/llama.cpp/ggml/include/ggml.h
build	Build	2025-12-13T00:33:10.6140359Z   cargo:rerun-if-changed=/home/runner/.cargo/registry/src/index.crates.io-1949cf8c6b5b557f/llama-cpp-sys-2-0.1.129/llama.cpp/ggml/include/ggml-backend.h
build	Build	2025-12-13T00:33:10.6142242Z   cargo:rerun-if-changed=/home/runner/.cargo/registry/src/index.crates.io-1949cf8c6b5b557f/llama-cpp-sys-2-0.1.129/llama.cpp/ggml/include/ggml.h
build	Build	2025-12-13T00:33:10.6143939Z   cargo:rerun-if-changed=/home/runner/.cargo/registry/src/index.crates.io-1949cf8c6b5b557f/llama-cpp-sys-2-0.1.129/llama.cpp/ggml/include/ggml-alloc.h
build	Build	2025-12-13T00:33:10.6145629Z   cargo:rerun-if-changed=/home/runner/.cargo/registry/src/index.crates.io-1949cf8c6b5b557f/llama-cpp-sys-2-0.1.129/llama.cpp/ggml/include/ggml.h
build	Build	2025-12-13T00:33:10.6147336Z   cargo:rerun-if-changed=/home/runner/.cargo/registry/src/index.crates.io-1949cf8c6b5b557f/llama-cpp-sys-2-0.1.129/llama.cpp/ggml/include/ggml-backend.h
build	Build	2025-12-13T00:33:10.6149072Z   cargo:rerun-if-changed=/home/runner/.cargo/registry/src/index.crates.io-1949cf8c6b5b557f/llama-cpp-sys-2-0.1.129/llama.cpp/ggml/include/ggml-opt.h
build	Build	2025-12-13T00:33:10.6150749Z   cargo:rerun-if-changed=/home/runner/.cargo/registry/src/index.crates.io-1949cf8c6b5b557f/llama-cpp-sys-2-0.1.129/llama.cpp/ggml/include/ggml.h
build	Build	2025-12-13T00:33:10.6152919Z   cargo:rerun-if-changed=/home/runner/.cargo/registry/src/index.crates.io-1949cf8c6b5b557f/llama-cpp-sys-2-0.1.129/llama.cpp/ggml/include/ggml-backend.h
build	Build	2025-12-13T00:33:10.6154251Z   cargo:rerun-if-changed=/usr/lib/llvm-18/lib/clang/18/include/stdint.h
build	Build	2025-12-13T00:33:10.6154949Z   cargo:rerun-if-changed=/usr/lib/llvm-18/lib/clang/18/include/stddef.h
build	Build	2025-12-13T00:33:10.6155594Z   cargo:rerun-if-changed=/usr/lib/llvm-18/lib/clang/18/include/stdint.h
build	Build	2025-12-13T00:33:10.6156138Z   cargo:rerun-if-changed=/usr/include/stdio.h
build	Build	2025-12-13T00:33:10.6156668Z   cargo:rerun-if-changed=/usr/lib/llvm-18/lib/clang/18/include/stdbool.h
build	Build	2025-12-13T00:33:10.6157244Z   cargo:rerun-if-changed=wrapper.h
build	Build	2025-12-13T00:33:10.6157639Z   cargo:rerun-if-changed=wrapper_mtmd.h
build	Build	2025-12-13T00:33:10.6158048Z   cargo:rustc-link-lib=vulkan
build	Build	2025-12-13T00:33:10.6158495Z   CMAKE_TOOLCHAIN_FILE_x86_64-unknown-linux-gnu = None
build	Build	2025-12-13T00:33:10.6159041Z   CMAKE_TOOLCHAIN_FILE_x86_64_unknown_linux_gnu = None
build	Build	2025-12-13T00:33:10.6159522Z   HOST_CMAKE_TOOLCHAIN_FILE = None
build	Build	2025-12-13T00:33:10.6159912Z   CMAKE_TOOLCHAIN_FILE = None
build	Build	2025-12-13T00:33:10.6160332Z   CMAKE_GENERATOR_x86_64-unknown-linux-gnu = None
build	Build	2025-12-13T00:33:10.6160851Z   CMAKE_GENERATOR_x86_64_unknown_linux_gnu = None
build	Build	2025-12-13T00:33:10.6161492Z   HOST_CMAKE_GENERATOR = None
build	Build	2025-12-13T00:33:10.6161853Z   CMAKE_GENERATOR = None
build	Build	2025-12-13T00:33:10.6162240Z   CMAKE_PREFIX_PATH_x86_64-unknown-linux-gnu = None
build	Build	2025-12-13T00:33:10.6162754Z   CMAKE_PREFIX_PATH_x86_64_unknown_linux_gnu = None
build	Build	2025-12-13T00:33:10.6163218Z   HOST_CMAKE_PREFIX_PATH = None
build	Build	2025-12-13T00:33:10.6163597Z   CMAKE_PREFIX_PATH = None
build	Build	2025-12-13T00:33:10.6163959Z   CMAKE_x86_64-unknown-linux-gnu = None
build	Build	2025-12-13T00:33:10.6164353Z   CMAKE_x86_64_unknown_linux_gnu = None
build	Build	2025-12-13T00:33:10.6164711Z   HOST_CMAKE = None
build	Build	2025-12-13T00:33:10.6165001Z   CMAKE = None
build	Build	2025-12-13T00:33:10.6170280Z   running: cd "/home/runner/work/ghostpad/ghostpad/target/release/build/llama-cpp-sys-2-a3527cc94fe0b78c/out/build" && CMAKE_PREFIX_PATH="" LC_ALL="C" "cmake" "/home/runner/.cargo/registry/src/index.crates.io-1949cf8c6b5b557f/llama-cpp-sys-2-0.1.129/llama.cpp" "-DLLAMA_BUILD_TESTS=OFF" "-DLLAMA_BUILD_EXAMPLES=OFF" "-DLLAMA_BUILD_SERVER=OFF" "-DLLAMA_BUILD_TOOLS=OFF" "-DLLAMA_CURL=OFF" "-DCMAKE_BUILD_PARALLEL_LEVEL=4" "-DGGML_NATIVE=OFF" "-DBUILD_SHARED_LIBS=OFF" "-DGGML_VULKAN=ON" "-DGGML_OPENMP=ON" "-DCMAKE_INSTALL_PREFIX=/home/runner/work/ghostpad/ghostpad/target/release/build/llama-cpp-sys-2-a3527cc94fe0b78c/out" "-DCMAKE_C_FLAGS= -ffunction-sections -fdata-sections -fPIC -m64" "-DCMAKE_C_COMPILER=/usr/bin/cc" "-DCMAKE_CXX_FLAGS= -ffunction-sections -fdata-sections -fPIC -m64" "-DCMAKE_CXX_COMPILER=/usr/bin/c++" "-DCMAKE_ASM_FLAGS= -ffunction-sections -fdata-sections -fPIC -m64" "-DCMAKE_ASM_COMPILER=/usr/bin/cc" "-DCMAKE_BUILD_TYPE=Release"
build	Build	2025-12-13T00:33:10.6175987Z   -- The C compiler identification is GNU 13.3.0
build	Build	2025-12-13T00:33:10.6176515Z   -- The CXX compiler identification is GNU 13.3.0
build	Build	2025-12-13T00:33:10.6176981Z   -- Detecting C compiler ABI info
build	Build	2025-12-13T00:33:10.6177396Z   -- Detecting C compiler ABI info - done
build	Build	2025-12-13T00:33:10.6177894Z   -- Check for working C compiler: /usr/bin/cc - skipped
build	Build	2025-12-13T00:33:10.6178371Z   -- Detecting C compile features
build	Build	2025-12-13T00:33:10.6178775Z   -- Detecting C compile features - done
build	Build	2025-12-13T00:33:10.6179199Z   -- Detecting CXX compiler ABI info
build	Build	2025-12-13T00:33:10.6179631Z   -- Detecting CXX compiler ABI info - done
build	Build	2025-12-13T00:33:10.6180131Z   -- Check for working CXX compiler: /usr/bin/c++ - skipped
build	Build	2025-12-13T00:33:10.6180645Z   -- Detecting CXX compile features
build	Build	2025-12-13T00:33:10.6181256Z   -- Detecting CXX compile features - done
build	Build	2025-12-13T00:33:10.6181736Z   -- Found Git: /usr/bin/git (found version "2.52.0")
build	Build	2025-12-13T00:33:10.6182228Z   -- The ASM compiler identification is GNU
build	Build	2025-12-13T00:33:10.6182915Z   -- Found assembler: /usr/bin/cc
build	Build	2025-12-13T00:33:10.6183349Z   -- Performing Test CMAKE_HAVE_LIBC_PTHREAD
build	Build	2025-12-13T00:33:10.6183876Z   -- Performing Test CMAKE_HAVE_LIBC_PTHREAD - Success
build	Build	2025-12-13T00:33:10.6184359Z   -- Found Threads: TRUE
build	Build	2025-12-13T00:33:10.6185135Z   -- Warning: ccache not found - consider installing it for faster compilation or disable this warning with GGML_CCACHE=OFF
build	Build	2025-12-13T00:33:10.6186234Z   -- CMAKE_SYSTEM_PROCESSOR: x86_64
build	Build	2025-12-13T00:33:10.6186644Z   -- GGML_SYSTEM_ARCH: x86
build	Build	2025-12-13T00:33:10.6186996Z   -- Including CPU backend
build	Build	2025-12-13T00:33:10.6187408Z   -- Found OpenMP_C: -fopenmp (found version "4.5")
build	Build	2025-12-13T00:33:10.6187942Z   -- Found OpenMP_CXX: -fopenmp (found version "4.5")
build	Build	2025-12-13T00:33:10.6188447Z   -- Found OpenMP: TRUE (found version "4.5")
build	Build	2025-12-13T00:33:10.6188850Z   -- x86 detected
build	Build	2025-12-13T00:33:10.6189653Z   -- Adding CPU backend variant ggml-cpu: -msse4.2;-mf16c;-mfma;-mbmi2;-mavx;-mavx2 GGML_SSE42;GGML_F16C;GGML_FMA;GGML_BMI2;GGML_AVX;GGML_AVX2
build	Build	2025-12-13T00:33:10.6190614Z   -- Configuring incomplete, errors occurred!
build	Build	2025-12-13T00:33:10.6191112Z 
build	Build	2025-12-13T00:33:10.6191244Z   --- stderr
build	Build	2025-12-13T00:33:10.6191539Z   CMAKE_BUILD_TYPE=Release
build	Build	2025-12-13T00:33:10.6192025Z   fatal: not a git repository (or any of the parent directories): .git
build	Build	2025-12-13T00:33:10.6192716Z   fatal: not a git repository (or any of the parent directories): .git
build	Build	2025-12-13T00:33:10.6193629Z   CMake Error at /usr/local/share/cmake-3.31/Modules/FindPackageHandleStandardArgs.cmake:233 (message):
build	Build	2025-12-13T00:33:10.6194530Z     Could NOT find Vulkan (missing: glslc) (found version "1.3.275")
build	Build	2025-12-13T00:33:10.6195066Z   Call Stack (most recent call first):
build	Build	2025-12-13T00:33:10.6195841Z     /usr/local/share/cmake-3.31/Modules/FindPackageHandleStandardArgs.cmake:603 (_FPHSA_FAILURE_MESSAGE)
build	Build	2025-12-13T00:33:10.6196971Z     /usr/local/share/cmake-3.31/Modules/FindVulkan.cmake:595 (find_package_handle_standard_args)
build	Build	2025-12-13T00:33:10.6197787Z     ggml/src/ggml-vulkan/CMakeLists.txt:9 (find_package)
build	Build	2025-12-13T00:33:10.6198166Z 
build	Build	2025-12-13T00:33:10.6198177Z 
build	Build	2025-12-13T00:33:10.6198182Z 
build	Build	2025-12-13T00:33:10.6198803Z   thread 'main' (9887) panicked at /home/runner/.cargo/registry/src/index.crates.io-1949cf8c6b5b557f/cmake-0.1.54/src/lib.rs:1119:5:
build	Build	2025-12-13T00:33:10.6199595Z 
build	Build	2025-12-13T00:33:10.6199837Z   command did not execute successfully, got: exit status: 1
build	Build	2025-12-13T00:33:10.6200221Z 
build	Build	2025-12-13T00:33:10.6200362Z   build script failed, must exit now
build	Build	2025-12-13T00:33:10.6201147Z   note: run with `RUST_BACKTRACE=1` environment variable to display a backtrace
build	Build	2025-12-13T00:33:10.6202136Z [1m[33mwarning[0m: build failed, waiting for other jobs to finish...
build	Build	2025-12-13T00:33:30.7261136Z ##[error]Process completed with exit code 101.
build	Post Run actions/checkout@v4	﻿2025-12-13T00:33:30.7325102Z Post job cleanup.
build	Post Run actions/checkout@v4	2025-12-13T00:33:30.8278194Z [command]/usr/bin/git version
build	Post Run actions/checkout@v4	2025-12-13T00:33:30.8316217Z git version 2.52.0
build	Post Run actions/checkout@v4	2025-12-13T00:33:30.8361356Z Temporarily overriding HOME='/home/runner/work/_temp/479bbe71-90a0-42ec-9859-d2f0f7a281c1' before making global git config changes
build	Post Run actions/checkout@v4	2025-12-13T00:33:30.8362688Z Adding repository directory to the temporary git global config as a safe directory
build	Post Run actions/checkout@v4	2025-12-13T00:33:30.8367765Z [command]/usr/bin/git config --global --add safe.directory /home/runner/work/ghostpad/ghostpad
build	Post Run actions/checkout@v4	2025-12-13T00:33:30.8406126Z [command]/usr/bin/git config --local --name-only --get-regexp core\.sshCommand
build	Post Run actions/checkout@v4	2025-12-13T00:33:30.8439114Z [command]/usr/bin/git submodule foreach --recursive sh -c "git config --local --name-only --get-regexp 'core\.sshCommand' && git config --local --unset-all 'core.sshCommand' || :"
build	Post Run actions/checkout@v4	2025-12-13T00:33:30.8667879Z [command]/usr/bin/git config --local --name-only --get-regexp http\.https\:\/\/github\.com\/\.extraheader
build	Post Run actions/checkout@v4	2025-12-13T00:33:30.8689401Z http.https://github.com/.extraheader
build	Post Run actions/checkout@v4	2025-12-13T00:33:30.8702064Z [command]/usr/bin/git config --local --unset-all http.https://github.com/.extraheader
build	Post Run actions/checkout@v4	2025-12-13T00:33:30.8731921Z [command]/usr/bin/git submodule foreach --recursive sh -c "git config --local --name-only --get-regexp 'http\.https\:\/\/github\.com\/\.extraheader' && git config --local --unset-all 'http.https://github.com/.extraheader' || :"
build	Post Run actions/checkout@v4	2025-12-13T00:33:30.8954265Z [command]/usr/bin/git config --local --name-only --get-regexp ^includeIf\.gitdir:
build	Post Run actions/checkout@v4	2025-12-13T00:33:30.8986495Z [command]/usr/bin/git submodule foreach --recursive git config --local --show-origin --name-only --get-regexp remote.origin.url
build	Complete job	﻿2025-12-13T00:33:30.9327195Z Cleaning up orphan processes
